Processing esp32 (platform: espressif32; board: lilygo-t7-s3; framework: arduino; platform_packages: framework-arduinoespressif32@https://github.com/espressif/arduino-esp32.git; upload_protocol: esptool; upload_speed: 921600; monitor_speed: 115200; build_flags: -D ARDUINO_USB_CDC_ON_BOOT=1)
--------------------------------------------------------------------------------
CONFIGURATION: https://docs.platformio.org/page/boards/espressif32/lilygo-t7-s3.html
PLATFORM: Espressif 32 (6.3.1) > LILYGO T3-S3
HARDWARE: ESP32S3 240MHz, 320KB RAM, 16MB Flash
DEBUG: Current (cmsis-dap) External (cmsis-dap, esp-bridge, esp-builtin, esp-prog, iot-bus-jtag, jlink, minimodule, olimex-arm-usb-ocd, olimex-arm-usb-ocd-h, olimex-arm-usb-tiny-h, olimex-jtag-tiny, tumpa)
PACKAGES: 
 - framework-arduinoespressif32 @ 2.0.6+sha.3ec5f4e (git+https://github.com/espressif/arduino-esp32.git) 
 - tool-esptoolpy @ 1.40501.0 (4.5.1) 
 - tool-openocd-esp32 @ 2.1100.20220706 (11.0) 
 - toolchain-riscv32-esp @ 8.4.0+2021r2-patch5 
 - toolchain-xtensa-esp32s3 @ 8.4.0+2021r2-patch5
LDF: Library Dependency Finder -> https://bit.ly/configure-pio-ldf
LDF Modes: Finder ~ chain, Compatibility ~ soft
Found 33 compatible libraries
Scanning dependencies...
No dependencies
Building in release mode
xtensa-esp32s3-elf-gcc -o .pio/build/esp32/src/blink_led.c.o -c -std=gnu99 -Wno-old-style-declaration -Os -mlongcalls -ffunction-sections -fdata-sections -Wno-error=unused-function -Wno-error=unused-variable -Wno-error=deprecated-declarations -Wno-unused-parameter -Wno-sign-compare -ggdb -freorder-blocks -Wwrite-strings -fstack-protector -fstrict-volatile-bitfields -Wno-error=unused-but-set-variable -fno-jump-tables -fno-tree-switch-conversion -MMD -DPLATFORMIO=60107 -DBOARD_HAS_PSRAM -DARDUINO_USB_MODE=1 -DARDUINO_USB_CDC_ON_BOOT=1 -DHAVE_CONFIG_H -DMBEDTLS_CONFIG_FILE=\"mbedtls/esp_config.h\" -DUNITY_INCLUDE_CONFIG_H -DWITH_POSIX -D_GNU_SOURCE -DIDF_VER=\"v4.4.3\" -DESP_PLATFORM -D_POSIX_READER_WRITER_LOCKS -DARDUINO_ARCH_ESP32 -DESP32 -DF_CPU=240000000L -DARDUINO=10812 -DARDUINO_VARIANT=\"esp32s3\" "-DARDUINO_BOARD=\"LILYGO T3-S3\"" -DARDUINO_PARTITION_default -Icode -I/home/franstein/.platformio/packages/framework-arduinoespressif32@src-537c58760dafe7fcc8a1d9bbcf00b6f6/tools/sdk/esp32s3/include/newlib/platform_include -I/home/franstein/.platformio/packages/framework-arduinoespressif32@src-537c58760dafe7fcc8a1d9bbcf00b6f6/tools/sdk/esp32s3/include/freertos/include -I/home/franstein/.platformio/packages/framework-arduinoespressif32@src-537c58760dafe7fcc8a1d9bbcf00b6f6/tools/sdk/esp32s3/include/freertos/include/esp_additions/freertos -I/home/franstein/.platformio/packages/framework-arduinoespressif32@src-537c58760dafe7fcc8a1d9bbcf00b6f6/tools/sdk/esp32s3/include/freertos/port/xtensa/include -I/home/franstein/.platformio/packages/framework-arduinoespressif32@src-537c58760dafe7fcc8a1d9bbcf00b6f6/tools/sdk/esp32s3/include/freertos/include/esp_additions -I/home/franstein/.platformio/packages/framework-arduinoespressif32@src-537c58760dafe7fcc8a1d9bbcf00b6f6/tools/sdk/esp32s3/include/esp_hw_support/include -I/home/franstein/.platformio/packages/framework-arduinoespressif32@src-537c58760dafe7fcc8a1d9bbcf00b6f6/tools/sdk/esp32s3/include/esp_hw_support/include/soc -I/home/franstein/.platformio/packages/framework-arduinoespressif32@src-537c58760dafe7fcc8a1d9bbcf00b6f6/tools/sdk/esp32s3/include/esp_hw_support/include/soc/esp32s3 -I/home/franstein/.platformio/packages/framework-arduinoespressif32@src-537c58760dafe7fcc8a1d9bbcf00b6f6/tools/sdk/esp32s3/include/esp_hw_support/port/esp32s3 -I/home/franstein/.platformio/packages/framework-arduinoespressif32@src-537c58760dafe7fcc8a1d9bbcf00b6f6/tools/sdk/esp32s3/include/esp_hw_support/port/esp32s3/private_include -I/home/franstein/.platformio/packages/framework-arduinoespressif32@src-537c58760dafe7fcc8a1d9bbcf00b6f6/tools/sdk/esp32s3/include/heap/include -I/home/franstein/.platformio/packages/framework-arduinoespressif32@src-537c58760dafe7fcc8a1d9bbcf00b6f6/tools/sdk/esp32s3/include/log/include -I/home/franstein/.platformio/packages/framework-arduinoespressif32@src-537c58760dafe7fcc8a1d9bbcf00b6f6/tools/sdk/esp32s3/include/lwip/include/apps -I/home/franstein/.platformio/packages/framework-arduinoespressif32@src-537c58760dafe7fcc8a1d9bbcf00b6f6/tools/sdk/esp32s3/include/lwip/include/apps/sntp -I/home/franstein/.platformio/packages/framework-arduinoespressif32@src-537c58760dafe7fcc8a1d9bbcf00b6f6/tools/sdk/esp32s3/include/lwip/lwip/src/include -I/home/franstein/.platformio/packages/framework-arduinoespressif32@src-537c58760dafe7fcc8a1d9bbcf00b6f6/tools/sdk/esp32s3/include/lwip/port/esp32/include -I/home/franstein/.platformio/packages/framework-arduinoespressif32@src-537c58760dafe7fcc8a1d9bbcf00b6f6/tools/sdk/esp32s3/include/lwip/port/esp32/include/arch -I/home/franstein/.platformio/packages/framework-arduinoespressif32@src-537c58760dafe7fcc8a1d9bbcf00b6f6/tools/sdk/esp32s3/include/soc/include -I/home/franstein/.platformio/packages/framework-arduinoespressif32@src-537c58760dafe7fcc8a1d9bbcf00b6f6/tools/sdk/esp32s3/include/soc/esp32s3 -I/home/franstein/.platformio/packages/framework-arduinoespressif32@src-537c58760dafe7fcc8a1d9bbcf00b6f6/tools/sdk/esp32s3/include/soc/esp32s3/include -I/home/franstein/.platformio/packages/framework-arduinoespressif32@src-537c58760dafe7fcc8a1d9bbcf00b6f6/tools/sdk/esp32s3/include/hal/esp32s3/include -I/home/franstein/.platformio/packages/framework-arduinoespressif32@src-537c58760dafe7fcc8a1d9bbcf00b6f6/tools/sdk/esp32s3/include/hal/include -I/home/franstein/.platformio/packages/framework-arduinoespressif32@src-537c58760dafe7fcc8a1d9bbcf00b6f6/tools/sdk/esp32s3/include/hal/platform_port/include -I/home/franstein/.platformio/packages/framework-arduinoespressif32@src-537c58760dafe7fcc8a1d9bbcf00b6f6/tools/sdk/esp32s3/include/esp_rom/include -I/home/franstein/.platformio/packages/framework-arduinoespressif32@src-537c58760dafe7fcc8a1d9bbcf00b6f6/tools/sdk/esp32s3/include/esp_rom/include/esp32s3 -I/home/franstein/.platformio/packages/framework-arduinoespressif32@src-537c58760dafe7fcc8a1d9bbcf00b6f6/tools/sdk/esp32s3/include/esp_rom/esp32s3 -I/home/franstein/.platformio/packages/framework-arduinoespressif32@src-537c58760dafe7fcc8a1d9bbcf00b6f6/tools/sdk/esp32s3/include/esp_common/include -I/home/franstein/.platformio/packages/framework-arduinoespressif32@src-537c58760dafe7fcc8a1d9bbcf00b6f6/tools/sdk/esp32s3/include/esp_system/include -I/home/franstein/.platformio/packages/framework-arduinoespressif32@src-537c58760dafe7fcc8a1d9bbcf00b6f6/tools/sdk/esp32s3/include/esp_system/port/soc -I/home/franstein/.platformio/packages/framework-arduinoespressif32@src-537c58760dafe7fcc8a1d9bbcf00b6f6/tools/sdk/esp32s3/include/esp_system/port/public_compat -I/home/franstein/.platformio/packages/framework-arduinoespressif32@src-537c58760dafe7fcc8a1d9bbcf00b6f6/tools/sdk/esp32s3/include/xtensa/include -I/home/franstein/.platformio/packages/framework-arduinoespressif32@src-537c58760dafe7fcc8a1d9bbcf00b6f6/tools/sdk/esp32s3/include/xtensa/esp32s3/include -I/home/franstein/.platformio/packages/framework-arduinoespressif32@src-537c58760dafe7fcc8a1d9bbcf00b6f6/tools/sdk/esp32s3/include/driver/include -I/home/franstein/.platformio/packages/framework-arduinoespressif32@src-537c58760dafe7fcc8a1d9bbcf00b6f6/tools/sdk/esp32s3/include/driver/esp32s3/include -I/home/franstein/.platformio/packages/framework-arduinoespressif32@src-537c58760dafe7fcc8a1d9bbcf00b6f6/tools/sdk/esp32s3/include/esp_pm/include -I/home/franstein/.platformio/packages/framework-arduinoespressif32@src-537c58760dafe7fcc8a1d9bbcf00b6f6/tools/sdk/esp32s3/include/esp_ringbuf/include -I/home/franstein/.platformio/packages/framework-arduinoespressif32@src-537c58760dafe7fcc8a1d9bbcf00b6f6/tools/sdk/esp32s3/include/efuse/include -I/home/franstein/.platformio/packages/framework-arduinoespressif32@src-537c58760dafe7fcc8a1d9bbcf00b6f6/tools/sdk/esp32s3/include/efuse/esp32s3/include -I/home/franstein/.platformio/packages/framework-arduinoespressif32@src-537c58760dafe7fcc8a1d9bbcf00b6f6/tools/sdk/esp32s3/include/vfs/include -I/home/franstein/.platformio/packages/framework-arduinoespressif32@src-537c58760dafe7fcc8a1d9bbcf00b6f6/tools/sdk/esp32s3/include/esp_wifi/include -I/home/franstein/.platformio/packages/framework-arduinoespressif32@src-537c58760dafe7fcc8a1d9bbcf00b6f6/tools/sdk/esp32s3/include/esp_event/include -I/home/franstein/.platformio/packages/framework-arduinoespressif32@src-537c58760dafe7fcc8a1d9bbcf00b6f6/tools/sdk/esp32s3/include/esp_netif/include -I/home/franstein/.platformio/packages/framework-arduinoespressif32@src-537c58760dafe7fcc8a1d9bbcf00b6f6/tools/sdk/esp32s3/include/esp_eth/include -I/home/franstein/.platformio/packages/framework-arduinoespressif32@src-537c58760dafe7fcc8a1d9bbcf00b6f6/tools/sdk/esp32s3/include/tcpip_adapter/include -I/home/franstein/.platformio/packages/framework-arduinoespressif32@src-537c58760dafe7fcc8a1d9bbcf00b6f6/tools/sdk/esp32s3/include/esp_phy/include -I/home/franstein/.platformio/packages/framework-arduinoespressif32@src-537c58760dafe7fcc8a1d9bbcf00b6f6/tools/sdk/esp32s3/include/esp_phy/esp32s3/include -I/home/franstein/.platformio/packages/framework-arduinoespressif32@src-537c58760dafe7fcc8a1d9bbcf00b6f6/tools/sdk/esp32s3/include/esp_ipc/include -I/home/franstein/.platformio/packages/framework-arduinoespressif32@src-537c58760dafe7fcc8a1d9bbcf00b6f6/tools/sdk/esp32s3/include/app_trace/include -I/home/franstein/.platformio/packages/framework-arduinoespressif32@src-537c58760dafe7fcc8a1d9bbcf00b6f6/tools/sdk/esp32s3/include/esp_timer/include -I/home/franstein/.platformio/packages/framework-arduinoespressif32@src-537c58760dafe7fcc8a1d9bbcf00b6f6/tools/sdk/esp32s3/include/mbedtls/port/include -I/home/franstein/.platformio/packages/framework-arduinoespressif32@src-537c58760dafe7fcc8a1d9bbcf00b6f6/tools/sdk/esp32s3/include/mbedtls/mbedtls/include -I/home/franstein/.platformio/packages/framework-arduinoespressif32@src-537c58760dafe7fcc8a1d9bbcf00b6f6/tools/sdk/esp32s3/include/mbedtls/esp_crt_bundle/include -I/home/franstein/.platformio/packages/framework-arduinoespressif32@src-537c58760dafe7fcc8a1d9bbcf00b6f6/tools/sdk/esp32s3/include/app_update/include -I/home/franstein/.platformio/packages/framework-arduinoespressif32@src-537c58760dafe7fcc8a1d9bbcf00b6f6/tools/sdk/esp32s3/include/spi_flash/include -I/home/franstein/.platformio/packages/framework-arduinoespressif32@src-537c58760dafe7fcc8a1d9bbcf00b6f6/tools/sdk/esp32s3/include/bootloader_support/include -I/home/franstein/.platformio/packages/framework-arduinoespressif32@src-537c58760dafe7fcc8a1d9bbcf00b6f6/tools/sdk/esp32s3/include/nvs_flash/include -I/home/franstein/.platformio/packages/framework-arduinoespressif32@src-537c58760dafe7fcc8a1d9bbcf00b6f6/tools/sdk/esp32s3/include/pthread/include -I/home/franstein/.platformio/packages/framework-arduinoespressif32@src-537c58760dafe7fcc8a1d9bbcf00b6f6/tools/sdk/esp32s3/include/esp_gdbstub/include -I/home/franstein/.platformio/packages/framework-arduinoespressif32@src-537c58760dafe7fcc8a1d9bbcf00b6f6/tools/sdk/esp32s3/include/esp_gdbstub/xtensa -I/home/franstein/.platformio/packages/framework-arduinoespressif32@src-537c58760dafe7fcc8a1d9bbcf00b6f6/tools/sdk/esp32s3/include/esp_gdbstub/esp32s3 -I/home/franstein/.platformio/packages/framework-arduinoespressif32@src-537c58760dafe7fcc8a1d9bbcf00b6f6/tools/sdk/esp32s3/include/espcoredump/include -I/home/franstein/.platformio/packages/framework-arduinoespressif32@src-537c58760dafe7fcc8a1d9bbcf00b6f6/tools/sdk/esp32s3/include/espcoredump/include/port/xtensa -I/home/franstein/.platformio/packages/framework-arduinoespressif32@src-537c58760dafe7fcc8a1d9bbcf00b6f6/tools/sdk/esp32s3/include/wpa_supplicant/include -I/home/franstein/.platformio/packages/framework-arduinoespressif32@src-537c58760dafe7fcc8a1d9bbcf00b6f6/tools/sdk/esp32s3/include/wpa_supplicant/port/include -I/home/franstein/.platformio/packages/framework-arduinoespressif32@src-537c58760dafe7fcc8a1d9bbcf00b6f6/tools/sdk/esp32s3/include/wpa_supplicant/esp_supplicant/include -I/home/franstein/.platformio/packages/framework-arduinoespressif32@src-537c58760dafe7fcc8a1d9bbcf00b6f6/tools/sdk/esp32s3/include/ieee802154/include -I/home/franstein/.platformio/packages/framework-arduinoespressif32@src-537c58760dafe7fcc8a1d9bbcf00b6f6/tools/sdk/esp32s3/include/console -I/home/franstein/.platformio/packages/framework-arduinoespressif32@src-537c58760dafe7fcc8a1d9bbcf00b6f6/tools/sdk/esp32s3/include/asio/asio/asio/include -I/home/franstein/.platformio/packages/framework-arduinoespressif32@src-537c58760dafe7fcc8a1d9bbcf00b6f6/tools/sdk/esp32s3/include/asio/port/include -I/home/franstein/.platformio/packages/framework-arduinoespressif32@src-537c58760dafe7fcc8a1d9bbcf00b6f6/tools/sdk/esp32s3/include/bt/common/osi/include -I/home/franstein/.platformio/packages/framework-arduinoespressif32@src-537c58760dafe7fcc8a1d9bbcf00b6f6/tools/sdk/esp32s3/include/bt/include/esp32s3/include -I/home/franstein/.platformio/packages/framework-arduinoespressif32@src-537c58760dafe7fcc8a1d9bbcf00b6f6/tools/sdk/esp32s3/include/bt/common/api/include/api -I/home/franstein/.platformio/packages/framework-arduinoespressif32@src-537c58760dafe7fcc8a1d9bbcf00b6f6/tools/sdk/esp32s3/include/bt/common/btc/profile/esp/blufi/include -I/home/franstein/.platformio/packages/framework-arduinoespressif32@src-537c58760dafe7fcc8a1d9bbcf00b6f6/tools/sdk/esp32s3/include/bt/common/btc/profile/esp/include -I/home/franstein/.platformio/packages/framework-arduinoespressif32@src-537c58760dafe7fcc8a1d9bbcf00b6f6/tools/sdk/esp32s3/include/bt/host/bluedroid/api/include/api -I/home/franstein/.platformio/packages/framework-arduinoespressif32@src-537c58760dafe7fcc8a1d9bbcf00b6f6/tools/sdk/esp32s3/include/bt/esp_ble_mesh/mesh_common/include -I/home/franstein/.platformio/packages/framework-arduinoespressif32@src-537c58760dafe7fcc8a1d9bbcf00b6f6/tools/sdk/esp32s3/include/bt/esp_ble_mesh/mesh_common/tinycrypt/include -I/home/franstein/.platformio/packages/framework-arduinoespressif32@src-537c58760dafe7fcc8a1d9bbcf00b6f6/tools/sdk/esp32s3/include/bt/esp_ble_mesh/mesh_core -I/home/franstein/.platformio/packages/framework-arduinoespressif32@src-537c58760dafe7fcc8a1d9bbcf00b6f6/tools/sdk/esp32s3/include/bt/esp_ble_mesh/mesh_core/include -I/home/franstein/.platformio/packages/framework-arduinoespressif32@src-537c58760dafe7fcc8a1d9bbcf00b6f6/tools/sdk/esp32s3/include/bt/esp_ble_mesh/mesh_core/storage -I/home/franstein/.platformio/packages/framework-arduinoespressif32@src-537c58760dafe7fcc8a1d9bbcf00b6f6/tools/sdk/esp32s3/include/bt/esp_ble_mesh/btc/include -I/home/franstein/.platformio/packages/framework-arduinoespressif32@src-537c58760dafe7fcc8a1d9bbcf00b6f6/tools/sdk/esp32s3/include/bt/esp_ble_mesh/mesh_models/common/include -I/home/franstein/.platformio/packages/framework-arduinoespressif32@src-537c58760dafe7fcc8a1d9bbcf00b6f6/tools/sdk/esp32s3/include/bt/esp_ble_mesh/mesh_models/client/include -I/home/franstein/.platformio/packages/framework-arduinoespressif32@src-537c58760dafe7fcc8a1d9bbcf00b6f6/tools/sdk/esp32s3/include/bt/esp_ble_mesh/mesh_models/server/include -I/home/franstein/.platformio/packages/framework-arduinoespressif32@src-537c58760dafe7fcc8a1d9bbcf00b6f6/tools/sdk/esp32s3/include/bt/esp_ble_mesh/api/core/include -I/home/franstein/.platformio/packages/framework-arduinoespressif32@src-537c58760dafe7fcc8a1d9bbcf00b6f6/tools/sdk/esp32s3/include/bt/esp_ble_mesh/api/models/include -I/home/franstein/.platformio/packages/framework-arduinoespressif32@src-537c58760dafe7fcc8a1d9bbcf00b6f6/tools/sdk/esp32s3/include/bt/esp_ble_mesh/api -I/home/franstein/.platformio/packages/framework-arduinoespressif32@src-537c58760dafe7fcc8a1d9bbcf00b6f6/tools/sdk/esp32s3/include/cbor/port/include -I/home/franstein/.platformio/packages/framework-arduinoespressif32@src-537c58760dafe7fcc8a1d9bbcf00b6f6/tools/sdk/esp32s3/include/unity/include -I/home/franstein/.platformio/packages/framework-arduinoespressif32@src-537c58760dafe7fcc8a1d9bbcf00b6f6/tools/sdk/esp32s3/include/unity/unity/src -I/home/franstein/.platformio/packages/framework-arduinoespressif32@src-537c58760dafe7fcc8a1d9bbcf00b6f6/tools/sdk/esp32s3/include/cmock/CMock/src -I/home/franstein/.platformio/packages/framework-arduinoespressif32@src-537c58760dafe7fcc8a1d9bbcf00b6f6/tools/sdk/esp32s3/include/coap/port/include -I/home/franstein/.platformio/packages/framework-arduinoespressif32@src-537c58760dafe7fcc8a1d9bbcf00b6f6/tools/sdk/esp32s3/include/coap/libcoap/include -I/home/franstein/.platformio/packages/framework-arduinoespressif32@src-537c58760dafe7fcc8a1d9bbcf00b6f6/tools/sdk/esp32s3/include/nghttp/port/include -I/home/franstein/.platformio/packages/framework-arduinoespressif32@src-537c58760dafe7fcc8a1d9bbcf00b6f6/tools/sdk/esp32s3/include/nghttp/nghttp2/lib/includes -I/home/franstein/.platformio/packages/framework-arduinoespressif32@src-537c58760dafe7fcc8a1d9bbcf00b6f6/tools/sdk/esp32s3/include/esp-tls -I/home/franstein/.platformio/packages/framework-arduinoespressif32@src-537c58760dafe7fcc8a1d9bbcf00b6f6/tools/sdk/esp32s3/include/esp-tls/esp-tls-crypto -I/home/franstein/.platformio/packages/framework-arduinoespressif32@src-537c58760dafe7fcc8a1d9bbcf00b6f6/tools/sdk/esp32s3/include/esp_adc_cal/include -I/home/franstein/.platformio/packages/framework-arduinoespressif32@src-537c58760dafe7fcc8a1d9bbcf00b6f6/tools/sdk/esp32s3/include/esp_hid/include -I/home/franstein/.platformio/packages/framework-arduinoespressif32@src-537c58760dafe7fcc8a1d9bbcf00b6f6/tools/sdk/esp32s3/include/tcp_transport/include -I/home/franstein/.platformio/packages/framework-arduinoespressif32@src-537c58760dafe7fcc8a1d9bbcf00b6f6/tools/sdk/esp32s3/include/esp_http_client/include -I/home/franstein/.platformio/packages/framework-arduinoespressif32@src-537c58760dafe7fcc8a1d9bbcf00b6f6/tools/sdk/esp32s3/include/esp_http_server/include -I/home/franstein/.platformio/packages/framework-arduinoespressif32@src-537c58760dafe7fcc8a1d9bbcf00b6f6/tools/sdk/esp32s3/include/esp_https_ota/include -I/home/franstein/.platformio/packages/framework-arduinoespressif32@src-537c58760dafe7fcc8a1d9bbcf00b6f6/tools/sdk/esp32s3/include/esp_https_server/include -I/home/franstein/.platformio/packages/framework-arduinoespressif32@src-537c58760dafe7fcc8a1d9bbcf00b6f6/tools/sdk/esp32s3/include/esp_lcd/include -I/home/franstein/.platformio/packages/framework-arduinoespressif32@src-537c58760dafe7fcc8a1d9bbcf00b6f6/tools/sdk/esp32s3/include/esp_lcd/interface -I/home/franstein/.platformio/packages/framework-arduinoespressif32@src-537c58760dafe7fcc8a1d9bbcf00b6f6/tools/sdk/esp32s3/include/protobuf-c/protobuf-c -I/home/franstein/.platformio/packages/framework-arduinoespressif32@src-537c58760dafe7fcc8a1d9bbcf00b6f6/tools/sdk/esp32s3/include/protocomm/include/common -I/home/franstein/.platformio/packages/framework-arduinoespressif32@src-537c58760dafe7fcc8a1d9bbcf00b6f6/tools/sdk/esp32s3/include/protocomm/include/security -I/home/franstein/.platformio/packages/framework-arduinoespressif32@src-537c58760dafe7fcc8a1d9bbcf00b6f6/tools/sdk/esp32s3/include/protocomm/include/transports -I/home/franstein/.platformio/packages/framework-arduinoespressif32@src-537c58760dafe7fcc8a1d9bbcf00b6f6/tools/sdk/esp32s3/include/mdns/include -I/home/franstein/.platformio/packages/framework-arduinoespressif32@src-537c58760dafe7fcc8a1d9bbcf00b6f6/tools/sdk/esp32s3/include/esp_local_ctrl/include -I/home/franstein/.platformio/packages/framework-arduinoespressif32@src-537c58760dafe7fcc8a1d9bbcf00b6f6/tools/sdk/esp32s3/include/sdmmc/include -I/home/franstein/.platformio/packages/framework-arduinoespressif32@src-537c58760dafe7fcc8a1d9bbcf00b6f6/tools/sdk/esp32s3/include/esp_serial_slave_link/include -I/home/franstein/.platformio/packages/framework-arduinoespressif32@src-537c58760dafe7fcc8a1d9bbcf00b6f6/tools/sdk/esp32s3/include/esp_websocket_client/include -I/home/franstein/.platformio/packages/framework-arduinoespressif32@src-537c58760dafe7fcc8a1d9bbcf00b6f6/tools/sdk/esp32s3/include/expat/expat/expat/lib -I/home/franstein/.platformio/packages/framework-arduinoespressif32@src-537c58760dafe7fcc8a1d9bbcf00b6f6/tools/sdk/esp32s3/include/expat/port/include -I/home/franstein/.platformio/packages/framework-arduinoespressif32@src-537c58760dafe7fcc8a1d9bbcf00b6f6/tools/sdk/esp32s3/include/wear_levelling/include -I/home/franstein/.platformio/packages/framework-arduinoespressif32@src-537c58760dafe7fcc8a1d9bbcf00b6f6/tools/sdk/esp32s3/include/fatfs/diskio -I/home/franstein/.platformio/packages/framework-arduinoespressif32@src-537c58760dafe7fcc8a1d9bbcf00b6f6/tools/sdk/esp32s3/include/fatfs/vfs -I/home/franstein/.platformio/packages/framework-arduinoespressif32@src-537c58760dafe7fcc8a1d9bbcf00b6f6/tools/sdk/esp32s3/include/fatfs/src -I/home/franstein/.platformio/packages/framework-arduinoespressif32@src-537c58760dafe7fcc8a1d9bbcf00b6f6/tools/sdk/esp32s3/include/freemodbus/common/include -I/home/franstein/.platformio/packages/framework-arduinoespressif32@src-537c58760dafe7fcc8a1d9bbcf00b6f6/tools/sdk/esp32s3/include/idf_test/include -I/home/franstein/.platformio/packages/framework-arduinoespressif32@src-537c58760dafe7fcc8a1d9bbcf00b6f6/tools/sdk/esp32s3/include/idf_test/include/esp32s3 -I/home/franstein/.platformio/packages/framework-arduinoespressif32@src-537c58760dafe7fcc8a1d9bbcf00b6f6/tools/sdk/esp32s3/include/jsmn/include -I/home/franstein/.platformio/packages/framework-arduinoespressif32@src-537c58760dafe7fcc8a1d9bbcf00b6f6/tools/sdk/esp32s3/include/json/cJSON -I/home/franstein/.platformio/packages/framework-arduinoespressif32@src-537c58760dafe7fcc8a1d9bbcf00b6f6/tools/sdk/esp32s3/include/libsodium/libsodium/src/libsodium/include -I/home/franstein/.platformio/packages/framework-arduinoespressif32@src-537c58760dafe7fcc8a1d9bbcf00b6f6/tools/sdk/esp32s3/include/libsodium/port_include -I/home/franstein/.platformio/packages/framework-arduinoespressif32@src-537c58760dafe7fcc8a1d9bbcf00b6f6/tools/sdk/esp32s3/include/mqtt/esp-mqtt/include -I/home/franstein/.platformio/packages/framework-arduinoespressif32@src-537c58760dafe7fcc8a1d9bbcf00b6f6/tools/sdk/esp32s3/include/openssl/include -I/home/franstein/.platformio/packages/framework-arduinoespressif32@src-537c58760dafe7fcc8a1d9bbcf00b6f6/tools/sdk/esp32s3/include/perfmon/include -I/home/franstein/.platformio/packages/framework-arduinoespressif32@src-537c58760dafe7fcc8a1d9bbcf00b6f6/tools/sdk/esp32s3/include/spiffs/include -I/home/franstein/.platformio/packages/framework-arduinoespressif32@src-537c58760dafe7fcc8a1d9bbcf00b6f6/tools/sdk/esp32s3/include/usb/include -I/home/franstein/.platformio/packages/framework-arduinoespressif32@src-537c58760dafe7fcc8a1d9bbcf00b6f6/tools/sdk/esp32s3/include/ulp/include -I/home/franstein/.platformio/packages/framework-arduinoespressif32@src-537c58760dafe7fcc8a1d9bbcf00b6f6/tools/sdk/esp32s3/include/wifi_provisioning/include -I/home/franstein/.platformio/packages/framework-arduinoespressif32@src-537c58760dafe7fcc8a1d9bbcf00b6f6/tools/sdk/esp32s3/include/rmaker_common/include -I/home/franstein/.platformio/packages/framework-arduinoespressif32@src-537c58760dafe7fcc8a1d9bbcf00b6f6/tools/sdk/esp32s3/include/json_parser/upstream/include -I/home/franstein/.platformio/packages/framework-arduinoespressif32@src-537c58760dafe7fcc8a1d9bbcf00b6f6/tools/sdk/esp32s3/include/json_parser/upstream -I/home/franstein/.platformio/packages/framework-arduinoespressif32@src-537c58760dafe7fcc8a1d9bbcf00b6f6/tools/sdk/esp32s3/include/json_generator/upstream -I/home/franstein/.platformio/packages/framework-arduinoespressif32@src-537c58760dafe7fcc8a1d9bbcf00b6f6/tools/sdk/esp32s3/include/esp_schedule/include -I/home/franstein/.platformio/packages/framework-arduinoespressif32@src-537c58760dafe7fcc8a1d9bbcf00b6f6/tools/sdk/esp32s3/include/esp_rainmaker/include -I/home/franstein/.platformio/packages/framework-arduinoespressif32@src-537c58760dafe7fcc8a1d9bbcf00b6f6/tools/sdk/esp32s3/include/gpio_button/button/include -I/home/franstein/.platformio/packages/framework-arduinoespressif32@src-537c58760dafe7fcc8a1d9bbcf00b6f6/tools/sdk/esp32s3/include/qrcode/include -I/home/franstein/.platformio/packages/framework-arduinoespressif32@src-537c58760dafe7fcc8a1d9bbcf00b6f6/tools/sdk/esp32s3/include/ws2812_led -I/home/franstein/.platformio/packages/framework-arduinoespressif32@src-537c58760dafe7fcc8a1d9bbcf00b6f6/tools/sdk/esp32s3/include/esp_diagnostics/include -I/home/franstein/.platformio/packages/framework-arduinoespressif32@src-537c58760dafe7fcc8a1d9bbcf00b6f6/tools/sdk/esp32s3/include/rtc_store/include -I/home/franstein/.platformio/packages/framework-arduinoespressif32@src-537c58760dafe7fcc8a1d9bbcf00b6f6/tools/sdk/esp32s3/include/esp_insights/include -I/home/franstein/.platformio/packages/framework-arduinoespressif32@src-537c58760dafe7fcc8a1d9bbcf00b6f6/tools/sdk/esp32s3/include/esp-dsp/modules/dotprod/include -I/home/franstein/.platformio/packages/framework-arduinoespressif32@src-537c58760dafe7fcc8a1d9bbcf00b6f6/tools/sdk/esp32s3/include/esp-dsp/modules/support/include -I/home/franstein/.platformio/packages/framework-arduinoespressif32@src-537c58760dafe7fcc8a1d9bbcf00b6f6/tools/sdk/esp32s3/include/esp-dsp/modules/windows/include -I/home/franstein/.platformio/packages/framework-arduinoespressif32@src-537c58760dafe7fcc8a1d9bbcf00b6f6/tools/sdk/esp32s3/include/esp-dsp/modules/windows/hann/include -I/home/franstein/.platformio/packages/framework-arduinoespressif32@src-537c58760dafe7fcc8a1d9bbcf00b6f6/tools/sdk/esp32s3/include/esp-dsp/modules/windows/blackman/include -I/home/franstein/.platformio/packages/framework-arduinoespressif32@src-537c58760dafe7fcc8a1d9bbcf00b6f6/tools/sdk/esp32s3/include/esp-dsp/modules/windows/blackman_harris/include -I/home/franstein/.platformio/packages/framework-arduinoespressif32@src-537c58760dafe7fcc8a1d9bbcf00b6f6/tools/sdk/esp32s3/include/esp-dsp/modules/windows/blackman_nuttall/include -I/home/franstein/.platformio/packages/framework-arduinoespressif32@src-537c58760dafe7fcc8a1d9bbcf00b6f6/tools/sdk/esp32s3/include/esp-dsp/modules/windows/nuttall/include -I/home/franstein/.platformio/packages/framework-arduinoespressif32@src-537c58760dafe7fcc8a1d9bbcf00b6f6/tools/sdk/esp32s3/include/esp-dsp/modules/windows/flat_top/include -I/home/franstein/.platformio/packages/framework-arduinoespressif32@src-537c58760dafe7fcc8a1d9bbcf00b6f6/tools/sdk/esp32s3/include/esp-dsp/modules/iir/include -I/home/franstein/.platformio/packages/framework-arduinoespressif32@src-537c58760dafe7fcc8a1d9bbcf00b6f6/tools/sdk/esp32s3/include/esp-dsp/modules/fir/include -I/home/franstein/.platformio/packages/framework-arduinoespressif32@src-537c58760dafe7fcc8a1d9bbcf00b6f6/tools/sdk/esp32s3/include/esp-dsp/modules/math/include -I/home/franstein/.platformio/packages/framework-arduinoespressif32@src-537c58760dafe7fcc8a1d9bbcf00b6f6/tools/sdk/esp32s3/include/esp-dsp/modules/math/add/include -I/home/franstein/.platformio/packages/framework-arduinoespressif32@src-537c58760dafe7fcc8a1d9bbcf00b6f6/tools/sdk/esp32s3/include/esp-dsp/modules/math/sub/include -I/home/franstein/.platformio/packages/framework-arduinoespressif32@src-537c58760dafe7fcc8a1d9bbcf00b6f6/tools/sdk/esp32s3/include/esp-dsp/modules/math/mul/include -I/home/franstein/.platformio/packages/framework-arduinoespressif32@src-537c58760dafe7fcc8a1d9bbcf00b6f6/tools/sdk/esp32s3/include/esp-dsp/modules/math/addc/include -I/home/franstein/.platformio/packages/framework-arduinoespressif32@src-537c58760dafe7fcc8a1d9bbcf00b6f6/tools/sdk/esp32s3/include/esp-dsp/modules/math/mulc/include -I/home/franstein/.platformio/packages/framework-arduinoespressif32@src-537c58760dafe7fcc8a1d9bbcf00b6f6/tools/sdk/esp32s3/include/esp-dsp/modules/math/sqrt/include -I/home/franstein/.platformio/packages/framework-arduinoespressif32@src-537c58760dafe7fcc8a1d9bbcf00b6f6/tools/sdk/esp32s3/include/esp-dsp/modules/matrix/include -I/home/franstein/.platformio/packages/framework-arduinoespressif32@src-537c58760dafe7fcc8a1d9bbcf00b6f6/tools/sdk/esp32s3/include/esp-dsp/modules/fft/include -I/home/franstein/.platformio/packages/framework-arduinoespressif32@src-537c58760dafe7fcc8a1d9bbcf00b6f6/tools/sdk/esp32s3/include/esp-dsp/modules/dct/include -I/home/franstein/.platformio/packages/framework-arduinoespressif32@src-537c58760dafe7fcc8a1d9bbcf00b6f6/tools/sdk/esp32s3/include/esp-dsp/modules/conv/include -I/home/franstein/.platformio/packages/framework-arduinoespressif32@src-537c58760dafe7fcc8a1d9bbcf00b6f6/tools/sdk/esp32s3/include/esp-dsp/modules/common/include -I/home/franstein/.platformio/packages/framework-arduinoespressif32@src-537c58760dafe7fcc8a1d9bbcf00b6f6/tools/sdk/esp32s3/include/esp-dsp/modules/kalman/ekf/include -I/home/franstein/.platformio/packages/framework-arduinoespressif32@src-537c58760dafe7fcc8a1d9bbcf00b6f6/tools/sdk/esp32s3/include/esp-dsp/modules/kalman/ekf_imu13states/include -I/home/franstein/.platformio/packages/framework-arduinoespressif32@src-537c58760dafe7fcc8a1d9bbcf00b6f6/tools/sdk/esp32s3/include/freertos/include/freertos -I/home/franstein/.platformio/packages/framework-arduinoespressif32@src-537c58760dafe7fcc8a1d9bbcf00b6f6/tools/sdk/esp32s3/include/arduino_tinyusb/tinyusb/src -I/home/franstein/.platformio/packages/framework-arduinoespressif32@src-537c58760dafe7fcc8a1d9bbcf00b6f6/tools/sdk/esp32s3/include/arduino_tinyusb/include -I/home/franstein/.platformio/packages/framework-arduinoespressif32@src-537c58760dafe7fcc8a1d9bbcf00b6f6/tools/sdk/esp32s3/include/esp_littlefs/include -I/home/franstein/.platformio/packages/framework-arduinoespressif32@src-537c58760dafe7fcc8a1d9bbcf00b6f6/tools/sdk/esp32s3/include/esp-dl/include -I/home/franstein/.platformio/packages/framework-arduinoespressif32@src-537c58760dafe7fcc8a1d9bbcf00b6f6/tools/sdk/esp32s3/include/esp-dl/include/tool -I/home/franstein/.platformio/packages/framework-arduinoespressif32@src-537c58760dafe7fcc8a1d9bbcf00b6f6/tools/sdk/esp32s3/include/esp-dl/include/typedef -I/home/franstein/.platformio/packages/framework-arduinoespressif32@src-537c58760dafe7fcc8a1d9bbcf00b6f6/tools/sdk/esp32s3/include/esp-dl/include/image -I/home/franstein/.platformio/packages/framework-arduinoespressif32@src-537c58760dafe7fcc8a1d9bbcf00b6f6/tools/sdk/esp32s3/include/esp-dl/include/math -I/home/franstein/.platformio/packages/framework-arduinoespressif32@src-537c58760dafe7fcc8a1d9bbcf00b6f6/tools/sdk/esp32s3/include/esp-dl/include/nn -I/home/franstein/.platformio/packages/framework-arduinoespressif32@src-537c58760dafe7fcc8a1d9bbcf00b6f6/tools/sdk/esp32s3/include/esp-dl/include/layer -I/home/franstein/.platformio/packages/framework-arduinoespressif32@src-537c58760dafe7fcc8a1d9bbcf00b6f6/tools/sdk/esp32s3/include/esp-dl/include/detect -I/home/franstein/.platformio/packages/framework-arduinoespressif32@src-537c58760dafe7fcc8a1d9bbcf00b6f6/tools/sdk/esp32s3/include/esp-dl/include/model_zoo -I/home/franstein/.platformio/packages/framework-arduinoespressif32@src-537c58760dafe7fcc8a1d9bbcf00b6f6/tools/sdk/esp32s3/include/esp-sr/src/include -I/home/franstein/.platformio/packages/framework-arduinoespressif32@src-537c58760dafe7fcc8a1d9bbcf00b6f6/tools/sdk/esp32s3/include/esp-sr/esp-tts/esp_tts_chinese/include -I/home/franstein/.platformio/packages/framework-arduinoespressif32@src-537c58760dafe7fcc8a1d9bbcf00b6f6/tools/sdk/esp32s3/include/esp-sr/include/esp32s3 -I/home/franstein/.platformio/packages/framework-arduinoespressif32@src-537c58760dafe7fcc8a1d9bbcf00b6f6/tools/sdk/esp32s3/include/esp32-camera/driver/include -I/home/franstein/.platformio/packages/framework-arduinoespressif32@src-537c58760dafe7fcc8a1d9bbcf00b6f6/tools/sdk/esp32s3/include/esp32-camera/conversions/include -I/home/franstein/.platformio/packages/framework-arduinoespressif32@src-537c58760dafe7fcc8a1d9bbcf00b6f6/tools/sdk/esp32s3/include/fb_gfx/include -I/home/franstein/.platformio/packages/framework-arduinoespressif32@src-537c58760dafe7fcc8a1d9bbcf00b6f6/tools/sdk/esp32s3/qio_opi/include -I/home/franstein/.platformio/packages/framework-arduinoespressif32@src-537c58760dafe7fcc8a1d9bbcf00b6f6/cores/esp32 -I/home/franstein/.platformio/packages/framework-arduinoespressif32@src-537c58760dafe7fcc8a1d9bbcf00b6f6/variants/esp32s3 code/blink_led.c
"/home/franstein/.platformio/penv/bin/python" "/home/franstein/.platformio/packages/tool-esptoolpy/esptool.py" --chip esp32s3 elf2image --flash_mode dio --flash_freq 80m --flash_size 16MB -o .pio/build/esp32/bootloader.bin /home/franstein/.platformio/packages/framework-arduinoespressif32@src-537c58760dafe7fcc8a1d9bbcf00b6f6/tools/sdk/esp32s3/bin/bootloader_qio_80m.elf
"/home/franstein/.platformio/penv/bin/python" "/home/franstein/.platformio/packages/framework-arduinoespressif32@src-537c58760dafe7fcc8a1d9bbcf00b6f6/tools/gen_esp32part.py" -q /home/franstein/.platformio/packages/framework-arduinoespressif32@src-537c58760dafe7fcc8a1d9bbcf00b6f6/tools/partitions/default_16MB.csv .pio/build/esp32/partitions.bin
esptool.py v4.5.1
Creating esp32s3 image...
Merged 1 ELF section
Successfully created esp32s3 image.
xtensa-esp32s3-elf-g++ -o .pio/build/esp32/FrameworkArduino/Esp.cpp.o -c -std=gnu++11 -fexceptions -fno-rtti -Os -mlongcalls -ffunction-sections -fdata-sections -Wno-error=unused-function -Wno-error=unused-variable -Wno-error=deprecated-declarations -Wno-unused-parameter -Wno-sign-compare -ggdb -freorder-blocks -Wwrite-strings -fstack-protector -fstrict-volatile-bitfields -Wno-error=unused-but-set-variable -fno-jump-tables -fno-tree-switch-conversion -MMD -DPLATFORMIO=60107 -DBOARD_HAS_PSRAM -DARDUINO_USB_MODE=1 -DARDUINO_USB_CDC_ON_BOOT=1 -DHAVE_CONFIG_H -DMBEDTLS_CONFIG_FILE=\"mbedtls/esp_config.h\" -DUNITY_INCLUDE_CONFIG_H -DWITH_POSIX -D_GNU_SOURCE -DIDF_VER=\"v4.4.3\" -DESP_PLATFORM -D_POSIX_READER_WRITER_LOCKS -DARDUINO_ARCH_ESP32 -DESP32 -DF_CPU=240000000L -DARDUINO=10812 -DARDUINO_VARIANT=\"esp32s3\" "-DARDUINO_BOARD=\"LILYGO T3-S3\"" -DARDUINO_PARTITION_default -I/home/franstein/.platformio/packages/framework-arduinoespressif32@src-537c58760dafe7fcc8a1d9bbcf00b6f6/tools/sdk/esp32s3/include/newlib/platform_include -I/home/franstein/.platformio/packages/framework-arduinoespressif32@src-537c58760dafe7fcc8a1d9bbcf00b6f6/tools/sdk/esp32s3/include/freertos/include -I/home/franstein/.platformio/packages/framework-arduinoespressif32@src-537c58760dafe7fcc8a1d9bbcf00b6f6/tools/sdk/esp32s3/include/freertos/include/esp_additions/freertos -I/home/franstein/.platformio/packages/framework-arduinoespressif32@src-537c58760dafe7fcc8a1d9bbcf00b6f6/tools/sdk/esp32s3/include/freertos/port/xtensa/include -I/home/franstein/.platformio/packages/framework-arduinoespressif32@src-537c58760dafe7fcc8a1d9bbcf00b6f6/tools/sdk/esp32s3/include/freertos/include/esp_additions -I/home/franstein/.platformio/packages/framework-arduinoespressif32@src-537c58760dafe7fcc8a1d9bbcf00b6f6/tools/sdk/esp32s3/include/esp_hw_support/include -I/home/franstein/.platformio/packages/framework-arduinoespressif32@src-537c58760dafe7fcc8a1d9bbcf00b6f6/tools/sdk/esp32s3/include/esp_hw_support/include/soc -I/home/franstein/.platformio/packages/framework-arduinoespressif32@src-537c58760dafe7fcc8a1d9bbcf00b6f6/tools/sdk/esp32s3/include/esp_hw_support/include/soc/esp32s3 -I/home/franstein/.platformio/packages/framework-arduinoespressif32@src-537c58760dafe7fcc8a1d9bbcf00b6f6/tools/sdk/esp32s3/include/esp_hw_support/port/esp32s3 -I/home/franstein/.platformio/packages/framework-arduinoespressif32@src-537c58760dafe7fcc8a1d9bbcf00b6f6/tools/sdk/esp32s3/include/esp_hw_support/port/esp32s3/private_include -I/home/franstein/.platformio/packages/framework-arduinoespressif32@src-537c58760dafe7fcc8a1d9bbcf00b6f6/tools/sdk/esp32s3/include/heap/include -I/home/franstein/.platformio/packages/framework-arduinoespressif32@src-537c58760dafe7fcc8a1d9bbcf00b6f6/tools/sdk/esp32s3/include/log/include -I/home/franstein/.platformio/packages/framework-arduinoespressif32@src-537c58760dafe7fcc8a1d9bbcf00b6f6/tools/sdk/esp32s3/include/lwip/include/apps -I/home/franstein/.platformio/packages/framework-arduinoespressif32@src-537c58760dafe7fcc8a1d9bbcf00b6f6/tools/sdk/esp32s3/include/lwip/include/apps/sntp -I/home/franstein/.platformio/packages/framework-arduinoespressif32@src-537c58760dafe7fcc8a1d9bbcf00b6f6/tools/sdk/esp32s3/include/lwip/lwip/src/include -I/home/franstein/.platformio/packages/framework-arduinoespressif32@src-537c58760dafe7fcc8a1d9bbcf00b6f6/tools/sdk/esp32s3/include/lwip/port/esp32/include -I/home/franstein/.platformio/packages/framework-arduinoespressif32@src-537c58760dafe7fcc8a1d9bbcf00b6f6/tools/sdk/esp32s3/include/lwip/port/esp32/include/arch -I/home/franstein/.platformio/packages/framework-arduinoespressif32@src-537c58760dafe7fcc8a1d9bbcf00b6f6/tools/sdk/esp32s3/include/soc/include -I/home/franstein/.platformio/packages/framework-arduinoespressif32@src-537c58760dafe7fcc8a1d9bbcf00b6f6/tools/sdk/esp32s3/include/soc/esp32s3 -I/home/franstein/.platformio/packages/framework-arduinoespressif32@src-537c58760dafe7fcc8a1d9bbcf00b6f6/tools/sdk/esp32s3/include/soc/esp32s3/include -I/home/franstein/.platformio/packages/framework-arduinoespressif32@src-537c58760dafe7fcc8a1d9bbcf00b6f6/tools/sdk/esp32s3/include/hal/esp32s3/include -I/home/franstein/.platformio/packages/framework-arduinoespressif32@src-537c58760dafe7fcc8a1d9bbcf00b6f6/tools/sdk/esp32s3/include/hal/include -I/home/franstein/.platformio/packages/framework-arduinoespressif32@src-537c58760dafe7fcc8a1d9bbcf00b6f6/tools/sdk/esp32s3/include/hal/platform_port/include -I/home/franstein/.platformio/packages/framework-arduinoespressif32@src-537c58760dafe7fcc8a1d9bbcf00b6f6/tools/sdk/esp32s3/include/esp_rom/include -I/home/franstein/.platformio/packages/framework-arduinoespressif32@src-537c58760dafe7fcc8a1d9bbcf00b6f6/tools/sdk/esp32s3/include/esp_rom/include/esp32s3 -I/home/franstein/.platformio/packages/framework-arduinoespressif32@src-537c58760dafe7fcc8a1d9bbcf00b6f6/tools/sdk/esp32s3/include/esp_rom/esp32s3 -I/home/franstein/.platformio/packages/framework-arduinoespressif32@src-537c58760dafe7fcc8a1d9bbcf00b6f6/tools/sdk/esp32s3/include/esp_common/include -I/home/franstein/.platformio/packages/framework-arduinoespressif32@src-537c58760dafe7fcc8a1d9bbcf00b6f6/tools/sdk/esp32s3/include/esp_system/include -I/home/franstein/.platformio/packages/framework-arduinoespressif32@src-537c58760dafe7fcc8a1d9bbcf00b6f6/tools/sdk/esp32s3/include/esp_system/port/soc -I/home/franstein/.platformio/packages/framework-arduinoespressif32@src-537c58760dafe7fcc8a1d9bbcf00b6f6/tools/sdk/esp32s3/include/esp_system/port/public_compat -I/home/franstein/.platformio/packages/framework-arduinoespressif32@src-537c58760dafe7fcc8a1d9bbcf00b6f6/tools/sdk/esp32s3/include/xtensa/include -I/home/franstein/.platformio/packages/framework-arduinoespressif32@src-537c58760dafe7fcc8a1d9bbcf00b6f6/tools/sdk/esp32s3/include/xtensa/esp32s3/include -I/home/franstein/.platformio/packages/framework-arduinoespressif32@src-537c58760dafe7fcc8a1d9bbcf00b6f6/tools/sdk/esp32s3/include/driver/include -I/home/franstein/.platformio/packages/framework-arduinoespressif32@src-537c58760dafe7fcc8a1d9bbcf00b6f6/tools/sdk/esp32s3/include/driver/esp32s3/include -I/home/franstein/.platformio/packages/framework-arduinoespressif32@src-537c58760dafe7fcc8a1d9bbcf00b6f6/tools/sdk/esp32s3/include/esp_pm/include -I/home/franstein/.platformio/packages/framework-arduinoespressif32@src-537c58760dafe7fcc8a1d9bbcf00b6f6/tools/sdk/esp32s3/include/esp_ringbuf/include -I/home/franstein/.platformio/packages/framework-arduinoespressif32@src-537c58760dafe7fcc8a1d9bbcf00b6f6/tools/sdk/esp32s3/include/efuse/include -I/home/franstein/.platformio/packages/framework-arduinoespressif32@src-537c58760dafe7fcc8a1d9bbcf00b6f6/tools/sdk/esp32s3/include/efuse/esp32s3/include -I/home/franstein/.platformio/packages/framework-arduinoespressif32@src-537c58760dafe7fcc8a1d9bbcf00b6f6/tools/sdk/esp32s3/include/vfs/include -I/home/franstein/.platformio/packages/framework-arduinoespressif32@src-537c58760dafe7fcc8a1d9bbcf00b6f6/tools/sdk/esp32s3/include/esp_wifi/include -I/home/franstein/.platformio/packages/framework-arduinoespressif32@src-537c58760dafe7fcc8a1d9bbcf00b6f6/tools/sdk/esp32s3/include/esp_event/include -I/home/franstein/.platformio/packages/framework-arduinoespressif32@src-537c58760dafe7fcc8a1d9bbcf00b6f6/tools/sdk/esp32s3/include/esp_netif/include -I/home/franstein/.platformio/packages/framework-arduinoespressif32@src-537c58760dafe7fcc8a1d9bbcf00b6f6/tools/sdk/esp32s3/include/esp_eth/include -I/home/franstein/.platformio/packages/framework-arduinoespressif32@src-537c58760dafe7fcc8a1d9bbcf00b6f6/tools/sdk/esp32s3/include/tcpip_adapter/include -I/home/franstein/.platformio/packages/framework-arduinoespressif32@src-537c58760dafe7fcc8a1d9bbcf00b6f6/tools/sdk/esp32s3/include/esp_phy/include -I/home/franstein/.platformio/packages/framework-arduinoespressif32@src-537c58760dafe7fcc8a1d9bbcf00b6f6/tools/sdk/esp32s3/include/esp_phy/esp32s3/include -I/home/franstein/.platformio/packages/framework-arduinoespressif32@src-537c58760dafe7fcc8a1d9bbcf00b6f6/tools/sdk/esp32s3/include/esp_ipc/include -I/home/franstein/.platformio/packages/framework-arduinoespressif32@src-537c58760dafe7fcc8a1d9bbcf00b6f6/tools/sdk/esp32s3/include/app_trace/include -I/home/franstein/.platformio/packages/framework-arduinoespressif32@src-537c58760dafe7fcc8a1d9bbcf00b6f6/tools/sdk/esp32s3/include/esp_timer/include -I/home/franstein/.platformio/packages/framework-arduinoespressif32@src-537c58760dafe7fcc8a1d9bbcf00b6f6/tools/sdk/esp32s3/include/mbedtls/port/include -I/home/franstein/.platformio/packages/framework-arduinoespressif32@src-537c58760dafe7fcc8a1d9bbcf00b6f6/tools/sdk/esp32s3/include/mbedtls/mbedtls/include -I/home/franstein/.platformio/packages/framework-arduinoespressif32@src-537c58760dafe7fcc8a1d9bbcf00b6f6/tools/sdk/esp32s3/include/mbedtls/esp_crt_bundle/include -I/home/franstein/.platformio/packages/framework-arduinoespressif32@src-537c58760dafe7fcc8a1d9bbcf00b6f6/tools/sdk/esp32s3/include/app_update/include -I/home/franstein/.platformio/packages/framework-arduinoespressif32@src-537c58760dafe7fcc8a1d9bbcf00b6f6/tools/sdk/esp32s3/include/spi_flash/include -I/home/franstein/.platformio/packages/framework-arduinoespressif32@src-537c58760dafe7fcc8a1d9bbcf00b6f6/tools/sdk/esp32s3/include/bootloader_support/include -I/home/franstein/.platformio/packages/framework-arduinoespressif32@src-537c58760dafe7fcc8a1d9bbcf00b6f6/tools/sdk/esp32s3/include/nvs_flash/include -I/home/franstein/.platformio/packages/framework-arduinoespressif32@src-537c58760dafe7fcc8a1d9bbcf00b6f6/tools/sdk/esp32s3/include/pthread/include -I/home/franstein/.platformio/packages/framework-arduinoespressif32@src-537c58760dafe7fcc8a1d9bbcf00b6f6/tools/sdk/esp32s3/include/esp_gdbstub/include -I/home/franstein/.platformio/packages/framework-arduinoespressif32@src-537c58760dafe7fcc8a1d9bbcf00b6f6/tools/sdk/esp32s3/include/esp_gdbstub/xtensa -I/home/franstein/.platformio/packages/framework-arduinoespressif32@src-537c58760dafe7fcc8a1d9bbcf00b6f6/tools/sdk/esp32s3/include/esp_gdbstub/esp32s3 -I/home/franstein/.platformio/packages/framework-arduinoespressif32@src-537c58760dafe7fcc8a1d9bbcf00b6f6/tools/sdk/esp32s3/include/espcoredump/include -I/home/franstein/.platformio/packages/framework-arduinoespressif32@src-537c58760dafe7fcc8a1d9bbcf00b6f6/tools/sdk/esp32s3/include/espcoredump/include/port/xtensa -I/home/franstein/.platformio/packages/framework-arduinoespressif32@src-537c58760dafe7fcc8a1d9bbcf00b6f6/tools/sdk/esp32s3/include/wpa_supplicant/include -I/home/franstein/.platformio/packages/framework-arduinoespressif32@src-537c58760dafe7fcc8a1d9bbcf00b6f6/tools/sdk/esp32s3/include/wpa_supplicant/port/include -I/home/franstein/.platformio/packages/framework-arduinoespressif32@src-537c58760dafe7fcc8a1d9bbcf00b6f6/tools/sdk/esp32s3/include/wpa_supplicant/esp_supplicant/include -I/home/franstein/.platformio/packages/framework-arduinoespressif32@src-537c58760dafe7fcc8a1d9bbcf00b6f6/tools/sdk/esp32s3/include/ieee802154/include -I/home/franstein/.platformio/packages/framework-arduinoespressif32@src-537c58760dafe7fcc8a1d9bbcf00b6f6/tools/sdk/esp32s3/include/console -I/home/franstein/.platformio/packages/framework-arduinoespressif32@src-537c58760dafe7fcc8a1d9bbcf00b6f6/tools/sdk/esp32s3/include/asio/asio/asio/include -I/home/franstein/.platformio/packages/framework-arduinoespressif32@src-537c58760dafe7fcc8a1d9bbcf00b6f6/tools/sdk/esp32s3/include/asio/port/include -I/home/franstein/.platformio/packages/framework-arduinoespressif32@src-537c58760dafe7fcc8a1d9bbcf00b6f6/tools/sdk/esp32s3/include/bt/common/osi/include -I/home/franstein/.platformio/packages/framework-arduinoespressif32@src-537c58760dafe7fcc8a1d9bbcf00b6f6/tools/sdk/esp32s3/include/bt/include/esp32s3/include -I/home/franstein/.platformio/packages/framework-arduinoespressif32@src-537c58760dafe7fcc8a1d9bbcf00b6f6/tools/sdk/esp32s3/include/bt/common/api/include/api -I/home/franstein/.platformio/packages/framework-arduinoespressif32@src-537c58760dafe7fcc8a1d9bbcf00b6f6/tools/sdk/esp32s3/include/bt/common/btc/profile/esp/blufi/include -I/home/franstein/.platformio/packages/framework-arduinoespressif32@src-537c58760dafe7fcc8a1d9bbcf00b6f6/tools/sdk/esp32s3/include/bt/common/btc/profile/esp/include -I/home/franstein/.platformio/packages/framework-arduinoespressif32@src-537c58760dafe7fcc8a1d9bbcf00b6f6/tools/sdk/esp32s3/include/bt/host/bluedroid/api/include/api -I/home/franstein/.platformio/packages/framework-arduinoespressif32@src-537c58760dafe7fcc8a1d9bbcf00b6f6/tools/sdk/esp32s3/include/bt/esp_ble_mesh/mesh_common/include -I/home/franstein/.platformio/packages/framework-arduinoespressif32@src-537c58760dafe7fcc8a1d9bbcf00b6f6/tools/sdk/esp32s3/include/bt/esp_ble_mesh/mesh_common/tinycrypt/include -I/home/franstein/.platformio/packages/framework-arduinoespressif32@src-537c58760dafe7fcc8a1d9bbcf00b6f6/tools/sdk/esp32s3/include/bt/esp_ble_mesh/mesh_core -I/home/franstein/.platformio/packages/framework-arduinoespressif32@src-537c58760dafe7fcc8a1d9bbcf00b6f6/tools/sdk/esp32s3/include/bt/esp_ble_mesh/mesh_core/include -I/home/franstein/.platformio/packages/framework-arduinoespressif32@src-537c58760dafe7fcc8a1d9bbcf00b6f6/tools/sdk/esp32s3/include/bt/esp_ble_mesh/mesh_core/storage -I/home/franstein/.platformio/packages/framework-arduinoespressif32@src-537c58760dafe7fcc8a1d9bbcf00b6f6/tools/sdk/esp32s3/include/bt/esp_ble_mesh/btc/include -I/home/franstein/.platformio/packages/framework-arduinoespressif32@src-537c58760dafe7fcc8a1d9bbcf00b6f6/tools/sdk/esp32s3/include/bt/esp_ble_mesh/mesh_models/common/include -I/home/franstein/.platformio/packages/framework-arduinoespressif32@src-537c58760dafe7fcc8a1d9bbcf00b6f6/tools/sdk/esp32s3/include/bt/esp_ble_mesh/mesh_models/client/include -I/home/franstein/.platformio/packages/framework-arduinoespressif32@src-537c58760dafe7fcc8a1d9bbcf00b6f6/tools/sdk/esp32s3/include/bt/esp_ble_mesh/mesh_models/server/include -I/home/franstein/.platformio/packages/framework-arduinoespressif32@src-537c58760dafe7fcc8a1d9bbcf00b6f6/tools/sdk/esp32s3/include/bt/esp_ble_mesh/api/core/include -I/home/franstein/.platformio/packages/framework-arduinoespressif32@src-537c58760dafe7fcc8a1d9bbcf00b6f6/tools/sdk/esp32s3/include/bt/esp_ble_mesh/api/models/include -I/home/franstein/.platformio/packages/framework-arduinoespressif32@src-537c58760dafe7fcc8a1d9bbcf00b6f6/tools/sdk/esp32s3/include/bt/esp_ble_mesh/api -I/home/franstein/.platformio/packages/framework-arduinoespressif32@src-537c58760dafe7fcc8a1d9bbcf00b6f6/tools/sdk/esp32s3/include/cbor/port/include -I/home/franstein/.platformio/packages/framework-arduinoespressif32@src-537c58760dafe7fcc8a1d9bbcf00b6f6/tools/sdk/esp32s3/include/unity/include -I/home/franstein/.platformio/packages/framework-arduinoespressif32@src-537c58760dafe7fcc8a1d9bbcf00b6f6/tools/sdk/esp32s3/include/unity/unity/src -I/home/franstein/.platformio/packages/framework-arduinoespressif32@src-537c58760dafe7fcc8a1d9bbcf00b6f6/tools/sdk/esp32s3/include/cmock/CMock/src -I/home/franstein/.platformio/packages/framework-arduinoespressif32@src-537c58760dafe7fcc8a1d9bbcf00b6f6/tools/sdk/esp32s3/include/coap/port/include -I/home/franstein/.platformio/packages/framework-arduinoespressif32@src-537c58760dafe7fcc8a1d9bbcf00b6f6/tools/sdk/esp32s3/include/coap/libcoap/include -I/home/franstein/.platformio/packages/framework-arduinoespressif32@src-537c58760dafe7fcc8a1d9bbcf00b6f6/tools/sdk/esp32s3/include/nghttp/port/include -I/home/franstein/.platformio/packages/framework-arduinoespressif32@src-537c58760dafe7fcc8a1d9bbcf00b6f6/tools/sdk/esp32s3/include/nghttp/nghttp2/lib/includes -I/home/franstein/.platformio/packages/framework-arduinoespressif32@src-537c58760dafe7fcc8a1d9bbcf00b6f6/tools/sdk/esp32s3/include/esp-tls -I/home/franstein/.platformio/packages/framework-arduinoespressif32@src-537c58760dafe7fcc8a1d9bbcf00b6f6/tools/sdk/esp32s3/include/esp-tls/esp-tls-crypto -I/home/franstein/.platformio/packages/framework-arduinoespressif32@src-537c58760dafe7fcc8a1d9bbcf00b6f6/tools/sdk/esp32s3/include/esp_adc_cal/include -I/home/franstein/.platformio/packages/framework-arduinoespressif32@src-537c58760dafe7fcc8a1d9bbcf00b6f6/tools/sdk/esp32s3/include/esp_hid/include -I/home/franstein/.platformio/packages/framework-arduinoespressif32@src-537c58760dafe7fcc8a1d9bbcf00b6f6/tools/sdk/esp32s3/include/tcp_transport/include -I/home/franstein/.platformio/packages/framework-arduinoespressif32@src-537c58760dafe7fcc8a1d9bbcf00b6f6/tools/sdk/esp32s3/include/esp_http_client/include -I/home/franstein/.platformio/packages/framework-arduinoespressif32@src-537c58760dafe7fcc8a1d9bbcf00b6f6/tools/sdk/esp32s3/include/esp_http_server/include -I/home/franstein/.platformio/packages/framework-arduinoespressif32@src-537c58760dafe7fcc8a1d9bbcf00b6f6/tools/sdk/esp32s3/include/esp_https_ota/include -I/home/franstein/.platformio/packages/framework-arduinoespressif32@src-537c58760dafe7fcc8a1d9bbcf00b6f6/tools/sdk/esp32s3/include/esp_https_server/include -I/home/franstein/.platformio/packages/framework-arduinoespressif32@src-537c58760dafe7fcc8a1d9bbcf00b6f6/tools/sdk/esp32s3/include/esp_lcd/include -I/home/franstein/.platformio/packages/framework-arduinoespressif32@src-537c58760dafe7fcc8a1d9bbcf00b6f6/tools/sdk/esp32s3/include/esp_lcd/interface -I/home/franstein/.platformio/packages/framework-arduinoespressif32@src-537c58760dafe7fcc8a1d9bbcf00b6f6/tools/sdk/esp32s3/include/protobuf-c/protobuf-c -I/home/franstein/.platformio/packages/framework-arduinoespressif32@src-537c58760dafe7fcc8a1d9bbcf00b6f6/tools/sdk/esp32s3/include/protocomm/include/common -I/home/franstein/.platformio/packages/framework-arduinoespressif32@src-537c58760dafe7fcc8a1d9bbcf00b6f6/tools/sdk/esp32s3/include/protocomm/include/security -I/home/franstein/.platformio/packages/framework-arduinoespressif32@src-537c58760dafe7fcc8a1d9bbcf00b6f6/tools/sdk/esp32s3/include/protocomm/include/transports -I/home/franstein/.platformio/packages/framework-arduinoespressif32@src-537c58760dafe7fcc8a1d9bbcf00b6f6/tools/sdk/esp32s3/include/mdns/include -I/home/franstein/.platformio/packages/framework-arduinoespressif32@src-537c58760dafe7fcc8a1d9bbcf00b6f6/tools/sdk/esp32s3/include/esp_local_ctrl/include -I/home/franstein/.platformio/packages/framework-arduinoespressif32@src-537c58760dafe7fcc8a1d9bbcf00b6f6/tools/sdk/esp32s3/include/sdmmc/include -I/home/franstein/.platformio/packages/framework-arduinoespressif32@src-537c58760dafe7fcc8a1d9bbcf00b6f6/tools/sdk/esp32s3/include/esp_serial_slave_link/include -I/home/franstein/.platformio/packages/framework-arduinoespressif32@src-537c58760dafe7fcc8a1d9bbcf00b6f6/tools/sdk/esp32s3/include/esp_websocket_client/include -I/home/franstein/.platformio/packages/framework-arduinoespressif32@src-537c58760dafe7fcc8a1d9bbcf00b6f6/tools/sdk/esp32s3/include/expat/expat/expat/lib -I/home/franstein/.platformio/packages/framework-arduinoespressif32@src-537c58760dafe7fcc8a1d9bbcf00b6f6/tools/sdk/esp32s3/include/expat/port/include -I/home/franstein/.platformio/packages/framework-arduinoespressif32@src-537c58760dafe7fcc8a1d9bbcf00b6f6/tools/sdk/esp32s3/include/wear_levelling/include -I/home/franstein/.platformio/packages/framework-arduinoespressif32@src-537c58760dafe7fcc8a1d9bbcf00b6f6/tools/sdk/esp32s3/include/fatfs/diskio -I/home/franstein/.platformio/packages/framework-arduinoespressif32@src-537c58760dafe7fcc8a1d9bbcf00b6f6/tools/sdk/esp32s3/include/fatfs/vfs -I/home/franstein/.platformio/packages/framework-arduinoespressif32@src-537c58760dafe7fcc8a1d9bbcf00b6f6/tools/sdk/esp32s3/include/fatfs/src -I/home/franstein/.platformio/packages/framework-arduinoespressif32@src-537c58760dafe7fcc8a1d9bbcf00b6f6/tools/sdk/esp32s3/include/freemodbus/common/include -I/home/franstein/.platformio/packages/framework-arduinoespressif32@src-537c58760dafe7fcc8a1d9bbcf00b6f6/tools/sdk/esp32s3/include/idf_test/include -I/home/franstein/.platformio/packages/framework-arduinoespressif32@src-537c58760dafe7fcc8a1d9bbcf00b6f6/tools/sdk/esp32s3/include/idf_test/include/esp32s3 -I/home/franstein/.platformio/packages/framework-arduinoespressif32@src-537c58760dafe7fcc8a1d9bbcf00b6f6/tools/sdk/esp32s3/include/jsmn/include -I/home/franstein/.platformio/packages/framework-arduinoespressif32@src-537c58760dafe7fcc8a1d9bbcf00b6f6/tools/sdk/esp32s3/include/json/cJSON -I/home/franstein/.platformio/packages/framework-arduinoespressif32@src-537c58760dafe7fcc8a1d9bbcf00b6f6/tools/sdk/esp32s3/include/libsodium/libsodium/src/libsodium/include -I/home/franstein/.platformio/packages/framework-arduinoespressif32@src-537c58760dafe7fcc8a1d9bbcf00b6f6/tools/sdk/esp32s3/include/libsodium/port_include -I/home/franstein/.platformio/packages/framework-arduinoespressif32@src-537c58760dafe7fcc8a1d9bbcf00b6f6/tools/sdk/esp32s3/include/mqtt/esp-mqtt/include -I/home/franstein/.platformio/packages/framework-arduinoespressif32@src-537c58760dafe7fcc8a1d9bbcf00b6f6/tools/sdk/esp32s3/include/openssl/include -I/home/franstein/.platformio/packages/framework-arduinoespressif32@src-537c58760dafe7fcc8a1d9bbcf00b6f6/tools/sdk/esp32s3/include/perfmon/include -I/home/franstein/.platformio/packages/framework-arduinoespressif32@src-537c58760dafe7fcc8a1d9bbcf00b6f6/tools/sdk/esp32s3/include/spiffs/include -I/home/franstein/.platformio/packages/framework-arduinoespressif32@src-537c58760dafe7fcc8a1d9bbcf00b6f6/tools/sdk/esp32s3/include/usb/include -I/home/franstein/.platformio/packages/framework-arduinoespressif32@src-537c58760dafe7fcc8a1d9bbcf00b6f6/tools/sdk/esp32s3/include/ulp/include -I/home/franstein/.platformio/packages/framework-arduinoespressif32@src-537c58760dafe7fcc8a1d9bbcf00b6f6/tools/sdk/esp32s3/include/wifi_provisioning/include -I/home/franstein/.platformio/packages/framework-arduinoespressif32@src-537c58760dafe7fcc8a1d9bbcf00b6f6/tools/sdk/esp32s3/include/rmaker_common/include -I/home/franstein/.platformio/packages/framework-arduinoespressif32@src-537c58760dafe7fcc8a1d9bbcf00b6f6/tools/sdk/esp32s3/include/json_parser/upstream/include -I/home/franstein/.platformio/packages/framework-arduinoespressif32@src-537c58760dafe7fcc8a1d9bbcf00b6f6/tools/sdk/esp32s3/include/json_parser/upstream -I/home/franstein/.platformio/packages/framework-arduinoespressif32@src-537c58760dafe7fcc8a1d9bbcf00b6f6/tools/sdk/esp32s3/include/json_generator/upstream -I/home/franstein/.platformio/packages/framework-arduinoespressif32@src-537c58760dafe7fcc8a1d9bbcf00b6f6/tools/sdk/esp32s3/include/esp_schedule/include -I/home/franstein/.platformio/packages/framework-arduinoespressif32@src-537c58760dafe7fcc8a1d9bbcf00b6f6/tools/sdk/esp32s3/include/esp_rainmaker/include -I/home/franstein/.platformio/packages/framework-arduinoespressif32@src-537c58760dafe7fcc8a1d9bbcf00b6f6/tools/sdk/esp32s3/include/gpio_button/button/include -I/home/franstein/.platformio/packages/framework-arduinoespressif32@src-537c58760dafe7fcc8a1d9bbcf00b6f6/tools/sdk/esp32s3/include/qrcode/include -I/home/franstein/.platformio/packages/framework-arduinoespressif32@src-537c58760dafe7fcc8a1d9bbcf00b6f6/tools/sdk/esp32s3/include/ws2812_led -I/home/franstein/.platformio/packages/framework-arduinoespressif32@src-537c58760dafe7fcc8a1d9bbcf00b6f6/tools/sdk/esp32s3/include/esp_diagnostics/include -I/home/franstein/.platformio/packages/framework-arduinoespressif32@src-537c58760dafe7fcc8a1d9bbcf00b6f6/tools/sdk/esp32s3/include/rtc_store/include -I/home/franstein/.platformio/packages/framework-arduinoespressif32@src-537c58760dafe7fcc8a1d9bbcf00b6f6/tools/sdk/esp32s3/include/esp_insights/include -I/home/franstein/.platformio/packages/framework-arduinoespressif32@src-537c58760dafe7fcc8a1d9bbcf00b6f6/tools/sdk/esp32s3/include/esp-dsp/modules/dotprod/include -I/home/franstein/.platformio/packages/framework-arduinoespressif32@src-537c58760dafe7fcc8a1d9bbcf00b6f6/tools/sdk/esp32s3/include/esp-dsp/modules/support/include -I/home/franstein/.platformio/packages/framework-arduinoespressif32@src-537c58760dafe7fcc8a1d9bbcf00b6f6/tools/sdk/esp32s3/include/esp-dsp/modules/windows/include -I/home/franstein/.platformio/packages/framework-arduinoespressif32@src-537c58760dafe7fcc8a1d9bbcf00b6f6/tools/sdk/esp32s3/include/esp-dsp/modules/windows/hann/include -I/home/franstein/.platformio/packages/framework-arduinoespressif32@src-537c58760dafe7fcc8a1d9bbcf00b6f6/tools/sdk/esp32s3/include/esp-dsp/modules/windows/blackman/include -I/home/franstein/.platformio/packages/framework-arduinoespressif32@src-537c58760dafe7fcc8a1d9bbcf00b6f6/tools/sdk/esp32s3/include/esp-dsp/modules/windows/blackman_harris/include -I/home/franstein/.platformio/packages/framework-arduinoespressif32@src-537c58760dafe7fcc8a1d9bbcf00b6f6/tools/sdk/esp32s3/include/esp-dsp/modules/windows/blackman_nuttall/include -I/home/franstein/.platformio/packages/framework-arduinoespressif32@src-537c58760dafe7fcc8a1d9bbcf00b6f6/tools/sdk/esp32s3/include/esp-dsp/modules/windows/nuttall/include -I/home/franstein/.platformio/packages/framework-arduinoespressif32@src-537c58760dafe7fcc8a1d9bbcf00b6f6/tools/sdk/esp32s3/include/esp-dsp/modules/windows/flat_top/include -I/home/franstein/.platformio/packages/framework-arduinoespressif32@src-537c58760dafe7fcc8a1d9bbcf00b6f6/tools/sdk/esp32s3/include/esp-dsp/modules/iir/include -I/home/franstein/.platformio/packages/framework-arduinoespressif32@src-537c58760dafe7fcc8a1d9bbcf00b6f6/tools/sdk/esp32s3/include/esp-dsp/modules/fir/include -I/home/franstein/.platformio/packages/framework-arduinoespressif32@src-537c58760dafe7fcc8a1d9bbcf00b6f6/tools/sdk/esp32s3/include/esp-dsp/modules/math/include -I/home/franstein/.platformio/packages/framework-arduinoespressif32@src-537c58760dafe7fcc8a1d9bbcf00b6f6/tools/sdk/esp32s3/include/esp-dsp/modules/math/add/include -I/home/franstein/.platformio/packages/framework-arduinoespressif32@src-537c58760dafe7fcc8a1d9bbcf00b6f6/tools/sdk/esp32s3/include/esp-dsp/modules/math/sub/include -I/home/franstein/.platformio/packages/framework-arduinoespressif32@src-537c58760dafe7fcc8a1d9bbcf00b6f6/tools/sdk/esp32s3/include/esp-dsp/modules/math/mul/include -I/home/franstein/.platformio/packages/framework-arduinoespressif32@src-537c58760dafe7fcc8a1d9bbcf00b6f6/tools/sdk/esp32s3/include/esp-dsp/modules/math/addc/include -I/home/franstein/.platformio/packages/framework-arduinoespressif32@src-537c58760dafe7fcc8a1d9bbcf00b6f6/tools/sdk/esp32s3/include/esp-dsp/modules/math/mulc/include -I/home/franstein/.platformio/packages/framework-arduinoespressif32@src-537c58760dafe7fcc8a1d9bbcf00b6f6/tools/sdk/esp32s3/include/esp-dsp/modules/math/sqrt/include -I/home/franstein/.platformio/packages/framework-arduinoespressif32@src-537c58760dafe7fcc8a1d9bbcf00b6f6/tools/sdk/esp32s3/include/esp-dsp/modules/matrix/include -I/home/franstein/.platformio/packages/framework-arduinoespressif32@src-537c58760dafe7fcc8a1d9bbcf00b6f6/tools/sdk/esp32s3/include/esp-dsp/modules/fft/include -I/home/franstein/.platformio/packages/framework-arduinoespressif32@src-537c58760dafe7fcc8a1d9bbcf00b6f6/tools/sdk/esp32s3/include/esp-dsp/modules/dct/include -I/home/franstein/.platformio/packages/framework-arduinoespressif32@src-537c58760dafe7fcc8a1d9bbcf00b6f6/tools/sdk/esp32s3/include/esp-dsp/modules/conv/include -I/home/franstein/.platformio/packages/framework-arduinoespressif32@src-537c58760dafe7fcc8a1d9bbcf00b6f6/tools/sdk/esp32s3/include/esp-dsp/modules/common/include -I/home/franstein/.platformio/packages/framework-arduinoespressif32@src-537c58760dafe7fcc8a1d9bbcf00b6f6/tools/sdk/esp32s3/include/esp-dsp/modules/kalman/ekf/include -I/home/franstein/.platformio/packages/framework-arduinoespressif32@src-537c58760dafe7fcc8a1d9bbcf00b6f6/tools/sdk/esp32s3/include/esp-dsp/modules/kalman/ekf_imu13states/include -I/home/franstein/.platformio/packages/framework-arduinoespressif32@src-537c58760dafe7fcc8a1d9bbcf00b6f6/tools/sdk/esp32s3/include/freertos/include/freertos -I/home/franstein/.platformio/packages/framework-arduinoespressif32@src-537c58760dafe7fcc8a1d9bbcf00b6f6/tools/sdk/esp32s3/include/arduino_tinyusb/tinyusb/src -I/home/franstein/.platformio/packages/framework-arduinoespressif32@src-537c58760dafe7fcc8a1d9bbcf00b6f6/tools/sdk/esp32s3/include/arduino_tinyusb/include -I/home/franstein/.platformio/packages/framework-arduinoespressif32@src-537c58760dafe7fcc8a1d9bbcf00b6f6/tools/sdk/esp32s3/include/esp_littlefs/include -I/home/franstein/.platformio/packages/framework-arduinoespressif32@src-537c58760dafe7fcc8a1d9bbcf00b6f6/tools/sdk/esp32s3/include/esp-dl/include -I/home/franstein/.platformio/packages/framework-arduinoespressif32@src-537c58760dafe7fcc8a1d9bbcf00b6f6/tools/sdk/esp32s3/include/esp-dl/include/tool -I/home/franstein/.platformio/packages/framework-arduinoespressif32@src-537c58760dafe7fcc8a1d9bbcf00b6f6/tools/sdk/esp32s3/include/esp-dl/include/typedef -I/home/franstein/.platformio/packages/framework-arduinoespressif32@src-537c58760dafe7fcc8a1d9bbcf00b6f6/tools/sdk/esp32s3/include/esp-dl/include/image -I/home/franstein/.platformio/packages/framework-arduinoespressif32@src-537c58760dafe7fcc8a1d9bbcf00b6f6/tools/sdk/esp32s3/include/esp-dl/include/math -I/home/franstein/.platformio/packages/framework-arduinoespressif32@src-537c58760dafe7fcc8a1d9bbcf00b6f6/tools/sdk/esp32s3/include/esp-dl/include/nn -I/home/franstein/.platformio/packages/framework-arduinoespressif32@src-537c58760dafe7fcc8a1d9bbcf00b6f6/tools/sdk/esp32s3/include/esp-dl/include/layer -I/home/franstein/.platformio/packages/framework-arduinoespressif32@src-537c58760dafe7fcc8a1d9bbcf00b6f6/tools/sdk/esp32s3/include/esp-dl/include/detect -I/home/franstein/.platformio/packages/framework-arduinoespressif32@src-537c58760dafe7fcc8a1d9bbcf00b6f6/tools/sdk/esp32s3/include/esp-dl/include/model_zoo -I/home/franstein/.platformio/packages/framework-arduinoespressif32@src-537c58760dafe7fcc8a1d9bbcf00b6f6/tools/sdk/esp32s3/include/esp-sr/src/include -I/home/franstein/.platformio/packages/framework-arduinoespressif32@src-537c58760dafe7fcc8a1d9bbcf00b6f6/tools/sdk/esp32s3/include/esp-sr/esp-tts/esp_tts_chinese/include -I/home/franstein/.platformio/packages/framework-arduinoespressif32@src-537c58760dafe7fcc8a1d9bbcf00b6f6/tools/sdk/esp32s3/include/esp-sr/include/esp32s3 -I/home/franstein/.platformio/packages/framework-arduinoespressif32@src-537c58760dafe7fcc8a1d9bbcf00b6f6/tools/sdk/esp32s3/include/esp32-camera/driver/include -I/home/franstein/.platformio/packages/framework-arduinoespressif32@src-537c58760dafe7fcc8a1d9bbcf00b6f6/tools/sdk/esp32s3/include/esp32-camera/conversions/include -I/home/franstein/.platformio/packages/framework-arduinoespressif32@src-537c58760dafe7fcc8a1d9bbcf00b6f6/tools/sdk/esp32s3/include/fb_gfx/include -I/home/franstein/.platformio/packages/framework-arduinoespressif32@src-537c58760dafe7fcc8a1d9bbcf00b6f6/tools/sdk/esp32s3/qio_opi/include -I/home/franstein/.platformio/packages/framework-arduinoespressif32@src-537c58760dafe7fcc8a1d9bbcf00b6f6/cores/esp32 -I/home/franstein/.platformio/packages/framework-arduinoespressif32@src-537c58760dafe7fcc8a1d9bbcf00b6f6/variants/esp32s3 /home/franstein/.platformio/packages/framework-arduinoespressif32@src-537c58760dafe7fcc8a1d9bbcf00b6f6/cores/esp32/Esp.cpp
xtensa-esp32s3-elf-g++ -o .pio/build/esp32/FrameworkArduino/FirmwareMSC.cpp.o -c -std=gnu++11 -fexceptions -fno-rtti -Os -mlongcalls -ffunction-sections -fdata-sections -Wno-error=unused-function -Wno-error=unused-variable -Wno-error=deprecated-declarations -Wno-unused-parameter -Wno-sign-compare -ggdb -freorder-blocks -Wwrite-strings -fstack-protector -fstrict-volatile-bitfields -Wno-error=unused-but-set-variable -fno-jump-tables -fno-tree-switch-conversion -MMD -DPLATFORMIO=60107 -DBOARD_HAS_PSRAM -DARDUINO_USB_MODE=1 -DARDUINO_USB_CDC_ON_BOOT=1 -DHAVE_CONFIG_H -DMBEDTLS_CONFIG_FILE=\"mbedtls/esp_config.h\" -DUNITY_INCLUDE_CONFIG_H -DWITH_POSIX -D_GNU_SOURCE -DIDF_VER=\"v4.4.3\" -DESP_PLATFORM -D_POSIX_READER_WRITER_LOCKS -DARDUINO_ARCH_ESP32 -DESP32 -DF_CPU=240000000L -DARDUINO=10812 -DARDUINO_VARIANT=\"esp32s3\" "-DARDUINO_BOARD=\"LILYGO T3-S3\"" -DARDUINO_PARTITION_default -I/home/franstein/.platformio/packages/framework-arduinoespressif32@src-537c58760dafe7fcc8a1d9bbcf00b6f6/tools/sdk/esp32s3/include/newlib/platform_include -I/home/franstein/.platformio/packages/framework-arduinoespressif32@src-537c58760dafe7fcc8a1d9bbcf00b6f6/tools/sdk/esp32s3/include/freertos/include -I/home/franstein/.platformio/packages/framework-arduinoespressif32@src-537c58760dafe7fcc8a1d9bbcf00b6f6/tools/sdk/esp32s3/include/freertos/include/esp_additions/freertos -I/home/franstein/.platformio/packages/framework-arduinoespressif32@src-537c58760dafe7fcc8a1d9bbcf00b6f6/tools/sdk/esp32s3/include/freertos/port/xtensa/include -I/home/franstein/.platformio/packages/framework-arduinoespressif32@src-537c58760dafe7fcc8a1d9bbcf00b6f6/tools/sdk/esp32s3/include/freertos/include/esp_additions -I/home/franstein/.platformio/packages/framework-arduinoespressif32@src-537c58760dafe7fcc8a1d9bbcf00b6f6/tools/sdk/esp32s3/include/esp_hw_support/include -I/home/franstein/.platformio/packages/framework-arduinoespressif32@src-537c58760dafe7fcc8a1d9bbcf00b6f6/tools/sdk/esp32s3/include/esp_hw_support/include/soc -I/home/franstein/.platformio/packages/framework-arduinoespressif32@src-537c58760dafe7fcc8a1d9bbcf00b6f6/tools/sdk/esp32s3/include/esp_hw_support/include/soc/esp32s3 -I/home/franstein/.platformio/packages/framework-arduinoespressif32@src-537c58760dafe7fcc8a1d9bbcf00b6f6/tools/sdk/esp32s3/include/esp_hw_support/port/esp32s3 -I/home/franstein/.platformio/packages/framework-arduinoespressif32@src-537c58760dafe7fcc8a1d9bbcf00b6f6/tools/sdk/esp32s3/include/esp_hw_support/port/esp32s3/private_include -I/home/franstein/.platformio/packages/framework-arduinoespressif32@src-537c58760dafe7fcc8a1d9bbcf00b6f6/tools/sdk/esp32s3/include/heap/include -I/home/franstein/.platformio/packages/framework-arduinoespressif32@src-537c58760dafe7fcc8a1d9bbcf00b6f6/tools/sdk/esp32s3/include/log/include -I/home/franstein/.platformio/packages/framework-arduinoespressif32@src-537c58760dafe7fcc8a1d9bbcf00b6f6/tools/sdk/esp32s3/include/lwip/include/apps -I/home/franstein/.platformio/packages/framework-arduinoespressif32@src-537c58760dafe7fcc8a1d9bbcf00b6f6/tools/sdk/esp32s3/include/lwip/include/apps/sntp -I/home/franstein/.platformio/packages/framework-arduinoespressif32@src-537c58760dafe7fcc8a1d9bbcf00b6f6/tools/sdk/esp32s3/include/lwip/lwip/src/include -I/home/franstein/.platformio/packages/framework-arduinoespressif32@src-537c58760dafe7fcc8a1d9bbcf00b6f6/tools/sdk/esp32s3/include/lwip/port/esp32/include -I/home/franstein/.platformio/packages/framework-arduinoespressif32@src-537c58760dafe7fcc8a1d9bbcf00b6f6/tools/sdk/esp32s3/include/lwip/port/esp32/include/arch -I/home/franstein/.platformio/packages/framework-arduinoespressif32@src-537c58760dafe7fcc8a1d9bbcf00b6f6/tools/sdk/esp32s3/include/soc/include -I/home/franstein/.platformio/packages/framework-arduinoespressif32@src-537c58760dafe7fcc8a1d9bbcf00b6f6/tools/sdk/esp32s3/include/soc/esp32s3 -I/home/franstein/.platformio/packages/framework-arduinoespressif32@src-537c58760dafe7fcc8a1d9bbcf00b6f6/tools/sdk/esp32s3/include/soc/esp32s3/include -I/home/franstein/.platformio/packages/framework-arduinoespressif32@src-537c58760dafe7fcc8a1d9bbcf00b6f6/tools/sdk/esp32s3/include/hal/esp32s3/include -I/home/franstein/.platformio/packages/framework-arduinoespressif32@src-537c58760dafe7fcc8a1d9bbcf00b6f6/tools/sdk/esp32s3/include/hal/include -I/home/franstein/.platformio/packages/framework-arduinoespressif32@src-537c58760dafe7fcc8a1d9bbcf00b6f6/tools/sdk/esp32s3/include/hal/platform_port/include -I/home/franstein/.platformio/packages/framework-arduinoespressif32@src-537c58760dafe7fcc8a1d9bbcf00b6f6/tools/sdk/esp32s3/include/esp_rom/include -I/home/franstein/.platformio/packages/framework-arduinoespressif32@src-537c58760dafe7fcc8a1d9bbcf00b6f6/tools/sdk/esp32s3/include/esp_rom/include/esp32s3 -I/home/franstein/.platformio/packages/framework-arduinoespressif32@src-537c58760dafe7fcc8a1d9bbcf00b6f6/tools/sdk/esp32s3/include/esp_rom/esp32s3 -I/home/franstein/.platformio/packages/framework-arduinoespressif32@src-537c58760dafe7fcc8a1d9bbcf00b6f6/tools/sdk/esp32s3/include/esp_common/include -I/home/franstein/.platformio/packages/framework-arduinoespressif32@src-537c58760dafe7fcc8a1d9bbcf00b6f6/tools/sdk/esp32s3/include/esp_system/include -I/home/franstein/.platformio/packages/framework-arduinoespressif32@src-537c58760dafe7fcc8a1d9bbcf00b6f6/tools/sdk/esp32s3/include/esp_system/port/soc -I/home/franstein/.platformio/packages/framework-arduinoespressif32@src-537c58760dafe7fcc8a1d9bbcf00b6f6/tools/sdk/esp32s3/include/esp_system/port/public_compat -I/home/franstein/.platformio/packages/framework-arduinoespressif32@src-537c58760dafe7fcc8a1d9bbcf00b6f6/tools/sdk/esp32s3/include/xtensa/include -I/home/franstein/.platformio/packages/framework-arduinoespressif32@src-537c58760dafe7fcc8a1d9bbcf00b6f6/tools/sdk/esp32s3/include/xtensa/esp32s3/include -I/home/franstein/.platformio/packages/framework-arduinoespressif32@src-537c58760dafe7fcc8a1d9bbcf00b6f6/tools/sdk/esp32s3/include/driver/include -I/home/franstein/.platformio/packages/framework-arduinoespressif32@src-537c58760dafe7fcc8a1d9bbcf00b6f6/tools/sdk/esp32s3/include/driver/esp32s3/include -I/home/franstein/.platformio/packages/framework-arduinoespressif32@src-537c58760dafe7fcc8a1d9bbcf00b6f6/tools/sdk/esp32s3/include/esp_pm/include -I/home/franstein/.platformio/packages/framework-arduinoespressif32@src-537c58760dafe7fcc8a1d9bbcf00b6f6/tools/sdk/esp32s3/include/esp_ringbuf/include -I/home/franstein/.platformio/packages/framework-arduinoespressif32@src-537c58760dafe7fcc8a1d9bbcf00b6f6/tools/sdk/esp32s3/include/efuse/include -I/home/franstein/.platformio/packages/framework-arduinoespressif32@src-537c58760dafe7fcc8a1d9bbcf00b6f6/tools/sdk/esp32s3/include/efuse/esp32s3/include -I/home/franstein/.platformio/packages/framework-arduinoespressif32@src-537c58760dafe7fcc8a1d9bbcf00b6f6/tools/sdk/esp32s3/include/vfs/include -I/home/franstein/.platformio/packages/framework-arduinoespressif32@src-537c58760dafe7fcc8a1d9bbcf00b6f6/tools/sdk/esp32s3/include/esp_wifi/include -I/home/franstein/.platformio/packages/framework-arduinoespressif32@src-537c58760dafe7fcc8a1d9bbcf00b6f6/tools/sdk/esp32s3/include/esp_event/include -I/home/franstein/.platformio/packages/framework-arduinoespressif32@src-537c58760dafe7fcc8a1d9bbcf00b6f6/tools/sdk/esp32s3/include/esp_netif/include -I/home/franstein/.platformio/packages/framework-arduinoespressif32@src-537c58760dafe7fcc8a1d9bbcf00b6f6/tools/sdk/esp32s3/include/esp_eth/include -I/home/franstein/.platformio/packages/framework-arduinoespressif32@src-537c58760dafe7fcc8a1d9bbcf00b6f6/tools/sdk/esp32s3/include/tcpip_adapter/include -I/home/franstein/.platformio/packages/framework-arduinoespressif32@src-537c58760dafe7fcc8a1d9bbcf00b6f6/tools/sdk/esp32s3/include/esp_phy/include -I/home/franstein/.platformio/packages/framework-arduinoespressif32@src-537c58760dafe7fcc8a1d9bbcf00b6f6/tools/sdk/esp32s3/include/esp_phy/esp32s3/include -I/home/franstein/.platformio/packages/framework-arduinoespressif32@src-537c58760dafe7fcc8a1d9bbcf00b6f6/tools/sdk/esp32s3/include/esp_ipc/include -I/home/franstein/.platformio/packages/framework-arduinoespressif32@src-537c58760dafe7fcc8a1d9bbcf00b6f6/tools/sdk/esp32s3/include/app_trace/include -I/home/franstein/.platformio/packages/framework-arduinoespressif32@src-537c58760dafe7fcc8a1d9bbcf00b6f6/tools/sdk/esp32s3/include/esp_timer/include -I/home/franstein/.platformio/packages/framework-arduinoespressif32@src-537c58760dafe7fcc8a1d9bbcf00b6f6/tools/sdk/esp32s3/include/mbedtls/port/include -I/home/franstein/.platformio/packages/framework-arduinoespressif32@src-537c58760dafe7fcc8a1d9bbcf00b6f6/tools/sdk/esp32s3/include/mbedtls/mbedtls/include -I/home/franstein/.platformio/packages/framework-arduinoespressif32@src-537c58760dafe7fcc8a1d9bbcf00b6f6/tools/sdk/esp32s3/include/mbedtls/esp_crt_bundle/include -I/home/franstein/.platformio/packages/framework-arduinoespressif32@src-537c58760dafe7fcc8a1d9bbcf00b6f6/tools/sdk/esp32s3/include/app_update/include -I/home/franstein/.platformio/packages/framework-arduinoespressif32@src-537c58760dafe7fcc8a1d9bbcf00b6f6/tools/sdk/esp32s3/include/spi_flash/include -I/home/franstein/.platformio/packages/framework-arduinoespressif32@src-537c58760dafe7fcc8a1d9bbcf00b6f6/tools/sdk/esp32s3/include/bootloader_support/include -I/home/franstein/.platformio/packages/framework-arduinoespressif32@src-537c58760dafe7fcc8a1d9bbcf00b6f6/tools/sdk/esp32s3/include/nvs_flash/include -I/home/franstein/.platformio/packages/framework-arduinoespressif32@src-537c58760dafe7fcc8a1d9bbcf00b6f6/tools/sdk/esp32s3/include/pthread/include -I/home/franstein/.platformio/packages/framework-arduinoespressif32@src-537c58760dafe7fcc8a1d9bbcf00b6f6/tools/sdk/esp32s3/include/esp_gdbstub/include -I/home/franstein/.platformio/packages/framework-arduinoespressif32@src-537c58760dafe7fcc8a1d9bbcf00b6f6/tools/sdk/esp32s3/include/esp_gdbstub/xtensa -I/home/franstein/.platformio/packages/framework-arduinoespressif32@src-537c58760dafe7fcc8a1d9bbcf00b6f6/tools/sdk/esp32s3/include/esp_gdbstub/esp32s3 -I/home/franstein/.platformio/packages/framework-arduinoespressif32@src-537c58760dafe7fcc8a1d9bbcf00b6f6/tools/sdk/esp32s3/include/espcoredump/include -I/home/franstein/.platformio/packages/framework-arduinoespressif32@src-537c58760dafe7fcc8a1d9bbcf00b6f6/tools/sdk/esp32s3/include/espcoredump/include/port/xtensa -I/home/franstein/.platformio/packages/framework-arduinoespressif32@src-537c58760dafe7fcc8a1d9bbcf00b6f6/tools/sdk/esp32s3/include/wpa_supplicant/include -I/home/franstein/.platformio/packages/framework-arduinoespressif32@src-537c58760dafe7fcc8a1d9bbcf00b6f6/tools/sdk/esp32s3/include/wpa_supplicant/port/include -I/home/franstein/.platformio/packages/framework-arduinoespressif32@src-537c58760dafe7fcc8a1d9bbcf00b6f6/tools/sdk/esp32s3/include/wpa_supplicant/esp_supplicant/include -I/home/franstein/.platformio/packages/framework-arduinoespressif32@src-537c58760dafe7fcc8a1d9bbcf00b6f6/tools/sdk/esp32s3/include/ieee802154/include -I/home/franstein/.platformio/packages/framework-arduinoespressif32@src-537c58760dafe7fcc8a1d9bbcf00b6f6/tools/sdk/esp32s3/include/console -I/home/franstein/.platformio/packages/framework-arduinoespressif32@src-537c58760dafe7fcc8a1d9bbcf00b6f6/tools/sdk/esp32s3/include/asio/asio/asio/include -I/home/franstein/.platformio/packages/framework-arduinoespressif32@src-537c58760dafe7fcc8a1d9bbcf00b6f6/tools/sdk/esp32s3/include/asio/port/include -I/home/franstein/.platformio/packages/framework-arduinoespressif32@src-537c58760dafe7fcc8a1d9bbcf00b6f6/tools/sdk/esp32s3/include/bt/common/osi/include -I/home/franstein/.platformio/packages/framework-arduinoespressif32@src-537c58760dafe7fcc8a1d9bbcf00b6f6/tools/sdk/esp32s3/include/bt/include/esp32s3/include -I/home/franstein/.platformio/packages/framework-arduinoespressif32@src-537c58760dafe7fcc8a1d9bbcf00b6f6/tools/sdk/esp32s3/include/bt/common/api/include/api -I/home/franstein/.platformio/packages/framework-arduinoespressif32@src-537c58760dafe7fcc8a1d9bbcf00b6f6/tools/sdk/esp32s3/include/bt/common/btc/profile/esp/blufi/include -I/home/franstein/.platformio/packages/framework-arduinoespressif32@src-537c58760dafe7fcc8a1d9bbcf00b6f6/tools/sdk/esp32s3/include/bt/common/btc/profile/esp/include -I/home/franstein/.platformio/packages/framework-arduinoespressif32@src-537c58760dafe7fcc8a1d9bbcf00b6f6/tools/sdk/esp32s3/include/bt/host/bluedroid/api/include/api -I/home/franstein/.platformio/packages/framework-arduinoespressif32@src-537c58760dafe7fcc8a1d9bbcf00b6f6/tools/sdk/esp32s3/include/bt/esp_ble_mesh/mesh_common/include -I/home/franstein/.platformio/packages/framework-arduinoespressif32@src-537c58760dafe7fcc8a1d9bbcf00b6f6/tools/sdk/esp32s3/include/bt/esp_ble_mesh/mesh_common/tinycrypt/include -I/home/franstein/.platformio/packages/framework-arduinoespressif32@src-537c58760dafe7fcc8a1d9bbcf00b6f6/tools/sdk/esp32s3/include/bt/esp_ble_mesh/mesh_core -I/home/franstein/.platformio/packages/framework-arduinoespressif32@src-537c58760dafe7fcc8a1d9bbcf00b6f6/tools/sdk/esp32s3/include/bt/esp_ble_mesh/mesh_core/include -I/home/franstein/.platformio/packages/framework-arduinoespressif32@src-537c58760dafe7fcc8a1d9bbcf00b6f6/tools/sdk/esp32s3/include/bt/esp_ble_mesh/mesh_core/storage -I/home/franstein/.platformio/packages/framework-arduinoespressif32@src-537c58760dafe7fcc8a1d9bbcf00b6f6/tools/sdk/esp32s3/include/bt/esp_ble_mesh/btc/include -I/home/franstein/.platformio/packages/framework-arduinoespressif32@src-537c58760dafe7fcc8a1d9bbcf00b6f6/tools/sdk/esp32s3/include/bt/esp_ble_mesh/mesh_models/common/include -I/home/franstein/.platformio/packages/framework-arduinoespressif32@src-537c58760dafe7fcc8a1d9bbcf00b6f6/tools/sdk/esp32s3/include/bt/esp_ble_mesh/mesh_models/client/include -I/home/franstein/.platformio/packages/framework-arduinoespressif32@src-537c58760dafe7fcc8a1d9bbcf00b6f6/tools/sdk/esp32s3/include/bt/esp_ble_mesh/mesh_models/server/include -I/home/franstein/.platformio/packages/framework-arduinoespressif32@src-537c58760dafe7fcc8a1d9bbcf00b6f6/tools/sdk/esp32s3/include/bt/esp_ble_mesh/api/core/include -I/home/franstein/.platformio/packages/framework-arduinoespressif32@src-537c58760dafe7fcc8a1d9bbcf00b6f6/tools/sdk/esp32s3/include/bt/esp_ble_mesh/api/models/include -I/home/franstein/.platformio/packages/framework-arduinoespressif32@src-537c58760dafe7fcc8a1d9bbcf00b6f6/tools/sdk/esp32s3/include/bt/esp_ble_mesh/api -I/home/franstein/.platformio/packages/framework-arduinoespressif32@src-537c58760dafe7fcc8a1d9bbcf00b6f6/tools/sdk/esp32s3/include/cbor/port/include -I/home/franstein/.platformio/packages/framework-arduinoespressif32@src-537c58760dafe7fcc8a1d9bbcf00b6f6/tools/sdk/esp32s3/include/unity/include -I/home/franstein/.platformio/packages/framework-arduinoespressif32@src-537c58760dafe7fcc8a1d9bbcf00b6f6/tools/sdk/esp32s3/include/unity/unity/src -I/home/franstein/.platformio/packages/framework-arduinoespressif32@src-537c58760dafe7fcc8a1d9bbcf00b6f6/tools/sdk/esp32s3/include/cmock/CMock/src -I/home/franstein/.platformio/packages/framework-arduinoespressif32@src-537c58760dafe7fcc8a1d9bbcf00b6f6/tools/sdk/esp32s3/include/coap/port/include -I/home/franstein/.platformio/packages/framework-arduinoespressif32@src-537c58760dafe7fcc8a1d9bbcf00b6f6/tools/sdk/esp32s3/include/coap/libcoap/include -I/home/franstein/.platformio/packages/framework-arduinoespressif32@src-537c58760dafe7fcc8a1d9bbcf00b6f6/tools/sdk/esp32s3/include/nghttp/port/include -I/home/franstein/.platformio/packages/framework-arduinoespressif32@src-537c58760dafe7fcc8a1d9bbcf00b6f6/tools/sdk/esp32s3/include/nghttp/nghttp2/lib/includes -I/home/franstein/.platformio/packages/framework-arduinoespressif32@src-537c58760dafe7fcc8a1d9bbcf00b6f6/tools/sdk/esp32s3/include/esp-tls -I/home/franstein/.platformio/packages/framework-arduinoespressif32@src-537c58760dafe7fcc8a1d9bbcf00b6f6/tools/sdk/esp32s3/include/esp-tls/esp-tls-crypto -I/home/franstein/.platformio/packages/framework-arduinoespressif32@src-537c58760dafe7fcc8a1d9bbcf00b6f6/tools/sdk/esp32s3/include/esp_adc_cal/include -I/home/franstein/.platformio/packages/framework-arduinoespressif32@src-537c58760dafe7fcc8a1d9bbcf00b6f6/tools/sdk/esp32s3/include/esp_hid/include -I/home/franstein/.platformio/packages/framework-arduinoespressif32@src-537c58760dafe7fcc8a1d9bbcf00b6f6/tools/sdk/esp32s3/include/tcp_transport/include -I/home/franstein/.platformio/packages/framework-arduinoespressif32@src-537c58760dafe7fcc8a1d9bbcf00b6f6/tools/sdk/esp32s3/include/esp_http_client/include -I/home/franstein/.platformio/packages/framework-arduinoespressif32@src-537c58760dafe7fcc8a1d9bbcf00b6f6/tools/sdk/esp32s3/include/esp_http_server/include -I/home/franstein/.platformio/packages/framework-arduinoespressif32@src-537c58760dafe7fcc8a1d9bbcf00b6f6/tools/sdk/esp32s3/include/esp_https_ota/include -I/home/franstein/.platformio/packages/framework-arduinoespressif32@src-537c58760dafe7fcc8a1d9bbcf00b6f6/tools/sdk/esp32s3/include/esp_https_server/include -I/home/franstein/.platformio/packages/framework-arduinoespressif32@src-537c58760dafe7fcc8a1d9bbcf00b6f6/tools/sdk/esp32s3/include/esp_lcd/include -I/home/franstein/.platformio/packages/framework-arduinoespressif32@src-537c58760dafe7fcc8a1d9bbcf00b6f6/tools/sdk/esp32s3/include/esp_lcd/interface -I/home/franstein/.platformio/packages/framework-arduinoespressif32@src-537c58760dafe7fcc8a1d9bbcf00b6f6/tools/sdk/esp32s3/include/protobuf-c/protobuf-c -I/home/franstein/.platformio/packages/framework-arduinoespressif32@src-537c58760dafe7fcc8a1d9bbcf00b6f6/tools/sdk/esp32s3/include/protocomm/include/common -I/home/franstein/.platformio/packages/framework-arduinoespressif32@src-537c58760dafe7fcc8a1d9bbcf00b6f6/tools/sdk/esp32s3/include/protocomm/include/security -I/home/franstein/.platformio/packages/framework-arduinoespressif32@src-537c58760dafe7fcc8a1d9bbcf00b6f6/tools/sdk/esp32s3/include/protocomm/include/transports -I/home/franstein/.platformio/packages/framework-arduinoespressif32@src-537c58760dafe7fcc8a1d9bbcf00b6f6/tools/sdk/esp32s3/include/mdns/include -I/home/franstein/.platformio/packages/framework-arduinoespressif32@src-537c58760dafe7fcc8a1d9bbcf00b6f6/tools/sdk/esp32s3/include/esp_local_ctrl/include -I/home/franstein/.platformio/packages/framework-arduinoespressif32@src-537c58760dafe7fcc8a1d9bbcf00b6f6/tools/sdk/esp32s3/include/sdmmc/include -I/home/franstein/.platformio/packages/framework-arduinoespressif32@src-537c58760dafe7fcc8a1d9bbcf00b6f6/tools/sdk/esp32s3/include/esp_serial_slave_link/include -I/home/franstein/.platformio/packages/framework-arduinoespressif32@src-537c58760dafe7fcc8a1d9bbcf00b6f6/tools/sdk/esp32s3/include/esp_websocket_client/include -I/home/franstein/.platformio/packages/framework-arduinoespressif32@src-537c58760dafe7fcc8a1d9bbcf00b6f6/tools/sdk/esp32s3/include/expat/expat/expat/lib -I/home/franstein/.platformio/packages/framework-arduinoespressif32@src-537c58760dafe7fcc8a1d9bbcf00b6f6/tools/sdk/esp32s3/include/expat/port/include -I/home/franstein/.platformio/packages/framework-arduinoespressif32@src-537c58760dafe7fcc8a1d9bbcf00b6f6/tools/sdk/esp32s3/include/wear_levelling/include -I/home/franstein/.platformio/packages/framework-arduinoespressif32@src-537c58760dafe7fcc8a1d9bbcf00b6f6/tools/sdk/esp32s3/include/fatfs/diskio -I/home/franstein/.platformio/packages/framework-arduinoespressif32@src-537c58760dafe7fcc8a1d9bbcf00b6f6/tools/sdk/esp32s3/include/fatfs/vfs -I/home/franstein/.platformio/packages/framework-arduinoespressif32@src-537c58760dafe7fcc8a1d9bbcf00b6f6/tools/sdk/esp32s3/include/fatfs/src -I/home/franstein/.platformio/packages/framework-arduinoespressif32@src-537c58760dafe7fcc8a1d9bbcf00b6f6/tools/sdk/esp32s3/include/freemodbus/common/include -I/home/franstein/.platformio/packages/framework-arduinoespressif32@src-537c58760dafe7fcc8a1d9bbcf00b6f6/tools/sdk/esp32s3/include/idf_test/include -I/home/franstein/.platformio/packages/framework-arduinoespressif32@src-537c58760dafe7fcc8a1d9bbcf00b6f6/tools/sdk/esp32s3/include/idf_test/include/esp32s3 -I/home/franstein/.platformio/packages/framework-arduinoespressif32@src-537c58760dafe7fcc8a1d9bbcf00b6f6/tools/sdk/esp32s3/include/jsmn/include -I/home/franstein/.platformio/packages/framework-arduinoespressif32@src-537c58760dafe7fcc8a1d9bbcf00b6f6/tools/sdk/esp32s3/include/json/cJSON -I/home/franstein/.platformio/packages/framework-arduinoespressif32@src-537c58760dafe7fcc8a1d9bbcf00b6f6/tools/sdk/esp32s3/include/libsodium/libsodium/src/libsodium/include -I/home/franstein/.platformio/packages/framework-arduinoespressif32@src-537c58760dafe7fcc8a1d9bbcf00b6f6/tools/sdk/esp32s3/include/libsodium/port_include -I/home/franstein/.platformio/packages/framework-arduinoespressif32@src-537c58760dafe7fcc8a1d9bbcf00b6f6/tools/sdk/esp32s3/include/mqtt/esp-mqtt/include -I/home/franstein/.platformio/packages/framework-arduinoespressif32@src-537c58760dafe7fcc8a1d9bbcf00b6f6/tools/sdk/esp32s3/include/openssl/include -I/home/franstein/.platformio/packages/framework-arduinoespressif32@src-537c58760dafe7fcc8a1d9bbcf00b6f6/tools/sdk/esp32s3/include/perfmon/include -I/home/franstein/.platformio/packages/framework-arduinoespressif32@src-537c58760dafe7fcc8a1d9bbcf00b6f6/tools/sdk/esp32s3/include/spiffs/include -I/home/franstein/.platformio/packages/framework-arduinoespressif32@src-537c58760dafe7fcc8a1d9bbcf00b6f6/tools/sdk/esp32s3/include/usb/include -I/home/franstein/.platformio/packages/framework-arduinoespressif32@src-537c58760dafe7fcc8a1d9bbcf00b6f6/tools/sdk/esp32s3/include/ulp/include -I/home/franstein/.platformio/packages/framework-arduinoespressif32@src-537c58760dafe7fcc8a1d9bbcf00b6f6/tools/sdk/esp32s3/include/wifi_provisioning/include -I/home/franstein/.platformio/packages/framework-arduinoespressif32@src-537c58760dafe7fcc8a1d9bbcf00b6f6/tools/sdk/esp32s3/include/rmaker_common/include -I/home/franstein/.platformio/packages/framework-arduinoespressif32@src-537c58760dafe7fcc8a1d9bbcf00b6f6/tools/sdk/esp32s3/include/json_parser/upstream/include -I/home/franstein/.platformio/packages/framework-arduinoespressif32@src-537c58760dafe7fcc8a1d9bbcf00b6f6/tools/sdk/esp32s3/include/json_parser/upstream -I/home/franstein/.platformio/packages/framework-arduinoespressif32@src-537c58760dafe7fcc8a1d9bbcf00b6f6/tools/sdk/esp32s3/include/json_generator/upstream -I/home/franstein/.platformio/packages/framework-arduinoespressif32@src-537c58760dafe7fcc8a1d9bbcf00b6f6/tools/sdk/esp32s3/include/esp_schedule/include -I/home/franstein/.platformio/packages/framework-arduinoespressif32@src-537c58760dafe7fcc8a1d9bbcf00b6f6/tools/sdk/esp32s3/include/esp_rainmaker/include -I/home/franstein/.platformio/packages/framework-arduinoespressif32@src-537c58760dafe7fcc8a1d9bbcf00b6f6/tools/sdk/esp32s3/include/gpio_button/button/include -I/home/franstein/.platformio/packages/framework-arduinoespressif32@src-537c58760dafe7fcc8a1d9bbcf00b6f6/tools/sdk/esp32s3/include/qrcode/include -I/home/franstein/.platformio/packages/framework-arduinoespressif32@src-537c58760dafe7fcc8a1d9bbcf00b6f6/tools/sdk/esp32s3/include/ws2812_led -I/home/franstein/.platformio/packages/framework-arduinoespressif32@src-537c58760dafe7fcc8a1d9bbcf00b6f6/tools/sdk/esp32s3/include/esp_diagnostics/include -I/home/franstein/.platformio/packages/framework-arduinoespressif32@src-537c58760dafe7fcc8a1d9bbcf00b6f6/tools/sdk/esp32s3/include/rtc_store/include -I/home/franstein/.platformio/packages/framework-arduinoespressif32@src-537c58760dafe7fcc8a1d9bbcf00b6f6/tools/sdk/esp32s3/include/esp_insights/include -I/home/franstein/.platformio/packages/framework-arduinoespressif32@src-537c58760dafe7fcc8a1d9bbcf00b6f6/tools/sdk/esp32s3/include/esp-dsp/modules/dotprod/include -I/home/franstein/.platformio/packages/framework-arduinoespressif32@src-537c58760dafe7fcc8a1d9bbcf00b6f6/tools/sdk/esp32s3/include/esp-dsp/modules/support/include -I/home/franstein/.platformio/packages/framework-arduinoespressif32@src-537c58760dafe7fcc8a1d9bbcf00b6f6/tools/sdk/esp32s3/include/esp-dsp/modules/windows/include -I/home/franstein/.platformio/packages/framework-arduinoespressif32@src-537c58760dafe7fcc8a1d9bbcf00b6f6/tools/sdk/esp32s3/include/esp-dsp/modules/windows/hann/include -I/home/franstein/.platformio/packages/framework-arduinoespressif32@src-537c58760dafe7fcc8a1d9bbcf00b6f6/tools/sdk/esp32s3/include/esp-dsp/modules/windows/blackman/include -I/home/franstein/.platformio/packages/framework-arduinoespressif32@src-537c58760dafe7fcc8a1d9bbcf00b6f6/tools/sdk/esp32s3/include/esp-dsp/modules/windows/blackman_harris/include -I/home/franstein/.platformio/packages/framework-arduinoespressif32@src-537c58760dafe7fcc8a1d9bbcf00b6f6/tools/sdk/esp32s3/include/esp-dsp/modules/windows/blackman_nuttall/include -I/home/franstein/.platformio/packages/framework-arduinoespressif32@src-537c58760dafe7fcc8a1d9bbcf00b6f6/tools/sdk/esp32s3/include/esp-dsp/modules/windows/nuttall/include -I/home/franstein/.platformio/packages/framework-arduinoespressif32@src-537c58760dafe7fcc8a1d9bbcf00b6f6/tools/sdk/esp32s3/include/esp-dsp/modules/windows/flat_top/include -I/home/franstein/.platformio/packages/framework-arduinoespressif32@src-537c58760dafe7fcc8a1d9bbcf00b6f6/tools/sdk/esp32s3/include/esp-dsp/modules/iir/include -I/home/franstein/.platformio/packages/framework-arduinoespressif32@src-537c58760dafe7fcc8a1d9bbcf00b6f6/tools/sdk/esp32s3/include/esp-dsp/modules/fir/include -I/home/franstein/.platformio/packages/framework-arduinoespressif32@src-537c58760dafe7fcc8a1d9bbcf00b6f6/tools/sdk/esp32s3/include/esp-dsp/modules/math/include -I/home/franstein/.platformio/packages/framework-arduinoespressif32@src-537c58760dafe7fcc8a1d9bbcf00b6f6/tools/sdk/esp32s3/include/esp-dsp/modules/math/add/include -I/home/franstein/.platformio/packages/framework-arduinoespressif32@src-537c58760dafe7fcc8a1d9bbcf00b6f6/tools/sdk/esp32s3/include/esp-dsp/modules/math/sub/include -I/home/franstein/.platformio/packages/framework-arduinoespressif32@src-537c58760dafe7fcc8a1d9bbcf00b6f6/tools/sdk/esp32s3/include/esp-dsp/modules/math/mul/include -I/home/franstein/.platformio/packages/framework-arduinoespressif32@src-537c58760dafe7fcc8a1d9bbcf00b6f6/tools/sdk/esp32s3/include/esp-dsp/modules/math/addc/include -I/home/franstein/.platformio/packages/framework-arduinoespressif32@src-537c58760dafe7fcc8a1d9bbcf00b6f6/tools/sdk/esp32s3/include/esp-dsp/modules/math/mulc/include -I/home/franstein/.platformio/packages/framework-arduinoespressif32@src-537c58760dafe7fcc8a1d9bbcf00b6f6/tools/sdk/esp32s3/include/esp-dsp/modules/math/sqrt/include -I/home/franstein/.platformio/packages/framework-arduinoespressif32@src-537c58760dafe7fcc8a1d9bbcf00b6f6/tools/sdk/esp32s3/include/esp-dsp/modules/matrix/include -I/home/franstein/.platformio/packages/framework-arduinoespressif32@src-537c58760dafe7fcc8a1d9bbcf00b6f6/tools/sdk/esp32s3/include/esp-dsp/modules/fft/include -I/home/franstein/.platformio/packages/framework-arduinoespressif32@src-537c58760dafe7fcc8a1d9bbcf00b6f6/tools/sdk/esp32s3/include/esp-dsp/modules/dct/include -I/home/franstein/.platformio/packages/framework-arduinoespressif32@src-537c58760dafe7fcc8a1d9bbcf00b6f6/tools/sdk/esp32s3/include/esp-dsp/modules/conv/include -I/home/franstein/.platformio/packages/framework-arduinoespressif32@src-537c58760dafe7fcc8a1d9bbcf00b6f6/tools/sdk/esp32s3/include/esp-dsp/modules/common/include -I/home/franstein/.platformio/packages/framework-arduinoespressif32@src-537c58760dafe7fcc8a1d9bbcf00b6f6/tools/sdk/esp32s3/include/esp-dsp/modules/kalman/ekf/include -I/home/franstein/.platformio/packages/framework-arduinoespressif32@src-537c58760dafe7fcc8a1d9bbcf00b6f6/tools/sdk/esp32s3/include/esp-dsp/modules/kalman/ekf_imu13states/include -I/home/franstein/.platformio/packages/framework-arduinoespressif32@src-537c58760dafe7fcc8a1d9bbcf00b6f6/tools/sdk/esp32s3/include/freertos/include/freertos -I/home/franstein/.platformio/packages/framework-arduinoespressif32@src-537c58760dafe7fcc8a1d9bbcf00b6f6/tools/sdk/esp32s3/include/arduino_tinyusb/tinyusb/src -I/home/franstein/.platformio/packages/framework-arduinoespressif32@src-537c58760dafe7fcc8a1d9bbcf00b6f6/tools/sdk/esp32s3/include/arduino_tinyusb/include -I/home/franstein/.platformio/packages/framework-arduinoespressif32@src-537c58760dafe7fcc8a1d9bbcf00b6f6/tools/sdk/esp32s3/include/esp_littlefs/include -I/home/franstein/.platformio/packages/framework-arduinoespressif32@src-537c58760dafe7fcc8a1d9bbcf00b6f6/tools/sdk/esp32s3/include/esp-dl/include -I/home/franstein/.platformio/packages/framework-arduinoespressif32@src-537c58760dafe7fcc8a1d9bbcf00b6f6/tools/sdk/esp32s3/include/esp-dl/include/tool -I/home/franstein/.platformio/packages/framework-arduinoespressif32@src-537c58760dafe7fcc8a1d9bbcf00b6f6/tools/sdk/esp32s3/include/esp-dl/include/typedef -I/home/franstein/.platformio/packages/framework-arduinoespressif32@src-537c58760dafe7fcc8a1d9bbcf00b6f6/tools/sdk/esp32s3/include/esp-dl/include/image -I/home/franstein/.platformio/packages/framework-arduinoespressif32@src-537c58760dafe7fcc8a1d9bbcf00b6f6/tools/sdk/esp32s3/include/esp-dl/include/math -I/home/franstein/.platformio/packages/framework-arduinoespressif32@src-537c58760dafe7fcc8a1d9bbcf00b6f6/tools/sdk/esp32s3/include/esp-dl/include/nn -I/home/franstein/.platformio/packages/framework-arduinoespressif32@src-537c58760dafe7fcc8a1d9bbcf00b6f6/tools/sdk/esp32s3/include/esp-dl/include/layer -I/home/franstein/.platformio/packages/framework-arduinoespressif32@src-537c58760dafe7fcc8a1d9bbcf00b6f6/tools/sdk/esp32s3/include/esp-dl/include/detect -I/home/franstein/.platformio/packages/framework-arduinoespressif32@src-537c58760dafe7fcc8a1d9bbcf00b6f6/tools/sdk/esp32s3/include/esp-dl/include/model_zoo -I/home/franstein/.platformio/packages/framework-arduinoespressif32@src-537c58760dafe7fcc8a1d9bbcf00b6f6/tools/sdk/esp32s3/include/esp-sr/src/include -I/home/franstein/.platformio/packages/framework-arduinoespressif32@src-537c58760dafe7fcc8a1d9bbcf00b6f6/tools/sdk/esp32s3/include/esp-sr/esp-tts/esp_tts_chinese/include -I/home/franstein/.platformio/packages/framework-arduinoespressif32@src-537c58760dafe7fcc8a1d9bbcf00b6f6/tools/sdk/esp32s3/include/esp-sr/include/esp32s3 -I/home/franstein/.platformio/packages/framework-arduinoespressif32@src-537c58760dafe7fcc8a1d9bbcf00b6f6/tools/sdk/esp32s3/include/esp32-camera/driver/include -I/home/franstein/.platformio/packages/framework-arduinoespressif32@src-537c58760dafe7fcc8a1d9bbcf00b6f6/tools/sdk/esp32s3/include/esp32-camera/conversions/include -I/home/franstein/.platformio/packages/framework-arduinoespressif32@src-537c58760dafe7fcc8a1d9bbcf00b6f6/tools/sdk/esp32s3/include/fb_gfx/include -I/home/franstein/.platformio/packages/framework-arduinoespressif32@src-537c58760dafe7fcc8a1d9bbcf00b6f6/tools/sdk/esp32s3/qio_opi/include -I/home/franstein/.platformio/packages/framework-arduinoespressif32@src-537c58760dafe7fcc8a1d9bbcf00b6f6/cores/esp32 -I/home/franstein/.platformio/packages/framework-arduinoespressif32@src-537c58760dafe7fcc8a1d9bbcf00b6f6/variants/esp32s3 /home/franstein/.platformio/packages/framework-arduinoespressif32@src-537c58760dafe7fcc8a1d9bbcf00b6f6/cores/esp32/FirmwareMSC.cpp
xtensa-esp32s3-elf-g++ -o .pio/build/esp32/FrameworkArduino/FunctionalInterrupt.cpp.o -c -std=gnu++11 -fexceptions -fno-rtti -Os -mlongcalls -ffunction-sections -fdata-sections -Wno-error=unused-function -Wno-error=unused-variable -Wno-error=deprecated-declarations -Wno-unused-parameter -Wno-sign-compare -ggdb -freorder-blocks -Wwrite-strings -fstack-protector -fstrict-volatile-bitfields -Wno-error=unused-but-set-variable -fno-jump-tables -fno-tree-switch-conversion -MMD -DPLATFORMIO=60107 -DBOARD_HAS_PSRAM -DARDUINO_USB_MODE=1 -DARDUINO_USB_CDC_ON_BOOT=1 -DHAVE_CONFIG_H -DMBEDTLS_CONFIG_FILE=\"mbedtls/esp_config.h\" -DUNITY_INCLUDE_CONFIG_H -DWITH_POSIX -D_GNU_SOURCE -DIDF_VER=\"v4.4.3\" -DESP_PLATFORM -D_POSIX_READER_WRITER_LOCKS -DARDUINO_ARCH_ESP32 -DESP32 -DF_CPU=240000000L -DARDUINO=10812 -DARDUINO_VARIANT=\"esp32s3\" "-DARDUINO_BOARD=\"LILYGO T3-S3\"" -DARDUINO_PARTITION_default -I/home/franstein/.platformio/packages/framework-arduinoespressif32@src-537c58760dafe7fcc8a1d9bbcf00b6f6/tools/sdk/esp32s3/include/newlib/platform_include -I/home/franstein/.platformio/packages/framework-arduinoespressif32@src-537c58760dafe7fcc8a1d9bbcf00b6f6/tools/sdk/esp32s3/include/freertos/include -I/home/franstein/.platformio/packages/framework-arduinoespressif32@src-537c58760dafe7fcc8a1d9bbcf00b6f6/tools/sdk/esp32s3/include/freertos/include/esp_additions/freertos -I/home/franstein/.platformio/packages/framework-arduinoespressif32@src-537c58760dafe7fcc8a1d9bbcf00b6f6/tools/sdk/esp32s3/include/freertos/port/xtensa/include -I/home/franstein/.platformio/packages/framework-arduinoespressif32@src-537c58760dafe7fcc8a1d9bbcf00b6f6/tools/sdk/esp32s3/include/freertos/include/esp_additions -I/home/franstein/.platformio/packages/framework-arduinoespressif32@src-537c58760dafe7fcc8a1d9bbcf00b6f6/tools/sdk/esp32s3/include/esp_hw_support/include -I/home/franstein/.platformio/packages/framework-arduinoespressif32@src-537c58760dafe7fcc8a1d9bbcf00b6f6/tools/sdk/esp32s3/include/esp_hw_support/include/soc -I/home/franstein/.platformio/packages/framework-arduinoespressif32@src-537c58760dafe7fcc8a1d9bbcf00b6f6/tools/sdk/esp32s3/include/esp_hw_support/include/soc/esp32s3 -I/home/franstein/.platformio/packages/framework-arduinoespressif32@src-537c58760dafe7fcc8a1d9bbcf00b6f6/tools/sdk/esp32s3/include/esp_hw_support/port/esp32s3 -I/home/franstein/.platformio/packages/framework-arduinoespressif32@src-537c58760dafe7fcc8a1d9bbcf00b6f6/tools/sdk/esp32s3/include/esp_hw_support/port/esp32s3/private_include -I/home/franstein/.platformio/packages/framework-arduinoespressif32@src-537c58760dafe7fcc8a1d9bbcf00b6f6/tools/sdk/esp32s3/include/heap/include -I/home/franstein/.platformio/packages/framework-arduinoespressif32@src-537c58760dafe7fcc8a1d9bbcf00b6f6/tools/sdk/esp32s3/include/log/include -I/home/franstein/.platformio/packages/framework-arduinoespressif32@src-537c58760dafe7fcc8a1d9bbcf00b6f6/tools/sdk/esp32s3/include/lwip/include/apps -I/home/franstein/.platformio/packages/framework-arduinoespressif32@src-537c58760dafe7fcc8a1d9bbcf00b6f6/tools/sdk/esp32s3/include/lwip/include/apps/sntp -I/home/franstein/.platformio/packages/framework-arduinoespressif32@src-537c58760dafe7fcc8a1d9bbcf00b6f6/tools/sdk/esp32s3/include/lwip/lwip/src/include -I/home/franstein/.platformio/packages/framework-arduinoespressif32@src-537c58760dafe7fcc8a1d9bbcf00b6f6/tools/sdk/esp32s3/include/lwip/port/esp32/include -I/home/franstein/.platformio/packages/framework-arduinoespressif32@src-537c58760dafe7fcc8a1d9bbcf00b6f6/tools/sdk/esp32s3/include/lwip/port/esp32/include/arch -I/home/franstein/.platformio/packages/framework-arduinoespressif32@src-537c58760dafe7fcc8a1d9bbcf00b6f6/tools/sdk/esp32s3/include/soc/include -I/home/franstein/.platformio/packages/framework-arduinoespressif32@src-537c58760dafe7fcc8a1d9bbcf00b6f6/tools/sdk/esp32s3/include/soc/esp32s3 -I/home/franstein/.platformio/packages/framework-arduinoespressif32@src-537c58760dafe7fcc8a1d9bbcf00b6f6/tools/sdk/esp32s3/include/soc/esp32s3/include -I/home/franstein/.platformio/packages/framework-arduinoespressif32@src-537c58760dafe7fcc8a1d9bbcf00b6f6/tools/sdk/esp32s3/include/hal/esp32s3/include -I/home/franstein/.platformio/packages/framework-arduinoespressif32@src-537c58760dafe7fcc8a1d9bbcf00b6f6/tools/sdk/esp32s3/include/hal/include -I/home/franstein/.platformio/packages/framework-arduinoespressif32@src-537c58760dafe7fcc8a1d9bbcf00b6f6/tools/sdk/esp32s3/include/hal/platform_port/include -I/home/franstein/.platformio/packages/framework-arduinoespressif32@src-537c58760dafe7fcc8a1d9bbcf00b6f6/tools/sdk/esp32s3/include/esp_rom/include -I/home/franstein/.platformio/packages/framework-arduinoespressif32@src-537c58760dafe7fcc8a1d9bbcf00b6f6/tools/sdk/esp32s3/include/esp_rom/include/esp32s3 -I/home/franstein/.platformio/packages/framework-arduinoespressif32@src-537c58760dafe7fcc8a1d9bbcf00b6f6/tools/sdk/esp32s3/include/esp_rom/esp32s3 -I/home/franstein/.platformio/packages/framework-arduinoespressif32@src-537c58760dafe7fcc8a1d9bbcf00b6f6/tools/sdk/esp32s3/include/esp_common/include -I/home/franstein/.platformio/packages/framework-arduinoespressif32@src-537c58760dafe7fcc8a1d9bbcf00b6f6/tools/sdk/esp32s3/include/esp_system/include -I/home/franstein/.platformio/packages/framework-arduinoespressif32@src-537c58760dafe7fcc8a1d9bbcf00b6f6/tools/sdk/esp32s3/include/esp_system/port/soc -I/home/franstein/.platformio/packages/framework-arduinoespressif32@src-537c58760dafe7fcc8a1d9bbcf00b6f6/tools/sdk/esp32s3/include/esp_system/port/public_compat -I/home/franstein/.platformio/packages/framework-arduinoespressif32@src-537c58760dafe7fcc8a1d9bbcf00b6f6/tools/sdk/esp32s3/include/xtensa/include -I/home/franstein/.platformio/packages/framework-arduinoespressif32@src-537c58760dafe7fcc8a1d9bbcf00b6f6/tools/sdk/esp32s3/include/xtensa/esp32s3/include -I/home/franstein/.platformio/packages/framework-arduinoespressif32@src-537c58760dafe7fcc8a1d9bbcf00b6f6/tools/sdk/esp32s3/include/driver/include -I/home/franstein/.platformio/packages/framework-arduinoespressif32@src-537c58760dafe7fcc8a1d9bbcf00b6f6/tools/sdk/esp32s3/include/driver/esp32s3/include -I/home/franstein/.platformio/packages/framework-arduinoespressif32@src-537c58760dafe7fcc8a1d9bbcf00b6f6/tools/sdk/esp32s3/include/esp_pm/include -I/home/franstein/.platformio/packages/framework-arduinoespressif32@src-537c58760dafe7fcc8a1d9bbcf00b6f6/tools/sdk/esp32s3/include/esp_ringbuf/include -I/home/franstein/.platformio/packages/framework-arduinoespressif32@src-537c58760dafe7fcc8a1d9bbcf00b6f6/tools/sdk/esp32s3/include/efuse/include -I/home/franstein/.platformio/packages/framework-arduinoespressif32@src-537c58760dafe7fcc8a1d9bbcf00b6f6/tools/sdk/esp32s3/include/efuse/esp32s3/include -I/home/franstein/.platformio/packages/framework-arduinoespressif32@src-537c58760dafe7fcc8a1d9bbcf00b6f6/tools/sdk/esp32s3/include/vfs/include -I/home/franstein/.platformio/packages/framework-arduinoespressif32@src-537c58760dafe7fcc8a1d9bbcf00b6f6/tools/sdk/esp32s3/include/esp_wifi/include -I/home/franstein/.platformio/packages/framework-arduinoespressif32@src-537c58760dafe7fcc8a1d9bbcf00b6f6/tools/sdk/esp32s3/include/esp_event/include -I/home/franstein/.platformio/packages/framework-arduinoespressif32@src-537c58760dafe7fcc8a1d9bbcf00b6f6/tools/sdk/esp32s3/include/esp_netif/include -I/home/franstein/.platformio/packages/framework-arduinoespressif32@src-537c58760dafe7fcc8a1d9bbcf00b6f6/tools/sdk/esp32s3/include/esp_eth/include -I/home/franstein/.platformio/packages/framework-arduinoespressif32@src-537c58760dafe7fcc8a1d9bbcf00b6f6/tools/sdk/esp32s3/include/tcpip_adapter/include -I/home/franstein/.platformio/packages/framework-arduinoespressif32@src-537c58760dafe7fcc8a1d9bbcf00b6f6/tools/sdk/esp32s3/include/esp_phy/include -I/home/franstein/.platformio/packages/framework-arduinoespressif32@src-537c58760dafe7fcc8a1d9bbcf00b6f6/tools/sdk/esp32s3/include/esp_phy/esp32s3/include -I/home/franstein/.platformio/packages/framework-arduinoespressif32@src-537c58760dafe7fcc8a1d9bbcf00b6f6/tools/sdk/esp32s3/include/esp_ipc/include -I/home/franstein/.platformio/packages/framework-arduinoespressif32@src-537c58760dafe7fcc8a1d9bbcf00b6f6/tools/sdk/esp32s3/include/app_trace/include -I/home/franstein/.platformio/packages/framework-arduinoespressif32@src-537c58760dafe7fcc8a1d9bbcf00b6f6/tools/sdk/esp32s3/include/esp_timer/include -I/home/franstein/.platformio/packages/framework-arduinoespressif32@src-537c58760dafe7fcc8a1d9bbcf00b6f6/tools/sdk/esp32s3/include/mbedtls/port/include -I/home/franstein/.platformio/packages/framework-arduinoespressif32@src-537c58760dafe7fcc8a1d9bbcf00b6f6/tools/sdk/esp32s3/include/mbedtls/mbedtls/include -I/home/franstein/.platformio/packages/framework-arduinoespressif32@src-537c58760dafe7fcc8a1d9bbcf00b6f6/tools/sdk/esp32s3/include/mbedtls/esp_crt_bundle/include -I/home/franstein/.platformio/packages/framework-arduinoespressif32@src-537c58760dafe7fcc8a1d9bbcf00b6f6/tools/sdk/esp32s3/include/app_update/include -I/home/franstein/.platformio/packages/framework-arduinoespressif32@src-537c58760dafe7fcc8a1d9bbcf00b6f6/tools/sdk/esp32s3/include/spi_flash/include -I/home/franstein/.platformio/packages/framework-arduinoespressif32@src-537c58760dafe7fcc8a1d9bbcf00b6f6/tools/sdk/esp32s3/include/bootloader_support/include -I/home/franstein/.platformio/packages/framework-arduinoespressif32@src-537c58760dafe7fcc8a1d9bbcf00b6f6/tools/sdk/esp32s3/include/nvs_flash/include -I/home/franstein/.platformio/packages/framework-arduinoespressif32@src-537c58760dafe7fcc8a1d9bbcf00b6f6/tools/sdk/esp32s3/include/pthread/include -I/home/franstein/.platformio/packages/framework-arduinoespressif32@src-537c58760dafe7fcc8a1d9bbcf00b6f6/tools/sdk/esp32s3/include/esp_gdbstub/include -I/home/franstein/.platformio/packages/framework-arduinoespressif32@src-537c58760dafe7fcc8a1d9bbcf00b6f6/tools/sdk/esp32s3/include/esp_gdbstub/xtensa -I/home/franstein/.platformio/packages/framework-arduinoespressif32@src-537c58760dafe7fcc8a1d9bbcf00b6f6/tools/sdk/esp32s3/include/esp_gdbstub/esp32s3 -I/home/franstein/.platformio/packages/framework-arduinoespressif32@src-537c58760dafe7fcc8a1d9bbcf00b6f6/tools/sdk/esp32s3/include/espcoredump/include -I/home/franstein/.platformio/packages/framework-arduinoespressif32@src-537c58760dafe7fcc8a1d9bbcf00b6f6/tools/sdk/esp32s3/include/espcoredump/include/port/xtensa -I/home/franstein/.platformio/packages/framework-arduinoespressif32@src-537c58760dafe7fcc8a1d9bbcf00b6f6/tools/sdk/esp32s3/include/wpa_supplicant/include -I/home/franstein/.platformio/packages/framework-arduinoespressif32@src-537c58760dafe7fcc8a1d9bbcf00b6f6/tools/sdk/esp32s3/include/wpa_supplicant/port/include -I/home/franstein/.platformio/packages/framework-arduinoespressif32@src-537c58760dafe7fcc8a1d9bbcf00b6f6/tools/sdk/esp32s3/include/wpa_supplicant/esp_supplicant/include -I/home/franstein/.platformio/packages/framework-arduinoespressif32@src-537c58760dafe7fcc8a1d9bbcf00b6f6/tools/sdk/esp32s3/include/ieee802154/include -I/home/franstein/.platformio/packages/framework-arduinoespressif32@src-537c58760dafe7fcc8a1d9bbcf00b6f6/tools/sdk/esp32s3/include/console -I/home/franstein/.platformio/packages/framework-arduinoespressif32@src-537c58760dafe7fcc8a1d9bbcf00b6f6/tools/sdk/esp32s3/include/asio/asio/asio/include -I/home/franstein/.platformio/packages/framework-arduinoespressif32@src-537c58760dafe7fcc8a1d9bbcf00b6f6/tools/sdk/esp32s3/include/asio/port/include -I/home/franstein/.platformio/packages/framework-arduinoespressif32@src-537c58760dafe7fcc8a1d9bbcf00b6f6/tools/sdk/esp32s3/include/bt/common/osi/include -I/home/franstein/.platformio/packages/framework-arduinoespressif32@src-537c58760dafe7fcc8a1d9bbcf00b6f6/tools/sdk/esp32s3/include/bt/include/esp32s3/include -I/home/franstein/.platformio/packages/framework-arduinoespressif32@src-537c58760dafe7fcc8a1d9bbcf00b6f6/tools/sdk/esp32s3/include/bt/common/api/include/api -I/home/franstein/.platformio/packages/framework-arduinoespressif32@src-537c58760dafe7fcc8a1d9bbcf00b6f6/tools/sdk/esp32s3/include/bt/common/btc/profile/esp/blufi/include -I/home/franstein/.platformio/packages/framework-arduinoespressif32@src-537c58760dafe7fcc8a1d9bbcf00b6f6/tools/sdk/esp32s3/include/bt/common/btc/profile/esp/include -I/home/franstein/.platformio/packages/framework-arduinoespressif32@src-537c58760dafe7fcc8a1d9bbcf00b6f6/tools/sdk/esp32s3/include/bt/host/bluedroid/api/include/api -I/home/franstein/.platformio/packages/framework-arduinoespressif32@src-537c58760dafe7fcc8a1d9bbcf00b6f6/tools/sdk/esp32s3/include/bt/esp_ble_mesh/mesh_common/include -I/home/franstein/.platformio/packages/framework-arduinoespressif32@src-537c58760dafe7fcc8a1d9bbcf00b6f6/tools/sdk/esp32s3/include/bt/esp_ble_mesh/mesh_common/tinycrypt/include -I/home/franstein/.platformio/packages/framework-arduinoespressif32@src-537c58760dafe7fcc8a1d9bbcf00b6f6/tools/sdk/esp32s3/include/bt/esp_ble_mesh/mesh_core -I/home/franstein/.platformio/packages/framework-arduinoespressif32@src-537c58760dafe7fcc8a1d9bbcf00b6f6/tools/sdk/esp32s3/include/bt/esp_ble_mesh/mesh_core/include -I/home/franstein/.platformio/packages/framework-arduinoespressif32@src-537c58760dafe7fcc8a1d9bbcf00b6f6/tools/sdk/esp32s3/include/bt/esp_ble_mesh/mesh_core/storage -I/home/franstein/.platformio/packages/framework-arduinoespressif32@src-537c58760dafe7fcc8a1d9bbcf00b6f6/tools/sdk/esp32s3/include/bt/esp_ble_mesh/btc/include -I/home/franstein/.platformio/packages/framework-arduinoespressif32@src-537c58760dafe7fcc8a1d9bbcf00b6f6/tools/sdk/esp32s3/include/bt/esp_ble_mesh/mesh_models/common/include -I/home/franstein/.platformio/packages/framework-arduinoespressif32@src-537c58760dafe7fcc8a1d9bbcf00b6f6/tools/sdk/esp32s3/include/bt/esp_ble_mesh/mesh_models/client/include -I/home/franstein/.platformio/packages/framework-arduinoespressif32@src-537c58760dafe7fcc8a1d9bbcf00b6f6/tools/sdk/esp32s3/include/bt/esp_ble_mesh/mesh_models/server/include -I/home/franstein/.platformio/packages/framework-arduinoespressif32@src-537c58760dafe7fcc8a1d9bbcf00b6f6/tools/sdk/esp32s3/include/bt/esp_ble_mesh/api/core/include -I/home/franstein/.platformio/packages/framework-arduinoespressif32@src-537c58760dafe7fcc8a1d9bbcf00b6f6/tools/sdk/esp32s3/include/bt/esp_ble_mesh/api/models/include -I/home/franstein/.platformio/packages/framework-arduinoespressif32@src-537c58760dafe7fcc8a1d9bbcf00b6f6/tools/sdk/esp32s3/include/bt/esp_ble_mesh/api -I/home/franstein/.platformio/packages/framework-arduinoespressif32@src-537c58760dafe7fcc8a1d9bbcf00b6f6/tools/sdk/esp32s3/include/cbor/port/include -I/home/franstein/.platformio/packages/framework-arduinoespressif32@src-537c58760dafe7fcc8a1d9bbcf00b6f6/tools/sdk/esp32s3/include/unity/include -I/home/franstein/.platformio/packages/framework-arduinoespressif32@src-537c58760dafe7fcc8a1d9bbcf00b6f6/tools/sdk/esp32s3/include/unity/unity/src -I/home/franstein/.platformio/packages/framework-arduinoespressif32@src-537c58760dafe7fcc8a1d9bbcf00b6f6/tools/sdk/esp32s3/include/cmock/CMock/src -I/home/franstein/.platformio/packages/framework-arduinoespressif32@src-537c58760dafe7fcc8a1d9bbcf00b6f6/tools/sdk/esp32s3/include/coap/port/include -I/home/franstein/.platformio/packages/framework-arduinoespressif32@src-537c58760dafe7fcc8a1d9bbcf00b6f6/tools/sdk/esp32s3/include/coap/libcoap/include -I/home/franstein/.platformio/packages/framework-arduinoespressif32@src-537c58760dafe7fcc8a1d9bbcf00b6f6/tools/sdk/esp32s3/include/nghttp/port/include -I/home/franstein/.platformio/packages/framework-arduinoespressif32@src-537c58760dafe7fcc8a1d9bbcf00b6f6/tools/sdk/esp32s3/include/nghttp/nghttp2/lib/includes -I/home/franstein/.platformio/packages/framework-arduinoespressif32@src-537c58760dafe7fcc8a1d9bbcf00b6f6/tools/sdk/esp32s3/include/esp-tls -I/home/franstein/.platformio/packages/framework-arduinoespressif32@src-537c58760dafe7fcc8a1d9bbcf00b6f6/tools/sdk/esp32s3/include/esp-tls/esp-tls-crypto -I/home/franstein/.platformio/packages/framework-arduinoespressif32@src-537c58760dafe7fcc8a1d9bbcf00b6f6/tools/sdk/esp32s3/include/esp_adc_cal/include -I/home/franstein/.platformio/packages/framework-arduinoespressif32@src-537c58760dafe7fcc8a1d9bbcf00b6f6/tools/sdk/esp32s3/include/esp_hid/include -I/home/franstein/.platformio/packages/framework-arduinoespressif32@src-537c58760dafe7fcc8a1d9bbcf00b6f6/tools/sdk/esp32s3/include/tcp_transport/include -I/home/franstein/.platformio/packages/framework-arduinoespressif32@src-537c58760dafe7fcc8a1d9bbcf00b6f6/tools/sdk/esp32s3/include/esp_http_client/include -I/home/franstein/.platformio/packages/framework-arduinoespressif32@src-537c58760dafe7fcc8a1d9bbcf00b6f6/tools/sdk/esp32s3/include/esp_http_server/include -I/home/franstein/.platformio/packages/framework-arduinoespressif32@src-537c58760dafe7fcc8a1d9bbcf00b6f6/tools/sdk/esp32s3/include/esp_https_ota/include -I/home/franstein/.platformio/packages/framework-arduinoespressif32@src-537c58760dafe7fcc8a1d9bbcf00b6f6/tools/sdk/esp32s3/include/esp_https_server/include -I/home/franstein/.platformio/packages/framework-arduinoespressif32@src-537c58760dafe7fcc8a1d9bbcf00b6f6/tools/sdk/esp32s3/include/esp_lcd/include -I/home/franstein/.platformio/packages/framework-arduinoespressif32@src-537c58760dafe7fcc8a1d9bbcf00b6f6/tools/sdk/esp32s3/include/esp_lcd/interface -I/home/franstein/.platformio/packages/framework-arduinoespressif32@src-537c58760dafe7fcc8a1d9bbcf00b6f6/tools/sdk/esp32s3/include/protobuf-c/protobuf-c -I/home/franstein/.platformio/packages/framework-arduinoespressif32@src-537c58760dafe7fcc8a1d9bbcf00b6f6/tools/sdk/esp32s3/include/protocomm/include/common -I/home/franstein/.platformio/packages/framework-arduinoespressif32@src-537c58760dafe7fcc8a1d9bbcf00b6f6/tools/sdk/esp32s3/include/protocomm/include/security -I/home/franstein/.platformio/packages/framework-arduinoespressif32@src-537c58760dafe7fcc8a1d9bbcf00b6f6/tools/sdk/esp32s3/include/protocomm/include/transports -I/home/franstein/.platformio/packages/framework-arduinoespressif32@src-537c58760dafe7fcc8a1d9bbcf00b6f6/tools/sdk/esp32s3/include/mdns/include -I/home/franstein/.platformio/packages/framework-arduinoespressif32@src-537c58760dafe7fcc8a1d9bbcf00b6f6/tools/sdk/esp32s3/include/esp_local_ctrl/include -I/home/franstein/.platformio/packages/framework-arduinoespressif32@src-537c58760dafe7fcc8a1d9bbcf00b6f6/tools/sdk/esp32s3/include/sdmmc/include -I/home/franstein/.platformio/packages/framework-arduinoespressif32@src-537c58760dafe7fcc8a1d9bbcf00b6f6/tools/sdk/esp32s3/include/esp_serial_slave_link/include -I/home/franstein/.platformio/packages/framework-arduinoespressif32@src-537c58760dafe7fcc8a1d9bbcf00b6f6/tools/sdk/esp32s3/include/esp_websocket_client/include -I/home/franstein/.platformio/packages/framework-arduinoespressif32@src-537c58760dafe7fcc8a1d9bbcf00b6f6/tools/sdk/esp32s3/include/expat/expat/expat/lib -I/home/franstein/.platformio/packages/framework-arduinoespressif32@src-537c58760dafe7fcc8a1d9bbcf00b6f6/tools/sdk/esp32s3/include/expat/port/include -I/home/franstein/.platformio/packages/framework-arduinoespressif32@src-537c58760dafe7fcc8a1d9bbcf00b6f6/tools/sdk/esp32s3/include/wear_levelling/include -I/home/franstein/.platformio/packages/framework-arduinoespressif32@src-537c58760dafe7fcc8a1d9bbcf00b6f6/tools/sdk/esp32s3/include/fatfs/diskio -I/home/franstein/.platformio/packages/framework-arduinoespressif32@src-537c58760dafe7fcc8a1d9bbcf00b6f6/tools/sdk/esp32s3/include/fatfs/vfs -I/home/franstein/.platformio/packages/framework-arduinoespressif32@src-537c58760dafe7fcc8a1d9bbcf00b6f6/tools/sdk/esp32s3/include/fatfs/src -I/home/franstein/.platformio/packages/framework-arduinoespressif32@src-537c58760dafe7fcc8a1d9bbcf00b6f6/tools/sdk/esp32s3/include/freemodbus/common/include -I/home/franstein/.platformio/packages/framework-arduinoespressif32@src-537c58760dafe7fcc8a1d9bbcf00b6f6/tools/sdk/esp32s3/include/idf_test/include -I/home/franstein/.platformio/packages/framework-arduinoespressif32@src-537c58760dafe7fcc8a1d9bbcf00b6f6/tools/sdk/esp32s3/include/idf_test/include/esp32s3 -I/home/franstein/.platformio/packages/framework-arduinoespressif32@src-537c58760dafe7fcc8a1d9bbcf00b6f6/tools/sdk/esp32s3/include/jsmn/include -I/home/franstein/.platformio/packages/framework-arduinoespressif32@src-537c58760dafe7fcc8a1d9bbcf00b6f6/tools/sdk/esp32s3/include/json/cJSON -I/home/franstein/.platformio/packages/framework-arduinoespressif32@src-537c58760dafe7fcc8a1d9bbcf00b6f6/tools/sdk/esp32s3/include/libsodium/libsodium/src/libsodium/include -I/home/franstein/.platformio/packages/framework-arduinoespressif32@src-537c58760dafe7fcc8a1d9bbcf00b6f6/tools/sdk/esp32s3/include/libsodium/port_include -I/home/franstein/.platformio/packages/framework-arduinoespressif32@src-537c58760dafe7fcc8a1d9bbcf00b6f6/tools/sdk/esp32s3/include/mqtt/esp-mqtt/include -I/home/franstein/.platformio/packages/framework-arduinoespressif32@src-537c58760dafe7fcc8a1d9bbcf00b6f6/tools/sdk/esp32s3/include/openssl/include -I/home/franstein/.platformio/packages/framework-arduinoespressif32@src-537c58760dafe7fcc8a1d9bbcf00b6f6/tools/sdk/esp32s3/include/perfmon/include -I/home/franstein/.platformio/packages/framework-arduinoespressif32@src-537c58760dafe7fcc8a1d9bbcf00b6f6/tools/sdk/esp32s3/include/spiffs/include -I/home/franstein/.platformio/packages/framework-arduinoespressif32@src-537c58760dafe7fcc8a1d9bbcf00b6f6/tools/sdk/esp32s3/include/usb/include -I/home/franstein/.platformio/packages/framework-arduinoespressif32@src-537c58760dafe7fcc8a1d9bbcf00b6f6/tools/sdk/esp32s3/include/ulp/include -I/home/franstein/.platformio/packages/framework-arduinoespressif32@src-537c58760dafe7fcc8a1d9bbcf00b6f6/tools/sdk/esp32s3/include/wifi_provisioning/include -I/home/franstein/.platformio/packages/framework-arduinoespressif32@src-537c58760dafe7fcc8a1d9bbcf00b6f6/tools/sdk/esp32s3/include/rmaker_common/include -I/home/franstein/.platformio/packages/framework-arduinoespressif32@src-537c58760dafe7fcc8a1d9bbcf00b6f6/tools/sdk/esp32s3/include/json_parser/upstream/include -I/home/franstein/.platformio/packages/framework-arduinoespressif32@src-537c58760dafe7fcc8a1d9bbcf00b6f6/tools/sdk/esp32s3/include/json_parser/upstream -I/home/franstein/.platformio/packages/framework-arduinoespressif32@src-537c58760dafe7fcc8a1d9bbcf00b6f6/tools/sdk/esp32s3/include/json_generator/upstream -I/home/franstein/.platformio/packages/framework-arduinoespressif32@src-537c58760dafe7fcc8a1d9bbcf00b6f6/tools/sdk/esp32s3/include/esp_schedule/include -I/home/franstein/.platformio/packages/framework-arduinoespressif32@src-537c58760dafe7fcc8a1d9bbcf00b6f6/tools/sdk/esp32s3/include/esp_rainmaker/include -I/home/franstein/.platformio/packages/framework-arduinoespressif32@src-537c58760dafe7fcc8a1d9bbcf00b6f6/tools/sdk/esp32s3/include/gpio_button/button/include -I/home/franstein/.platformio/packages/framework-arduinoespressif32@src-537c58760dafe7fcc8a1d9bbcf00b6f6/tools/sdk/esp32s3/include/qrcode/include -I/home/franstein/.platformio/packages/framework-arduinoespressif32@src-537c58760dafe7fcc8a1d9bbcf00b6f6/tools/sdk/esp32s3/include/ws2812_led -I/home/franstein/.platformio/packages/framework-arduinoespressif32@src-537c58760dafe7fcc8a1d9bbcf00b6f6/tools/sdk/esp32s3/include/esp_diagnostics/include -I/home/franstein/.platformio/packages/framework-arduinoespressif32@src-537c58760dafe7fcc8a1d9bbcf00b6f6/tools/sdk/esp32s3/include/rtc_store/include -I/home/franstein/.platformio/packages/framework-arduinoespressif32@src-537c58760dafe7fcc8a1d9bbcf00b6f6/tools/sdk/esp32s3/include/esp_insights/include -I/home/franstein/.platformio/packages/framework-arduinoespressif32@src-537c58760dafe7fcc8a1d9bbcf00b6f6/tools/sdk/esp32s3/include/esp-dsp/modules/dotprod/include -I/home/franstein/.platformio/packages/framework-arduinoespressif32@src-537c58760dafe7fcc8a1d9bbcf00b6f6/tools/sdk/esp32s3/include/esp-dsp/modules/support/include -I/home/franstein/.platformio/packages/framework-arduinoespressif32@src-537c58760dafe7fcc8a1d9bbcf00b6f6/tools/sdk/esp32s3/include/esp-dsp/modules/windows/include -I/home/franstein/.platformio/packages/framework-arduinoespressif32@src-537c58760dafe7fcc8a1d9bbcf00b6f6/tools/sdk/esp32s3/include/esp-dsp/modules/windows/hann/include -I/home/franstein/.platformio/packages/framework-arduinoespressif32@src-537c58760dafe7fcc8a1d9bbcf00b6f6/tools/sdk/esp32s3/include/esp-dsp/modules/windows/blackman/include -I/home/franstein/.platformio/packages/framework-arduinoespressif32@src-537c58760dafe7fcc8a1d9bbcf00b6f6/tools/sdk/esp32s3/include/esp-dsp/modules/windows/blackman_harris/include -I/home/franstein/.platformio/packages/framework-arduinoespressif32@src-537c58760dafe7fcc8a1d9bbcf00b6f6/tools/sdk/esp32s3/include/esp-dsp/modules/windows/blackman_nuttall/include -I/home/franstein/.platformio/packages/framework-arduinoespressif32@src-537c58760dafe7fcc8a1d9bbcf00b6f6/tools/sdk/esp32s3/include/esp-dsp/modules/windows/nuttall/include -I/home/franstein/.platformio/packages/framework-arduinoespressif32@src-537c58760dafe7fcc8a1d9bbcf00b6f6/tools/sdk/esp32s3/include/esp-dsp/modules/windows/flat_top/include -I/home/franstein/.platformio/packages/framework-arduinoespressif32@src-537c58760dafe7fcc8a1d9bbcf00b6f6/tools/sdk/esp32s3/include/esp-dsp/modules/iir/include -I/home/franstein/.platformio/packages/framework-arduinoespressif32@src-537c58760dafe7fcc8a1d9bbcf00b6f6/tools/sdk/esp32s3/include/esp-dsp/modules/fir/include -I/home/franstein/.platformio/packages/framework-arduinoespressif32@src-537c58760dafe7fcc8a1d9bbcf00b6f6/tools/sdk/esp32s3/include/esp-dsp/modules/math/include -I/home/franstein/.platformio/packages/framework-arduinoespressif32@src-537c58760dafe7fcc8a1d9bbcf00b6f6/tools/sdk/esp32s3/include/esp-dsp/modules/math/add/include -I/home/franstein/.platformio/packages/framework-arduinoespressif32@src-537c58760dafe7fcc8a1d9bbcf00b6f6/tools/sdk/esp32s3/include/esp-dsp/modules/math/sub/include -I/home/franstein/.platformio/packages/framework-arduinoespressif32@src-537c58760dafe7fcc8a1d9bbcf00b6f6/tools/sdk/esp32s3/include/esp-dsp/modules/math/mul/include -I/home/franstein/.platformio/packages/framework-arduinoespressif32@src-537c58760dafe7fcc8a1d9bbcf00b6f6/tools/sdk/esp32s3/include/esp-dsp/modules/math/addc/include -I/home/franstein/.platformio/packages/framework-arduinoespressif32@src-537c58760dafe7fcc8a1d9bbcf00b6f6/tools/sdk/esp32s3/include/esp-dsp/modules/math/mulc/include -I/home/franstein/.platformio/packages/framework-arduinoespressif32@src-537c58760dafe7fcc8a1d9bbcf00b6f6/tools/sdk/esp32s3/include/esp-dsp/modules/math/sqrt/include -I/home/franstein/.platformio/packages/framework-arduinoespressif32@src-537c58760dafe7fcc8a1d9bbcf00b6f6/tools/sdk/esp32s3/include/esp-dsp/modules/matrix/include -I/home/franstein/.platformio/packages/framework-arduinoespressif32@src-537c58760dafe7fcc8a1d9bbcf00b6f6/tools/sdk/esp32s3/include/esp-dsp/modules/fft/include -I/home/franstein/.platformio/packages/framework-arduinoespressif32@src-537c58760dafe7fcc8a1d9bbcf00b6f6/tools/sdk/esp32s3/include/esp-dsp/modules/dct/include -I/home/franstein/.platformio/packages/framework-arduinoespressif32@src-537c58760dafe7fcc8a1d9bbcf00b6f6/tools/sdk/esp32s3/include/esp-dsp/modules/conv/include -I/home/franstein/.platformio/packages/framework-arduinoespressif32@src-537c58760dafe7fcc8a1d9bbcf00b6f6/tools/sdk/esp32s3/include/esp-dsp/modules/common/include -I/home/franstein/.platformio/packages/framework-arduinoespressif32@src-537c58760dafe7fcc8a1d9bbcf00b6f6/tools/sdk/esp32s3/include/esp-dsp/modules/kalman/ekf/include -I/home/franstein/.platformio/packages/framework-arduinoespressif32@src-537c58760dafe7fcc8a1d9bbcf00b6f6/tools/sdk/esp32s3/include/esp-dsp/modules/kalman/ekf_imu13states/include -I/home/franstein/.platformio/packages/framework-arduinoespressif32@src-537c58760dafe7fcc8a1d9bbcf00b6f6/tools/sdk/esp32s3/include/freertos/include/freertos -I/home/franstein/.platformio/packages/framework-arduinoespressif32@src-537c58760dafe7fcc8a1d9bbcf00b6f6/tools/sdk/esp32s3/include/arduino_tinyusb/tinyusb/src -I/home/franstein/.platformio/packages/framework-arduinoespressif32@src-537c58760dafe7fcc8a1d9bbcf00b6f6/tools/sdk/esp32s3/include/arduino_tinyusb/include -I/home/franstein/.platformio/packages/framework-arduinoespressif32@src-537c58760dafe7fcc8a1d9bbcf00b6f6/tools/sdk/esp32s3/include/esp_littlefs/include -I/home/franstein/.platformio/packages/framework-arduinoespressif32@src-537c58760dafe7fcc8a1d9bbcf00b6f6/tools/sdk/esp32s3/include/esp-dl/include -I/home/franstein/.platformio/packages/framework-arduinoespressif32@src-537c58760dafe7fcc8a1d9bbcf00b6f6/tools/sdk/esp32s3/include/esp-dl/include/tool -I/home/franstein/.platformio/packages/framework-arduinoespressif32@src-537c58760dafe7fcc8a1d9bbcf00b6f6/tools/sdk/esp32s3/include/esp-dl/include/typedef -I/home/franstein/.platformio/packages/framework-arduinoespressif32@src-537c58760dafe7fcc8a1d9bbcf00b6f6/tools/sdk/esp32s3/include/esp-dl/include/image -I/home/franstein/.platformio/packages/framework-arduinoespressif32@src-537c58760dafe7fcc8a1d9bbcf00b6f6/tools/sdk/esp32s3/include/esp-dl/include/math -I/home/franstein/.platformio/packages/framework-arduinoespressif32@src-537c58760dafe7fcc8a1d9bbcf00b6f6/tools/sdk/esp32s3/include/esp-dl/include/nn -I/home/franstein/.platformio/packages/framework-arduinoespressif32@src-537c58760dafe7fcc8a1d9bbcf00b6f6/tools/sdk/esp32s3/include/esp-dl/include/layer -I/home/franstein/.platformio/packages/framework-arduinoespressif32@src-537c58760dafe7fcc8a1d9bbcf00b6f6/tools/sdk/esp32s3/include/esp-dl/include/detect -I/home/franstein/.platformio/packages/framework-arduinoespressif32@src-537c58760dafe7fcc8a1d9bbcf00b6f6/tools/sdk/esp32s3/include/esp-dl/include/model_zoo -I/home/franstein/.platformio/packages/framework-arduinoespressif32@src-537c58760dafe7fcc8a1d9bbcf00b6f6/tools/sdk/esp32s3/include/esp-sr/src/include -I/home/franstein/.platformio/packages/framework-arduinoespressif32@src-537c58760dafe7fcc8a1d9bbcf00b6f6/tools/sdk/esp32s3/include/esp-sr/esp-tts/esp_tts_chinese/include -I/home/franstein/.platformio/packages/framework-arduinoespressif32@src-537c58760dafe7fcc8a1d9bbcf00b6f6/tools/sdk/esp32s3/include/esp-sr/include/esp32s3 -I/home/franstein/.platformio/packages/framework-arduinoespressif32@src-537c58760dafe7fcc8a1d9bbcf00b6f6/tools/sdk/esp32s3/include/esp32-camera/driver/include -I/home/franstein/.platformio/packages/framework-arduinoespressif32@src-537c58760dafe7fcc8a1d9bbcf00b6f6/tools/sdk/esp32s3/include/esp32-camera/conversions/include -I/home/franstein/.platformio/packages/framework-arduinoespressif32@src-537c58760dafe7fcc8a1d9bbcf00b6f6/tools/sdk/esp32s3/include/fb_gfx/include -I/home/franstein/.platformio/packages/framework-arduinoespressif32@src-537c58760dafe7fcc8a1d9bbcf00b6f6/tools/sdk/esp32s3/qio_opi/include -I/home/franstein/.platformio/packages/framework-arduinoespressif32@src-537c58760dafe7fcc8a1d9bbcf00b6f6/cores/esp32 -I/home/franstein/.platformio/packages/framework-arduinoespressif32@src-537c58760dafe7fcc8a1d9bbcf00b6f6/variants/esp32s3 /home/franstein/.platformio/packages/framework-arduinoespressif32@src-537c58760dafe7fcc8a1d9bbcf00b6f6/cores/esp32/FunctionalInterrupt.cpp
xtensa-esp32s3-elf-g++ -o .pio/build/esp32/FrameworkArduino/HWCDC.cpp.o -c -std=gnu++11 -fexceptions -fno-rtti -Os -mlongcalls -ffunction-sections -fdata-sections -Wno-error=unused-function -Wno-error=unused-variable -Wno-error=deprecated-declarations -Wno-unused-parameter -Wno-sign-compare -ggdb -freorder-blocks -Wwrite-strings -fstack-protector -fstrict-volatile-bitfields -Wno-error=unused-but-set-variable -fno-jump-tables -fno-tree-switch-conversion -MMD -DPLATFORMIO=60107 -DBOARD_HAS_PSRAM -DARDUINO_USB_MODE=1 -DARDUINO_USB_CDC_ON_BOOT=1 -DHAVE_CONFIG_H -DMBEDTLS_CONFIG_FILE=\"mbedtls/esp_config.h\" -DUNITY_INCLUDE_CONFIG_H -DWITH_POSIX -D_GNU_SOURCE -DIDF_VER=\"v4.4.3\" -DESP_PLATFORM -D_POSIX_READER_WRITER_LOCKS -DARDUINO_ARCH_ESP32 -DESP32 -DF_CPU=240000000L -DARDUINO=10812 -DARDUINO_VARIANT=\"esp32s3\" "-DARDUINO_BOARD=\"LILYGO T3-S3\"" -DARDUINO_PARTITION_default -I/home/franstein/.platformio/packages/framework-arduinoespressif32@src-537c58760dafe7fcc8a1d9bbcf00b6f6/tools/sdk/esp32s3/include/newlib/platform_include -I/home/franstein/.platformio/packages/framework-arduinoespressif32@src-537c58760dafe7fcc8a1d9bbcf00b6f6/tools/sdk/esp32s3/include/freertos/include -I/home/franstein/.platformio/packages/framework-arduinoespressif32@src-537c58760dafe7fcc8a1d9bbcf00b6f6/tools/sdk/esp32s3/include/freertos/include/esp_additions/freertos -I/home/franstein/.platformio/packages/framework-arduinoespressif32@src-537c58760dafe7fcc8a1d9bbcf00b6f6/tools/sdk/esp32s3/include/freertos/port/xtensa/include -I/home/franstein/.platformio/packages/framework-arduinoespressif32@src-537c58760dafe7fcc8a1d9bbcf00b6f6/tools/sdk/esp32s3/include/freertos/include/esp_additions -I/home/franstein/.platformio/packages/framework-arduinoespressif32@src-537c58760dafe7fcc8a1d9bbcf00b6f6/tools/sdk/esp32s3/include/esp_hw_support/include -I/home/franstein/.platformio/packages/framework-arduinoespressif32@src-537c58760dafe7fcc8a1d9bbcf00b6f6/tools/sdk/esp32s3/include/esp_hw_support/include/soc -I/home/franstein/.platformio/packages/framework-arduinoespressif32@src-537c58760dafe7fcc8a1d9bbcf00b6f6/tools/sdk/esp32s3/include/esp_hw_support/include/soc/esp32s3 -I/home/franstein/.platformio/packages/framework-arduinoespressif32@src-537c58760dafe7fcc8a1d9bbcf00b6f6/tools/sdk/esp32s3/include/esp_hw_support/port/esp32s3 -I/home/franstein/.platformio/packages/framework-arduinoespressif32@src-537c58760dafe7fcc8a1d9bbcf00b6f6/tools/sdk/esp32s3/include/esp_hw_support/port/esp32s3/private_include -I/home/franstein/.platformio/packages/framework-arduinoespressif32@src-537c58760dafe7fcc8a1d9bbcf00b6f6/tools/sdk/esp32s3/include/heap/include -I/home/franstein/.platformio/packages/framework-arduinoespressif32@src-537c58760dafe7fcc8a1d9bbcf00b6f6/tools/sdk/esp32s3/include/log/include -I/home/franstein/.platformio/packages/framework-arduinoespressif32@src-537c58760dafe7fcc8a1d9bbcf00b6f6/tools/sdk/esp32s3/include/lwip/include/apps -I/home/franstein/.platformio/packages/framework-arduinoespressif32@src-537c58760dafe7fcc8a1d9bbcf00b6f6/tools/sdk/esp32s3/include/lwip/include/apps/sntp -I/home/franstein/.platformio/packages/framework-arduinoespressif32@src-537c58760dafe7fcc8a1d9bbcf00b6f6/tools/sdk/esp32s3/include/lwip/lwip/src/include -I/home/franstein/.platformio/packages/framework-arduinoespressif32@src-537c58760dafe7fcc8a1d9bbcf00b6f6/tools/sdk/esp32s3/include/lwip/port/esp32/include -I/home/franstein/.platformio/packages/framework-arduinoespressif32@src-537c58760dafe7fcc8a1d9bbcf00b6f6/tools/sdk/esp32s3/include/lwip/port/esp32/include/arch -I/home/franstein/.platformio/packages/framework-arduinoespressif32@src-537c58760dafe7fcc8a1d9bbcf00b6f6/tools/sdk/esp32s3/include/soc/include -I/home/franstein/.platformio/packages/framework-arduinoespressif32@src-537c58760dafe7fcc8a1d9bbcf00b6f6/tools/sdk/esp32s3/include/soc/esp32s3 -I/home/franstein/.platformio/packages/framework-arduinoespressif32@src-537c58760dafe7fcc8a1d9bbcf00b6f6/tools/sdk/esp32s3/include/soc/esp32s3/include -I/home/franstein/.platformio/packages/framework-arduinoespressif32@src-537c58760dafe7fcc8a1d9bbcf00b6f6/tools/sdk/esp32s3/include/hal/esp32s3/include -I/home/franstein/.platformio/packages/framework-arduinoespressif32@src-537c58760dafe7fcc8a1d9bbcf00b6f6/tools/sdk/esp32s3/include/hal/include -I/home/franstein/.platformio/packages/framework-arduinoespressif32@src-537c58760dafe7fcc8a1d9bbcf00b6f6/tools/sdk/esp32s3/include/hal/platform_port/include -I/home/franstein/.platformio/packages/framework-arduinoespressif32@src-537c58760dafe7fcc8a1d9bbcf00b6f6/tools/sdk/esp32s3/include/esp_rom/include -I/home/franstein/.platformio/packages/framework-arduinoespressif32@src-537c58760dafe7fcc8a1d9bbcf00b6f6/tools/sdk/esp32s3/include/esp_rom/include/esp32s3 -I/home/franstein/.platformio/packages/framework-arduinoespressif32@src-537c58760dafe7fcc8a1d9bbcf00b6f6/tools/sdk/esp32s3/include/esp_rom/esp32s3 -I/home/franstein/.platformio/packages/framework-arduinoespressif32@src-537c58760dafe7fcc8a1d9bbcf00b6f6/tools/sdk/esp32s3/include/esp_common/include -I/home/franstein/.platformio/packages/framework-arduinoespressif32@src-537c58760dafe7fcc8a1d9bbcf00b6f6/tools/sdk/esp32s3/include/esp_system/include -I/home/franstein/.platformio/packages/framework-arduinoespressif32@src-537c58760dafe7fcc8a1d9bbcf00b6f6/tools/sdk/esp32s3/include/esp_system/port/soc -I/home/franstein/.platformio/packages/framework-arduinoespressif32@src-537c58760dafe7fcc8a1d9bbcf00b6f6/tools/sdk/esp32s3/include/esp_system/port/public_compat -I/home/franstein/.platformio/packages/framework-arduinoespressif32@src-537c58760dafe7fcc8a1d9bbcf00b6f6/tools/sdk/esp32s3/include/xtensa/include -I/home/franstein/.platformio/packages/framework-arduinoespressif32@src-537c58760dafe7fcc8a1d9bbcf00b6f6/tools/sdk/esp32s3/include/xtensa/esp32s3/include -I/home/franstein/.platformio/packages/framework-arduinoespressif32@src-537c58760dafe7fcc8a1d9bbcf00b6f6/tools/sdk/esp32s3/include/driver/include -I/home/franstein/.platformio/packages/framework-arduinoespressif32@src-537c58760dafe7fcc8a1d9bbcf00b6f6/tools/sdk/esp32s3/include/driver/esp32s3/include -I/home/franstein/.platformio/packages/framework-arduinoespressif32@src-537c58760dafe7fcc8a1d9bbcf00b6f6/tools/sdk/esp32s3/include/esp_pm/include -I/home/franstein/.platformio/packages/framework-arduinoespressif32@src-537c58760dafe7fcc8a1d9bbcf00b6f6/tools/sdk/esp32s3/include/esp_ringbuf/include -I/home/franstein/.platformio/packages/framework-arduinoespressif32@src-537c58760dafe7fcc8a1d9bbcf00b6f6/tools/sdk/esp32s3/include/efuse/include -I/home/franstein/.platformio/packages/framework-arduinoespressif32@src-537c58760dafe7fcc8a1d9bbcf00b6f6/tools/sdk/esp32s3/include/efuse/esp32s3/include -I/home/franstein/.platformio/packages/framework-arduinoespressif32@src-537c58760dafe7fcc8a1d9bbcf00b6f6/tools/sdk/esp32s3/include/vfs/include -I/home/franstein/.platformio/packages/framework-arduinoespressif32@src-537c58760dafe7fcc8a1d9bbcf00b6f6/tools/sdk/esp32s3/include/esp_wifi/include -I/home/franstein/.platformio/packages/framework-arduinoespressif32@src-537c58760dafe7fcc8a1d9bbcf00b6f6/tools/sdk/esp32s3/include/esp_event/include -I/home/franstein/.platformio/packages/framework-arduinoespressif32@src-537c58760dafe7fcc8a1d9bbcf00b6f6/tools/sdk/esp32s3/include/esp_netif/include -I/home/franstein/.platformio/packages/framework-arduinoespressif32@src-537c58760dafe7fcc8a1d9bbcf00b6f6/tools/sdk/esp32s3/include/esp_eth/include -I/home/franstein/.platformio/packages/framework-arduinoespressif32@src-537c58760dafe7fcc8a1d9bbcf00b6f6/tools/sdk/esp32s3/include/tcpip_adapter/include -I/home/franstein/.platformio/packages/framework-arduinoespressif32@src-537c58760dafe7fcc8a1d9bbcf00b6f6/tools/sdk/esp32s3/include/esp_phy/include -I/home/franstein/.platformio/packages/framework-arduinoespressif32@src-537c58760dafe7fcc8a1d9bbcf00b6f6/tools/sdk/esp32s3/include/esp_phy/esp32s3/include -I/home/franstein/.platformio/packages/framework-arduinoespressif32@src-537c58760dafe7fcc8a1d9bbcf00b6f6/tools/sdk/esp32s3/include/esp_ipc/include -I/home/franstein/.platformio/packages/framework-arduinoespressif32@src-537c58760dafe7fcc8a1d9bbcf00b6f6/tools/sdk/esp32s3/include/app_trace/include -I/home/franstein/.platformio/packages/framework-arduinoespressif32@src-537c58760dafe7fcc8a1d9bbcf00b6f6/tools/sdk/esp32s3/include/esp_timer/include -I/home/franstein/.platformio/packages/framework-arduinoespressif32@src-537c58760dafe7fcc8a1d9bbcf00b6f6/tools/sdk/esp32s3/include/mbedtls/port/include -I/home/franstein/.platformio/packages/framework-arduinoespressif32@src-537c58760dafe7fcc8a1d9bbcf00b6f6/tools/sdk/esp32s3/include/mbedtls/mbedtls/include -I/home/franstein/.platformio/packages/framework-arduinoespressif32@src-537c58760dafe7fcc8a1d9bbcf00b6f6/tools/sdk/esp32s3/include/mbedtls/esp_crt_bundle/include -I/home/franstein/.platformio/packages/framework-arduinoespressif32@src-537c58760dafe7fcc8a1d9bbcf00b6f6/tools/sdk/esp32s3/include/app_update/include -I/home/franstein/.platformio/packages/framework-arduinoespressif32@src-537c58760dafe7fcc8a1d9bbcf00b6f6/tools/sdk/esp32s3/include/spi_flash/include -I/home/franstein/.platformio/packages/framework-arduinoespressif32@src-537c58760dafe7fcc8a1d9bbcf00b6f6/tools/sdk/esp32s3/include/bootloader_support/include -I/home/franstein/.platformio/packages/framework-arduinoespressif32@src-537c58760dafe7fcc8a1d9bbcf00b6f6/tools/sdk/esp32s3/include/nvs_flash/include -I/home/franstein/.platformio/packages/framework-arduinoespressif32@src-537c58760dafe7fcc8a1d9bbcf00b6f6/tools/sdk/esp32s3/include/pthread/include -I/home/franstein/.platformio/packages/framework-arduinoespressif32@src-537c58760dafe7fcc8a1d9bbcf00b6f6/tools/sdk/esp32s3/include/esp_gdbstub/include -I/home/franstein/.platformio/packages/framework-arduinoespressif32@src-537c58760dafe7fcc8a1d9bbcf00b6f6/tools/sdk/esp32s3/include/esp_gdbstub/xtensa -I/home/franstein/.platformio/packages/framework-arduinoespressif32@src-537c58760dafe7fcc8a1d9bbcf00b6f6/tools/sdk/esp32s3/include/esp_gdbstub/esp32s3 -I/home/franstein/.platformio/packages/framework-arduinoespressif32@src-537c58760dafe7fcc8a1d9bbcf00b6f6/tools/sdk/esp32s3/include/espcoredump/include -I/home/franstein/.platformio/packages/framework-arduinoespressif32@src-537c58760dafe7fcc8a1d9bbcf00b6f6/tools/sdk/esp32s3/include/espcoredump/include/port/xtensa -I/home/franstein/.platformio/packages/framework-arduinoespressif32@src-537c58760dafe7fcc8a1d9bbcf00b6f6/tools/sdk/esp32s3/include/wpa_supplicant/include -I/home/franstein/.platformio/packages/framework-arduinoespressif32@src-537c58760dafe7fcc8a1d9bbcf00b6f6/tools/sdk/esp32s3/include/wpa_supplicant/port/include -I/home/franstein/.platformio/packages/framework-arduinoespressif32@src-537c58760dafe7fcc8a1d9bbcf00b6f6/tools/sdk/esp32s3/include/wpa_supplicant/esp_supplicant/include -I/home/franstein/.platformio/packages/framework-arduinoespressif32@src-537c58760dafe7fcc8a1d9bbcf00b6f6/tools/sdk/esp32s3/include/ieee802154/include -I/home/franstein/.platformio/packages/framework-arduinoespressif32@src-537c58760dafe7fcc8a1d9bbcf00b6f6/tools/sdk/esp32s3/include/console -I/home/franstein/.platformio/packages/framework-arduinoespressif32@src-537c58760dafe7fcc8a1d9bbcf00b6f6/tools/sdk/esp32s3/include/asio/asio/asio/include -I/home/franstein/.platformio/packages/framework-arduinoespressif32@src-537c58760dafe7fcc8a1d9bbcf00b6f6/tools/sdk/esp32s3/include/asio/port/include -I/home/franstein/.platformio/packages/framework-arduinoespressif32@src-537c58760dafe7fcc8a1d9bbcf00b6f6/tools/sdk/esp32s3/include/bt/common/osi/include -I/home/franstein/.platformio/packages/framework-arduinoespressif32@src-537c58760dafe7fcc8a1d9bbcf00b6f6/tools/sdk/esp32s3/include/bt/include/esp32s3/include -I/home/franstein/.platformio/packages/framework-arduinoespressif32@src-537c58760dafe7fcc8a1d9bbcf00b6f6/tools/sdk/esp32s3/include/bt/common/api/include/api -I/home/franstein/.platformio/packages/framework-arduinoespressif32@src-537c58760dafe7fcc8a1d9bbcf00b6f6/tools/sdk/esp32s3/include/bt/common/btc/profile/esp/blufi/include -I/home/franstein/.platformio/packages/framework-arduinoespressif32@src-537c58760dafe7fcc8a1d9bbcf00b6f6/tools/sdk/esp32s3/include/bt/common/btc/profile/esp/include -I/home/franstein/.platformio/packages/framework-arduinoespressif32@src-537c58760dafe7fcc8a1d9bbcf00b6f6/tools/sdk/esp32s3/include/bt/host/bluedroid/api/include/api -I/home/franstein/.platformio/packages/framework-arduinoespressif32@src-537c58760dafe7fcc8a1d9bbcf00b6f6/tools/sdk/esp32s3/include/bt/esp_ble_mesh/mesh_common/include -I/home/franstein/.platformio/packages/framework-arduinoespressif32@src-537c58760dafe7fcc8a1d9bbcf00b6f6/tools/sdk/esp32s3/include/bt/esp_ble_mesh/mesh_common/tinycrypt/include -I/home/franstein/.platformio/packages/framework-arduinoespressif32@src-537c58760dafe7fcc8a1d9bbcf00b6f6/tools/sdk/esp32s3/include/bt/esp_ble_mesh/mesh_core -I/home/franstein/.platformio/packages/framework-arduinoespressif32@src-537c58760dafe7fcc8a1d9bbcf00b6f6/tools/sdk/esp32s3/include/bt/esp_ble_mesh/mesh_core/include -I/home/franstein/.platformio/packages/framework-arduinoespressif32@src-537c58760dafe7fcc8a1d9bbcf00b6f6/tools/sdk/esp32s3/include/bt/esp_ble_mesh/mesh_core/storage -I/home/franstein/.platformio/packages/framework-arduinoespressif32@src-537c58760dafe7fcc8a1d9bbcf00b6f6/tools/sdk/esp32s3/include/bt/esp_ble_mesh/btc/include -I/home/franstein/.platformio/packages/framework-arduinoespressif32@src-537c58760dafe7fcc8a1d9bbcf00b6f6/tools/sdk/esp32s3/include/bt/esp_ble_mesh/mesh_models/common/include -I/home/franstein/.platformio/packages/framework-arduinoespressif32@src-537c58760dafe7fcc8a1d9bbcf00b6f6/tools/sdk/esp32s3/include/bt/esp_ble_mesh/mesh_models/client/include -I/home/franstein/.platformio/packages/framework-arduinoespressif32@src-537c58760dafe7fcc8a1d9bbcf00b6f6/tools/sdk/esp32s3/include/bt/esp_ble_mesh/mesh_models/server/include -I/home/franstein/.platformio/packages/framework-arduinoespressif32@src-537c58760dafe7fcc8a1d9bbcf00b6f6/tools/sdk/esp32s3/include/bt/esp_ble_mesh/api/core/include -I/home/franstein/.platformio/packages/framework-arduinoespressif32@src-537c58760dafe7fcc8a1d9bbcf00b6f6/tools/sdk/esp32s3/include/bt/esp_ble_mesh/api/models/include -I/home/franstein/.platformio/packages/framework-arduinoespressif32@src-537c58760dafe7fcc8a1d9bbcf00b6f6/tools/sdk/esp32s3/include/bt/esp_ble_mesh/api -I/home/franstein/.platformio/packages/framework-arduinoespressif32@src-537c58760dafe7fcc8a1d9bbcf00b6f6/tools/sdk/esp32s3/include/cbor/port/include -I/home/franstein/.platformio/packages/framework-arduinoespressif32@src-537c58760dafe7fcc8a1d9bbcf00b6f6/tools/sdk/esp32s3/include/unity/include -I/home/franstein/.platformio/packages/framework-arduinoespressif32@src-537c58760dafe7fcc8a1d9bbcf00b6f6/tools/sdk/esp32s3/include/unity/unity/src -I/home/franstein/.platformio/packages/framework-arduinoespressif32@src-537c58760dafe7fcc8a1d9bbcf00b6f6/tools/sdk/esp32s3/include/cmock/CMock/src -I/home/franstein/.platformio/packages/framework-arduinoespressif32@src-537c58760dafe7fcc8a1d9bbcf00b6f6/tools/sdk/esp32s3/include/coap/port/include -I/home/franstein/.platformio/packages/framework-arduinoespressif32@src-537c58760dafe7fcc8a1d9bbcf00b6f6/tools/sdk/esp32s3/include/coap/libcoap/include -I/home/franstein/.platformio/packages/framework-arduinoespressif32@src-537c58760dafe7fcc8a1d9bbcf00b6f6/tools/sdk/esp32s3/include/nghttp/port/include -I/home/franstein/.platformio/packages/framework-arduinoespressif32@src-537c58760dafe7fcc8a1d9bbcf00b6f6/tools/sdk/esp32s3/include/nghttp/nghttp2/lib/includes -I/home/franstein/.platformio/packages/framework-arduinoespressif32@src-537c58760dafe7fcc8a1d9bbcf00b6f6/tools/sdk/esp32s3/include/esp-tls -I/home/franstein/.platformio/packages/framework-arduinoespressif32@src-537c58760dafe7fcc8a1d9bbcf00b6f6/tools/sdk/esp32s3/include/esp-tls/esp-tls-crypto -I/home/franstein/.platformio/packages/framework-arduinoespressif32@src-537c58760dafe7fcc8a1d9bbcf00b6f6/tools/sdk/esp32s3/include/esp_adc_cal/include -I/home/franstein/.platformio/packages/framework-arduinoespressif32@src-537c58760dafe7fcc8a1d9bbcf00b6f6/tools/sdk/esp32s3/include/esp_hid/include -I/home/franstein/.platformio/packages/framework-arduinoespressif32@src-537c58760dafe7fcc8a1d9bbcf00b6f6/tools/sdk/esp32s3/include/tcp_transport/include -I/home/franstein/.platformio/packages/framework-arduinoespressif32@src-537c58760dafe7fcc8a1d9bbcf00b6f6/tools/sdk/esp32s3/include/esp_http_client/include -I/home/franstein/.platformio/packages/framework-arduinoespressif32@src-537c58760dafe7fcc8a1d9bbcf00b6f6/tools/sdk/esp32s3/include/esp_http_server/include -I/home/franstein/.platformio/packages/framework-arduinoespressif32@src-537c58760dafe7fcc8a1d9bbcf00b6f6/tools/sdk/esp32s3/include/esp_https_ota/include -I/home/franstein/.platformio/packages/framework-arduinoespressif32@src-537c58760dafe7fcc8a1d9bbcf00b6f6/tools/sdk/esp32s3/include/esp_https_server/include -I/home/franstein/.platformio/packages/framework-arduinoespressif32@src-537c58760dafe7fcc8a1d9bbcf00b6f6/tools/sdk/esp32s3/include/esp_lcd/include -I/home/franstein/.platformio/packages/framework-arduinoespressif32@src-537c58760dafe7fcc8a1d9bbcf00b6f6/tools/sdk/esp32s3/include/esp_lcd/interface -I/home/franstein/.platformio/packages/framework-arduinoespressif32@src-537c58760dafe7fcc8a1d9bbcf00b6f6/tools/sdk/esp32s3/include/protobuf-c/protobuf-c -I/home/franstein/.platformio/packages/framework-arduinoespressif32@src-537c58760dafe7fcc8a1d9bbcf00b6f6/tools/sdk/esp32s3/include/protocomm/include/common -I/home/franstein/.platformio/packages/framework-arduinoespressif32@src-537c58760dafe7fcc8a1d9bbcf00b6f6/tools/sdk/esp32s3/include/protocomm/include/security -I/home/franstein/.platformio/packages/framework-arduinoespressif32@src-537c58760dafe7fcc8a1d9bbcf00b6f6/tools/sdk/esp32s3/include/protocomm/include/transports -I/home/franstein/.platformio/packages/framework-arduinoespressif32@src-537c58760dafe7fcc8a1d9bbcf00b6f6/tools/sdk/esp32s3/include/mdns/include -I/home/franstein/.platformio/packages/framework-arduinoespressif32@src-537c58760dafe7fcc8a1d9bbcf00b6f6/tools/sdk/esp32s3/include/esp_local_ctrl/include -I/home/franstein/.platformio/packages/framework-arduinoespressif32@src-537c58760dafe7fcc8a1d9bbcf00b6f6/tools/sdk/esp32s3/include/sdmmc/include -I/home/franstein/.platformio/packages/framework-arduinoespressif32@src-537c58760dafe7fcc8a1d9bbcf00b6f6/tools/sdk/esp32s3/include/esp_serial_slave_link/include -I/home/franstein/.platformio/packages/framework-arduinoespressif32@src-537c58760dafe7fcc8a1d9bbcf00b6f6/tools/sdk/esp32s3/include/esp_websocket_client/include -I/home/franstein/.platformio/packages/framework-arduinoespressif32@src-537c58760dafe7fcc8a1d9bbcf00b6f6/tools/sdk/esp32s3/include/expat/expat/expat/lib -I/home/franstein/.platformio/packages/framework-arduinoespressif32@src-537c58760dafe7fcc8a1d9bbcf00b6f6/tools/sdk/esp32s3/include/expat/port/include -I/home/franstein/.platformio/packages/framework-arduinoespressif32@src-537c58760dafe7fcc8a1d9bbcf00b6f6/tools/sdk/esp32s3/include/wear_levelling/include -I/home/franstein/.platformio/packages/framework-arduinoespressif32@src-537c58760dafe7fcc8a1d9bbcf00b6f6/tools/sdk/esp32s3/include/fatfs/diskio -I/home/franstein/.platformio/packages/framework-arduinoespressif32@src-537c58760dafe7fcc8a1d9bbcf00b6f6/tools/sdk/esp32s3/include/fatfs/vfs -I/home/franstein/.platformio/packages/framework-arduinoespressif32@src-537c58760dafe7fcc8a1d9bbcf00b6f6/tools/sdk/esp32s3/include/fatfs/src -I/home/franstein/.platformio/packages/framework-arduinoespressif32@src-537c58760dafe7fcc8a1d9bbcf00b6f6/tools/sdk/esp32s3/include/freemodbus/common/include -I/home/franstein/.platformio/packages/framework-arduinoespressif32@src-537c58760dafe7fcc8a1d9bbcf00b6f6/tools/sdk/esp32s3/include/idf_test/include -I/home/franstein/.platformio/packages/framework-arduinoespressif32@src-537c58760dafe7fcc8a1d9bbcf00b6f6/tools/sdk/esp32s3/include/idf_test/include/esp32s3 -I/home/franstein/.platformio/packages/framework-arduinoespressif32@src-537c58760dafe7fcc8a1d9bbcf00b6f6/tools/sdk/esp32s3/include/jsmn/include -I/home/franstein/.platformio/packages/framework-arduinoespressif32@src-537c58760dafe7fcc8a1d9bbcf00b6f6/tools/sdk/esp32s3/include/json/cJSON -I/home/franstein/.platformio/packages/framework-arduinoespressif32@src-537c58760dafe7fcc8a1d9bbcf00b6f6/tools/sdk/esp32s3/include/libsodium/libsodium/src/libsodium/include -I/home/franstein/.platformio/packages/framework-arduinoespressif32@src-537c58760dafe7fcc8a1d9bbcf00b6f6/tools/sdk/esp32s3/include/libsodium/port_include -I/home/franstein/.platformio/packages/framework-arduinoespressif32@src-537c58760dafe7fcc8a1d9bbcf00b6f6/tools/sdk/esp32s3/include/mqtt/esp-mqtt/include -I/home/franstein/.platformio/packages/framework-arduinoespressif32@src-537c58760dafe7fcc8a1d9bbcf00b6f6/tools/sdk/esp32s3/include/openssl/include -I/home/franstein/.platformio/packages/framework-arduinoespressif32@src-537c58760dafe7fcc8a1d9bbcf00b6f6/tools/sdk/esp32s3/include/perfmon/include -I/home/franstein/.platformio/packages/framework-arduinoespressif32@src-537c58760dafe7fcc8a1d9bbcf00b6f6/tools/sdk/esp32s3/include/spiffs/include -I/home/franstein/.platformio/packages/framework-arduinoespressif32@src-537c58760dafe7fcc8a1d9bbcf00b6f6/tools/sdk/esp32s3/include/usb/include -I/home/franstein/.platformio/packages/framework-arduinoespressif32@src-537c58760dafe7fcc8a1d9bbcf00b6f6/tools/sdk/esp32s3/include/ulp/include -I/home/franstein/.platformio/packages/framework-arduinoespressif32@src-537c58760dafe7fcc8a1d9bbcf00b6f6/tools/sdk/esp32s3/include/wifi_provisioning/include -I/home/franstein/.platformio/packages/framework-arduinoespressif32@src-537c58760dafe7fcc8a1d9bbcf00b6f6/tools/sdk/esp32s3/include/rmaker_common/include -I/home/franstein/.platformio/packages/framework-arduinoespressif32@src-537c58760dafe7fcc8a1d9bbcf00b6f6/tools/sdk/esp32s3/include/json_parser/upstream/include -I/home/franstein/.platformio/packages/framework-arduinoespressif32@src-537c58760dafe7fcc8a1d9bbcf00b6f6/tools/sdk/esp32s3/include/json_parser/upstream -I/home/franstein/.platformio/packages/framework-arduinoespressif32@src-537c58760dafe7fcc8a1d9bbcf00b6f6/tools/sdk/esp32s3/include/json_generator/upstream -I/home/franstein/.platformio/packages/framework-arduinoespressif32@src-537c58760dafe7fcc8a1d9bbcf00b6f6/tools/sdk/esp32s3/include/esp_schedule/include -I/home/franstein/.platformio/packages/framework-arduinoespressif32@src-537c58760dafe7fcc8a1d9bbcf00b6f6/tools/sdk/esp32s3/include/esp_rainmaker/include -I/home/franstein/.platformio/packages/framework-arduinoespressif32@src-537c58760dafe7fcc8a1d9bbcf00b6f6/tools/sdk/esp32s3/include/gpio_button/button/include -I/home/franstein/.platformio/packages/framework-arduinoespressif32@src-537c58760dafe7fcc8a1d9bbcf00b6f6/tools/sdk/esp32s3/include/qrcode/include -I/home/franstein/.platformio/packages/framework-arduinoespressif32@src-537c58760dafe7fcc8a1d9bbcf00b6f6/tools/sdk/esp32s3/include/ws2812_led -I/home/franstein/.platformio/packages/framework-arduinoespressif32@src-537c58760dafe7fcc8a1d9bbcf00b6f6/tools/sdk/esp32s3/include/esp_diagnostics/include -I/home/franstein/.platformio/packages/framework-arduinoespressif32@src-537c58760dafe7fcc8a1d9bbcf00b6f6/tools/sdk/esp32s3/include/rtc_store/include -I/home/franstein/.platformio/packages/framework-arduinoespressif32@src-537c58760dafe7fcc8a1d9bbcf00b6f6/tools/sdk/esp32s3/include/esp_insights/include -I/home/franstein/.platformio/packages/framework-arduinoespressif32@src-537c58760dafe7fcc8a1d9bbcf00b6f6/tools/sdk/esp32s3/include/esp-dsp/modules/dotprod/include -I/home/franstein/.platformio/packages/framework-arduinoespressif32@src-537c58760dafe7fcc8a1d9bbcf00b6f6/tools/sdk/esp32s3/include/esp-dsp/modules/support/include -I/home/franstein/.platformio/packages/framework-arduinoespressif32@src-537c58760dafe7fcc8a1d9bbcf00b6f6/tools/sdk/esp32s3/include/esp-dsp/modules/windows/include -I/home/franstein/.platformio/packages/framework-arduinoespressif32@src-537c58760dafe7fcc8a1d9bbcf00b6f6/tools/sdk/esp32s3/include/esp-dsp/modules/windows/hann/include -I/home/franstein/.platformio/packages/framework-arduinoespressif32@src-537c58760dafe7fcc8a1d9bbcf00b6f6/tools/sdk/esp32s3/include/esp-dsp/modules/windows/blackman/include -I/home/franstein/.platformio/packages/framework-arduinoespressif32@src-537c58760dafe7fcc8a1d9bbcf00b6f6/tools/sdk/esp32s3/include/esp-dsp/modules/windows/blackman_harris/include -I/home/franstein/.platformio/packages/framework-arduinoespressif32@src-537c58760dafe7fcc8a1d9bbcf00b6f6/tools/sdk/esp32s3/include/esp-dsp/modules/windows/blackman_nuttall/include -I/home/franstein/.platformio/packages/framework-arduinoespressif32@src-537c58760dafe7fcc8a1d9bbcf00b6f6/tools/sdk/esp32s3/include/esp-dsp/modules/windows/nuttall/include -I/home/franstein/.platformio/packages/framework-arduinoespressif32@src-537c58760dafe7fcc8a1d9bbcf00b6f6/tools/sdk/esp32s3/include/esp-dsp/modules/windows/flat_top/include -I/home/franstein/.platformio/packages/framework-arduinoespressif32@src-537c58760dafe7fcc8a1d9bbcf00b6f6/tools/sdk/esp32s3/include/esp-dsp/modules/iir/include -I/home/franstein/.platformio/packages/framework-arduinoespressif32@src-537c58760dafe7fcc8a1d9bbcf00b6f6/tools/sdk/esp32s3/include/esp-dsp/modules/fir/include -I/home/franstein/.platformio/packages/framework-arduinoespressif32@src-537c58760dafe7fcc8a1d9bbcf00b6f6/tools/sdk/esp32s3/include/esp-dsp/modules/math/include -I/home/franstein/.platformio/packages/framework-arduinoespressif32@src-537c58760dafe7fcc8a1d9bbcf00b6f6/tools/sdk/esp32s3/include/esp-dsp/modules/math/add/include -I/home/franstein/.platformio/packages/framework-arduinoespressif32@src-537c58760dafe7fcc8a1d9bbcf00b6f6/tools/sdk/esp32s3/include/esp-dsp/modules/math/sub/include -I/home/franstein/.platformio/packages/framework-arduinoespressif32@src-537c58760dafe7fcc8a1d9bbcf00b6f6/tools/sdk/esp32s3/include/esp-dsp/modules/math/mul/include -I/home/franstein/.platformio/packages/framework-arduinoespressif32@src-537c58760dafe7fcc8a1d9bbcf00b6f6/tools/sdk/esp32s3/include/esp-dsp/modules/math/addc/include -I/home/franstein/.platformio/packages/framework-arduinoespressif32@src-537c58760dafe7fcc8a1d9bbcf00b6f6/tools/sdk/esp32s3/include/esp-dsp/modules/math/mulc/include -I/home/franstein/.platformio/packages/framework-arduinoespressif32@src-537c58760dafe7fcc8a1d9bbcf00b6f6/tools/sdk/esp32s3/include/esp-dsp/modules/math/sqrt/include -I/home/franstein/.platformio/packages/framework-arduinoespressif32@src-537c58760dafe7fcc8a1d9bbcf00b6f6/tools/sdk/esp32s3/include/esp-dsp/modules/matrix/include -I/home/franstein/.platformio/packages/framework-arduinoespressif32@src-537c58760dafe7fcc8a1d9bbcf00b6f6/tools/sdk/esp32s3/include/esp-dsp/modules/fft/include -I/home/franstein/.platformio/packages/framework-arduinoespressif32@src-537c58760dafe7fcc8a1d9bbcf00b6f6/tools/sdk/esp32s3/include/esp-dsp/modules/dct/include -I/home/franstein/.platformio/packages/framework-arduinoespressif32@src-537c58760dafe7fcc8a1d9bbcf00b6f6/tools/sdk/esp32s3/include/esp-dsp/modules/conv/include -I/home/franstein/.platformio/packages/framework-arduinoespressif32@src-537c58760dafe7fcc8a1d9bbcf00b6f6/tools/sdk/esp32s3/include/esp-dsp/modules/common/include -I/home/franstein/.platformio/packages/framework-arduinoespressif32@src-537c58760dafe7fcc8a1d9bbcf00b6f6/tools/sdk/esp32s3/include/esp-dsp/modules/kalman/ekf/include -I/home/franstein/.platformio/packages/framework-arduinoespressif32@src-537c58760dafe7fcc8a1d9bbcf00b6f6/tools/sdk/esp32s3/include/esp-dsp/modules/kalman/ekf_imu13states/include -I/home/franstein/.platformio/packages/framework-arduinoespressif32@src-537c58760dafe7fcc8a1d9bbcf00b6f6/tools/sdk/esp32s3/include/freertos/include/freertos -I/home/franstein/.platformio/packages/framework-arduinoespressif32@src-537c58760dafe7fcc8a1d9bbcf00b6f6/tools/sdk/esp32s3/include/arduino_tinyusb/tinyusb/src -I/home/franstein/.platformio/packages/framework-arduinoespressif32@src-537c58760dafe7fcc8a1d9bbcf00b6f6/tools/sdk/esp32s3/include/arduino_tinyusb/include -I/home/franstein/.platformio/packages/framework-arduinoespressif32@src-537c58760dafe7fcc8a1d9bbcf00b6f6/tools/sdk/esp32s3/include/esp_littlefs/include -I/home/franstein/.platformio/packages/framework-arduinoespressif32@src-537c58760dafe7fcc8a1d9bbcf00b6f6/tools/sdk/esp32s3/include/esp-dl/include -I/home/franstein/.platformio/packages/framework-arduinoespressif32@src-537c58760dafe7fcc8a1d9bbcf00b6f6/tools/sdk/esp32s3/include/esp-dl/include/tool -I/home/franstein/.platformio/packages/framework-arduinoespressif32@src-537c58760dafe7fcc8a1d9bbcf00b6f6/tools/sdk/esp32s3/include/esp-dl/include/typedef -I/home/franstein/.platformio/packages/framework-arduinoespressif32@src-537c58760dafe7fcc8a1d9bbcf00b6f6/tools/sdk/esp32s3/include/esp-dl/include/image -I/home/franstein/.platformio/packages/framework-arduinoespressif32@src-537c58760dafe7fcc8a1d9bbcf00b6f6/tools/sdk/esp32s3/include/esp-dl/include/math -I/home/franstein/.platformio/packages/framework-arduinoespressif32@src-537c58760dafe7fcc8a1d9bbcf00b6f6/tools/sdk/esp32s3/include/esp-dl/include/nn -I/home/franstein/.platformio/packages/framework-arduinoespressif32@src-537c58760dafe7fcc8a1d9bbcf00b6f6/tools/sdk/esp32s3/include/esp-dl/include/layer -I/home/franstein/.platformio/packages/framework-arduinoespressif32@src-537c58760dafe7fcc8a1d9bbcf00b6f6/tools/sdk/esp32s3/include/esp-dl/include/detect -I/home/franstein/.platformio/packages/framework-arduinoespressif32@src-537c58760dafe7fcc8a1d9bbcf00b6f6/tools/sdk/esp32s3/include/esp-dl/include/model_zoo -I/home/franstein/.platformio/packages/framework-arduinoespressif32@src-537c58760dafe7fcc8a1d9bbcf00b6f6/tools/sdk/esp32s3/include/esp-sr/src/include -I/home/franstein/.platformio/packages/framework-arduinoespressif32@src-537c58760dafe7fcc8a1d9bbcf00b6f6/tools/sdk/esp32s3/include/esp-sr/esp-tts/esp_tts_chinese/include -I/home/franstein/.platformio/packages/framework-arduinoespressif32@src-537c58760dafe7fcc8a1d9bbcf00b6f6/tools/sdk/esp32s3/include/esp-sr/include/esp32s3 -I/home/franstein/.platformio/packages/framework-arduinoespressif32@src-537c58760dafe7fcc8a1d9bbcf00b6f6/tools/sdk/esp32s3/include/esp32-camera/driver/include -I/home/franstein/.platformio/packages/framework-arduinoespressif32@src-537c58760dafe7fcc8a1d9bbcf00b6f6/tools/sdk/esp32s3/include/esp32-camera/conversions/include -I/home/franstein/.platformio/packages/framework-arduinoespressif32@src-537c58760dafe7fcc8a1d9bbcf00b6f6/tools/sdk/esp32s3/include/fb_gfx/include -I/home/franstein/.platformio/packages/framework-arduinoespressif32@src-537c58760dafe7fcc8a1d9bbcf00b6f6/tools/sdk/esp32s3/qio_opi/include -I/home/franstein/.platformio/packages/framework-arduinoespressif32@src-537c58760dafe7fcc8a1d9bbcf00b6f6/cores/esp32 -I/home/franstein/.platformio/packages/framework-arduinoespressif32@src-537c58760dafe7fcc8a1d9bbcf00b6f6/variants/esp32s3 /home/franstein/.platformio/packages/framework-arduinoespressif32@src-537c58760dafe7fcc8a1d9bbcf00b6f6/cores/esp32/HWCDC.cpp
xtensa-esp32s3-elf-g++ -o .pio/build/esp32/FrameworkArduino/HardwareSerial.cpp.o -c -std=gnu++11 -fexceptions -fno-rtti -Os -mlongcalls -ffunction-sections -fdata-sections -Wno-error=unused-function -Wno-error=unused-variable -Wno-error=deprecated-declarations -Wno-unused-parameter -Wno-sign-compare -ggdb -freorder-blocks -Wwrite-strings -fstack-protector -fstrict-volatile-bitfields -Wno-error=unused-but-set-variable -fno-jump-tables -fno-tree-switch-conversion -MMD -DPLATFORMIO=60107 -DBOARD_HAS_PSRAM -DARDUINO_USB_MODE=1 -DARDUINO_USB_CDC_ON_BOOT=1 -DHAVE_CONFIG_H -DMBEDTLS_CONFIG_FILE=\"mbedtls/esp_config.h\" -DUNITY_INCLUDE_CONFIG_H -DWITH_POSIX -D_GNU_SOURCE -DIDF_VER=\"v4.4.3\" -DESP_PLATFORM -D_POSIX_READER_WRITER_LOCKS -DARDUINO_ARCH_ESP32 -DESP32 -DF_CPU=240000000L -DARDUINO=10812 -DARDUINO_VARIANT=\"esp32s3\" "-DARDUINO_BOARD=\"LILYGO T3-S3\"" -DARDUINO_PARTITION_default -I/home/franstein/.platformio/packages/framework-arduinoespressif32@src-537c58760dafe7fcc8a1d9bbcf00b6f6/tools/sdk/esp32s3/include/newlib/platform_include -I/home/franstein/.platformio/packages/framework-arduinoespressif32@src-537c58760dafe7fcc8a1d9bbcf00b6f6/tools/sdk/esp32s3/include/freertos/include -I/home/franstein/.platformio/packages/framework-arduinoespressif32@src-537c58760dafe7fcc8a1d9bbcf00b6f6/tools/sdk/esp32s3/include/freertos/include/esp_additions/freertos -I/home/franstein/.platformio/packages/framework-arduinoespressif32@src-537c58760dafe7fcc8a1d9bbcf00b6f6/tools/sdk/esp32s3/include/freertos/port/xtensa/include -I/home/franstein/.platformio/packages/framework-arduinoespressif32@src-537c58760dafe7fcc8a1d9bbcf00b6f6/tools/sdk/esp32s3/include/freertos/include/esp_additions -I/home/franstein/.platformio/packages/framework-arduinoespressif32@src-537c58760dafe7fcc8a1d9bbcf00b6f6/tools/sdk/esp32s3/include/esp_hw_support/include -I/home/franstein/.platformio/packages/framework-arduinoespressif32@src-537c58760dafe7fcc8a1d9bbcf00b6f6/tools/sdk/esp32s3/include/esp_hw_support/include/soc -I/home/franstein/.platformio/packages/framework-arduinoespressif32@src-537c58760dafe7fcc8a1d9bbcf00b6f6/tools/sdk/esp32s3/include/esp_hw_support/include/soc/esp32s3 -I/home/franstein/.platformio/packages/framework-arduinoespressif32@src-537c58760dafe7fcc8a1d9bbcf00b6f6/tools/sdk/esp32s3/include/esp_hw_support/port/esp32s3 -I/home/franstein/.platformio/packages/framework-arduinoespressif32@src-537c58760dafe7fcc8a1d9bbcf00b6f6/tools/sdk/esp32s3/include/esp_hw_support/port/esp32s3/private_include -I/home/franstein/.platformio/packages/framework-arduinoespressif32@src-537c58760dafe7fcc8a1d9bbcf00b6f6/tools/sdk/esp32s3/include/heap/include -I/home/franstein/.platformio/packages/framework-arduinoespressif32@src-537c58760dafe7fcc8a1d9bbcf00b6f6/tools/sdk/esp32s3/include/log/include -I/home/franstein/.platformio/packages/framework-arduinoespressif32@src-537c58760dafe7fcc8a1d9bbcf00b6f6/tools/sdk/esp32s3/include/lwip/include/apps -I/home/franstein/.platformio/packages/framework-arduinoespressif32@src-537c58760dafe7fcc8a1d9bbcf00b6f6/tools/sdk/esp32s3/include/lwip/include/apps/sntp -I/home/franstein/.platformio/packages/framework-arduinoespressif32@src-537c58760dafe7fcc8a1d9bbcf00b6f6/tools/sdk/esp32s3/include/lwip/lwip/src/include -I/home/franstein/.platformio/packages/framework-arduinoespressif32@src-537c58760dafe7fcc8a1d9bbcf00b6f6/tools/sdk/esp32s3/include/lwip/port/esp32/include -I/home/franstein/.platformio/packages/framework-arduinoespressif32@src-537c58760dafe7fcc8a1d9bbcf00b6f6/tools/sdk/esp32s3/include/lwip/port/esp32/include/arch -I/home/franstein/.platformio/packages/framework-arduinoespressif32@src-537c58760dafe7fcc8a1d9bbcf00b6f6/tools/sdk/esp32s3/include/soc/include -I/home/franstein/.platformio/packages/framework-arduinoespressif32@src-537c58760dafe7fcc8a1d9bbcf00b6f6/tools/sdk/esp32s3/include/soc/esp32s3 -I/home/franstein/.platformio/packages/framework-arduinoespressif32@src-537c58760dafe7fcc8a1d9bbcf00b6f6/tools/sdk/esp32s3/include/soc/esp32s3/include -I/home/franstein/.platformio/packages/framework-arduinoespressif32@src-537c58760dafe7fcc8a1d9bbcf00b6f6/tools/sdk/esp32s3/include/hal/esp32s3/include -I/home/franstein/.platformio/packages/framework-arduinoespressif32@src-537c58760dafe7fcc8a1d9bbcf00b6f6/tools/sdk/esp32s3/include/hal/include -I/home/franstein/.platformio/packages/framework-arduinoespressif32@src-537c58760dafe7fcc8a1d9bbcf00b6f6/tools/sdk/esp32s3/include/hal/platform_port/include -I/home/franstein/.platformio/packages/framework-arduinoespressif32@src-537c58760dafe7fcc8a1d9bbcf00b6f6/tools/sdk/esp32s3/include/esp_rom/include -I/home/franstein/.platformio/packages/framework-arduinoespressif32@src-537c58760dafe7fcc8a1d9bbcf00b6f6/tools/sdk/esp32s3/include/esp_rom/include/esp32s3 -I/home/franstein/.platformio/packages/framework-arduinoespressif32@src-537c58760dafe7fcc8a1d9bbcf00b6f6/tools/sdk/esp32s3/include/esp_rom/esp32s3 -I/home/franstein/.platformio/packages/framework-arduinoespressif32@src-537c58760dafe7fcc8a1d9bbcf00b6f6/tools/sdk/esp32s3/include/esp_common/include -I/home/franstein/.platformio/packages/framework-arduinoespressif32@src-537c58760dafe7fcc8a1d9bbcf00b6f6/tools/sdk/esp32s3/include/esp_system/include -I/home/franstein/.platformio/packages/framework-arduinoespressif32@src-537c58760dafe7fcc8a1d9bbcf00b6f6/tools/sdk/esp32s3/include/esp_system/port/soc -I/home/franstein/.platformio/packages/framework-arduinoespressif32@src-537c58760dafe7fcc8a1d9bbcf00b6f6/tools/sdk/esp32s3/include/esp_system/port/public_compat -I/home/franstein/.platformio/packages/framework-arduinoespressif32@src-537c58760dafe7fcc8a1d9bbcf00b6f6/tools/sdk/esp32s3/include/xtensa/include -I/home/franstein/.platformio/packages/framework-arduinoespressif32@src-537c58760dafe7fcc8a1d9bbcf00b6f6/tools/sdk/esp32s3/include/xtensa/esp32s3/include -I/home/franstein/.platformio/packages/framework-arduinoespressif32@src-537c58760dafe7fcc8a1d9bbcf00b6f6/tools/sdk/esp32s3/include/driver/include -I/home/franstein/.platformio/packages/framework-arduinoespressif32@src-537c58760dafe7fcc8a1d9bbcf00b6f6/tools/sdk/esp32s3/include/driver/esp32s3/include -I/home/franstein/.platformio/packages/framework-arduinoespressif32@src-537c58760dafe7fcc8a1d9bbcf00b6f6/tools/sdk/esp32s3/include/esp_pm/include -I/home/franstein/.platformio/packages/framework-arduinoespressif32@src-537c58760dafe7fcc8a1d9bbcf00b6f6/tools/sdk/esp32s3/include/esp_ringbuf/include -I/home/franstein/.platformio/packages/framework-arduinoespressif32@src-537c58760dafe7fcc8a1d9bbcf00b6f6/tools/sdk/esp32s3/include/efuse/include -I/home/franstein/.platformio/packages/framework-arduinoespressif32@src-537c58760dafe7fcc8a1d9bbcf00b6f6/tools/sdk/esp32s3/include/efuse/esp32s3/include -I/home/franstein/.platformio/packages/framework-arduinoespressif32@src-537c58760dafe7fcc8a1d9bbcf00b6f6/tools/sdk/esp32s3/include/vfs/include -I/home/franstein/.platformio/packages/framework-arduinoespressif32@src-537c58760dafe7fcc8a1d9bbcf00b6f6/tools/sdk/esp32s3/include/esp_wifi/include -I/home/franstein/.platformio/packages/framework-arduinoespressif32@src-537c58760dafe7fcc8a1d9bbcf00b6f6/tools/sdk/esp32s3/include/esp_event/include -I/home/franstein/.platformio/packages/framework-arduinoespressif32@src-537c58760dafe7fcc8a1d9bbcf00b6f6/tools/sdk/esp32s3/include/esp_netif/include -I/home/franstein/.platformio/packages/framework-arduinoespressif32@src-537c58760dafe7fcc8a1d9bbcf00b6f6/tools/sdk/esp32s3/include/esp_eth/include -I/home/franstein/.platformio/packages/framework-arduinoespressif32@src-537c58760dafe7fcc8a1d9bbcf00b6f6/tools/sdk/esp32s3/include/tcpip_adapter/include -I/home/franstein/.platformio/packages/framework-arduinoespressif32@src-537c58760dafe7fcc8a1d9bbcf00b6f6/tools/sdk/esp32s3/include/esp_phy/include -I/home/franstein/.platformio/packages/framework-arduinoespressif32@src-537c58760dafe7fcc8a1d9bbcf00b6f6/tools/sdk/esp32s3/include/esp_phy/esp32s3/include -I/home/franstein/.platformio/packages/framework-arduinoespressif32@src-537c58760dafe7fcc8a1d9bbcf00b6f6/tools/sdk/esp32s3/include/esp_ipc/include -I/home/franstein/.platformio/packages/framework-arduinoespressif32@src-537c58760dafe7fcc8a1d9bbcf00b6f6/tools/sdk/esp32s3/include/app_trace/include -I/home/franstein/.platformio/packages/framework-arduinoespressif32@src-537c58760dafe7fcc8a1d9bbcf00b6f6/tools/sdk/esp32s3/include/esp_timer/include -I/home/franstein/.platformio/packages/framework-arduinoespressif32@src-537c58760dafe7fcc8a1d9bbcf00b6f6/tools/sdk/esp32s3/include/mbedtls/port/include -I/home/franstein/.platformio/packages/framework-arduinoespressif32@src-537c58760dafe7fcc8a1d9bbcf00b6f6/tools/sdk/esp32s3/include/mbedtls/mbedtls/include -I/home/franstein/.platformio/packages/framework-arduinoespressif32@src-537c58760dafe7fcc8a1d9bbcf00b6f6/tools/sdk/esp32s3/include/mbedtls/esp_crt_bundle/include -I/home/franstein/.platformio/packages/framework-arduinoespressif32@src-537c58760dafe7fcc8a1d9bbcf00b6f6/tools/sdk/esp32s3/include/app_update/include -I/home/franstein/.platformio/packages/framework-arduinoespressif32@src-537c58760dafe7fcc8a1d9bbcf00b6f6/tools/sdk/esp32s3/include/spi_flash/include -I/home/franstein/.platformio/packages/framework-arduinoespressif32@src-537c58760dafe7fcc8a1d9bbcf00b6f6/tools/sdk/esp32s3/include/bootloader_support/include -I/home/franstein/.platformio/packages/framework-arduinoespressif32@src-537c58760dafe7fcc8a1d9bbcf00b6f6/tools/sdk/esp32s3/include/nvs_flash/include -I/home/franstein/.platformio/packages/framework-arduinoespressif32@src-537c58760dafe7fcc8a1d9bbcf00b6f6/tools/sdk/esp32s3/include/pthread/include -I/home/franstein/.platformio/packages/framework-arduinoespressif32@src-537c58760dafe7fcc8a1d9bbcf00b6f6/tools/sdk/esp32s3/include/esp_gdbstub/include -I/home/franstein/.platformio/packages/framework-arduinoespressif32@src-537c58760dafe7fcc8a1d9bbcf00b6f6/tools/sdk/esp32s3/include/esp_gdbstub/xtensa -I/home/franstein/.platformio/packages/framework-arduinoespressif32@src-537c58760dafe7fcc8a1d9bbcf00b6f6/tools/sdk/esp32s3/include/esp_gdbstub/esp32s3 -I/home/franstein/.platformio/packages/framework-arduinoespressif32@src-537c58760dafe7fcc8a1d9bbcf00b6f6/tools/sdk/esp32s3/include/espcoredump/include -I/home/franstein/.platformio/packages/framework-arduinoespressif32@src-537c58760dafe7fcc8a1d9bbcf00b6f6/tools/sdk/esp32s3/include/espcoredump/include/port/xtensa -I/home/franstein/.platformio/packages/framework-arduinoespressif32@src-537c58760dafe7fcc8a1d9bbcf00b6f6/tools/sdk/esp32s3/include/wpa_supplicant/include -I/home/franstein/.platformio/packages/framework-arduinoespressif32@src-537c58760dafe7fcc8a1d9bbcf00b6f6/tools/sdk/esp32s3/include/wpa_supplicant/port/include -I/home/franstein/.platformio/packages/framework-arduinoespressif32@src-537c58760dafe7fcc8a1d9bbcf00b6f6/tools/sdk/esp32s3/include/wpa_supplicant/esp_supplicant/include -I/home/franstein/.platformio/packages/framework-arduinoespressif32@src-537c58760dafe7fcc8a1d9bbcf00b6f6/tools/sdk/esp32s3/include/ieee802154/include -I/home/franstein/.platformio/packages/framework-arduinoespressif32@src-537c58760dafe7fcc8a1d9bbcf00b6f6/tools/sdk/esp32s3/include/console -I/home/franstein/.platformio/packages/framework-arduinoespressif32@src-537c58760dafe7fcc8a1d9bbcf00b6f6/tools/sdk/esp32s3/include/asio/asio/asio/include -I/home/franstein/.platformio/packages/framework-arduinoespressif32@src-537c58760dafe7fcc8a1d9bbcf00b6f6/tools/sdk/esp32s3/include/asio/port/include -I/home/franstein/.platformio/packages/framework-arduinoespressif32@src-537c58760dafe7fcc8a1d9bbcf00b6f6/tools/sdk/esp32s3/include/bt/common/osi/include -I/home/franstein/.platformio/packages/framework-arduinoespressif32@src-537c58760dafe7fcc8a1d9bbcf00b6f6/tools/sdk/esp32s3/include/bt/include/esp32s3/include -I/home/franstein/.platformio/packages/framework-arduinoespressif32@src-537c58760dafe7fcc8a1d9bbcf00b6f6/tools/sdk/esp32s3/include/bt/common/api/include/api -I/home/franstein/.platformio/packages/framework-arduinoespressif32@src-537c58760dafe7fcc8a1d9bbcf00b6f6/tools/sdk/esp32s3/include/bt/common/btc/profile/esp/blufi/include -I/home/franstein/.platformio/packages/framework-arduinoespressif32@src-537c58760dafe7fcc8a1d9bbcf00b6f6/tools/sdk/esp32s3/include/bt/common/btc/profile/esp/include -I/home/franstein/.platformio/packages/framework-arduinoespressif32@src-537c58760dafe7fcc8a1d9bbcf00b6f6/tools/sdk/esp32s3/include/bt/host/bluedroid/api/include/api -I/home/franstein/.platformio/packages/framework-arduinoespressif32@src-537c58760dafe7fcc8a1d9bbcf00b6f6/tools/sdk/esp32s3/include/bt/esp_ble_mesh/mesh_common/include -I/home/franstein/.platformio/packages/framework-arduinoespressif32@src-537c58760dafe7fcc8a1d9bbcf00b6f6/tools/sdk/esp32s3/include/bt/esp_ble_mesh/mesh_common/tinycrypt/include -I/home/franstein/.platformio/packages/framework-arduinoespressif32@src-537c58760dafe7fcc8a1d9bbcf00b6f6/tools/sdk/esp32s3/include/bt/esp_ble_mesh/mesh_core -I/home/franstein/.platformio/packages/framework-arduinoespressif32@src-537c58760dafe7fcc8a1d9bbcf00b6f6/tools/sdk/esp32s3/include/bt/esp_ble_mesh/mesh_core/include -I/home/franstein/.platformio/packages/framework-arduinoespressif32@src-537c58760dafe7fcc8a1d9bbcf00b6f6/tools/sdk/esp32s3/include/bt/esp_ble_mesh/mesh_core/storage -I/home/franstein/.platformio/packages/framework-arduinoespressif32@src-537c58760dafe7fcc8a1d9bbcf00b6f6/tools/sdk/esp32s3/include/bt/esp_ble_mesh/btc/include -I/home/franstein/.platformio/packages/framework-arduinoespressif32@src-537c58760dafe7fcc8a1d9bbcf00b6f6/tools/sdk/esp32s3/include/bt/esp_ble_mesh/mesh_models/common/include -I/home/franstein/.platformio/packages/framework-arduinoespressif32@src-537c58760dafe7fcc8a1d9bbcf00b6f6/tools/sdk/esp32s3/include/bt/esp_ble_mesh/mesh_models/client/include -I/home/franstein/.platformio/packages/framework-arduinoespressif32@src-537c58760dafe7fcc8a1d9bbcf00b6f6/tools/sdk/esp32s3/include/bt/esp_ble_mesh/mesh_models/server/include -I/home/franstein/.platformio/packages/framework-arduinoespressif32@src-537c58760dafe7fcc8a1d9bbcf00b6f6/tools/sdk/esp32s3/include/bt/esp_ble_mesh/api/core/include -I/home/franstein/.platformio/packages/framework-arduinoespressif32@src-537c58760dafe7fcc8a1d9bbcf00b6f6/tools/sdk/esp32s3/include/bt/esp_ble_mesh/api/models/include -I/home/franstein/.platformio/packages/framework-arduinoespressif32@src-537c58760dafe7fcc8a1d9bbcf00b6f6/tools/sdk/esp32s3/include/bt/esp_ble_mesh/api -I/home/franstein/.platformio/packages/framework-arduinoespressif32@src-537c58760dafe7fcc8a1d9bbcf00b6f6/tools/sdk/esp32s3/include/cbor/port/include -I/home/franstein/.platformio/packages/framework-arduinoespressif32@src-537c58760dafe7fcc8a1d9bbcf00b6f6/tools/sdk/esp32s3/include/unity/include -I/home/franstein/.platformio/packages/framework-arduinoespressif32@src-537c58760dafe7fcc8a1d9bbcf00b6f6/tools/sdk/esp32s3/include/unity/unity/src -I/home/franstein/.platformio/packages/framework-arduinoespressif32@src-537c58760dafe7fcc8a1d9bbcf00b6f6/tools/sdk/esp32s3/include/cmock/CMock/src -I/home/franstein/.platformio/packages/framework-arduinoespressif32@src-537c58760dafe7fcc8a1d9bbcf00b6f6/tools/sdk/esp32s3/include/coap/port/include -I/home/franstein/.platformio/packages/framework-arduinoespressif32@src-537c58760dafe7fcc8a1d9bbcf00b6f6/tools/sdk/esp32s3/include/coap/libcoap/include -I/home/franstein/.platformio/packages/framework-arduinoespressif32@src-537c58760dafe7fcc8a1d9bbcf00b6f6/tools/sdk/esp32s3/include/nghttp/port/include -I/home/franstein/.platformio/packages/framework-arduinoespressif32@src-537c58760dafe7fcc8a1d9bbcf00b6f6/tools/sdk/esp32s3/include/nghttp/nghttp2/lib/includes -I/home/franstein/.platformio/packages/framework-arduinoespressif32@src-537c58760dafe7fcc8a1d9bbcf00b6f6/tools/sdk/esp32s3/include/esp-tls -I/home/franstein/.platformio/packages/framework-arduinoespressif32@src-537c58760dafe7fcc8a1d9bbcf00b6f6/tools/sdk/esp32s3/include/esp-tls/esp-tls-crypto -I/home/franstein/.platformio/packages/framework-arduinoespressif32@src-537c58760dafe7fcc8a1d9bbcf00b6f6/tools/sdk/esp32s3/include/esp_adc_cal/include -I/home/franstein/.platformio/packages/framework-arduinoespressif32@src-537c58760dafe7fcc8a1d9bbcf00b6f6/tools/sdk/esp32s3/include/esp_hid/include -I/home/franstein/.platformio/packages/framework-arduinoespressif32@src-537c58760dafe7fcc8a1d9bbcf00b6f6/tools/sdk/esp32s3/include/tcp_transport/include -I/home/franstein/.platformio/packages/framework-arduinoespressif32@src-537c58760dafe7fcc8a1d9bbcf00b6f6/tools/sdk/esp32s3/include/esp_http_client/include -I/home/franstein/.platformio/packages/framework-arduinoespressif32@src-537c58760dafe7fcc8a1d9bbcf00b6f6/tools/sdk/esp32s3/include/esp_http_server/include -I/home/franstein/.platformio/packages/framework-arduinoespressif32@src-537c58760dafe7fcc8a1d9bbcf00b6f6/tools/sdk/esp32s3/include/esp_https_ota/include -I/home/franstein/.platformio/packages/framework-arduinoespressif32@src-537c58760dafe7fcc8a1d9bbcf00b6f6/tools/sdk/esp32s3/include/esp_https_server/include -I/home/franstein/.platformio/packages/framework-arduinoespressif32@src-537c58760dafe7fcc8a1d9bbcf00b6f6/tools/sdk/esp32s3/include/esp_lcd/include -I/home/franstein/.platformio/packages/framework-arduinoespressif32@src-537c58760dafe7fcc8a1d9bbcf00b6f6/tools/sdk/esp32s3/include/esp_lcd/interface -I/home/franstein/.platformio/packages/framework-arduinoespressif32@src-537c58760dafe7fcc8a1d9bbcf00b6f6/tools/sdk/esp32s3/include/protobuf-c/protobuf-c -I/home/franstein/.platformio/packages/framework-arduinoespressif32@src-537c58760dafe7fcc8a1d9bbcf00b6f6/tools/sdk/esp32s3/include/protocomm/include/common -I/home/franstein/.platformio/packages/framework-arduinoespressif32@src-537c58760dafe7fcc8a1d9bbcf00b6f6/tools/sdk/esp32s3/include/protocomm/include/security -I/home/franstein/.platformio/packages/framework-arduinoespressif32@src-537c58760dafe7fcc8a1d9bbcf00b6f6/tools/sdk/esp32s3/include/protocomm/include/transports -I/home/franstein/.platformio/packages/framework-arduinoespressif32@src-537c58760dafe7fcc8a1d9bbcf00b6f6/tools/sdk/esp32s3/include/mdns/include -I/home/franstein/.platformio/packages/framework-arduinoespressif32@src-537c58760dafe7fcc8a1d9bbcf00b6f6/tools/sdk/esp32s3/include/esp_local_ctrl/include -I/home/franstein/.platformio/packages/framework-arduinoespressif32@src-537c58760dafe7fcc8a1d9bbcf00b6f6/tools/sdk/esp32s3/include/sdmmc/include -I/home/franstein/.platformio/packages/framework-arduinoespressif32@src-537c58760dafe7fcc8a1d9bbcf00b6f6/tools/sdk/esp32s3/include/esp_serial_slave_link/include -I/home/franstein/.platformio/packages/framework-arduinoespressif32@src-537c58760dafe7fcc8a1d9bbcf00b6f6/tools/sdk/esp32s3/include/esp_websocket_client/include -I/home/franstein/.platformio/packages/framework-arduinoespressif32@src-537c58760dafe7fcc8a1d9bbcf00b6f6/tools/sdk/esp32s3/include/expat/expat/expat/lib -I/home/franstein/.platformio/packages/framework-arduinoespressif32@src-537c58760dafe7fcc8a1d9bbcf00b6f6/tools/sdk/esp32s3/include/expat/port/include -I/home/franstein/.platformio/packages/framework-arduinoespressif32@src-537c58760dafe7fcc8a1d9bbcf00b6f6/tools/sdk/esp32s3/include/wear_levelling/include -I/home/franstein/.platformio/packages/framework-arduinoespressif32@src-537c58760dafe7fcc8a1d9bbcf00b6f6/tools/sdk/esp32s3/include/fatfs/diskio -I/home/franstein/.platformio/packages/framework-arduinoespressif32@src-537c58760dafe7fcc8a1d9bbcf00b6f6/tools/sdk/esp32s3/include/fatfs/vfs -I/home/franstein/.platformio/packages/framework-arduinoespressif32@src-537c58760dafe7fcc8a1d9bbcf00b6f6/tools/sdk/esp32s3/include/fatfs/src -I/home/franstein/.platformio/packages/framework-arduinoespressif32@src-537c58760dafe7fcc8a1d9bbcf00b6f6/tools/sdk/esp32s3/include/freemodbus/common/include -I/home/franstein/.platformio/packages/framework-arduinoespressif32@src-537c58760dafe7fcc8a1d9bbcf00b6f6/tools/sdk/esp32s3/include/idf_test/include -I/home/franstein/.platformio/packages/framework-arduinoespressif32@src-537c58760dafe7fcc8a1d9bbcf00b6f6/tools/sdk/esp32s3/include/idf_test/include/esp32s3 -I/home/franstein/.platformio/packages/framework-arduinoespressif32@src-537c58760dafe7fcc8a1d9bbcf00b6f6/tools/sdk/esp32s3/include/jsmn/include -I/home/franstein/.platformio/packages/framework-arduinoespressif32@src-537c58760dafe7fcc8a1d9bbcf00b6f6/tools/sdk/esp32s3/include/json/cJSON -I/home/franstein/.platformio/packages/framework-arduinoespressif32@src-537c58760dafe7fcc8a1d9bbcf00b6f6/tools/sdk/esp32s3/include/libsodium/libsodium/src/libsodium/include -I/home/franstein/.platformio/packages/framework-arduinoespressif32@src-537c58760dafe7fcc8a1d9bbcf00b6f6/tools/sdk/esp32s3/include/libsodium/port_include -I/home/franstein/.platformio/packages/framework-arduinoespressif32@src-537c58760dafe7fcc8a1d9bbcf00b6f6/tools/sdk/esp32s3/include/mqtt/esp-mqtt/include -I/home/franstein/.platformio/packages/framework-arduinoespressif32@src-537c58760dafe7fcc8a1d9bbcf00b6f6/tools/sdk/esp32s3/include/openssl/include -I/home/franstein/.platformio/packages/framework-arduinoespressif32@src-537c58760dafe7fcc8a1d9bbcf00b6f6/tools/sdk/esp32s3/include/perfmon/include -I/home/franstein/.platformio/packages/framework-arduinoespressif32@src-537c58760dafe7fcc8a1d9bbcf00b6f6/tools/sdk/esp32s3/include/spiffs/include -I/home/franstein/.platformio/packages/framework-arduinoespressif32@src-537c58760dafe7fcc8a1d9bbcf00b6f6/tools/sdk/esp32s3/include/usb/include -I/home/franstein/.platformio/packages/framework-arduinoespressif32@src-537c58760dafe7fcc8a1d9bbcf00b6f6/tools/sdk/esp32s3/include/ulp/include -I/home/franstein/.platformio/packages/framework-arduinoespressif32@src-537c58760dafe7fcc8a1d9bbcf00b6f6/tools/sdk/esp32s3/include/wifi_provisioning/include -I/home/franstein/.platformio/packages/framework-arduinoespressif32@src-537c58760dafe7fcc8a1d9bbcf00b6f6/tools/sdk/esp32s3/include/rmaker_common/include -I/home/franstein/.platformio/packages/framework-arduinoespressif32@src-537c58760dafe7fcc8a1d9bbcf00b6f6/tools/sdk/esp32s3/include/json_parser/upstream/include -I/home/franstein/.platformio/packages/framework-arduinoespressif32@src-537c58760dafe7fcc8a1d9bbcf00b6f6/tools/sdk/esp32s3/include/json_parser/upstream -I/home/franstein/.platformio/packages/framework-arduinoespressif32@src-537c58760dafe7fcc8a1d9bbcf00b6f6/tools/sdk/esp32s3/include/json_generator/upstream -I/home/franstein/.platformio/packages/framework-arduinoespressif32@src-537c58760dafe7fcc8a1d9bbcf00b6f6/tools/sdk/esp32s3/include/esp_schedule/include -I/home/franstein/.platformio/packages/framework-arduinoespressif32@src-537c58760dafe7fcc8a1d9bbcf00b6f6/tools/sdk/esp32s3/include/esp_rainmaker/include -I/home/franstein/.platformio/packages/framework-arduinoespressif32@src-537c58760dafe7fcc8a1d9bbcf00b6f6/tools/sdk/esp32s3/include/gpio_button/button/include -I/home/franstein/.platformio/packages/framework-arduinoespressif32@src-537c58760dafe7fcc8a1d9bbcf00b6f6/tools/sdk/esp32s3/include/qrcode/include -I/home/franstein/.platformio/packages/framework-arduinoespressif32@src-537c58760dafe7fcc8a1d9bbcf00b6f6/tools/sdk/esp32s3/include/ws2812_led -I/home/franstein/.platformio/packages/framework-arduinoespressif32@src-537c58760dafe7fcc8a1d9bbcf00b6f6/tools/sdk/esp32s3/include/esp_diagnostics/include -I/home/franstein/.platformio/packages/framework-arduinoespressif32@src-537c58760dafe7fcc8a1d9bbcf00b6f6/tools/sdk/esp32s3/include/rtc_store/include -I/home/franstein/.platformio/packages/framework-arduinoespressif32@src-537c58760dafe7fcc8a1d9bbcf00b6f6/tools/sdk/esp32s3/include/esp_insights/include -I/home/franstein/.platformio/packages/framework-arduinoespressif32@src-537c58760dafe7fcc8a1d9bbcf00b6f6/tools/sdk/esp32s3/include/esp-dsp/modules/dotprod/include -I/home/franstein/.platformio/packages/framework-arduinoespressif32@src-537c58760dafe7fcc8a1d9bbcf00b6f6/tools/sdk/esp32s3/include/esp-dsp/modules/support/include -I/home/franstein/.platformio/packages/framework-arduinoespressif32@src-537c58760dafe7fcc8a1d9bbcf00b6f6/tools/sdk/esp32s3/include/esp-dsp/modules/windows/include -I/home/franstein/.platformio/packages/framework-arduinoespressif32@src-537c58760dafe7fcc8a1d9bbcf00b6f6/tools/sdk/esp32s3/include/esp-dsp/modules/windows/hann/include -I/home/franstein/.platformio/packages/framework-arduinoespressif32@src-537c58760dafe7fcc8a1d9bbcf00b6f6/tools/sdk/esp32s3/include/esp-dsp/modules/windows/blackman/include -I/home/franstein/.platformio/packages/framework-arduinoespressif32@src-537c58760dafe7fcc8a1d9bbcf00b6f6/tools/sdk/esp32s3/include/esp-dsp/modules/windows/blackman_harris/include -I/home/franstein/.platformio/packages/framework-arduinoespressif32@src-537c58760dafe7fcc8a1d9bbcf00b6f6/tools/sdk/esp32s3/include/esp-dsp/modules/windows/blackman_nuttall/include -I/home/franstein/.platformio/packages/framework-arduinoespressif32@src-537c58760dafe7fcc8a1d9bbcf00b6f6/tools/sdk/esp32s3/include/esp-dsp/modules/windows/nuttall/include -I/home/franstein/.platformio/packages/framework-arduinoespressif32@src-537c58760dafe7fcc8a1d9bbcf00b6f6/tools/sdk/esp32s3/include/esp-dsp/modules/windows/flat_top/include -I/home/franstein/.platformio/packages/framework-arduinoespressif32@src-537c58760dafe7fcc8a1d9bbcf00b6f6/tools/sdk/esp32s3/include/esp-dsp/modules/iir/include -I/home/franstein/.platformio/packages/framework-arduinoespressif32@src-537c58760dafe7fcc8a1d9bbcf00b6f6/tools/sdk/esp32s3/include/esp-dsp/modules/fir/include -I/home/franstein/.platformio/packages/framework-arduinoespressif32@src-537c58760dafe7fcc8a1d9bbcf00b6f6/tools/sdk/esp32s3/include/esp-dsp/modules/math/include -I/home/franstein/.platformio/packages/framework-arduinoespressif32@src-537c58760dafe7fcc8a1d9bbcf00b6f6/tools/sdk/esp32s3/include/esp-dsp/modules/math/add/include -I/home/franstein/.platformio/packages/framework-arduinoespressif32@src-537c58760dafe7fcc8a1d9bbcf00b6f6/tools/sdk/esp32s3/include/esp-dsp/modules/math/sub/include -I/home/franstein/.platformio/packages/framework-arduinoespressif32@src-537c58760dafe7fcc8a1d9bbcf00b6f6/tools/sdk/esp32s3/include/esp-dsp/modules/math/mul/include -I/home/franstein/.platformio/packages/framework-arduinoespressif32@src-537c58760dafe7fcc8a1d9bbcf00b6f6/tools/sdk/esp32s3/include/esp-dsp/modules/math/addc/include -I/home/franstein/.platformio/packages/framework-arduinoespressif32@src-537c58760dafe7fcc8a1d9bbcf00b6f6/tools/sdk/esp32s3/include/esp-dsp/modules/math/mulc/include -I/home/franstein/.platformio/packages/framework-arduinoespressif32@src-537c58760dafe7fcc8a1d9bbcf00b6f6/tools/sdk/esp32s3/include/esp-dsp/modules/math/sqrt/include -I/home/franstein/.platformio/packages/framework-arduinoespressif32@src-537c58760dafe7fcc8a1d9bbcf00b6f6/tools/sdk/esp32s3/include/esp-dsp/modules/matrix/include -I/home/franstein/.platformio/packages/framework-arduinoespressif32@src-537c58760dafe7fcc8a1d9bbcf00b6f6/tools/sdk/esp32s3/include/esp-dsp/modules/fft/include -I/home/franstein/.platformio/packages/framework-arduinoespressif32@src-537c58760dafe7fcc8a1d9bbcf00b6f6/tools/sdk/esp32s3/include/esp-dsp/modules/dct/include -I/home/franstein/.platformio/packages/framework-arduinoespressif32@src-537c58760dafe7fcc8a1d9bbcf00b6f6/tools/sdk/esp32s3/include/esp-dsp/modules/conv/include -I/home/franstein/.platformio/packages/framework-arduinoespressif32@src-537c58760dafe7fcc8a1d9bbcf00b6f6/tools/sdk/esp32s3/include/esp-dsp/modules/common/include -I/home/franstein/.platformio/packages/framework-arduinoespressif32@src-537c58760dafe7fcc8a1d9bbcf00b6f6/tools/sdk/esp32s3/include/esp-dsp/modules/kalman/ekf/include -I/home/franstein/.platformio/packages/framework-arduinoespressif32@src-537c58760dafe7fcc8a1d9bbcf00b6f6/tools/sdk/esp32s3/include/esp-dsp/modules/kalman/ekf_imu13states/include -I/home/franstein/.platformio/packages/framework-arduinoespressif32@src-537c58760dafe7fcc8a1d9bbcf00b6f6/tools/sdk/esp32s3/include/freertos/include/freertos -I/home/franstein/.platformio/packages/framework-arduinoespressif32@src-537c58760dafe7fcc8a1d9bbcf00b6f6/tools/sdk/esp32s3/include/arduino_tinyusb/tinyusb/src -I/home/franstein/.platformio/packages/framework-arduinoespressif32@src-537c58760dafe7fcc8a1d9bbcf00b6f6/tools/sdk/esp32s3/include/arduino_tinyusb/include -I/home/franstein/.platformio/packages/framework-arduinoespressif32@src-537c58760dafe7fcc8a1d9bbcf00b6f6/tools/sdk/esp32s3/include/esp_littlefs/include -I/home/franstein/.platformio/packages/framework-arduinoespressif32@src-537c58760dafe7fcc8a1d9bbcf00b6f6/tools/sdk/esp32s3/include/esp-dl/include -I/home/franstein/.platformio/packages/framework-arduinoespressif32@src-537c58760dafe7fcc8a1d9bbcf00b6f6/tools/sdk/esp32s3/include/esp-dl/include/tool -I/home/franstein/.platformio/packages/framework-arduinoespressif32@src-537c58760dafe7fcc8a1d9bbcf00b6f6/tools/sdk/esp32s3/include/esp-dl/include/typedef -I/home/franstein/.platformio/packages/framework-arduinoespressif32@src-537c58760dafe7fcc8a1d9bbcf00b6f6/tools/sdk/esp32s3/include/esp-dl/include/image -I/home/franstein/.platformio/packages/framework-arduinoespressif32@src-537c58760dafe7fcc8a1d9bbcf00b6f6/tools/sdk/esp32s3/include/esp-dl/include/math -I/home/franstein/.platformio/packages/framework-arduinoespressif32@src-537c58760dafe7fcc8a1d9bbcf00b6f6/tools/sdk/esp32s3/include/esp-dl/include/nn -I/home/franstein/.platformio/packages/framework-arduinoespressif32@src-537c58760dafe7fcc8a1d9bbcf00b6f6/tools/sdk/esp32s3/include/esp-dl/include/layer -I/home/franstein/.platformio/packages/framework-arduinoespressif32@src-537c58760dafe7fcc8a1d9bbcf00b6f6/tools/sdk/esp32s3/include/esp-dl/include/detect -I/home/franstein/.platformio/packages/framework-arduinoespressif32@src-537c58760dafe7fcc8a1d9bbcf00b6f6/tools/sdk/esp32s3/include/esp-dl/include/model_zoo -I/home/franstein/.platformio/packages/framework-arduinoespressif32@src-537c58760dafe7fcc8a1d9bbcf00b6f6/tools/sdk/esp32s3/include/esp-sr/src/include -I/home/franstein/.platformio/packages/framework-arduinoespressif32@src-537c58760dafe7fcc8a1d9bbcf00b6f6/tools/sdk/esp32s3/include/esp-sr/esp-tts/esp_tts_chinese/include -I/home/franstein/.platformio/packages/framework-arduinoespressif32@src-537c58760dafe7fcc8a1d9bbcf00b6f6/tools/sdk/esp32s3/include/esp-sr/include/esp32s3 -I/home/franstein/.platformio/packages/framework-arduinoespressif32@src-537c58760dafe7fcc8a1d9bbcf00b6f6/tools/sdk/esp32s3/include/esp32-camera/driver/include -I/home/franstein/.platformio/packages/framework-arduinoespressif32@src-537c58760dafe7fcc8a1d9bbcf00b6f6/tools/sdk/esp32s3/include/esp32-camera/conversions/include -I/home/franstein/.platformio/packages/framework-arduinoespressif32@src-537c58760dafe7fcc8a1d9bbcf00b6f6/tools/sdk/esp32s3/include/fb_gfx/include -I/home/franstein/.platformio/packages/framework-arduinoespressif32@src-537c58760dafe7fcc8a1d9bbcf00b6f6/tools/sdk/esp32s3/qio_opi/include -I/home/franstein/.platformio/packages/framework-arduinoespressif32@src-537c58760dafe7fcc8a1d9bbcf00b6f6/cores/esp32 -I/home/franstein/.platformio/packages/framework-arduinoespressif32@src-537c58760dafe7fcc8a1d9bbcf00b6f6/variants/esp32s3 /home/franstein/.platformio/packages/framework-arduinoespressif32@src-537c58760dafe7fcc8a1d9bbcf00b6f6/cores/esp32/HardwareSerial.cpp
xtensa-esp32s3-elf-g++ -o .pio/build/esp32/FrameworkArduino/IPAddress.cpp.o -c -std=gnu++11 -fexceptions -fno-rtti -Os -mlongcalls -ffunction-sections -fdata-sections -Wno-error=unused-function -Wno-error=unused-variable -Wno-error=deprecated-declarations -Wno-unused-parameter -Wno-sign-compare -ggdb -freorder-blocks -Wwrite-strings -fstack-protector -fstrict-volatile-bitfields -Wno-error=unused-but-set-variable -fno-jump-tables -fno-tree-switch-conversion -MMD -DPLATFORMIO=60107 -DBOARD_HAS_PSRAM -DARDUINO_USB_MODE=1 -DARDUINO_USB_CDC_ON_BOOT=1 -DHAVE_CONFIG_H -DMBEDTLS_CONFIG_FILE=\"mbedtls/esp_config.h\" -DUNITY_INCLUDE_CONFIG_H -DWITH_POSIX -D_GNU_SOURCE -DIDF_VER=\"v4.4.3\" -DESP_PLATFORM -D_POSIX_READER_WRITER_LOCKS -DARDUINO_ARCH_ESP32 -DESP32 -DF_CPU=240000000L -DARDUINO=10812 -DARDUINO_VARIANT=\"esp32s3\" "-DARDUINO_BOARD=\"LILYGO T3-S3\"" -DARDUINO_PARTITION_default -I/home/franstein/.platformio/packages/framework-arduinoespressif32@src-537c58760dafe7fcc8a1d9bbcf00b6f6/tools/sdk/esp32s3/include/newlib/platform_include -I/home/franstein/.platformio/packages/framework-arduinoespressif32@src-537c58760dafe7fcc8a1d9bbcf00b6f6/tools/sdk/esp32s3/include/freertos/include -I/home/franstein/.platformio/packages/framework-arduinoespressif32@src-537c58760dafe7fcc8a1d9bbcf00b6f6/tools/sdk/esp32s3/include/freertos/include/esp_additions/freertos -I/home/franstein/.platformio/packages/framework-arduinoespressif32@src-537c58760dafe7fcc8a1d9bbcf00b6f6/tools/sdk/esp32s3/include/freertos/port/xtensa/include -I/home/franstein/.platformio/packages/framework-arduinoespressif32@src-537c58760dafe7fcc8a1d9bbcf00b6f6/tools/sdk/esp32s3/include/freertos/include/esp_additions -I/home/franstein/.platformio/packages/framework-arduinoespressif32@src-537c58760dafe7fcc8a1d9bbcf00b6f6/tools/sdk/esp32s3/include/esp_hw_support/include -I/home/franstein/.platformio/packages/framework-arduinoespressif32@src-537c58760dafe7fcc8a1d9bbcf00b6f6/tools/sdk/esp32s3/include/esp_hw_support/include/soc -I/home/franstein/.platformio/packages/framework-arduinoespressif32@src-537c58760dafe7fcc8a1d9bbcf00b6f6/tools/sdk/esp32s3/include/esp_hw_support/include/soc/esp32s3 -I/home/franstein/.platformio/packages/framework-arduinoespressif32@src-537c58760dafe7fcc8a1d9bbcf00b6f6/tools/sdk/esp32s3/include/esp_hw_support/port/esp32s3 -I/home/franstein/.platformio/packages/framework-arduinoespressif32@src-537c58760dafe7fcc8a1d9bbcf00b6f6/tools/sdk/esp32s3/include/esp_hw_support/port/esp32s3/private_include -I/home/franstein/.platformio/packages/framework-arduinoespressif32@src-537c58760dafe7fcc8a1d9bbcf00b6f6/tools/sdk/esp32s3/include/heap/include -I/home/franstein/.platformio/packages/framework-arduinoespressif32@src-537c58760dafe7fcc8a1d9bbcf00b6f6/tools/sdk/esp32s3/include/log/include -I/home/franstein/.platformio/packages/framework-arduinoespressif32@src-537c58760dafe7fcc8a1d9bbcf00b6f6/tools/sdk/esp32s3/include/lwip/include/apps -I/home/franstein/.platformio/packages/framework-arduinoespressif32@src-537c58760dafe7fcc8a1d9bbcf00b6f6/tools/sdk/esp32s3/include/lwip/include/apps/sntp -I/home/franstein/.platformio/packages/framework-arduinoespressif32@src-537c58760dafe7fcc8a1d9bbcf00b6f6/tools/sdk/esp32s3/include/lwip/lwip/src/include -I/home/franstein/.platformio/packages/framework-arduinoespressif32@src-537c58760dafe7fcc8a1d9bbcf00b6f6/tools/sdk/esp32s3/include/lwip/port/esp32/include -I/home/franstein/.platformio/packages/framework-arduinoespressif32@src-537c58760dafe7fcc8a1d9bbcf00b6f6/tools/sdk/esp32s3/include/lwip/port/esp32/include/arch -I/home/franstein/.platformio/packages/framework-arduinoespressif32@src-537c58760dafe7fcc8a1d9bbcf00b6f6/tools/sdk/esp32s3/include/soc/include -I/home/franstein/.platformio/packages/framework-arduinoespressif32@src-537c58760dafe7fcc8a1d9bbcf00b6f6/tools/sdk/esp32s3/include/soc/esp32s3 -I/home/franstein/.platformio/packages/framework-arduinoespressif32@src-537c58760dafe7fcc8a1d9bbcf00b6f6/tools/sdk/esp32s3/include/soc/esp32s3/include -I/home/franstein/.platformio/packages/framework-arduinoespressif32@src-537c58760dafe7fcc8a1d9bbcf00b6f6/tools/sdk/esp32s3/include/hal/esp32s3/include -I/home/franstein/.platformio/packages/framework-arduinoespressif32@src-537c58760dafe7fcc8a1d9bbcf00b6f6/tools/sdk/esp32s3/include/hal/include -I/home/franstein/.platformio/packages/framework-arduinoespressif32@src-537c58760dafe7fcc8a1d9bbcf00b6f6/tools/sdk/esp32s3/include/hal/platform_port/include -I/home/franstein/.platformio/packages/framework-arduinoespressif32@src-537c58760dafe7fcc8a1d9bbcf00b6f6/tools/sdk/esp32s3/include/esp_rom/include -I/home/franstein/.platformio/packages/framework-arduinoespressif32@src-537c58760dafe7fcc8a1d9bbcf00b6f6/tools/sdk/esp32s3/include/esp_rom/include/esp32s3 -I/home/franstein/.platformio/packages/framework-arduinoespressif32@src-537c58760dafe7fcc8a1d9bbcf00b6f6/tools/sdk/esp32s3/include/esp_rom/esp32s3 -I/home/franstein/.platformio/packages/framework-arduinoespressif32@src-537c58760dafe7fcc8a1d9bbcf00b6f6/tools/sdk/esp32s3/include/esp_common/include -I/home/franstein/.platformio/packages/framework-arduinoespressif32@src-537c58760dafe7fcc8a1d9bbcf00b6f6/tools/sdk/esp32s3/include/esp_system/include -I/home/franstein/.platformio/packages/framework-arduinoespressif32@src-537c58760dafe7fcc8a1d9bbcf00b6f6/tools/sdk/esp32s3/include/esp_system/port/soc -I/home/franstein/.platformio/packages/framework-arduinoespressif32@src-537c58760dafe7fcc8a1d9bbcf00b6f6/tools/sdk/esp32s3/include/esp_system/port/public_compat -I/home/franstein/.platformio/packages/framework-arduinoespressif32@src-537c58760dafe7fcc8a1d9bbcf00b6f6/tools/sdk/esp32s3/include/xtensa/include -I/home/franstein/.platformio/packages/framework-arduinoespressif32@src-537c58760dafe7fcc8a1d9bbcf00b6f6/tools/sdk/esp32s3/include/xtensa/esp32s3/include -I/home/franstein/.platformio/packages/framework-arduinoespressif32@src-537c58760dafe7fcc8a1d9bbcf00b6f6/tools/sdk/esp32s3/include/driver/include -I/home/franstein/.platformio/packages/framework-arduinoespressif32@src-537c58760dafe7fcc8a1d9bbcf00b6f6/tools/sdk/esp32s3/include/driver/esp32s3/include -I/home/franstein/.platformio/packages/framework-arduinoespressif32@src-537c58760dafe7fcc8a1d9bbcf00b6f6/tools/sdk/esp32s3/include/esp_pm/include -I/home/franstein/.platformio/packages/framework-arduinoespressif32@src-537c58760dafe7fcc8a1d9bbcf00b6f6/tools/sdk/esp32s3/include/esp_ringbuf/include -I/home/franstein/.platformio/packages/framework-arduinoespressif32@src-537c58760dafe7fcc8a1d9bbcf00b6f6/tools/sdk/esp32s3/include/efuse/include -I/home/franstein/.platformio/packages/framework-arduinoespressif32@src-537c58760dafe7fcc8a1d9bbcf00b6f6/tools/sdk/esp32s3/include/efuse/esp32s3/include -I/home/franstein/.platformio/packages/framework-arduinoespressif32@src-537c58760dafe7fcc8a1d9bbcf00b6f6/tools/sdk/esp32s3/include/vfs/include -I/home/franstein/.platformio/packages/framework-arduinoespressif32@src-537c58760dafe7fcc8a1d9bbcf00b6f6/tools/sdk/esp32s3/include/esp_wifi/include -I/home/franstein/.platformio/packages/framework-arduinoespressif32@src-537c58760dafe7fcc8a1d9bbcf00b6f6/tools/sdk/esp32s3/include/esp_event/include -I/home/franstein/.platformio/packages/framework-arduinoespressif32@src-537c58760dafe7fcc8a1d9bbcf00b6f6/tools/sdk/esp32s3/include/esp_netif/include -I/home/franstein/.platformio/packages/framework-arduinoespressif32@src-537c58760dafe7fcc8a1d9bbcf00b6f6/tools/sdk/esp32s3/include/esp_eth/include -I/home/franstein/.platformio/packages/framework-arduinoespressif32@src-537c58760dafe7fcc8a1d9bbcf00b6f6/tools/sdk/esp32s3/include/tcpip_adapter/include -I/home/franstein/.platformio/packages/framework-arduinoespressif32@src-537c58760dafe7fcc8a1d9bbcf00b6f6/tools/sdk/esp32s3/include/esp_phy/include -I/home/franstein/.platformio/packages/framework-arduinoespressif32@src-537c58760dafe7fcc8a1d9bbcf00b6f6/tools/sdk/esp32s3/include/esp_phy/esp32s3/include -I/home/franstein/.platformio/packages/framework-arduinoespressif32@src-537c58760dafe7fcc8a1d9bbcf00b6f6/tools/sdk/esp32s3/include/esp_ipc/include -I/home/franstein/.platformio/packages/framework-arduinoespressif32@src-537c58760dafe7fcc8a1d9bbcf00b6f6/tools/sdk/esp32s3/include/app_trace/include -I/home/franstein/.platformio/packages/framework-arduinoespressif32@src-537c58760dafe7fcc8a1d9bbcf00b6f6/tools/sdk/esp32s3/include/esp_timer/include -I/home/franstein/.platformio/packages/framework-arduinoespressif32@src-537c58760dafe7fcc8a1d9bbcf00b6f6/tools/sdk/esp32s3/include/mbedtls/port/include -I/home/franstein/.platformio/packages/framework-arduinoespressif32@src-537c58760dafe7fcc8a1d9bbcf00b6f6/tools/sdk/esp32s3/include/mbedtls/mbedtls/include -I/home/franstein/.platformio/packages/framework-arduinoespressif32@src-537c58760dafe7fcc8a1d9bbcf00b6f6/tools/sdk/esp32s3/include/mbedtls/esp_crt_bundle/include -I/home/franstein/.platformio/packages/framework-arduinoespressif32@src-537c58760dafe7fcc8a1d9bbcf00b6f6/tools/sdk/esp32s3/include/app_update/include -I/home/franstein/.platformio/packages/framework-arduinoespressif32@src-537c58760dafe7fcc8a1d9bbcf00b6f6/tools/sdk/esp32s3/include/spi_flash/include -I/home/franstein/.platformio/packages/framework-arduinoespressif32@src-537c58760dafe7fcc8a1d9bbcf00b6f6/tools/sdk/esp32s3/include/bootloader_support/include -I/home/franstein/.platformio/packages/framework-arduinoespressif32@src-537c58760dafe7fcc8a1d9bbcf00b6f6/tools/sdk/esp32s3/include/nvs_flash/include -I/home/franstein/.platformio/packages/framework-arduinoespressif32@src-537c58760dafe7fcc8a1d9bbcf00b6f6/tools/sdk/esp32s3/include/pthread/include -I/home/franstein/.platformio/packages/framework-arduinoespressif32@src-537c58760dafe7fcc8a1d9bbcf00b6f6/tools/sdk/esp32s3/include/esp_gdbstub/include -I/home/franstein/.platformio/packages/framework-arduinoespressif32@src-537c58760dafe7fcc8a1d9bbcf00b6f6/tools/sdk/esp32s3/include/esp_gdbstub/xtensa -I/home/franstein/.platformio/packages/framework-arduinoespressif32@src-537c58760dafe7fcc8a1d9bbcf00b6f6/tools/sdk/esp32s3/include/esp_gdbstub/esp32s3 -I/home/franstein/.platformio/packages/framework-arduinoespressif32@src-537c58760dafe7fcc8a1d9bbcf00b6f6/tools/sdk/esp32s3/include/espcoredump/include -I/home/franstein/.platformio/packages/framework-arduinoespressif32@src-537c58760dafe7fcc8a1d9bbcf00b6f6/tools/sdk/esp32s3/include/espcoredump/include/port/xtensa -I/home/franstein/.platformio/packages/framework-arduinoespressif32@src-537c58760dafe7fcc8a1d9bbcf00b6f6/tools/sdk/esp32s3/include/wpa_supplicant/include -I/home/franstein/.platformio/packages/framework-arduinoespressif32@src-537c58760dafe7fcc8a1d9bbcf00b6f6/tools/sdk/esp32s3/include/wpa_supplicant/port/include -I/home/franstein/.platformio/packages/framework-arduinoespressif32@src-537c58760dafe7fcc8a1d9bbcf00b6f6/tools/sdk/esp32s3/include/wpa_supplicant/esp_supplicant/include -I/home/franstein/.platformio/packages/framework-arduinoespressif32@src-537c58760dafe7fcc8a1d9bbcf00b6f6/tools/sdk/esp32s3/include/ieee802154/include -I/home/franstein/.platformio/packages/framework-arduinoespressif32@src-537c58760dafe7fcc8a1d9bbcf00b6f6/tools/sdk/esp32s3/include/console -I/home/franstein/.platformio/packages/framework-arduinoespressif32@src-537c58760dafe7fcc8a1d9bbcf00b6f6/tools/sdk/esp32s3/include/asio/asio/asio/include -I/home/franstein/.platformio/packages/framework-arduinoespressif32@src-537c58760dafe7fcc8a1d9bbcf00b6f6/tools/sdk/esp32s3/include/asio/port/include -I/home/franstein/.platformio/packages/framework-arduinoespressif32@src-537c58760dafe7fcc8a1d9bbcf00b6f6/tools/sdk/esp32s3/include/bt/common/osi/include -I/home/franstein/.platformio/packages/framework-arduinoespressif32@src-537c58760dafe7fcc8a1d9bbcf00b6f6/tools/sdk/esp32s3/include/bt/include/esp32s3/include -I/home/franstein/.platformio/packages/framework-arduinoespressif32@src-537c58760dafe7fcc8a1d9bbcf00b6f6/tools/sdk/esp32s3/include/bt/common/api/include/api -I/home/franstein/.platformio/packages/framework-arduinoespressif32@src-537c58760dafe7fcc8a1d9bbcf00b6f6/tools/sdk/esp32s3/include/bt/common/btc/profile/esp/blufi/include -I/home/franstein/.platformio/packages/framework-arduinoespressif32@src-537c58760dafe7fcc8a1d9bbcf00b6f6/tools/sdk/esp32s3/include/bt/common/btc/profile/esp/include -I/home/franstein/.platformio/packages/framework-arduinoespressif32@src-537c58760dafe7fcc8a1d9bbcf00b6f6/tools/sdk/esp32s3/include/bt/host/bluedroid/api/include/api -I/home/franstein/.platformio/packages/framework-arduinoespressif32@src-537c58760dafe7fcc8a1d9bbcf00b6f6/tools/sdk/esp32s3/include/bt/esp_ble_mesh/mesh_common/include -I/home/franstein/.platformio/packages/framework-arduinoespressif32@src-537c58760dafe7fcc8a1d9bbcf00b6f6/tools/sdk/esp32s3/include/bt/esp_ble_mesh/mesh_common/tinycrypt/include -I/home/franstein/.platformio/packages/framework-arduinoespressif32@src-537c58760dafe7fcc8a1d9bbcf00b6f6/tools/sdk/esp32s3/include/bt/esp_ble_mesh/mesh_core -I/home/franstein/.platformio/packages/framework-arduinoespressif32@src-537c58760dafe7fcc8a1d9bbcf00b6f6/tools/sdk/esp32s3/include/bt/esp_ble_mesh/mesh_core/include -I/home/franstein/.platformio/packages/framework-arduinoespressif32@src-537c58760dafe7fcc8a1d9bbcf00b6f6/tools/sdk/esp32s3/include/bt/esp_ble_mesh/mesh_core/storage -I/home/franstein/.platformio/packages/framework-arduinoespressif32@src-537c58760dafe7fcc8a1d9bbcf00b6f6/tools/sdk/esp32s3/include/bt/esp_ble_mesh/btc/include -I/home/franstein/.platformio/packages/framework-arduinoespressif32@src-537c58760dafe7fcc8a1d9bbcf00b6f6/tools/sdk/esp32s3/include/bt/esp_ble_mesh/mesh_models/common/include -I/home/franstein/.platformio/packages/framework-arduinoespressif32@src-537c58760dafe7fcc8a1d9bbcf00b6f6/tools/sdk/esp32s3/include/bt/esp_ble_mesh/mesh_models/client/include -I/home/franstein/.platformio/packages/framework-arduinoespressif32@src-537c58760dafe7fcc8a1d9bbcf00b6f6/tools/sdk/esp32s3/include/bt/esp_ble_mesh/mesh_models/server/include -I/home/franstein/.platformio/packages/framework-arduinoespressif32@src-537c58760dafe7fcc8a1d9bbcf00b6f6/tools/sdk/esp32s3/include/bt/esp_ble_mesh/api/core/include -I/home/franstein/.platformio/packages/framework-arduinoespressif32@src-537c58760dafe7fcc8a1d9bbcf00b6f6/tools/sdk/esp32s3/include/bt/esp_ble_mesh/api/models/include -I/home/franstein/.platformio/packages/framework-arduinoespressif32@src-537c58760dafe7fcc8a1d9bbcf00b6f6/tools/sdk/esp32s3/include/bt/esp_ble_mesh/api -I/home/franstein/.platformio/packages/framework-arduinoespressif32@src-537c58760dafe7fcc8a1d9bbcf00b6f6/tools/sdk/esp32s3/include/cbor/port/include -I/home/franstein/.platformio/packages/framework-arduinoespressif32@src-537c58760dafe7fcc8a1d9bbcf00b6f6/tools/sdk/esp32s3/include/unity/include -I/home/franstein/.platformio/packages/framework-arduinoespressif32@src-537c58760dafe7fcc8a1d9bbcf00b6f6/tools/sdk/esp32s3/include/unity/unity/src -I/home/franstein/.platformio/packages/framework-arduinoespressif32@src-537c58760dafe7fcc8a1d9bbcf00b6f6/tools/sdk/esp32s3/include/cmock/CMock/src -I/home/franstein/.platformio/packages/framework-arduinoespressif32@src-537c58760dafe7fcc8a1d9bbcf00b6f6/tools/sdk/esp32s3/include/coap/port/include -I/home/franstein/.platformio/packages/framework-arduinoespressif32@src-537c58760dafe7fcc8a1d9bbcf00b6f6/tools/sdk/esp32s3/include/coap/libcoap/include -I/home/franstein/.platformio/packages/framework-arduinoespressif32@src-537c58760dafe7fcc8a1d9bbcf00b6f6/tools/sdk/esp32s3/include/nghttp/port/include -I/home/franstein/.platformio/packages/framework-arduinoespressif32@src-537c58760dafe7fcc8a1d9bbcf00b6f6/tools/sdk/esp32s3/include/nghttp/nghttp2/lib/includes -I/home/franstein/.platformio/packages/framework-arduinoespressif32@src-537c58760dafe7fcc8a1d9bbcf00b6f6/tools/sdk/esp32s3/include/esp-tls -I/home/franstein/.platformio/packages/framework-arduinoespressif32@src-537c58760dafe7fcc8a1d9bbcf00b6f6/tools/sdk/esp32s3/include/esp-tls/esp-tls-crypto -I/home/franstein/.platformio/packages/framework-arduinoespressif32@src-537c58760dafe7fcc8a1d9bbcf00b6f6/tools/sdk/esp32s3/include/esp_adc_cal/include -I/home/franstein/.platformio/packages/framework-arduinoespressif32@src-537c58760dafe7fcc8a1d9bbcf00b6f6/tools/sdk/esp32s3/include/esp_hid/include -I/home/franstein/.platformio/packages/framework-arduinoespressif32@src-537c58760dafe7fcc8a1d9bbcf00b6f6/tools/sdk/esp32s3/include/tcp_transport/include -I/home/franstein/.platformio/packages/framework-arduinoespressif32@src-537c58760dafe7fcc8a1d9bbcf00b6f6/tools/sdk/esp32s3/include/esp_http_client/include -I/home/franstein/.platformio/packages/framework-arduinoespressif32@src-537c58760dafe7fcc8a1d9bbcf00b6f6/tools/sdk/esp32s3/include/esp_http_server/include -I/home/franstein/.platformio/packages/framework-arduinoespressif32@src-537c58760dafe7fcc8a1d9bbcf00b6f6/tools/sdk/esp32s3/include/esp_https_ota/include -I/home/franstein/.platformio/packages/framework-arduinoespressif32@src-537c58760dafe7fcc8a1d9bbcf00b6f6/tools/sdk/esp32s3/include/esp_https_server/include -I/home/franstein/.platformio/packages/framework-arduinoespressif32@src-537c58760dafe7fcc8a1d9bbcf00b6f6/tools/sdk/esp32s3/include/esp_lcd/include -I/home/franstein/.platformio/packages/framework-arduinoespressif32@src-537c58760dafe7fcc8a1d9bbcf00b6f6/tools/sdk/esp32s3/include/esp_lcd/interface -I/home/franstein/.platformio/packages/framework-arduinoespressif32@src-537c58760dafe7fcc8a1d9bbcf00b6f6/tools/sdk/esp32s3/include/protobuf-c/protobuf-c -I/home/franstein/.platformio/packages/framework-arduinoespressif32@src-537c58760dafe7fcc8a1d9bbcf00b6f6/tools/sdk/esp32s3/include/protocomm/include/common -I/home/franstein/.platformio/packages/framework-arduinoespressif32@src-537c58760dafe7fcc8a1d9bbcf00b6f6/tools/sdk/esp32s3/include/protocomm/include/security -I/home/franstein/.platformio/packages/framework-arduinoespressif32@src-537c58760dafe7fcc8a1d9bbcf00b6f6/tools/sdk/esp32s3/include/protocomm/include/transports -I/home/franstein/.platformio/packages/framework-arduinoespressif32@src-537c58760dafe7fcc8a1d9bbcf00b6f6/tools/sdk/esp32s3/include/mdns/include -I/home/franstein/.platformio/packages/framework-arduinoespressif32@src-537c58760dafe7fcc8a1d9bbcf00b6f6/tools/sdk/esp32s3/include/esp_local_ctrl/include -I/home/franstein/.platformio/packages/framework-arduinoespressif32@src-537c58760dafe7fcc8a1d9bbcf00b6f6/tools/sdk/esp32s3/include/sdmmc/include -I/home/franstein/.platformio/packages/framework-arduinoespressif32@src-537c58760dafe7fcc8a1d9bbcf00b6f6/tools/sdk/esp32s3/include/esp_serial_slave_link/include -I/home/franstein/.platformio/packages/framework-arduinoespressif32@src-537c58760dafe7fcc8a1d9bbcf00b6f6/tools/sdk/esp32s3/include/esp_websocket_client/include -I/home/franstein/.platformio/packages/framework-arduinoespressif32@src-537c58760dafe7fcc8a1d9bbcf00b6f6/tools/sdk/esp32s3/include/expat/expat/expat/lib -I/home/franstein/.platformio/packages/framework-arduinoespressif32@src-537c58760dafe7fcc8a1d9bbcf00b6f6/tools/sdk/esp32s3/include/expat/port/include -I/home/franstein/.platformio/packages/framework-arduinoespressif32@src-537c58760dafe7fcc8a1d9bbcf00b6f6/tools/sdk/esp32s3/include/wear_levelling/include -I/home/franstein/.platformio/packages/framework-arduinoespressif32@src-537c58760dafe7fcc8a1d9bbcf00b6f6/tools/sdk/esp32s3/include/fatfs/diskio -I/home/franstein/.platformio/packages/framework-arduinoespressif32@src-537c58760dafe7fcc8a1d9bbcf00b6f6/tools/sdk/esp32s3/include/fatfs/vfs -I/home/franstein/.platformio/packages/framework-arduinoespressif32@src-537c58760dafe7fcc8a1d9bbcf00b6f6/tools/sdk/esp32s3/include/fatfs/src -I/home/franstein/.platformio/packages/framework-arduinoespressif32@src-537c58760dafe7fcc8a1d9bbcf00b6f6/tools/sdk/esp32s3/include/freemodbus/common/include -I/home/franstein/.platformio/packages/framework-arduinoespressif32@src-537c58760dafe7fcc8a1d9bbcf00b6f6/tools/sdk/esp32s3/include/idf_test/include -I/home/franstein/.platformio/packages/framework-arduinoespressif32@src-537c58760dafe7fcc8a1d9bbcf00b6f6/tools/sdk/esp32s3/include/idf_test/include/esp32s3 -I/home/franstein/.platformio/packages/framework-arduinoespressif32@src-537c58760dafe7fcc8a1d9bbcf00b6f6/tools/sdk/esp32s3/include/jsmn/include -I/home/franstein/.platformio/packages/framework-arduinoespressif32@src-537c58760dafe7fcc8a1d9bbcf00b6f6/tools/sdk/esp32s3/include/json/cJSON -I/home/franstein/.platformio/packages/framework-arduinoespressif32@src-537c58760dafe7fcc8a1d9bbcf00b6f6/tools/sdk/esp32s3/include/libsodium/libsodium/src/libsodium/include -I/home/franstein/.platformio/packages/framework-arduinoespressif32@src-537c58760dafe7fcc8a1d9bbcf00b6f6/tools/sdk/esp32s3/include/libsodium/port_include -I/home/franstein/.platformio/packages/framework-arduinoespressif32@src-537c58760dafe7fcc8a1d9bbcf00b6f6/tools/sdk/esp32s3/include/mqtt/esp-mqtt/include -I/home/franstein/.platformio/packages/framework-arduinoespressif32@src-537c58760dafe7fcc8a1d9bbcf00b6f6/tools/sdk/esp32s3/include/openssl/include -I/home/franstein/.platformio/packages/framework-arduinoespressif32@src-537c58760dafe7fcc8a1d9bbcf00b6f6/tools/sdk/esp32s3/include/perfmon/include -I/home/franstein/.platformio/packages/framework-arduinoespressif32@src-537c58760dafe7fcc8a1d9bbcf00b6f6/tools/sdk/esp32s3/include/spiffs/include -I/home/franstein/.platformio/packages/framework-arduinoespressif32@src-537c58760dafe7fcc8a1d9bbcf00b6f6/tools/sdk/esp32s3/include/usb/include -I/home/franstein/.platformio/packages/framework-arduinoespressif32@src-537c58760dafe7fcc8a1d9bbcf00b6f6/tools/sdk/esp32s3/include/ulp/include -I/home/franstein/.platformio/packages/framework-arduinoespressif32@src-537c58760dafe7fcc8a1d9bbcf00b6f6/tools/sdk/esp32s3/include/wifi_provisioning/include -I/home/franstein/.platformio/packages/framework-arduinoespressif32@src-537c58760dafe7fcc8a1d9bbcf00b6f6/tools/sdk/esp32s3/include/rmaker_common/include -I/home/franstein/.platformio/packages/framework-arduinoespressif32@src-537c58760dafe7fcc8a1d9bbcf00b6f6/tools/sdk/esp32s3/include/json_parser/upstream/include -I/home/franstein/.platformio/packages/framework-arduinoespressif32@src-537c58760dafe7fcc8a1d9bbcf00b6f6/tools/sdk/esp32s3/include/json_parser/upstream -I/home/franstein/.platformio/packages/framework-arduinoespressif32@src-537c58760dafe7fcc8a1d9bbcf00b6f6/tools/sdk/esp32s3/include/json_generator/upstream -I/home/franstein/.platformio/packages/framework-arduinoespressif32@src-537c58760dafe7fcc8a1d9bbcf00b6f6/tools/sdk/esp32s3/include/esp_schedule/include -I/home/franstein/.platformio/packages/framework-arduinoespressif32@src-537c58760dafe7fcc8a1d9bbcf00b6f6/tools/sdk/esp32s3/include/esp_rainmaker/include -I/home/franstein/.platformio/packages/framework-arduinoespressif32@src-537c58760dafe7fcc8a1d9bbcf00b6f6/tools/sdk/esp32s3/include/gpio_button/button/include -I/home/franstein/.platformio/packages/framework-arduinoespressif32@src-537c58760dafe7fcc8a1d9bbcf00b6f6/tools/sdk/esp32s3/include/qrcode/include -I/home/franstein/.platformio/packages/framework-arduinoespressif32@src-537c58760dafe7fcc8a1d9bbcf00b6f6/tools/sdk/esp32s3/include/ws2812_led -I/home/franstein/.platformio/packages/framework-arduinoespressif32@src-537c58760dafe7fcc8a1d9bbcf00b6f6/tools/sdk/esp32s3/include/esp_diagnostics/include -I/home/franstein/.platformio/packages/framework-arduinoespressif32@src-537c58760dafe7fcc8a1d9bbcf00b6f6/tools/sdk/esp32s3/include/rtc_store/include -I/home/franstein/.platformio/packages/framework-arduinoespressif32@src-537c58760dafe7fcc8a1d9bbcf00b6f6/tools/sdk/esp32s3/include/esp_insights/include -I/home/franstein/.platformio/packages/framework-arduinoespressif32@src-537c58760dafe7fcc8a1d9bbcf00b6f6/tools/sdk/esp32s3/include/esp-dsp/modules/dotprod/include -I/home/franstein/.platformio/packages/framework-arduinoespressif32@src-537c58760dafe7fcc8a1d9bbcf00b6f6/tools/sdk/esp32s3/include/esp-dsp/modules/support/include -I/home/franstein/.platformio/packages/framework-arduinoespressif32@src-537c58760dafe7fcc8a1d9bbcf00b6f6/tools/sdk/esp32s3/include/esp-dsp/modules/windows/include -I/home/franstein/.platformio/packages/framework-arduinoespressif32@src-537c58760dafe7fcc8a1d9bbcf00b6f6/tools/sdk/esp32s3/include/esp-dsp/modules/windows/hann/include -I/home/franstein/.platformio/packages/framework-arduinoespressif32@src-537c58760dafe7fcc8a1d9bbcf00b6f6/tools/sdk/esp32s3/include/esp-dsp/modules/windows/blackman/include -I/home/franstein/.platformio/packages/framework-arduinoespressif32@src-537c58760dafe7fcc8a1d9bbcf00b6f6/tools/sdk/esp32s3/include/esp-dsp/modules/windows/blackman_harris/include -I/home/franstein/.platformio/packages/framework-arduinoespressif32@src-537c58760dafe7fcc8a1d9bbcf00b6f6/tools/sdk/esp32s3/include/esp-dsp/modules/windows/blackman_nuttall/include -I/home/franstein/.platformio/packages/framework-arduinoespressif32@src-537c58760dafe7fcc8a1d9bbcf00b6f6/tools/sdk/esp32s3/include/esp-dsp/modules/windows/nuttall/include -I/home/franstein/.platformio/packages/framework-arduinoespressif32@src-537c58760dafe7fcc8a1d9bbcf00b6f6/tools/sdk/esp32s3/include/esp-dsp/modules/windows/flat_top/include -I/home/franstein/.platformio/packages/framework-arduinoespressif32@src-537c58760dafe7fcc8a1d9bbcf00b6f6/tools/sdk/esp32s3/include/esp-dsp/modules/iir/include -I/home/franstein/.platformio/packages/framework-arduinoespressif32@src-537c58760dafe7fcc8a1d9bbcf00b6f6/tools/sdk/esp32s3/include/esp-dsp/modules/fir/include -I/home/franstein/.platformio/packages/framework-arduinoespressif32@src-537c58760dafe7fcc8a1d9bbcf00b6f6/tools/sdk/esp32s3/include/esp-dsp/modules/math/include -I/home/franstein/.platformio/packages/framework-arduinoespressif32@src-537c58760dafe7fcc8a1d9bbcf00b6f6/tools/sdk/esp32s3/include/esp-dsp/modules/math/add/include -I/home/franstein/.platformio/packages/framework-arduinoespressif32@src-537c58760dafe7fcc8a1d9bbcf00b6f6/tools/sdk/esp32s3/include/esp-dsp/modules/math/sub/include -I/home/franstein/.platformio/packages/framework-arduinoespressif32@src-537c58760dafe7fcc8a1d9bbcf00b6f6/tools/sdk/esp32s3/include/esp-dsp/modules/math/mul/include -I/home/franstein/.platformio/packages/framework-arduinoespressif32@src-537c58760dafe7fcc8a1d9bbcf00b6f6/tools/sdk/esp32s3/include/esp-dsp/modules/math/addc/include -I/home/franstein/.platformio/packages/framework-arduinoespressif32@src-537c58760dafe7fcc8a1d9bbcf00b6f6/tools/sdk/esp32s3/include/esp-dsp/modules/math/mulc/include -I/home/franstein/.platformio/packages/framework-arduinoespressif32@src-537c58760dafe7fcc8a1d9bbcf00b6f6/tools/sdk/esp32s3/include/esp-dsp/modules/math/sqrt/include -I/home/franstein/.platformio/packages/framework-arduinoespressif32@src-537c58760dafe7fcc8a1d9bbcf00b6f6/tools/sdk/esp32s3/include/esp-dsp/modules/matrix/include -I/home/franstein/.platformio/packages/framework-arduinoespressif32@src-537c58760dafe7fcc8a1d9bbcf00b6f6/tools/sdk/esp32s3/include/esp-dsp/modules/fft/include -I/home/franstein/.platformio/packages/framework-arduinoespressif32@src-537c58760dafe7fcc8a1d9bbcf00b6f6/tools/sdk/esp32s3/include/esp-dsp/modules/dct/include -I/home/franstein/.platformio/packages/framework-arduinoespressif32@src-537c58760dafe7fcc8a1d9bbcf00b6f6/tools/sdk/esp32s3/include/esp-dsp/modules/conv/include -I/home/franstein/.platformio/packages/framework-arduinoespressif32@src-537c58760dafe7fcc8a1d9bbcf00b6f6/tools/sdk/esp32s3/include/esp-dsp/modules/common/include -I/home/franstein/.platformio/packages/framework-arduinoespressif32@src-537c58760dafe7fcc8a1d9bbcf00b6f6/tools/sdk/esp32s3/include/esp-dsp/modules/kalman/ekf/include -I/home/franstein/.platformio/packages/framework-arduinoespressif32@src-537c58760dafe7fcc8a1d9bbcf00b6f6/tools/sdk/esp32s3/include/esp-dsp/modules/kalman/ekf_imu13states/include -I/home/franstein/.platformio/packages/framework-arduinoespressif32@src-537c58760dafe7fcc8a1d9bbcf00b6f6/tools/sdk/esp32s3/include/freertos/include/freertos -I/home/franstein/.platformio/packages/framework-arduinoespressif32@src-537c58760dafe7fcc8a1d9bbcf00b6f6/tools/sdk/esp32s3/include/arduino_tinyusb/tinyusb/src -I/home/franstein/.platformio/packages/framework-arduinoespressif32@src-537c58760dafe7fcc8a1d9bbcf00b6f6/tools/sdk/esp32s3/include/arduino_tinyusb/include -I/home/franstein/.platformio/packages/framework-arduinoespressif32@src-537c58760dafe7fcc8a1d9bbcf00b6f6/tools/sdk/esp32s3/include/esp_littlefs/include -I/home/franstein/.platformio/packages/framework-arduinoespressif32@src-537c58760dafe7fcc8a1d9bbcf00b6f6/tools/sdk/esp32s3/include/esp-dl/include -I/home/franstein/.platformio/packages/framework-arduinoespressif32@src-537c58760dafe7fcc8a1d9bbcf00b6f6/tools/sdk/esp32s3/include/esp-dl/include/tool -I/home/franstein/.platformio/packages/framework-arduinoespressif32@src-537c58760dafe7fcc8a1d9bbcf00b6f6/tools/sdk/esp32s3/include/esp-dl/include/typedef -I/home/franstein/.platformio/packages/framework-arduinoespressif32@src-537c58760dafe7fcc8a1d9bbcf00b6f6/tools/sdk/esp32s3/include/esp-dl/include/image -I/home/franstein/.platformio/packages/framework-arduinoespressif32@src-537c58760dafe7fcc8a1d9bbcf00b6f6/tools/sdk/esp32s3/include/esp-dl/include/math -I/home/franstein/.platformio/packages/framework-arduinoespressif32@src-537c58760dafe7fcc8a1d9bbcf00b6f6/tools/sdk/esp32s3/include/esp-dl/include/nn -I/home/franstein/.platformio/packages/framework-arduinoespressif32@src-537c58760dafe7fcc8a1d9bbcf00b6f6/tools/sdk/esp32s3/include/esp-dl/include/layer -I/home/franstein/.platformio/packages/framework-arduinoespressif32@src-537c58760dafe7fcc8a1d9bbcf00b6f6/tools/sdk/esp32s3/include/esp-dl/include/detect -I/home/franstein/.platformio/packages/framework-arduinoespressif32@src-537c58760dafe7fcc8a1d9bbcf00b6f6/tools/sdk/esp32s3/include/esp-dl/include/model_zoo -I/home/franstein/.platformio/packages/framework-arduinoespressif32@src-537c58760dafe7fcc8a1d9bbcf00b6f6/tools/sdk/esp32s3/include/esp-sr/src/include -I/home/franstein/.platformio/packages/framework-arduinoespressif32@src-537c58760dafe7fcc8a1d9bbcf00b6f6/tools/sdk/esp32s3/include/esp-sr/esp-tts/esp_tts_chinese/include -I/home/franstein/.platformio/packages/framework-arduinoespressif32@src-537c58760dafe7fcc8a1d9bbcf00b6f6/tools/sdk/esp32s3/include/esp-sr/include/esp32s3 -I/home/franstein/.platformio/packages/framework-arduinoespressif32@src-537c58760dafe7fcc8a1d9bbcf00b6f6/tools/sdk/esp32s3/include/esp32-camera/driver/include -I/home/franstein/.platformio/packages/framework-arduinoespressif32@src-537c58760dafe7fcc8a1d9bbcf00b6f6/tools/sdk/esp32s3/include/esp32-camera/conversions/include -I/home/franstein/.platformio/packages/framework-arduinoespressif32@src-537c58760dafe7fcc8a1d9bbcf00b6f6/tools/sdk/esp32s3/include/fb_gfx/include -I/home/franstein/.platformio/packages/framework-arduinoespressif32@src-537c58760dafe7fcc8a1d9bbcf00b6f6/tools/sdk/esp32s3/qio_opi/include -I/home/franstein/.platformio/packages/framework-arduinoespressif32@src-537c58760dafe7fcc8a1d9bbcf00b6f6/cores/esp32 -I/home/franstein/.platformio/packages/framework-arduinoespressif32@src-537c58760dafe7fcc8a1d9bbcf00b6f6/variants/esp32s3 /home/franstein/.platformio/packages/framework-arduinoespressif32@src-537c58760dafe7fcc8a1d9bbcf00b6f6/cores/esp32/IPAddress.cpp
xtensa-esp32s3-elf-g++ -o .pio/build/esp32/FrameworkArduino/IPv6Address.cpp.o -c -std=gnu++11 -fexceptions -fno-rtti -Os -mlongcalls -ffunction-sections -fdata-sections -Wno-error=unused-function -Wno-error=unused-variable -Wno-error=deprecated-declarations -Wno-unused-parameter -Wno-sign-compare -ggdb -freorder-blocks -Wwrite-strings -fstack-protector -fstrict-volatile-bitfields -Wno-error=unused-but-set-variable -fno-jump-tables -fno-tree-switch-conversion -MMD -DPLATFORMIO=60107 -DBOARD_HAS_PSRAM -DARDUINO_USB_MODE=1 -DARDUINO_USB_CDC_ON_BOOT=1 -DHAVE_CONFIG_H -DMBEDTLS_CONFIG_FILE=\"mbedtls/esp_config.h\" -DUNITY_INCLUDE_CONFIG_H -DWITH_POSIX -D_GNU_SOURCE -DIDF_VER=\"v4.4.3\" -DESP_PLATFORM -D_POSIX_READER_WRITER_LOCKS -DARDUINO_ARCH_ESP32 -DESP32 -DF_CPU=240000000L -DARDUINO=10812 -DARDUINO_VARIANT=\"esp32s3\" "-DARDUINO_BOARD=\"LILYGO T3-S3\"" -DARDUINO_PARTITION_default -I/home/franstein/.platformio/packages/framework-arduinoespressif32@src-537c58760dafe7fcc8a1d9bbcf00b6f6/tools/sdk/esp32s3/include/newlib/platform_include -I/home/franstein/.platformio/packages/framework-arduinoespressif32@src-537c58760dafe7fcc8a1d9bbcf00b6f6/tools/sdk/esp32s3/include/freertos/include -I/home/franstein/.platformio/packages/framework-arduinoespressif32@src-537c58760dafe7fcc8a1d9bbcf00b6f6/tools/sdk/esp32s3/include/freertos/include/esp_additions/freertos -I/home/franstein/.platformio/packages/framework-arduinoespressif32@src-537c58760dafe7fcc8a1d9bbcf00b6f6/tools/sdk/esp32s3/include/freertos/port/xtensa/include -I/home/franstein/.platformio/packages/framework-arduinoespressif32@src-537c58760dafe7fcc8a1d9bbcf00b6f6/tools/sdk/esp32s3/include/freertos/include/esp_additions -I/home/franstein/.platformio/packages/framework-arduinoespressif32@src-537c58760dafe7fcc8a1d9bbcf00b6f6/tools/sdk/esp32s3/include/esp_hw_support/include -I/home/franstein/.platformio/packages/framework-arduinoespressif32@src-537c58760dafe7fcc8a1d9bbcf00b6f6/tools/sdk/esp32s3/include/esp_hw_support/include/soc -I/home/franstein/.platformio/packages/framework-arduinoespressif32@src-537c58760dafe7fcc8a1d9bbcf00b6f6/tools/sdk/esp32s3/include/esp_hw_support/include/soc/esp32s3 -I/home/franstein/.platformio/packages/framework-arduinoespressif32@src-537c58760dafe7fcc8a1d9bbcf00b6f6/tools/sdk/esp32s3/include/esp_hw_support/port/esp32s3 -I/home/franstein/.platformio/packages/framework-arduinoespressif32@src-537c58760dafe7fcc8a1d9bbcf00b6f6/tools/sdk/esp32s3/include/esp_hw_support/port/esp32s3/private_include -I/home/franstein/.platformio/packages/framework-arduinoespressif32@src-537c58760dafe7fcc8a1d9bbcf00b6f6/tools/sdk/esp32s3/include/heap/include -I/home/franstein/.platformio/packages/framework-arduinoespressif32@src-537c58760dafe7fcc8a1d9bbcf00b6f6/tools/sdk/esp32s3/include/log/include -I/home/franstein/.platformio/packages/framework-arduinoespressif32@src-537c58760dafe7fcc8a1d9bbcf00b6f6/tools/sdk/esp32s3/include/lwip/include/apps -I/home/franstein/.platformio/packages/framework-arduinoespressif32@src-537c58760dafe7fcc8a1d9bbcf00b6f6/tools/sdk/esp32s3/include/lwip/include/apps/sntp -I/home/franstein/.platformio/packages/framework-arduinoespressif32@src-537c58760dafe7fcc8a1d9bbcf00b6f6/tools/sdk/esp32s3/include/lwip/lwip/src/include -I/home/franstein/.platformio/packages/framework-arduinoespressif32@src-537c58760dafe7fcc8a1d9bbcf00b6f6/tools/sdk/esp32s3/include/lwip/port/esp32/include -I/home/franstein/.platformio/packages/framework-arduinoespressif32@src-537c58760dafe7fcc8a1d9bbcf00b6f6/tools/sdk/esp32s3/include/lwip/port/esp32/include/arch -I/home/franstein/.platformio/packages/framework-arduinoespressif32@src-537c58760dafe7fcc8a1d9bbcf00b6f6/tools/sdk/esp32s3/include/soc/include -I/home/franstein/.platformio/packages/framework-arduinoespressif32@src-537c58760dafe7fcc8a1d9bbcf00b6f6/tools/sdk/esp32s3/include/soc/esp32s3 -I/home/franstein/.platformio/packages/framework-arduinoespressif32@src-537c58760dafe7fcc8a1d9bbcf00b6f6/tools/sdk/esp32s3/include/soc/esp32s3/include -I/home/franstein/.platformio/packages/framework-arduinoespressif32@src-537c58760dafe7fcc8a1d9bbcf00b6f6/tools/sdk/esp32s3/include/hal/esp32s3/include -I/home/franstein/.platformio/packages/framework-arduinoespressif32@src-537c58760dafe7fcc8a1d9bbcf00b6f6/tools/sdk/esp32s3/include/hal/include -I/home/franstein/.platformio/packages/framework-arduinoespressif32@src-537c58760dafe7fcc8a1d9bbcf00b6f6/tools/sdk/esp32s3/include/hal/platform_port/include -I/home/franstein/.platformio/packages/framework-arduinoespressif32@src-537c58760dafe7fcc8a1d9bbcf00b6f6/tools/sdk/esp32s3/include/esp_rom/include -I/home/franstein/.platformio/packages/framework-arduinoespressif32@src-537c58760dafe7fcc8a1d9bbcf00b6f6/tools/sdk/esp32s3/include/esp_rom/include/esp32s3 -I/home/franstein/.platformio/packages/framework-arduinoespressif32@src-537c58760dafe7fcc8a1d9bbcf00b6f6/tools/sdk/esp32s3/include/esp_rom/esp32s3 -I/home/franstein/.platformio/packages/framework-arduinoespressif32@src-537c58760dafe7fcc8a1d9bbcf00b6f6/tools/sdk/esp32s3/include/esp_common/include -I/home/franstein/.platformio/packages/framework-arduinoespressif32@src-537c58760dafe7fcc8a1d9bbcf00b6f6/tools/sdk/esp32s3/include/esp_system/include -I/home/franstein/.platformio/packages/framework-arduinoespressif32@src-537c58760dafe7fcc8a1d9bbcf00b6f6/tools/sdk/esp32s3/include/esp_system/port/soc -I/home/franstein/.platformio/packages/framework-arduinoespressif32@src-537c58760dafe7fcc8a1d9bbcf00b6f6/tools/sdk/esp32s3/include/esp_system/port/public_compat -I/home/franstein/.platformio/packages/framework-arduinoespressif32@src-537c58760dafe7fcc8a1d9bbcf00b6f6/tools/sdk/esp32s3/include/xtensa/include -I/home/franstein/.platformio/packages/framework-arduinoespressif32@src-537c58760dafe7fcc8a1d9bbcf00b6f6/tools/sdk/esp32s3/include/xtensa/esp32s3/include -I/home/franstein/.platformio/packages/framework-arduinoespressif32@src-537c58760dafe7fcc8a1d9bbcf00b6f6/tools/sdk/esp32s3/include/driver/include -I/home/franstein/.platformio/packages/framework-arduinoespressif32@src-537c58760dafe7fcc8a1d9bbcf00b6f6/tools/sdk/esp32s3/include/driver/esp32s3/include -I/home/franstein/.platformio/packages/framework-arduinoespressif32@src-537c58760dafe7fcc8a1d9bbcf00b6f6/tools/sdk/esp32s3/include/esp_pm/include -I/home/franstein/.platformio/packages/framework-arduinoespressif32@src-537c58760dafe7fcc8a1d9bbcf00b6f6/tools/sdk/esp32s3/include/esp_ringbuf/include -I/home/franstein/.platformio/packages/framework-arduinoespressif32@src-537c58760dafe7fcc8a1d9bbcf00b6f6/tools/sdk/esp32s3/include/efuse/include -I/home/franstein/.platformio/packages/framework-arduinoespressif32@src-537c58760dafe7fcc8a1d9bbcf00b6f6/tools/sdk/esp32s3/include/efuse/esp32s3/include -I/home/franstein/.platformio/packages/framework-arduinoespressif32@src-537c58760dafe7fcc8a1d9bbcf00b6f6/tools/sdk/esp32s3/include/vfs/include -I/home/franstein/.platformio/packages/framework-arduinoespressif32@src-537c58760dafe7fcc8a1d9bbcf00b6f6/tools/sdk/esp32s3/include/esp_wifi/include -I/home/franstein/.platformio/packages/framework-arduinoespressif32@src-537c58760dafe7fcc8a1d9bbcf00b6f6/tools/sdk/esp32s3/include/esp_event/include -I/home/franstein/.platformio/packages/framework-arduinoespressif32@src-537c58760dafe7fcc8a1d9bbcf00b6f6/tools/sdk/esp32s3/include/esp_netif/include -I/home/franstein/.platformio/packages/framework-arduinoespressif32@src-537c58760dafe7fcc8a1d9bbcf00b6f6/tools/sdk/esp32s3/include/esp_eth/include -I/home/franstein/.platformio/packages/framework-arduinoespressif32@src-537c58760dafe7fcc8a1d9bbcf00b6f6/tools/sdk/esp32s3/include/tcpip_adapter/include -I/home/franstein/.platformio/packages/framework-arduinoespressif32@src-537c58760dafe7fcc8a1d9bbcf00b6f6/tools/sdk/esp32s3/include/esp_phy/include -I/home/franstein/.platformio/packages/framework-arduinoespressif32@src-537c58760dafe7fcc8a1d9bbcf00b6f6/tools/sdk/esp32s3/include/esp_phy/esp32s3/include -I/home/franstein/.platformio/packages/framework-arduinoespressif32@src-537c58760dafe7fcc8a1d9bbcf00b6f6/tools/sdk/esp32s3/include/esp_ipc/include -I/home/franstein/.platformio/packages/framework-arduinoespressif32@src-537c58760dafe7fcc8a1d9bbcf00b6f6/tools/sdk/esp32s3/include/app_trace/include -I/home/franstein/.platformio/packages/framework-arduinoespressif32@src-537c58760dafe7fcc8a1d9bbcf00b6f6/tools/sdk/esp32s3/include/esp_timer/include -I/home/franstein/.platformio/packages/framework-arduinoespressif32@src-537c58760dafe7fcc8a1d9bbcf00b6f6/tools/sdk/esp32s3/include/mbedtls/port/include -I/home/franstein/.platformio/packages/framework-arduinoespressif32@src-537c58760dafe7fcc8a1d9bbcf00b6f6/tools/sdk/esp32s3/include/mbedtls/mbedtls/include -I/home/franstein/.platformio/packages/framework-arduinoespressif32@src-537c58760dafe7fcc8a1d9bbcf00b6f6/tools/sdk/esp32s3/include/mbedtls/esp_crt_bundle/include -I/home/franstein/.platformio/packages/framework-arduinoespressif32@src-537c58760dafe7fcc8a1d9bbcf00b6f6/tools/sdk/esp32s3/include/app_update/include -I/home/franstein/.platformio/packages/framework-arduinoespressif32@src-537c58760dafe7fcc8a1d9bbcf00b6f6/tools/sdk/esp32s3/include/spi_flash/include -I/home/franstein/.platformio/packages/framework-arduinoespressif32@src-537c58760dafe7fcc8a1d9bbcf00b6f6/tools/sdk/esp32s3/include/bootloader_support/include -I/home/franstein/.platformio/packages/framework-arduinoespressif32@src-537c58760dafe7fcc8a1d9bbcf00b6f6/tools/sdk/esp32s3/include/nvs_flash/include -I/home/franstein/.platformio/packages/framework-arduinoespressif32@src-537c58760dafe7fcc8a1d9bbcf00b6f6/tools/sdk/esp32s3/include/pthread/include -I/home/franstein/.platformio/packages/framework-arduinoespressif32@src-537c58760dafe7fcc8a1d9bbcf00b6f6/tools/sdk/esp32s3/include/esp_gdbstub/include -I/home/franstein/.platformio/packages/framework-arduinoespressif32@src-537c58760dafe7fcc8a1d9bbcf00b6f6/tools/sdk/esp32s3/include/esp_gdbstub/xtensa -I/home/franstein/.platformio/packages/framework-arduinoespressif32@src-537c58760dafe7fcc8a1d9bbcf00b6f6/tools/sdk/esp32s3/include/esp_gdbstub/esp32s3 -I/home/franstein/.platformio/packages/framework-arduinoespressif32@src-537c58760dafe7fcc8a1d9bbcf00b6f6/tools/sdk/esp32s3/include/espcoredump/include -I/home/franstein/.platformio/packages/framework-arduinoespressif32@src-537c58760dafe7fcc8a1d9bbcf00b6f6/tools/sdk/esp32s3/include/espcoredump/include/port/xtensa -I/home/franstein/.platformio/packages/framework-arduinoespressif32@src-537c58760dafe7fcc8a1d9bbcf00b6f6/tools/sdk/esp32s3/include/wpa_supplicant/include -I/home/franstein/.platformio/packages/framework-arduinoespressif32@src-537c58760dafe7fcc8a1d9bbcf00b6f6/tools/sdk/esp32s3/include/wpa_supplicant/port/include -I/home/franstein/.platformio/packages/framework-arduinoespressif32@src-537c58760dafe7fcc8a1d9bbcf00b6f6/tools/sdk/esp32s3/include/wpa_supplicant/esp_supplicant/include -I/home/franstein/.platformio/packages/framework-arduinoespressif32@src-537c58760dafe7fcc8a1d9bbcf00b6f6/tools/sdk/esp32s3/include/ieee802154/include -I/home/franstein/.platformio/packages/framework-arduinoespressif32@src-537c58760dafe7fcc8a1d9bbcf00b6f6/tools/sdk/esp32s3/include/console -I/home/franstein/.platformio/packages/framework-arduinoespressif32@src-537c58760dafe7fcc8a1d9bbcf00b6f6/tools/sdk/esp32s3/include/asio/asio/asio/include -I/home/franstein/.platformio/packages/framework-arduinoespressif32@src-537c58760dafe7fcc8a1d9bbcf00b6f6/tools/sdk/esp32s3/include/asio/port/include -I/home/franstein/.platformio/packages/framework-arduinoespressif32@src-537c58760dafe7fcc8a1d9bbcf00b6f6/tools/sdk/esp32s3/include/bt/common/osi/include -I/home/franstein/.platformio/packages/framework-arduinoespressif32@src-537c58760dafe7fcc8a1d9bbcf00b6f6/tools/sdk/esp32s3/include/bt/include/esp32s3/include -I/home/franstein/.platformio/packages/framework-arduinoespressif32@src-537c58760dafe7fcc8a1d9bbcf00b6f6/tools/sdk/esp32s3/include/bt/common/api/include/api -I/home/franstein/.platformio/packages/framework-arduinoespressif32@src-537c58760dafe7fcc8a1d9bbcf00b6f6/tools/sdk/esp32s3/include/bt/common/btc/profile/esp/blufi/include -I/home/franstein/.platformio/packages/framework-arduinoespressif32@src-537c58760dafe7fcc8a1d9bbcf00b6f6/tools/sdk/esp32s3/include/bt/common/btc/profile/esp/include -I/home/franstein/.platformio/packages/framework-arduinoespressif32@src-537c58760dafe7fcc8a1d9bbcf00b6f6/tools/sdk/esp32s3/include/bt/host/bluedroid/api/include/api -I/home/franstein/.platformio/packages/framework-arduinoespressif32@src-537c58760dafe7fcc8a1d9bbcf00b6f6/tools/sdk/esp32s3/include/bt/esp_ble_mesh/mesh_common/include -I/home/franstein/.platformio/packages/framework-arduinoespressif32@src-537c58760dafe7fcc8a1d9bbcf00b6f6/tools/sdk/esp32s3/include/bt/esp_ble_mesh/mesh_common/tinycrypt/include -I/home/franstein/.platformio/packages/framework-arduinoespressif32@src-537c58760dafe7fcc8a1d9bbcf00b6f6/tools/sdk/esp32s3/include/bt/esp_ble_mesh/mesh_core -I/home/franstein/.platformio/packages/framework-arduinoespressif32@src-537c58760dafe7fcc8a1d9bbcf00b6f6/tools/sdk/esp32s3/include/bt/esp_ble_mesh/mesh_core/include -I/home/franstein/.platformio/packages/framework-arduinoespressif32@src-537c58760dafe7fcc8a1d9bbcf00b6f6/tools/sdk/esp32s3/include/bt/esp_ble_mesh/mesh_core/storage -I/home/franstein/.platformio/packages/framework-arduinoespressif32@src-537c58760dafe7fcc8a1d9bbcf00b6f6/tools/sdk/esp32s3/include/bt/esp_ble_mesh/btc/include -I/home/franstein/.platformio/packages/framework-arduinoespressif32@src-537c58760dafe7fcc8a1d9bbcf00b6f6/tools/sdk/esp32s3/include/bt/esp_ble_mesh/mesh_models/common/include -I/home/franstein/.platformio/packages/framework-arduinoespressif32@src-537c58760dafe7fcc8a1d9bbcf00b6f6/tools/sdk/esp32s3/include/bt/esp_ble_mesh/mesh_models/client/include -I/home/franstein/.platformio/packages/framework-arduinoespressif32@src-537c58760dafe7fcc8a1d9bbcf00b6f6/tools/sdk/esp32s3/include/bt/esp_ble_mesh/mesh_models/server/include -I/home/franstein/.platformio/packages/framework-arduinoespressif32@src-537c58760dafe7fcc8a1d9bbcf00b6f6/tools/sdk/esp32s3/include/bt/esp_ble_mesh/api/core/include -I/home/franstein/.platformio/packages/framework-arduinoespressif32@src-537c58760dafe7fcc8a1d9bbcf00b6f6/tools/sdk/esp32s3/include/bt/esp_ble_mesh/api/models/include -I/home/franstein/.platformio/packages/framework-arduinoespressif32@src-537c58760dafe7fcc8a1d9bbcf00b6f6/tools/sdk/esp32s3/include/bt/esp_ble_mesh/api -I/home/franstein/.platformio/packages/framework-arduinoespressif32@src-537c58760dafe7fcc8a1d9bbcf00b6f6/tools/sdk/esp32s3/include/cbor/port/include -I/home/franstein/.platformio/packages/framework-arduinoespressif32@src-537c58760dafe7fcc8a1d9bbcf00b6f6/tools/sdk/esp32s3/include/unity/include -I/home/franstein/.platformio/packages/framework-arduinoespressif32@src-537c58760dafe7fcc8a1d9bbcf00b6f6/tools/sdk/esp32s3/include/unity/unity/src -I/home/franstein/.platformio/packages/framework-arduinoespressif32@src-537c58760dafe7fcc8a1d9bbcf00b6f6/tools/sdk/esp32s3/include/cmock/CMock/src -I/home/franstein/.platformio/packages/framework-arduinoespressif32@src-537c58760dafe7fcc8a1d9bbcf00b6f6/tools/sdk/esp32s3/include/coap/port/include -I/home/franstein/.platformio/packages/framework-arduinoespressif32@src-537c58760dafe7fcc8a1d9bbcf00b6f6/tools/sdk/esp32s3/include/coap/libcoap/include -I/home/franstein/.platformio/packages/framework-arduinoespressif32@src-537c58760dafe7fcc8a1d9bbcf00b6f6/tools/sdk/esp32s3/include/nghttp/port/include -I/home/franstein/.platformio/packages/framework-arduinoespressif32@src-537c58760dafe7fcc8a1d9bbcf00b6f6/tools/sdk/esp32s3/include/nghttp/nghttp2/lib/includes -I/home/franstein/.platformio/packages/framework-arduinoespressif32@src-537c58760dafe7fcc8a1d9bbcf00b6f6/tools/sdk/esp32s3/include/esp-tls -I/home/franstein/.platformio/packages/framework-arduinoespressif32@src-537c58760dafe7fcc8a1d9bbcf00b6f6/tools/sdk/esp32s3/include/esp-tls/esp-tls-crypto -I/home/franstein/.platformio/packages/framework-arduinoespressif32@src-537c58760dafe7fcc8a1d9bbcf00b6f6/tools/sdk/esp32s3/include/esp_adc_cal/include -I/home/franstein/.platformio/packages/framework-arduinoespressif32@src-537c58760dafe7fcc8a1d9bbcf00b6f6/tools/sdk/esp32s3/include/esp_hid/include -I/home/franstein/.platformio/packages/framework-arduinoespressif32@src-537c58760dafe7fcc8a1d9bbcf00b6f6/tools/sdk/esp32s3/include/tcp_transport/include -I/home/franstein/.platformio/packages/framework-arduinoespressif32@src-537c58760dafe7fcc8a1d9bbcf00b6f6/tools/sdk/esp32s3/include/esp_http_client/include -I/home/franstein/.platformio/packages/framework-arduinoespressif32@src-537c58760dafe7fcc8a1d9bbcf00b6f6/tools/sdk/esp32s3/include/esp_http_server/include -I/home/franstein/.platformio/packages/framework-arduinoespressif32@src-537c58760dafe7fcc8a1d9bbcf00b6f6/tools/sdk/esp32s3/include/esp_https_ota/include -I/home/franstein/.platformio/packages/framework-arduinoespressif32@src-537c58760dafe7fcc8a1d9bbcf00b6f6/tools/sdk/esp32s3/include/esp_https_server/include -I/home/franstein/.platformio/packages/framework-arduinoespressif32@src-537c58760dafe7fcc8a1d9bbcf00b6f6/tools/sdk/esp32s3/include/esp_lcd/include -I/home/franstein/.platformio/packages/framework-arduinoespressif32@src-537c58760dafe7fcc8a1d9bbcf00b6f6/tools/sdk/esp32s3/include/esp_lcd/interface -I/home/franstein/.platformio/packages/framework-arduinoespressif32@src-537c58760dafe7fcc8a1d9bbcf00b6f6/tools/sdk/esp32s3/include/protobuf-c/protobuf-c -I/home/franstein/.platformio/packages/framework-arduinoespressif32@src-537c58760dafe7fcc8a1d9bbcf00b6f6/tools/sdk/esp32s3/include/protocomm/include/common -I/home/franstein/.platformio/packages/framework-arduinoespressif32@src-537c58760dafe7fcc8a1d9bbcf00b6f6/tools/sdk/esp32s3/include/protocomm/include/security -I/home/franstein/.platformio/packages/framework-arduinoespressif32@src-537c58760dafe7fcc8a1d9bbcf00b6f6/tools/sdk/esp32s3/include/protocomm/include/transports -I/home/franstein/.platformio/packages/framework-arduinoespressif32@src-537c58760dafe7fcc8a1d9bbcf00b6f6/tools/sdk/esp32s3/include/mdns/include -I/home/franstein/.platformio/packages/framework-arduinoespressif32@src-537c58760dafe7fcc8a1d9bbcf00b6f6/tools/sdk/esp32s3/include/esp_local_ctrl/include -I/home/franstein/.platformio/packages/framework-arduinoespressif32@src-537c58760dafe7fcc8a1d9bbcf00b6f6/tools/sdk/esp32s3/include/sdmmc/include -I/home/franstein/.platformio/packages/framework-arduinoespressif32@src-537c58760dafe7fcc8a1d9bbcf00b6f6/tools/sdk/esp32s3/include/esp_serial_slave_link/include -I/home/franstein/.platformio/packages/framework-arduinoespressif32@src-537c58760dafe7fcc8a1d9bbcf00b6f6/tools/sdk/esp32s3/include/esp_websocket_client/include -I/home/franstein/.platformio/packages/framework-arduinoespressif32@src-537c58760dafe7fcc8a1d9bbcf00b6f6/tools/sdk/esp32s3/include/expat/expat/expat/lib -I/home/franstein/.platformio/packages/framework-arduinoespressif32@src-537c58760dafe7fcc8a1d9bbcf00b6f6/tools/sdk/esp32s3/include/expat/port/include -I/home/franstein/.platformio/packages/framework-arduinoespressif32@src-537c58760dafe7fcc8a1d9bbcf00b6f6/tools/sdk/esp32s3/include/wear_levelling/include -I/home/franstein/.platformio/packages/framework-arduinoespressif32@src-537c58760dafe7fcc8a1d9bbcf00b6f6/tools/sdk/esp32s3/include/fatfs/diskio -I/home/franstein/.platformio/packages/framework-arduinoespressif32@src-537c58760dafe7fcc8a1d9bbcf00b6f6/tools/sdk/esp32s3/include/fatfs/vfs -I/home/franstein/.platformio/packages/framework-arduinoespressif32@src-537c58760dafe7fcc8a1d9bbcf00b6f6/tools/sdk/esp32s3/include/fatfs/src -I/home/franstein/.platformio/packages/framework-arduinoespressif32@src-537c58760dafe7fcc8a1d9bbcf00b6f6/tools/sdk/esp32s3/include/freemodbus/common/include -I/home/franstein/.platformio/packages/framework-arduinoespressif32@src-537c58760dafe7fcc8a1d9bbcf00b6f6/tools/sdk/esp32s3/include/idf_test/include -I/home/franstein/.platformio/packages/framework-arduinoespressif32@src-537c58760dafe7fcc8a1d9bbcf00b6f6/tools/sdk/esp32s3/include/idf_test/include/esp32s3 -I/home/franstein/.platformio/packages/framework-arduinoespressif32@src-537c58760dafe7fcc8a1d9bbcf00b6f6/tools/sdk/esp32s3/include/jsmn/include -I/home/franstein/.platformio/packages/framework-arduinoespressif32@src-537c58760dafe7fcc8a1d9bbcf00b6f6/tools/sdk/esp32s3/include/json/cJSON -I/home/franstein/.platformio/packages/framework-arduinoespressif32@src-537c58760dafe7fcc8a1d9bbcf00b6f6/tools/sdk/esp32s3/include/libsodium/libsodium/src/libsodium/include -I/home/franstein/.platformio/packages/framework-arduinoespressif32@src-537c58760dafe7fcc8a1d9bbcf00b6f6/tools/sdk/esp32s3/include/libsodium/port_include -I/home/franstein/.platformio/packages/framework-arduinoespressif32@src-537c58760dafe7fcc8a1d9bbcf00b6f6/tools/sdk/esp32s3/include/mqtt/esp-mqtt/include -I/home/franstein/.platformio/packages/framework-arduinoespressif32@src-537c58760dafe7fcc8a1d9bbcf00b6f6/tools/sdk/esp32s3/include/openssl/include -I/home/franstein/.platformio/packages/framework-arduinoespressif32@src-537c58760dafe7fcc8a1d9bbcf00b6f6/tools/sdk/esp32s3/include/perfmon/include -I/home/franstein/.platformio/packages/framework-arduinoespressif32@src-537c58760dafe7fcc8a1d9bbcf00b6f6/tools/sdk/esp32s3/include/spiffs/include -I/home/franstein/.platformio/packages/framework-arduinoespressif32@src-537c58760dafe7fcc8a1d9bbcf00b6f6/tools/sdk/esp32s3/include/usb/include -I/home/franstein/.platformio/packages/framework-arduinoespressif32@src-537c58760dafe7fcc8a1d9bbcf00b6f6/tools/sdk/esp32s3/include/ulp/include -I/home/franstein/.platformio/packages/framework-arduinoespressif32@src-537c58760dafe7fcc8a1d9bbcf00b6f6/tools/sdk/esp32s3/include/wifi_provisioning/include -I/home/franstein/.platformio/packages/framework-arduinoespressif32@src-537c58760dafe7fcc8a1d9bbcf00b6f6/tools/sdk/esp32s3/include/rmaker_common/include -I/home/franstein/.platformio/packages/framework-arduinoespressif32@src-537c58760dafe7fcc8a1d9bbcf00b6f6/tools/sdk/esp32s3/include/json_parser/upstream/include -I/home/franstein/.platformio/packages/framework-arduinoespressif32@src-537c58760dafe7fcc8a1d9bbcf00b6f6/tools/sdk/esp32s3/include/json_parser/upstream -I/home/franstein/.platformio/packages/framework-arduinoespressif32@src-537c58760dafe7fcc8a1d9bbcf00b6f6/tools/sdk/esp32s3/include/json_generator/upstream -I/home/franstein/.platformio/packages/framework-arduinoespressif32@src-537c58760dafe7fcc8a1d9bbcf00b6f6/tools/sdk/esp32s3/include/esp_schedule/include -I/home/franstein/.platformio/packages/framework-arduinoespressif32@src-537c58760dafe7fcc8a1d9bbcf00b6f6/tools/sdk/esp32s3/include/esp_rainmaker/include -I/home/franstein/.platformio/packages/framework-arduinoespressif32@src-537c58760dafe7fcc8a1d9bbcf00b6f6/tools/sdk/esp32s3/include/gpio_button/button/include -I/home/franstein/.platformio/packages/framework-arduinoespressif32@src-537c58760dafe7fcc8a1d9bbcf00b6f6/tools/sdk/esp32s3/include/qrcode/include -I/home/franstein/.platformio/packages/framework-arduinoespressif32@src-537c58760dafe7fcc8a1d9bbcf00b6f6/tools/sdk/esp32s3/include/ws2812_led -I/home/franstein/.platformio/packages/framework-arduinoespressif32@src-537c58760dafe7fcc8a1d9bbcf00b6f6/tools/sdk/esp32s3/include/esp_diagnostics/include -I/home/franstein/.platformio/packages/framework-arduinoespressif32@src-537c58760dafe7fcc8a1d9bbcf00b6f6/tools/sdk/esp32s3/include/rtc_store/include -I/home/franstein/.platformio/packages/framework-arduinoespressif32@src-537c58760dafe7fcc8a1d9bbcf00b6f6/tools/sdk/esp32s3/include/esp_insights/include -I/home/franstein/.platformio/packages/framework-arduinoespressif32@src-537c58760dafe7fcc8a1d9bbcf00b6f6/tools/sdk/esp32s3/include/esp-dsp/modules/dotprod/include -I/home/franstein/.platformio/packages/framework-arduinoespressif32@src-537c58760dafe7fcc8a1d9bbcf00b6f6/tools/sdk/esp32s3/include/esp-dsp/modules/support/include -I/home/franstein/.platformio/packages/framework-arduinoespressif32@src-537c58760dafe7fcc8a1d9bbcf00b6f6/tools/sdk/esp32s3/include/esp-dsp/modules/windows/include -I/home/franstein/.platformio/packages/framework-arduinoespressif32@src-537c58760dafe7fcc8a1d9bbcf00b6f6/tools/sdk/esp32s3/include/esp-dsp/modules/windows/hann/include -I/home/franstein/.platformio/packages/framework-arduinoespressif32@src-537c58760dafe7fcc8a1d9bbcf00b6f6/tools/sdk/esp32s3/include/esp-dsp/modules/windows/blackman/include -I/home/franstein/.platformio/packages/framework-arduinoespressif32@src-537c58760dafe7fcc8a1d9bbcf00b6f6/tools/sdk/esp32s3/include/esp-dsp/modules/windows/blackman_harris/include -I/home/franstein/.platformio/packages/framework-arduinoespressif32@src-537c58760dafe7fcc8a1d9bbcf00b6f6/tools/sdk/esp32s3/include/esp-dsp/modules/windows/blackman_nuttall/include -I/home/franstein/.platformio/packages/framework-arduinoespressif32@src-537c58760dafe7fcc8a1d9bbcf00b6f6/tools/sdk/esp32s3/include/esp-dsp/modules/windows/nuttall/include -I/home/franstein/.platformio/packages/framework-arduinoespressif32@src-537c58760dafe7fcc8a1d9bbcf00b6f6/tools/sdk/esp32s3/include/esp-dsp/modules/windows/flat_top/include -I/home/franstein/.platformio/packages/framework-arduinoespressif32@src-537c58760dafe7fcc8a1d9bbcf00b6f6/tools/sdk/esp32s3/include/esp-dsp/modules/iir/include -I/home/franstein/.platformio/packages/framework-arduinoespressif32@src-537c58760dafe7fcc8a1d9bbcf00b6f6/tools/sdk/esp32s3/include/esp-dsp/modules/fir/include -I/home/franstein/.platformio/packages/framework-arduinoespressif32@src-537c58760dafe7fcc8a1d9bbcf00b6f6/tools/sdk/esp32s3/include/esp-dsp/modules/math/include -I/home/franstein/.platformio/packages/framework-arduinoespressif32@src-537c58760dafe7fcc8a1d9bbcf00b6f6/tools/sdk/esp32s3/include/esp-dsp/modules/math/add/include -I/home/franstein/.platformio/packages/framework-arduinoespressif32@src-537c58760dafe7fcc8a1d9bbcf00b6f6/tools/sdk/esp32s3/include/esp-dsp/modules/math/sub/include -I/home/franstein/.platformio/packages/framework-arduinoespressif32@src-537c58760dafe7fcc8a1d9bbcf00b6f6/tools/sdk/esp32s3/include/esp-dsp/modules/math/mul/include -I/home/franstein/.platformio/packages/framework-arduinoespressif32@src-537c58760dafe7fcc8a1d9bbcf00b6f6/tools/sdk/esp32s3/include/esp-dsp/modules/math/addc/include -I/home/franstein/.platformio/packages/framework-arduinoespressif32@src-537c58760dafe7fcc8a1d9bbcf00b6f6/tools/sdk/esp32s3/include/esp-dsp/modules/math/mulc/include -I/home/franstein/.platformio/packages/framework-arduinoespressif32@src-537c58760dafe7fcc8a1d9bbcf00b6f6/tools/sdk/esp32s3/include/esp-dsp/modules/math/sqrt/include -I/home/franstein/.platformio/packages/framework-arduinoespressif32@src-537c58760dafe7fcc8a1d9bbcf00b6f6/tools/sdk/esp32s3/include/esp-dsp/modules/matrix/include -I/home/franstein/.platformio/packages/framework-arduinoespressif32@src-537c58760dafe7fcc8a1d9bbcf00b6f6/tools/sdk/esp32s3/include/esp-dsp/modules/fft/include -I/home/franstein/.platformio/packages/framework-arduinoespressif32@src-537c58760dafe7fcc8a1d9bbcf00b6f6/tools/sdk/esp32s3/include/esp-dsp/modules/dct/include -I/home/franstein/.platformio/packages/framework-arduinoespressif32@src-537c58760dafe7fcc8a1d9bbcf00b6f6/tools/sdk/esp32s3/include/esp-dsp/modules/conv/include -I/home/franstein/.platformio/packages/framework-arduinoespressif32@src-537c58760dafe7fcc8a1d9bbcf00b6f6/tools/sdk/esp32s3/include/esp-dsp/modules/common/include -I/home/franstein/.platformio/packages/framework-arduinoespressif32@src-537c58760dafe7fcc8a1d9bbcf00b6f6/tools/sdk/esp32s3/include/esp-dsp/modules/kalman/ekf/include -I/home/franstein/.platformio/packages/framework-arduinoespressif32@src-537c58760dafe7fcc8a1d9bbcf00b6f6/tools/sdk/esp32s3/include/esp-dsp/modules/kalman/ekf_imu13states/include -I/home/franstein/.platformio/packages/framework-arduinoespressif32@src-537c58760dafe7fcc8a1d9bbcf00b6f6/tools/sdk/esp32s3/include/freertos/include/freertos -I/home/franstein/.platformio/packages/framework-arduinoespressif32@src-537c58760dafe7fcc8a1d9bbcf00b6f6/tools/sdk/esp32s3/include/arduino_tinyusb/tinyusb/src -I/home/franstein/.platformio/packages/framework-arduinoespressif32@src-537c58760dafe7fcc8a1d9bbcf00b6f6/tools/sdk/esp32s3/include/arduino_tinyusb/include -I/home/franstein/.platformio/packages/framework-arduinoespressif32@src-537c58760dafe7fcc8a1d9bbcf00b6f6/tools/sdk/esp32s3/include/esp_littlefs/include -I/home/franstein/.platformio/packages/framework-arduinoespressif32@src-537c58760dafe7fcc8a1d9bbcf00b6f6/tools/sdk/esp32s3/include/esp-dl/include -I/home/franstein/.platformio/packages/framework-arduinoespressif32@src-537c58760dafe7fcc8a1d9bbcf00b6f6/tools/sdk/esp32s3/include/esp-dl/include/tool -I/home/franstein/.platformio/packages/framework-arduinoespressif32@src-537c58760dafe7fcc8a1d9bbcf00b6f6/tools/sdk/esp32s3/include/esp-dl/include/typedef -I/home/franstein/.platformio/packages/framework-arduinoespressif32@src-537c58760dafe7fcc8a1d9bbcf00b6f6/tools/sdk/esp32s3/include/esp-dl/include/image -I/home/franstein/.platformio/packages/framework-arduinoespressif32@src-537c58760dafe7fcc8a1d9bbcf00b6f6/tools/sdk/esp32s3/include/esp-dl/include/math -I/home/franstein/.platformio/packages/framework-arduinoespressif32@src-537c58760dafe7fcc8a1d9bbcf00b6f6/tools/sdk/esp32s3/include/esp-dl/include/nn -I/home/franstein/.platformio/packages/framework-arduinoespressif32@src-537c58760dafe7fcc8a1d9bbcf00b6f6/tools/sdk/esp32s3/include/esp-dl/include/layer -I/home/franstein/.platformio/packages/framework-arduinoespressif32@src-537c58760dafe7fcc8a1d9bbcf00b6f6/tools/sdk/esp32s3/include/esp-dl/include/detect -I/home/franstein/.platformio/packages/framework-arduinoespressif32@src-537c58760dafe7fcc8a1d9bbcf00b6f6/tools/sdk/esp32s3/include/esp-dl/include/model_zoo -I/home/franstein/.platformio/packages/framework-arduinoespressif32@src-537c58760dafe7fcc8a1d9bbcf00b6f6/tools/sdk/esp32s3/include/esp-sr/src/include -I/home/franstein/.platformio/packages/framework-arduinoespressif32@src-537c58760dafe7fcc8a1d9bbcf00b6f6/tools/sdk/esp32s3/include/esp-sr/esp-tts/esp_tts_chinese/include -I/home/franstein/.platformio/packages/framework-arduinoespressif32@src-537c58760dafe7fcc8a1d9bbcf00b6f6/tools/sdk/esp32s3/include/esp-sr/include/esp32s3 -I/home/franstein/.platformio/packages/framework-arduinoespressif32@src-537c58760dafe7fcc8a1d9bbcf00b6f6/tools/sdk/esp32s3/include/esp32-camera/driver/include -I/home/franstein/.platformio/packages/framework-arduinoespressif32@src-537c58760dafe7fcc8a1d9bbcf00b6f6/tools/sdk/esp32s3/include/esp32-camera/conversions/include -I/home/franstein/.platformio/packages/framework-arduinoespressif32@src-537c58760dafe7fcc8a1d9bbcf00b6f6/tools/sdk/esp32s3/include/fb_gfx/include -I/home/franstein/.platformio/packages/framework-arduinoespressif32@src-537c58760dafe7fcc8a1d9bbcf00b6f6/tools/sdk/esp32s3/qio_opi/include -I/home/franstein/.platformio/packages/framework-arduinoespressif32@src-537c58760dafe7fcc8a1d9bbcf00b6f6/cores/esp32 -I/home/franstein/.platformio/packages/framework-arduinoespressif32@src-537c58760dafe7fcc8a1d9bbcf00b6f6/variants/esp32s3 /home/franstein/.platformio/packages/framework-arduinoespressif32@src-537c58760dafe7fcc8a1d9bbcf00b6f6/cores/esp32/IPv6Address.cpp
xtensa-esp32s3-elf-g++ -o .pio/build/esp32/FrameworkArduino/MD5Builder.cpp.o -c -std=gnu++11 -fexceptions -fno-rtti -Os -mlongcalls -ffunction-sections -fdata-sections -Wno-error=unused-function -Wno-error=unused-variable -Wno-error=deprecated-declarations -Wno-unused-parameter -Wno-sign-compare -ggdb -freorder-blocks -Wwrite-strings -fstack-protector -fstrict-volatile-bitfields -Wno-error=unused-but-set-variable -fno-jump-tables -fno-tree-switch-conversion -MMD -DPLATFORMIO=60107 -DBOARD_HAS_PSRAM -DARDUINO_USB_MODE=1 -DARDUINO_USB_CDC_ON_BOOT=1 -DHAVE_CONFIG_H -DMBEDTLS_CONFIG_FILE=\"mbedtls/esp_config.h\" -DUNITY_INCLUDE_CONFIG_H -DWITH_POSIX -D_GNU_SOURCE -DIDF_VER=\"v4.4.3\" -DESP_PLATFORM -D_POSIX_READER_WRITER_LOCKS -DARDUINO_ARCH_ESP32 -DESP32 -DF_CPU=240000000L -DARDUINO=10812 -DARDUINO_VARIANT=\"esp32s3\" "-DARDUINO_BOARD=\"LILYGO T3-S3\"" -DARDUINO_PARTITION_default -I/home/franstein/.platformio/packages/framework-arduinoespressif32@src-537c58760dafe7fcc8a1d9bbcf00b6f6/tools/sdk/esp32s3/include/newlib/platform_include -I/home/franstein/.platformio/packages/framework-arduinoespressif32@src-537c58760dafe7fcc8a1d9bbcf00b6f6/tools/sdk/esp32s3/include/freertos/include -I/home/franstein/.platformio/packages/framework-arduinoespressif32@src-537c58760dafe7fcc8a1d9bbcf00b6f6/tools/sdk/esp32s3/include/freertos/include/esp_additions/freertos -I/home/franstein/.platformio/packages/framework-arduinoespressif32@src-537c58760dafe7fcc8a1d9bbcf00b6f6/tools/sdk/esp32s3/include/freertos/port/xtensa/include -I/home/franstein/.platformio/packages/framework-arduinoespressif32@src-537c58760dafe7fcc8a1d9bbcf00b6f6/tools/sdk/esp32s3/include/freertos/include/esp_additions -I/home/franstein/.platformio/packages/framework-arduinoespressif32@src-537c58760dafe7fcc8a1d9bbcf00b6f6/tools/sdk/esp32s3/include/esp_hw_support/include -I/home/franstein/.platformio/packages/framework-arduinoespressif32@src-537c58760dafe7fcc8a1d9bbcf00b6f6/tools/sdk/esp32s3/include/esp_hw_support/include/soc -I/home/franstein/.platformio/packages/framework-arduinoespressif32@src-537c58760dafe7fcc8a1d9bbcf00b6f6/tools/sdk/esp32s3/include/esp_hw_support/include/soc/esp32s3 -I/home/franstein/.platformio/packages/framework-arduinoespressif32@src-537c58760dafe7fcc8a1d9bbcf00b6f6/tools/sdk/esp32s3/include/esp_hw_support/port/esp32s3 -I/home/franstein/.platformio/packages/framework-arduinoespressif32@src-537c58760dafe7fcc8a1d9bbcf00b6f6/tools/sdk/esp32s3/include/esp_hw_support/port/esp32s3/private_include -I/home/franstein/.platformio/packages/framework-arduinoespressif32@src-537c58760dafe7fcc8a1d9bbcf00b6f6/tools/sdk/esp32s3/include/heap/include -I/home/franstein/.platformio/packages/framework-arduinoespressif32@src-537c58760dafe7fcc8a1d9bbcf00b6f6/tools/sdk/esp32s3/include/log/include -I/home/franstein/.platformio/packages/framework-arduinoespressif32@src-537c58760dafe7fcc8a1d9bbcf00b6f6/tools/sdk/esp32s3/include/lwip/include/apps -I/home/franstein/.platformio/packages/framework-arduinoespressif32@src-537c58760dafe7fcc8a1d9bbcf00b6f6/tools/sdk/esp32s3/include/lwip/include/apps/sntp -I/home/franstein/.platformio/packages/framework-arduinoespressif32@src-537c58760dafe7fcc8a1d9bbcf00b6f6/tools/sdk/esp32s3/include/lwip/lwip/src/include -I/home/franstein/.platformio/packages/framework-arduinoespressif32@src-537c58760dafe7fcc8a1d9bbcf00b6f6/tools/sdk/esp32s3/include/lwip/port/esp32/include -I/home/franstein/.platformio/packages/framework-arduinoespressif32@src-537c58760dafe7fcc8a1d9bbcf00b6f6/tools/sdk/esp32s3/include/lwip/port/esp32/include/arch -I/home/franstein/.platformio/packages/framework-arduinoespressif32@src-537c58760dafe7fcc8a1d9bbcf00b6f6/tools/sdk/esp32s3/include/soc/include -I/home/franstein/.platformio/packages/framework-arduinoespressif32@src-537c58760dafe7fcc8a1d9bbcf00b6f6/tools/sdk/esp32s3/include/soc/esp32s3 -I/home/franstein/.platformio/packages/framework-arduinoespressif32@src-537c58760dafe7fcc8a1d9bbcf00b6f6/tools/sdk/esp32s3/include/soc/esp32s3/include -I/home/franstein/.platformio/packages/framework-arduinoespressif32@src-537c58760dafe7fcc8a1d9bbcf00b6f6/tools/sdk/esp32s3/include/hal/esp32s3/include -I/home/franstein/.platformio/packages/framework-arduinoespressif32@src-537c58760dafe7fcc8a1d9bbcf00b6f6/tools/sdk/esp32s3/include/hal/include -I/home/franstein/.platformio/packages/framework-arduinoespressif32@src-537c58760dafe7fcc8a1d9bbcf00b6f6/tools/sdk/esp32s3/include/hal/platform_port/include -I/home/franstein/.platformio/packages/framework-arduinoespressif32@src-537c58760dafe7fcc8a1d9bbcf00b6f6/tools/sdk/esp32s3/include/esp_rom/include -I/home/franstein/.platformio/packages/framework-arduinoespressif32@src-537c58760dafe7fcc8a1d9bbcf00b6f6/tools/sdk/esp32s3/include/esp_rom/include/esp32s3 -I/home/franstein/.platformio/packages/framework-arduinoespressif32@src-537c58760dafe7fcc8a1d9bbcf00b6f6/tools/sdk/esp32s3/include/esp_rom/esp32s3 -I/home/franstein/.platformio/packages/framework-arduinoespressif32@src-537c58760dafe7fcc8a1d9bbcf00b6f6/tools/sdk/esp32s3/include/esp_common/include -I/home/franstein/.platformio/packages/framework-arduinoespressif32@src-537c58760dafe7fcc8a1d9bbcf00b6f6/tools/sdk/esp32s3/include/esp_system/include -I/home/franstein/.platformio/packages/framework-arduinoespressif32@src-537c58760dafe7fcc8a1d9bbcf00b6f6/tools/sdk/esp32s3/include/esp_system/port/soc -I/home/franstein/.platformio/packages/framework-arduinoespressif32@src-537c58760dafe7fcc8a1d9bbcf00b6f6/tools/sdk/esp32s3/include/esp_system/port/public_compat -I/home/franstein/.platformio/packages/framework-arduinoespressif32@src-537c58760dafe7fcc8a1d9bbcf00b6f6/tools/sdk/esp32s3/include/xtensa/include -I/home/franstein/.platformio/packages/framework-arduinoespressif32@src-537c58760dafe7fcc8a1d9bbcf00b6f6/tools/sdk/esp32s3/include/xtensa/esp32s3/include -I/home/franstein/.platformio/packages/framework-arduinoespressif32@src-537c58760dafe7fcc8a1d9bbcf00b6f6/tools/sdk/esp32s3/include/driver/include -I/home/franstein/.platformio/packages/framework-arduinoespressif32@src-537c58760dafe7fcc8a1d9bbcf00b6f6/tools/sdk/esp32s3/include/driver/esp32s3/include -I/home/franstein/.platformio/packages/framework-arduinoespressif32@src-537c58760dafe7fcc8a1d9bbcf00b6f6/tools/sdk/esp32s3/include/esp_pm/include -I/home/franstein/.platformio/packages/framework-arduinoespressif32@src-537c58760dafe7fcc8a1d9bbcf00b6f6/tools/sdk/esp32s3/include/esp_ringbuf/include -I/home/franstein/.platformio/packages/framework-arduinoespressif32@src-537c58760dafe7fcc8a1d9bbcf00b6f6/tools/sdk/esp32s3/include/efuse/include -I/home/franstein/.platformio/packages/framework-arduinoespressif32@src-537c58760dafe7fcc8a1d9bbcf00b6f6/tools/sdk/esp32s3/include/efuse/esp32s3/include -I/home/franstein/.platformio/packages/framework-arduinoespressif32@src-537c58760dafe7fcc8a1d9bbcf00b6f6/tools/sdk/esp32s3/include/vfs/include -I/home/franstein/.platformio/packages/framework-arduinoespressif32@src-537c58760dafe7fcc8a1d9bbcf00b6f6/tools/sdk/esp32s3/include/esp_wifi/include -I/home/franstein/.platformio/packages/framework-arduinoespressif32@src-537c58760dafe7fcc8a1d9bbcf00b6f6/tools/sdk/esp32s3/include/esp_event/include -I/home/franstein/.platformio/packages/framework-arduinoespressif32@src-537c58760dafe7fcc8a1d9bbcf00b6f6/tools/sdk/esp32s3/include/esp_netif/include -I/home/franstein/.platformio/packages/framework-arduinoespressif32@src-537c58760dafe7fcc8a1d9bbcf00b6f6/tools/sdk/esp32s3/include/esp_eth/include -I/home/franstein/.platformio/packages/framework-arduinoespressif32@src-537c58760dafe7fcc8a1d9bbcf00b6f6/tools/sdk/esp32s3/include/tcpip_adapter/include -I/home/franstein/.platformio/packages/framework-arduinoespressif32@src-537c58760dafe7fcc8a1d9bbcf00b6f6/tools/sdk/esp32s3/include/esp_phy/include -I/home/franstein/.platformio/packages/framework-arduinoespressif32@src-537c58760dafe7fcc8a1d9bbcf00b6f6/tools/sdk/esp32s3/include/esp_phy/esp32s3/include -I/home/franstein/.platformio/packages/framework-arduinoespressif32@src-537c58760dafe7fcc8a1d9bbcf00b6f6/tools/sdk/esp32s3/include/esp_ipc/include -I/home/franstein/.platformio/packages/framework-arduinoespressif32@src-537c58760dafe7fcc8a1d9bbcf00b6f6/tools/sdk/esp32s3/include/app_trace/include -I/home/franstein/.platformio/packages/framework-arduinoespressif32@src-537c58760dafe7fcc8a1d9bbcf00b6f6/tools/sdk/esp32s3/include/esp_timer/include -I/home/franstein/.platformio/packages/framework-arduinoespressif32@src-537c58760dafe7fcc8a1d9bbcf00b6f6/tools/sdk/esp32s3/include/mbedtls/port/include -I/home/franstein/.platformio/packages/framework-arduinoespressif32@src-537c58760dafe7fcc8a1d9bbcf00b6f6/tools/sdk/esp32s3/include/mbedtls/mbedtls/include -I/home/franstein/.platformio/packages/framework-arduinoespressif32@src-537c58760dafe7fcc8a1d9bbcf00b6f6/tools/sdk/esp32s3/include/mbedtls/esp_crt_bundle/include -I/home/franstein/.platformio/packages/framework-arduinoespressif32@src-537c58760dafe7fcc8a1d9bbcf00b6f6/tools/sdk/esp32s3/include/app_update/include -I/home/franstein/.platformio/packages/framework-arduinoespressif32@src-537c58760dafe7fcc8a1d9bbcf00b6f6/tools/sdk/esp32s3/include/spi_flash/include -I/home/franstein/.platformio/packages/framework-arduinoespressif32@src-537c58760dafe7fcc8a1d9bbcf00b6f6/tools/sdk/esp32s3/include/bootloader_support/include -I/home/franstein/.platformio/packages/framework-arduinoespressif32@src-537c58760dafe7fcc8a1d9bbcf00b6f6/tools/sdk/esp32s3/include/nvs_flash/include -I/home/franstein/.platformio/packages/framework-arduinoespressif32@src-537c58760dafe7fcc8a1d9bbcf00b6f6/tools/sdk/esp32s3/include/pthread/include -I/home/franstein/.platformio/packages/framework-arduinoespressif32@src-537c58760dafe7fcc8a1d9bbcf00b6f6/tools/sdk/esp32s3/include/esp_gdbstub/include -I/home/franstein/.platformio/packages/framework-arduinoespressif32@src-537c58760dafe7fcc8a1d9bbcf00b6f6/tools/sdk/esp32s3/include/esp_gdbstub/xtensa -I/home/franstein/.platformio/packages/framework-arduinoespressif32@src-537c58760dafe7fcc8a1d9bbcf00b6f6/tools/sdk/esp32s3/include/esp_gdbstub/esp32s3 -I/home/franstein/.platformio/packages/framework-arduinoespressif32@src-537c58760dafe7fcc8a1d9bbcf00b6f6/tools/sdk/esp32s3/include/espcoredump/include -I/home/franstein/.platformio/packages/framework-arduinoespressif32@src-537c58760dafe7fcc8a1d9bbcf00b6f6/tools/sdk/esp32s3/include/espcoredump/include/port/xtensa -I/home/franstein/.platformio/packages/framework-arduinoespressif32@src-537c58760dafe7fcc8a1d9bbcf00b6f6/tools/sdk/esp32s3/include/wpa_supplicant/include -I/home/franstein/.platformio/packages/framework-arduinoespressif32@src-537c58760dafe7fcc8a1d9bbcf00b6f6/tools/sdk/esp32s3/include/wpa_supplicant/port/include -I/home/franstein/.platformio/packages/framework-arduinoespressif32@src-537c58760dafe7fcc8a1d9bbcf00b6f6/tools/sdk/esp32s3/include/wpa_supplicant/esp_supplicant/include -I/home/franstein/.platformio/packages/framework-arduinoespressif32@src-537c58760dafe7fcc8a1d9bbcf00b6f6/tools/sdk/esp32s3/include/ieee802154/include -I/home/franstein/.platformio/packages/framework-arduinoespressif32@src-537c58760dafe7fcc8a1d9bbcf00b6f6/tools/sdk/esp32s3/include/console -I/home/franstein/.platformio/packages/framework-arduinoespressif32@src-537c58760dafe7fcc8a1d9bbcf00b6f6/tools/sdk/esp32s3/include/asio/asio/asio/include -I/home/franstein/.platformio/packages/framework-arduinoespressif32@src-537c58760dafe7fcc8a1d9bbcf00b6f6/tools/sdk/esp32s3/include/asio/port/include -I/home/franstein/.platformio/packages/framework-arduinoespressif32@src-537c58760dafe7fcc8a1d9bbcf00b6f6/tools/sdk/esp32s3/include/bt/common/osi/include -I/home/franstein/.platformio/packages/framework-arduinoespressif32@src-537c58760dafe7fcc8a1d9bbcf00b6f6/tools/sdk/esp32s3/include/bt/include/esp32s3/include -I/home/franstein/.platformio/packages/framework-arduinoespressif32@src-537c58760dafe7fcc8a1d9bbcf00b6f6/tools/sdk/esp32s3/include/bt/common/api/include/api -I/home/franstein/.platformio/packages/framework-arduinoespressif32@src-537c58760dafe7fcc8a1d9bbcf00b6f6/tools/sdk/esp32s3/include/bt/common/btc/profile/esp/blufi/include -I/home/franstein/.platformio/packages/framework-arduinoespressif32@src-537c58760dafe7fcc8a1d9bbcf00b6f6/tools/sdk/esp32s3/include/bt/common/btc/profile/esp/include -I/home/franstein/.platformio/packages/framework-arduinoespressif32@src-537c58760dafe7fcc8a1d9bbcf00b6f6/tools/sdk/esp32s3/include/bt/host/bluedroid/api/include/api -I/home/franstein/.platformio/packages/framework-arduinoespressif32@src-537c58760dafe7fcc8a1d9bbcf00b6f6/tools/sdk/esp32s3/include/bt/esp_ble_mesh/mesh_common/include -I/home/franstein/.platformio/packages/framework-arduinoespressif32@src-537c58760dafe7fcc8a1d9bbcf00b6f6/tools/sdk/esp32s3/include/bt/esp_ble_mesh/mesh_common/tinycrypt/include -I/home/franstein/.platformio/packages/framework-arduinoespressif32@src-537c58760dafe7fcc8a1d9bbcf00b6f6/tools/sdk/esp32s3/include/bt/esp_ble_mesh/mesh_core -I/home/franstein/.platformio/packages/framework-arduinoespressif32@src-537c58760dafe7fcc8a1d9bbcf00b6f6/tools/sdk/esp32s3/include/bt/esp_ble_mesh/mesh_core/include -I/home/franstein/.platformio/packages/framework-arduinoespressif32@src-537c58760dafe7fcc8a1d9bbcf00b6f6/tools/sdk/esp32s3/include/bt/esp_ble_mesh/mesh_core/storage -I/home/franstein/.platformio/packages/framework-arduinoespressif32@src-537c58760dafe7fcc8a1d9bbcf00b6f6/tools/sdk/esp32s3/include/bt/esp_ble_mesh/btc/include -I/home/franstein/.platformio/packages/framework-arduinoespressif32@src-537c58760dafe7fcc8a1d9bbcf00b6f6/tools/sdk/esp32s3/include/bt/esp_ble_mesh/mesh_models/common/include -I/home/franstein/.platformio/packages/framework-arduinoespressif32@src-537c58760dafe7fcc8a1d9bbcf00b6f6/tools/sdk/esp32s3/include/bt/esp_ble_mesh/mesh_models/client/include -I/home/franstein/.platformio/packages/framework-arduinoespressif32@src-537c58760dafe7fcc8a1d9bbcf00b6f6/tools/sdk/esp32s3/include/bt/esp_ble_mesh/mesh_models/server/include -I/home/franstein/.platformio/packages/framework-arduinoespressif32@src-537c58760dafe7fcc8a1d9bbcf00b6f6/tools/sdk/esp32s3/include/bt/esp_ble_mesh/api/core/include -I/home/franstein/.platformio/packages/framework-arduinoespressif32@src-537c58760dafe7fcc8a1d9bbcf00b6f6/tools/sdk/esp32s3/include/bt/esp_ble_mesh/api/models/include -I/home/franstein/.platformio/packages/framework-arduinoespressif32@src-537c58760dafe7fcc8a1d9bbcf00b6f6/tools/sdk/esp32s3/include/bt/esp_ble_mesh/api -I/home/franstein/.platformio/packages/framework-arduinoespressif32@src-537c58760dafe7fcc8a1d9bbcf00b6f6/tools/sdk/esp32s3/include/cbor/port/include -I/home/franstein/.platformio/packages/framework-arduinoespressif32@src-537c58760dafe7fcc8a1d9bbcf00b6f6/tools/sdk/esp32s3/include/unity/include -I/home/franstein/.platformio/packages/framework-arduinoespressif32@src-537c58760dafe7fcc8a1d9bbcf00b6f6/tools/sdk/esp32s3/include/unity/unity/src -I/home/franstein/.platformio/packages/framework-arduinoespressif32@src-537c58760dafe7fcc8a1d9bbcf00b6f6/tools/sdk/esp32s3/include/cmock/CMock/src -I/home/franstein/.platformio/packages/framework-arduinoespressif32@src-537c58760dafe7fcc8a1d9bbcf00b6f6/tools/sdk/esp32s3/include/coap/port/include -I/home/franstein/.platformio/packages/framework-arduinoespressif32@src-537c58760dafe7fcc8a1d9bbcf00b6f6/tools/sdk/esp32s3/include/coap/libcoap/include -I/home/franstein/.platformio/packages/framework-arduinoespressif32@src-537c58760dafe7fcc8a1d9bbcf00b6f6/tools/sdk/esp32s3/include/nghttp/port/include -I/home/franstein/.platformio/packages/framework-arduinoespressif32@src-537c58760dafe7fcc8a1d9bbcf00b6f6/tools/sdk/esp32s3/include/nghttp/nghttp2/lib/includes -I/home/franstein/.platformio/packages/framework-arduinoespressif32@src-537c58760dafe7fcc8a1d9bbcf00b6f6/tools/sdk/esp32s3/include/esp-tls -I/home/franstein/.platformio/packages/framework-arduinoespressif32@src-537c58760dafe7fcc8a1d9bbcf00b6f6/tools/sdk/esp32s3/include/esp-tls/esp-tls-crypto -I/home/franstein/.platformio/packages/framework-arduinoespressif32@src-537c58760dafe7fcc8a1d9bbcf00b6f6/tools/sdk/esp32s3/include/esp_adc_cal/include -I/home/franstein/.platformio/packages/framework-arduinoespressif32@src-537c58760dafe7fcc8a1d9bbcf00b6f6/tools/sdk/esp32s3/include/esp_hid/include -I/home/franstein/.platformio/packages/framework-arduinoespressif32@src-537c58760dafe7fcc8a1d9bbcf00b6f6/tools/sdk/esp32s3/include/tcp_transport/include -I/home/franstein/.platformio/packages/framework-arduinoespressif32@src-537c58760dafe7fcc8a1d9bbcf00b6f6/tools/sdk/esp32s3/include/esp_http_client/include -I/home/franstein/.platformio/packages/framework-arduinoespressif32@src-537c58760dafe7fcc8a1d9bbcf00b6f6/tools/sdk/esp32s3/include/esp_http_server/include -I/home/franstein/.platformio/packages/framework-arduinoespressif32@src-537c58760dafe7fcc8a1d9bbcf00b6f6/tools/sdk/esp32s3/include/esp_https_ota/include -I/home/franstein/.platformio/packages/framework-arduinoespressif32@src-537c58760dafe7fcc8a1d9bbcf00b6f6/tools/sdk/esp32s3/include/esp_https_server/include -I/home/franstein/.platformio/packages/framework-arduinoespressif32@src-537c58760dafe7fcc8a1d9bbcf00b6f6/tools/sdk/esp32s3/include/esp_lcd/include -I/home/franstein/.platformio/packages/framework-arduinoespressif32@src-537c58760dafe7fcc8a1d9bbcf00b6f6/tools/sdk/esp32s3/include/esp_lcd/interface -I/home/franstein/.platformio/packages/framework-arduinoespressif32@src-537c58760dafe7fcc8a1d9bbcf00b6f6/tools/sdk/esp32s3/include/protobuf-c/protobuf-c -I/home/franstein/.platformio/packages/framework-arduinoespressif32@src-537c58760dafe7fcc8a1d9bbcf00b6f6/tools/sdk/esp32s3/include/protocomm/include/common -I/home/franstein/.platformio/packages/framework-arduinoespressif32@src-537c58760dafe7fcc8a1d9bbcf00b6f6/tools/sdk/esp32s3/include/protocomm/include/security -I/home/franstein/.platformio/packages/framework-arduinoespressif32@src-537c58760dafe7fcc8a1d9bbcf00b6f6/tools/sdk/esp32s3/include/protocomm/include/transports -I/home/franstein/.platformio/packages/framework-arduinoespressif32@src-537c58760dafe7fcc8a1d9bbcf00b6f6/tools/sdk/esp32s3/include/mdns/include -I/home/franstein/.platformio/packages/framework-arduinoespressif32@src-537c58760dafe7fcc8a1d9bbcf00b6f6/tools/sdk/esp32s3/include/esp_local_ctrl/include -I/home/franstein/.platformio/packages/framework-arduinoespressif32@src-537c58760dafe7fcc8a1d9bbcf00b6f6/tools/sdk/esp32s3/include/sdmmc/include -I/home/franstein/.platformio/packages/framework-arduinoespressif32@src-537c58760dafe7fcc8a1d9bbcf00b6f6/tools/sdk/esp32s3/include/esp_serial_slave_link/include -I/home/franstein/.platformio/packages/framework-arduinoespressif32@src-537c58760dafe7fcc8a1d9bbcf00b6f6/tools/sdk/esp32s3/include/esp_websocket_client/include -I/home/franstein/.platformio/packages/framework-arduinoespressif32@src-537c58760dafe7fcc8a1d9bbcf00b6f6/tools/sdk/esp32s3/include/expat/expat/expat/lib -I/home/franstein/.platformio/packages/framework-arduinoespressif32@src-537c58760dafe7fcc8a1d9bbcf00b6f6/tools/sdk/esp32s3/include/expat/port/include -I/home/franstein/.platformio/packages/framework-arduinoespressif32@src-537c58760dafe7fcc8a1d9bbcf00b6f6/tools/sdk/esp32s3/include/wear_levelling/include -I/home/franstein/.platformio/packages/framework-arduinoespressif32@src-537c58760dafe7fcc8a1d9bbcf00b6f6/tools/sdk/esp32s3/include/fatfs/diskio -I/home/franstein/.platformio/packages/framework-arduinoespressif32@src-537c58760dafe7fcc8a1d9bbcf00b6f6/tools/sdk/esp32s3/include/fatfs/vfs -I/home/franstein/.platformio/packages/framework-arduinoespressif32@src-537c58760dafe7fcc8a1d9bbcf00b6f6/tools/sdk/esp32s3/include/fatfs/src -I/home/franstein/.platformio/packages/framework-arduinoespressif32@src-537c58760dafe7fcc8a1d9bbcf00b6f6/tools/sdk/esp32s3/include/freemodbus/common/include -I/home/franstein/.platformio/packages/framework-arduinoespressif32@src-537c58760dafe7fcc8a1d9bbcf00b6f6/tools/sdk/esp32s3/include/idf_test/include -I/home/franstein/.platformio/packages/framework-arduinoespressif32@src-537c58760dafe7fcc8a1d9bbcf00b6f6/tools/sdk/esp32s3/include/idf_test/include/esp32s3 -I/home/franstein/.platformio/packages/framework-arduinoespressif32@src-537c58760dafe7fcc8a1d9bbcf00b6f6/tools/sdk/esp32s3/include/jsmn/include -I/home/franstein/.platformio/packages/framework-arduinoespressif32@src-537c58760dafe7fcc8a1d9bbcf00b6f6/tools/sdk/esp32s3/include/json/cJSON -I/home/franstein/.platformio/packages/framework-arduinoespressif32@src-537c58760dafe7fcc8a1d9bbcf00b6f6/tools/sdk/esp32s3/include/libsodium/libsodium/src/libsodium/include -I/home/franstein/.platformio/packages/framework-arduinoespressif32@src-537c58760dafe7fcc8a1d9bbcf00b6f6/tools/sdk/esp32s3/include/libsodium/port_include -I/home/franstein/.platformio/packages/framework-arduinoespressif32@src-537c58760dafe7fcc8a1d9bbcf00b6f6/tools/sdk/esp32s3/include/mqtt/esp-mqtt/include -I/home/franstein/.platformio/packages/framework-arduinoespressif32@src-537c58760dafe7fcc8a1d9bbcf00b6f6/tools/sdk/esp32s3/include/openssl/include -I/home/franstein/.platformio/packages/framework-arduinoespressif32@src-537c58760dafe7fcc8a1d9bbcf00b6f6/tools/sdk/esp32s3/include/perfmon/include -I/home/franstein/.platformio/packages/framework-arduinoespressif32@src-537c58760dafe7fcc8a1d9bbcf00b6f6/tools/sdk/esp32s3/include/spiffs/include -I/home/franstein/.platformio/packages/framework-arduinoespressif32@src-537c58760dafe7fcc8a1d9bbcf00b6f6/tools/sdk/esp32s3/include/usb/include -I/home/franstein/.platformio/packages/framework-arduinoespressif32@src-537c58760dafe7fcc8a1d9bbcf00b6f6/tools/sdk/esp32s3/include/ulp/include -I/home/franstein/.platformio/packages/framework-arduinoespressif32@src-537c58760dafe7fcc8a1d9bbcf00b6f6/tools/sdk/esp32s3/include/wifi_provisioning/include -I/home/franstein/.platformio/packages/framework-arduinoespressif32@src-537c58760dafe7fcc8a1d9bbcf00b6f6/tools/sdk/esp32s3/include/rmaker_common/include -I/home/franstein/.platformio/packages/framework-arduinoespressif32@src-537c58760dafe7fcc8a1d9bbcf00b6f6/tools/sdk/esp32s3/include/json_parser/upstream/include -I/home/franstein/.platformio/packages/framework-arduinoespressif32@src-537c58760dafe7fcc8a1d9bbcf00b6f6/tools/sdk/esp32s3/include/json_parser/upstream -I/home/franstein/.platformio/packages/framework-arduinoespressif32@src-537c58760dafe7fcc8a1d9bbcf00b6f6/tools/sdk/esp32s3/include/json_generator/upstream -I/home/franstein/.platformio/packages/framework-arduinoespressif32@src-537c58760dafe7fcc8a1d9bbcf00b6f6/tools/sdk/esp32s3/include/esp_schedule/include -I/home/franstein/.platformio/packages/framework-arduinoespressif32@src-537c58760dafe7fcc8a1d9bbcf00b6f6/tools/sdk/esp32s3/include/esp_rainmaker/include -I/home/franstein/.platformio/packages/framework-arduinoespressif32@src-537c58760dafe7fcc8a1d9bbcf00b6f6/tools/sdk/esp32s3/include/gpio_button/button/include -I/home/franstein/.platformio/packages/framework-arduinoespressif32@src-537c58760dafe7fcc8a1d9bbcf00b6f6/tools/sdk/esp32s3/include/qrcode/include -I/home/franstein/.platformio/packages/framework-arduinoespressif32@src-537c58760dafe7fcc8a1d9bbcf00b6f6/tools/sdk/esp32s3/include/ws2812_led -I/home/franstein/.platformio/packages/framework-arduinoespressif32@src-537c58760dafe7fcc8a1d9bbcf00b6f6/tools/sdk/esp32s3/include/esp_diagnostics/include -I/home/franstein/.platformio/packages/framework-arduinoespressif32@src-537c58760dafe7fcc8a1d9bbcf00b6f6/tools/sdk/esp32s3/include/rtc_store/include -I/home/franstein/.platformio/packages/framework-arduinoespressif32@src-537c58760dafe7fcc8a1d9bbcf00b6f6/tools/sdk/esp32s3/include/esp_insights/include -I/home/franstein/.platformio/packages/framework-arduinoespressif32@src-537c58760dafe7fcc8a1d9bbcf00b6f6/tools/sdk/esp32s3/include/esp-dsp/modules/dotprod/include -I/home/franstein/.platformio/packages/framework-arduinoespressif32@src-537c58760dafe7fcc8a1d9bbcf00b6f6/tools/sdk/esp32s3/include/esp-dsp/modules/support/include -I/home/franstein/.platformio/packages/framework-arduinoespressif32@src-537c58760dafe7fcc8a1d9bbcf00b6f6/tools/sdk/esp32s3/include/esp-dsp/modules/windows/include -I/home/franstein/.platformio/packages/framework-arduinoespressif32@src-537c58760dafe7fcc8a1d9bbcf00b6f6/tools/sdk/esp32s3/include/esp-dsp/modules/windows/hann/include -I/home/franstein/.platformio/packages/framework-arduinoespressif32@src-537c58760dafe7fcc8a1d9bbcf00b6f6/tools/sdk/esp32s3/include/esp-dsp/modules/windows/blackman/include -I/home/franstein/.platformio/packages/framework-arduinoespressif32@src-537c58760dafe7fcc8a1d9bbcf00b6f6/tools/sdk/esp32s3/include/esp-dsp/modules/windows/blackman_harris/include -I/home/franstein/.platformio/packages/framework-arduinoespressif32@src-537c58760dafe7fcc8a1d9bbcf00b6f6/tools/sdk/esp32s3/include/esp-dsp/modules/windows/blackman_nuttall/include -I/home/franstein/.platformio/packages/framework-arduinoespressif32@src-537c58760dafe7fcc8a1d9bbcf00b6f6/tools/sdk/esp32s3/include/esp-dsp/modules/windows/nuttall/include -I/home/franstein/.platformio/packages/framework-arduinoespressif32@src-537c58760dafe7fcc8a1d9bbcf00b6f6/tools/sdk/esp32s3/include/esp-dsp/modules/windows/flat_top/include -I/home/franstein/.platformio/packages/framework-arduinoespressif32@src-537c58760dafe7fcc8a1d9bbcf00b6f6/tools/sdk/esp32s3/include/esp-dsp/modules/iir/include -I/home/franstein/.platformio/packages/framework-arduinoespressif32@src-537c58760dafe7fcc8a1d9bbcf00b6f6/tools/sdk/esp32s3/include/esp-dsp/modules/fir/include -I/home/franstein/.platformio/packages/framework-arduinoespressif32@src-537c58760dafe7fcc8a1d9bbcf00b6f6/tools/sdk/esp32s3/include/esp-dsp/modules/math/include -I/home/franstein/.platformio/packages/framework-arduinoespressif32@src-537c58760dafe7fcc8a1d9bbcf00b6f6/tools/sdk/esp32s3/include/esp-dsp/modules/math/add/include -I/home/franstein/.platformio/packages/framework-arduinoespressif32@src-537c58760dafe7fcc8a1d9bbcf00b6f6/tools/sdk/esp32s3/include/esp-dsp/modules/math/sub/include -I/home/franstein/.platformio/packages/framework-arduinoespressif32@src-537c58760dafe7fcc8a1d9bbcf00b6f6/tools/sdk/esp32s3/include/esp-dsp/modules/math/mul/include -I/home/franstein/.platformio/packages/framework-arduinoespressif32@src-537c58760dafe7fcc8a1d9bbcf00b6f6/tools/sdk/esp32s3/include/esp-dsp/modules/math/addc/include -I/home/franstein/.platformio/packages/framework-arduinoespressif32@src-537c58760dafe7fcc8a1d9bbcf00b6f6/tools/sdk/esp32s3/include/esp-dsp/modules/math/mulc/include -I/home/franstein/.platformio/packages/framework-arduinoespressif32@src-537c58760dafe7fcc8a1d9bbcf00b6f6/tools/sdk/esp32s3/include/esp-dsp/modules/math/sqrt/include -I/home/franstein/.platformio/packages/framework-arduinoespressif32@src-537c58760dafe7fcc8a1d9bbcf00b6f6/tools/sdk/esp32s3/include/esp-dsp/modules/matrix/include -I/home/franstein/.platformio/packages/framework-arduinoespressif32@src-537c58760dafe7fcc8a1d9bbcf00b6f6/tools/sdk/esp32s3/include/esp-dsp/modules/fft/include -I/home/franstein/.platformio/packages/framework-arduinoespressif32@src-537c58760dafe7fcc8a1d9bbcf00b6f6/tools/sdk/esp32s3/include/esp-dsp/modules/dct/include -I/home/franstein/.platformio/packages/framework-arduinoespressif32@src-537c58760dafe7fcc8a1d9bbcf00b6f6/tools/sdk/esp32s3/include/esp-dsp/modules/conv/include -I/home/franstein/.platformio/packages/framework-arduinoespressif32@src-537c58760dafe7fcc8a1d9bbcf00b6f6/tools/sdk/esp32s3/include/esp-dsp/modules/common/include -I/home/franstein/.platformio/packages/framework-arduinoespressif32@src-537c58760dafe7fcc8a1d9bbcf00b6f6/tools/sdk/esp32s3/include/esp-dsp/modules/kalman/ekf/include -I/home/franstein/.platformio/packages/framework-arduinoespressif32@src-537c58760dafe7fcc8a1d9bbcf00b6f6/tools/sdk/esp32s3/include/esp-dsp/modules/kalman/ekf_imu13states/include -I/home/franstein/.platformio/packages/framework-arduinoespressif32@src-537c58760dafe7fcc8a1d9bbcf00b6f6/tools/sdk/esp32s3/include/freertos/include/freertos -I/home/franstein/.platformio/packages/framework-arduinoespressif32@src-537c58760dafe7fcc8a1d9bbcf00b6f6/tools/sdk/esp32s3/include/arduino_tinyusb/tinyusb/src -I/home/franstein/.platformio/packages/framework-arduinoespressif32@src-537c58760dafe7fcc8a1d9bbcf00b6f6/tools/sdk/esp32s3/include/arduino_tinyusb/include -I/home/franstein/.platformio/packages/framework-arduinoespressif32@src-537c58760dafe7fcc8a1d9bbcf00b6f6/tools/sdk/esp32s3/include/esp_littlefs/include -I/home/franstein/.platformio/packages/framework-arduinoespressif32@src-537c58760dafe7fcc8a1d9bbcf00b6f6/tools/sdk/esp32s3/include/esp-dl/include -I/home/franstein/.platformio/packages/framework-arduinoespressif32@src-537c58760dafe7fcc8a1d9bbcf00b6f6/tools/sdk/esp32s3/include/esp-dl/include/tool -I/home/franstein/.platformio/packages/framework-arduinoespressif32@src-537c58760dafe7fcc8a1d9bbcf00b6f6/tools/sdk/esp32s3/include/esp-dl/include/typedef -I/home/franstein/.platformio/packages/framework-arduinoespressif32@src-537c58760dafe7fcc8a1d9bbcf00b6f6/tools/sdk/esp32s3/include/esp-dl/include/image -I/home/franstein/.platformio/packages/framework-arduinoespressif32@src-537c58760dafe7fcc8a1d9bbcf00b6f6/tools/sdk/esp32s3/include/esp-dl/include/math -I/home/franstein/.platformio/packages/framework-arduinoespressif32@src-537c58760dafe7fcc8a1d9bbcf00b6f6/tools/sdk/esp32s3/include/esp-dl/include/nn -I/home/franstein/.platformio/packages/framework-arduinoespressif32@src-537c58760dafe7fcc8a1d9bbcf00b6f6/tools/sdk/esp32s3/include/esp-dl/include/layer -I/home/franstein/.platformio/packages/framework-arduinoespressif32@src-537c58760dafe7fcc8a1d9bbcf00b6f6/tools/sdk/esp32s3/include/esp-dl/include/detect -I/home/franstein/.platformio/packages/framework-arduinoespressif32@src-537c58760dafe7fcc8a1d9bbcf00b6f6/tools/sdk/esp32s3/include/esp-dl/include/model_zoo -I/home/franstein/.platformio/packages/framework-arduinoespressif32@src-537c58760dafe7fcc8a1d9bbcf00b6f6/tools/sdk/esp32s3/include/esp-sr/src/include -I/home/franstein/.platformio/packages/framework-arduinoespressif32@src-537c58760dafe7fcc8a1d9bbcf00b6f6/tools/sdk/esp32s3/include/esp-sr/esp-tts/esp_tts_chinese/include -I/home/franstein/.platformio/packages/framework-arduinoespressif32@src-537c58760dafe7fcc8a1d9bbcf00b6f6/tools/sdk/esp32s3/include/esp-sr/include/esp32s3 -I/home/franstein/.platformio/packages/framework-arduinoespressif32@src-537c58760dafe7fcc8a1d9bbcf00b6f6/tools/sdk/esp32s3/include/esp32-camera/driver/include -I/home/franstein/.platformio/packages/framework-arduinoespressif32@src-537c58760dafe7fcc8a1d9bbcf00b6f6/tools/sdk/esp32s3/include/esp32-camera/conversions/include -I/home/franstein/.platformio/packages/framework-arduinoespressif32@src-537c58760dafe7fcc8a1d9bbcf00b6f6/tools/sdk/esp32s3/include/fb_gfx/include -I/home/franstein/.platformio/packages/framework-arduinoespressif32@src-537c58760dafe7fcc8a1d9bbcf00b6f6/tools/sdk/esp32s3/qio_opi/include -I/home/franstein/.platformio/packages/framework-arduinoespressif32@src-537c58760dafe7fcc8a1d9bbcf00b6f6/cores/esp32 -I/home/franstein/.platformio/packages/framework-arduinoespressif32@src-537c58760dafe7fcc8a1d9bbcf00b6f6/variants/esp32s3 /home/franstein/.platformio/packages/framework-arduinoespressif32@src-537c58760dafe7fcc8a1d9bbcf00b6f6/cores/esp32/MD5Builder.cpp
xtensa-esp32s3-elf-g++ -o .pio/build/esp32/FrameworkArduino/Print.cpp.o -c -std=gnu++11 -fexceptions -fno-rtti -Os -mlongcalls -ffunction-sections -fdata-sections -Wno-error=unused-function -Wno-error=unused-variable -Wno-error=deprecated-declarations -Wno-unused-parameter -Wno-sign-compare -ggdb -freorder-blocks -Wwrite-strings -fstack-protector -fstrict-volatile-bitfields -Wno-error=unused-but-set-variable -fno-jump-tables -fno-tree-switch-conversion -MMD -DPLATFORMIO=60107 -DBOARD_HAS_PSRAM -DARDUINO_USB_MODE=1 -DARDUINO_USB_CDC_ON_BOOT=1 -DHAVE_CONFIG_H -DMBEDTLS_CONFIG_FILE=\"mbedtls/esp_config.h\" -DUNITY_INCLUDE_CONFIG_H -DWITH_POSIX -D_GNU_SOURCE -DIDF_VER=\"v4.4.3\" -DESP_PLATFORM -D_POSIX_READER_WRITER_LOCKS -DARDUINO_ARCH_ESP32 -DESP32 -DF_CPU=240000000L -DARDUINO=10812 -DARDUINO_VARIANT=\"esp32s3\" "-DARDUINO_BOARD=\"LILYGO T3-S3\"" -DARDUINO_PARTITION_default -I/home/franstein/.platformio/packages/framework-arduinoespressif32@src-537c58760dafe7fcc8a1d9bbcf00b6f6/tools/sdk/esp32s3/include/newlib/platform_include -I/home/franstein/.platformio/packages/framework-arduinoespressif32@src-537c58760dafe7fcc8a1d9bbcf00b6f6/tools/sdk/esp32s3/include/freertos/include -I/home/franstein/.platformio/packages/framework-arduinoespressif32@src-537c58760dafe7fcc8a1d9bbcf00b6f6/tools/sdk/esp32s3/include/freertos/include/esp_additions/freertos -I/home/franstein/.platformio/packages/framework-arduinoespressif32@src-537c58760dafe7fcc8a1d9bbcf00b6f6/tools/sdk/esp32s3/include/freertos/port/xtensa/include -I/home/franstein/.platformio/packages/framework-arduinoespressif32@src-537c58760dafe7fcc8a1d9bbcf00b6f6/tools/sdk/esp32s3/include/freertos/include/esp_additions -I/home/franstein/.platformio/packages/framework-arduinoespressif32@src-537c58760dafe7fcc8a1d9bbcf00b6f6/tools/sdk/esp32s3/include/esp_hw_support/include -I/home/franstein/.platformio/packages/framework-arduinoespressif32@src-537c58760dafe7fcc8a1d9bbcf00b6f6/tools/sdk/esp32s3/include/esp_hw_support/include/soc -I/home/franstein/.platformio/packages/framework-arduinoespressif32@src-537c58760dafe7fcc8a1d9bbcf00b6f6/tools/sdk/esp32s3/include/esp_hw_support/include/soc/esp32s3 -I/home/franstein/.platformio/packages/framework-arduinoespressif32@src-537c58760dafe7fcc8a1d9bbcf00b6f6/tools/sdk/esp32s3/include/esp_hw_support/port/esp32s3 -I/home/franstein/.platformio/packages/framework-arduinoespressif32@src-537c58760dafe7fcc8a1d9bbcf00b6f6/tools/sdk/esp32s3/include/esp_hw_support/port/esp32s3/private_include -I/home/franstein/.platformio/packages/framework-arduinoespressif32@src-537c58760dafe7fcc8a1d9bbcf00b6f6/tools/sdk/esp32s3/include/heap/include -I/home/franstein/.platformio/packages/framework-arduinoespressif32@src-537c58760dafe7fcc8a1d9bbcf00b6f6/tools/sdk/esp32s3/include/log/include -I/home/franstein/.platformio/packages/framework-arduinoespressif32@src-537c58760dafe7fcc8a1d9bbcf00b6f6/tools/sdk/esp32s3/include/lwip/include/apps -I/home/franstein/.platformio/packages/framework-arduinoespressif32@src-537c58760dafe7fcc8a1d9bbcf00b6f6/tools/sdk/esp32s3/include/lwip/include/apps/sntp -I/home/franstein/.platformio/packages/framework-arduinoespressif32@src-537c58760dafe7fcc8a1d9bbcf00b6f6/tools/sdk/esp32s3/include/lwip/lwip/src/include -I/home/franstein/.platformio/packages/framework-arduinoespressif32@src-537c58760dafe7fcc8a1d9bbcf00b6f6/tools/sdk/esp32s3/include/lwip/port/esp32/include -I/home/franstein/.platformio/packages/framework-arduinoespressif32@src-537c58760dafe7fcc8a1d9bbcf00b6f6/tools/sdk/esp32s3/include/lwip/port/esp32/include/arch -I/home/franstein/.platformio/packages/framework-arduinoespressif32@src-537c58760dafe7fcc8a1d9bbcf00b6f6/tools/sdk/esp32s3/include/soc/include -I/home/franstein/.platformio/packages/framework-arduinoespressif32@src-537c58760dafe7fcc8a1d9bbcf00b6f6/tools/sdk/esp32s3/include/soc/esp32s3 -I/home/franstein/.platformio/packages/framework-arduinoespressif32@src-537c58760dafe7fcc8a1d9bbcf00b6f6/tools/sdk/esp32s3/include/soc/esp32s3/include -I/home/franstein/.platformio/packages/framework-arduinoespressif32@src-537c58760dafe7fcc8a1d9bbcf00b6f6/tools/sdk/esp32s3/include/hal/esp32s3/include -I/home/franstein/.platformio/packages/framework-arduinoespressif32@src-537c58760dafe7fcc8a1d9bbcf00b6f6/tools/sdk/esp32s3/include/hal/include -I/home/franstein/.platformio/packages/framework-arduinoespressif32@src-537c58760dafe7fcc8a1d9bbcf00b6f6/tools/sdk/esp32s3/include/hal/platform_port/include -I/home/franstein/.platformio/packages/framework-arduinoespressif32@src-537c58760dafe7fcc8a1d9bbcf00b6f6/tools/sdk/esp32s3/include/esp_rom/include -I/home/franstein/.platformio/packages/framework-arduinoespressif32@src-537c58760dafe7fcc8a1d9bbcf00b6f6/tools/sdk/esp32s3/include/esp_rom/include/esp32s3 -I/home/franstein/.platformio/packages/framework-arduinoespressif32@src-537c58760dafe7fcc8a1d9bbcf00b6f6/tools/sdk/esp32s3/include/esp_rom/esp32s3 -I/home/franstein/.platformio/packages/framework-arduinoespressif32@src-537c58760dafe7fcc8a1d9bbcf00b6f6/tools/sdk/esp32s3/include/esp_common/include -I/home/franstein/.platformio/packages/framework-arduinoespressif32@src-537c58760dafe7fcc8a1d9bbcf00b6f6/tools/sdk/esp32s3/include/esp_system/include -I/home/franstein/.platformio/packages/framework-arduinoespressif32@src-537c58760dafe7fcc8a1d9bbcf00b6f6/tools/sdk/esp32s3/include/esp_system/port/soc -I/home/franstein/.platformio/packages/framework-arduinoespressif32@src-537c58760dafe7fcc8a1d9bbcf00b6f6/tools/sdk/esp32s3/include/esp_system/port/public_compat -I/home/franstein/.platformio/packages/framework-arduinoespressif32@src-537c58760dafe7fcc8a1d9bbcf00b6f6/tools/sdk/esp32s3/include/xtensa/include -I/home/franstein/.platformio/packages/framework-arduinoespressif32@src-537c58760dafe7fcc8a1d9bbcf00b6f6/tools/sdk/esp32s3/include/xtensa/esp32s3/include -I/home/franstein/.platformio/packages/framework-arduinoespressif32@src-537c58760dafe7fcc8a1d9bbcf00b6f6/tools/sdk/esp32s3/include/driver/include -I/home/franstein/.platformio/packages/framework-arduinoespressif32@src-537c58760dafe7fcc8a1d9bbcf00b6f6/tools/sdk/esp32s3/include/driver/esp32s3/include -I/home/franstein/.platformio/packages/framework-arduinoespressif32@src-537c58760dafe7fcc8a1d9bbcf00b6f6/tools/sdk/esp32s3/include/esp_pm/include -I/home/franstein/.platformio/packages/framework-arduinoespressif32@src-537c58760dafe7fcc8a1d9bbcf00b6f6/tools/sdk/esp32s3/include/esp_ringbuf/include -I/home/franstein/.platformio/packages/framework-arduinoespressif32@src-537c58760dafe7fcc8a1d9bbcf00b6f6/tools/sdk/esp32s3/include/efuse/include -I/home/franstein/.platformio/packages/framework-arduinoespressif32@src-537c58760dafe7fcc8a1d9bbcf00b6f6/tools/sdk/esp32s3/include/efuse/esp32s3/include -I/home/franstein/.platformio/packages/framework-arduinoespressif32@src-537c58760dafe7fcc8a1d9bbcf00b6f6/tools/sdk/esp32s3/include/vfs/include -I/home/franstein/.platformio/packages/framework-arduinoespressif32@src-537c58760dafe7fcc8a1d9bbcf00b6f6/tools/sdk/esp32s3/include/esp_wifi/include -I/home/franstein/.platformio/packages/framework-arduinoespressif32@src-537c58760dafe7fcc8a1d9bbcf00b6f6/tools/sdk/esp32s3/include/esp_event/include -I/home/franstein/.platformio/packages/framework-arduinoespressif32@src-537c58760dafe7fcc8a1d9bbcf00b6f6/tools/sdk/esp32s3/include/esp_netif/include -I/home/franstein/.platformio/packages/framework-arduinoespressif32@src-537c58760dafe7fcc8a1d9bbcf00b6f6/tools/sdk/esp32s3/include/esp_eth/include -I/home/franstein/.platformio/packages/framework-arduinoespressif32@src-537c58760dafe7fcc8a1d9bbcf00b6f6/tools/sdk/esp32s3/include/tcpip_adapter/include -I/home/franstein/.platformio/packages/framework-arduinoespressif32@src-537c58760dafe7fcc8a1d9bbcf00b6f6/tools/sdk/esp32s3/include/esp_phy/include -I/home/franstein/.platformio/packages/framework-arduinoespressif32@src-537c58760dafe7fcc8a1d9bbcf00b6f6/tools/sdk/esp32s3/include/esp_phy/esp32s3/include -I/home/franstein/.platformio/packages/framework-arduinoespressif32@src-537c58760dafe7fcc8a1d9bbcf00b6f6/tools/sdk/esp32s3/include/esp_ipc/include -I/home/franstein/.platformio/packages/framework-arduinoespressif32@src-537c58760dafe7fcc8a1d9bbcf00b6f6/tools/sdk/esp32s3/include/app_trace/include -I/home/franstein/.platformio/packages/framework-arduinoespressif32@src-537c58760dafe7fcc8a1d9bbcf00b6f6/tools/sdk/esp32s3/include/esp_timer/include -I/home/franstein/.platformio/packages/framework-arduinoespressif32@src-537c58760dafe7fcc8a1d9bbcf00b6f6/tools/sdk/esp32s3/include/mbedtls/port/include -I/home/franstein/.platformio/packages/framework-arduinoespressif32@src-537c58760dafe7fcc8a1d9bbcf00b6f6/tools/sdk/esp32s3/include/mbedtls/mbedtls/include -I/home/franstein/.platformio/packages/framework-arduinoespressif32@src-537c58760dafe7fcc8a1d9bbcf00b6f6/tools/sdk/esp32s3/include/mbedtls/esp_crt_bundle/include -I/home/franstein/.platformio/packages/framework-arduinoespressif32@src-537c58760dafe7fcc8a1d9bbcf00b6f6/tools/sdk/esp32s3/include/app_update/include -I/home/franstein/.platformio/packages/framework-arduinoespressif32@src-537c58760dafe7fcc8a1d9bbcf00b6f6/tools/sdk/esp32s3/include/spi_flash/include -I/home/franstein/.platformio/packages/framework-arduinoespressif32@src-537c58760dafe7fcc8a1d9bbcf00b6f6/tools/sdk/esp32s3/include/bootloader_support/include -I/home/franstein/.platformio/packages/framework-arduinoespressif32@src-537c58760dafe7fcc8a1d9bbcf00b6f6/tools/sdk/esp32s3/include/nvs_flash/include -I/home/franstein/.platformio/packages/framework-arduinoespressif32@src-537c58760dafe7fcc8a1d9bbcf00b6f6/tools/sdk/esp32s3/include/pthread/include -I/home/franstein/.platformio/packages/framework-arduinoespressif32@src-537c58760dafe7fcc8a1d9bbcf00b6f6/tools/sdk/esp32s3/include/esp_gdbstub/include -I/home/franstein/.platformio/packages/framework-arduinoespressif32@src-537c58760dafe7fcc8a1d9bbcf00b6f6/tools/sdk/esp32s3/include/esp_gdbstub/xtensa -I/home/franstein/.platformio/packages/framework-arduinoespressif32@src-537c58760dafe7fcc8a1d9bbcf00b6f6/tools/sdk/esp32s3/include/esp_gdbstub/esp32s3 -I/home/franstein/.platformio/packages/framework-arduinoespressif32@src-537c58760dafe7fcc8a1d9bbcf00b6f6/tools/sdk/esp32s3/include/espcoredump/include -I/home/franstein/.platformio/packages/framework-arduinoespressif32@src-537c58760dafe7fcc8a1d9bbcf00b6f6/tools/sdk/esp32s3/include/espcoredump/include/port/xtensa -I/home/franstein/.platformio/packages/framework-arduinoespressif32@src-537c58760dafe7fcc8a1d9bbcf00b6f6/tools/sdk/esp32s3/include/wpa_supplicant/include -I/home/franstein/.platformio/packages/framework-arduinoespressif32@src-537c58760dafe7fcc8a1d9bbcf00b6f6/tools/sdk/esp32s3/include/wpa_supplicant/port/include -I/home/franstein/.platformio/packages/framework-arduinoespressif32@src-537c58760dafe7fcc8a1d9bbcf00b6f6/tools/sdk/esp32s3/include/wpa_supplicant/esp_supplicant/include -I/home/franstein/.platformio/packages/framework-arduinoespressif32@src-537c58760dafe7fcc8a1d9bbcf00b6f6/tools/sdk/esp32s3/include/ieee802154/include -I/home/franstein/.platformio/packages/framework-arduinoespressif32@src-537c58760dafe7fcc8a1d9bbcf00b6f6/tools/sdk/esp32s3/include/console -I/home/franstein/.platformio/packages/framework-arduinoespressif32@src-537c58760dafe7fcc8a1d9bbcf00b6f6/tools/sdk/esp32s3/include/asio/asio/asio/include -I/home/franstein/.platformio/packages/framework-arduinoespressif32@src-537c58760dafe7fcc8a1d9bbcf00b6f6/tools/sdk/esp32s3/include/asio/port/include -I/home/franstein/.platformio/packages/framework-arduinoespressif32@src-537c58760dafe7fcc8a1d9bbcf00b6f6/tools/sdk/esp32s3/include/bt/common/osi/include -I/home/franstein/.platformio/packages/framework-arduinoespressif32@src-537c58760dafe7fcc8a1d9bbcf00b6f6/tools/sdk/esp32s3/include/bt/include/esp32s3/include -I/home/franstein/.platformio/packages/framework-arduinoespressif32@src-537c58760dafe7fcc8a1d9bbcf00b6f6/tools/sdk/esp32s3/include/bt/common/api/include/api -I/home/franstein/.platformio/packages/framework-arduinoespressif32@src-537c58760dafe7fcc8a1d9bbcf00b6f6/tools/sdk/esp32s3/include/bt/common/btc/profile/esp/blufi/include -I/home/franstein/.platformio/packages/framework-arduinoespressif32@src-537c58760dafe7fcc8a1d9bbcf00b6f6/tools/sdk/esp32s3/include/bt/common/btc/profile/esp/include -I/home/franstein/.platformio/packages/framework-arduinoespressif32@src-537c58760dafe7fcc8a1d9bbcf00b6f6/tools/sdk/esp32s3/include/bt/host/bluedroid/api/include/api -I/home/franstein/.platformio/packages/framework-arduinoespressif32@src-537c58760dafe7fcc8a1d9bbcf00b6f6/tools/sdk/esp32s3/include/bt/esp_ble_mesh/mesh_common/include -I/home/franstein/.platformio/packages/framework-arduinoespressif32@src-537c58760dafe7fcc8a1d9bbcf00b6f6/tools/sdk/esp32s3/include/bt/esp_ble_mesh/mesh_common/tinycrypt/include -I/home/franstein/.platformio/packages/framework-arduinoespressif32@src-537c58760dafe7fcc8a1d9bbcf00b6f6/tools/sdk/esp32s3/include/bt/esp_ble_mesh/mesh_core -I/home/franstein/.platformio/packages/framework-arduinoespressif32@src-537c58760dafe7fcc8a1d9bbcf00b6f6/tools/sdk/esp32s3/include/bt/esp_ble_mesh/mesh_core/include -I/home/franstein/.platformio/packages/framework-arduinoespressif32@src-537c58760dafe7fcc8a1d9bbcf00b6f6/tools/sdk/esp32s3/include/bt/esp_ble_mesh/mesh_core/storage -I/home/franstein/.platformio/packages/framework-arduinoespressif32@src-537c58760dafe7fcc8a1d9bbcf00b6f6/tools/sdk/esp32s3/include/bt/esp_ble_mesh/btc/include -I/home/franstein/.platformio/packages/framework-arduinoespressif32@src-537c58760dafe7fcc8a1d9bbcf00b6f6/tools/sdk/esp32s3/include/bt/esp_ble_mesh/mesh_models/common/include -I/home/franstein/.platformio/packages/framework-arduinoespressif32@src-537c58760dafe7fcc8a1d9bbcf00b6f6/tools/sdk/esp32s3/include/bt/esp_ble_mesh/mesh_models/client/include -I/home/franstein/.platformio/packages/framework-arduinoespressif32@src-537c58760dafe7fcc8a1d9bbcf00b6f6/tools/sdk/esp32s3/include/bt/esp_ble_mesh/mesh_models/server/include -I/home/franstein/.platformio/packages/framework-arduinoespressif32@src-537c58760dafe7fcc8a1d9bbcf00b6f6/tools/sdk/esp32s3/include/bt/esp_ble_mesh/api/core/include -I/home/franstein/.platformio/packages/framework-arduinoespressif32@src-537c58760dafe7fcc8a1d9bbcf00b6f6/tools/sdk/esp32s3/include/bt/esp_ble_mesh/api/models/include -I/home/franstein/.platformio/packages/framework-arduinoespressif32@src-537c58760dafe7fcc8a1d9bbcf00b6f6/tools/sdk/esp32s3/include/bt/esp_ble_mesh/api -I/home/franstein/.platformio/packages/framework-arduinoespressif32@src-537c58760dafe7fcc8a1d9bbcf00b6f6/tools/sdk/esp32s3/include/cbor/port/include -I/home/franstein/.platformio/packages/framework-arduinoespressif32@src-537c58760dafe7fcc8a1d9bbcf00b6f6/tools/sdk/esp32s3/include/unity/include -I/home/franstein/.platformio/packages/framework-arduinoespressif32@src-537c58760dafe7fcc8a1d9bbcf00b6f6/tools/sdk/esp32s3/include/unity/unity/src -I/home/franstein/.platformio/packages/framework-arduinoespressif32@src-537c58760dafe7fcc8a1d9bbcf00b6f6/tools/sdk/esp32s3/include/cmock/CMock/src -I/home/franstein/.platformio/packages/framework-arduinoespressif32@src-537c58760dafe7fcc8a1d9bbcf00b6f6/tools/sdk/esp32s3/include/coap/port/include -I/home/franstein/.platformio/packages/framework-arduinoespressif32@src-537c58760dafe7fcc8a1d9bbcf00b6f6/tools/sdk/esp32s3/include/coap/libcoap/include -I/home/franstein/.platformio/packages/framework-arduinoespressif32@src-537c58760dafe7fcc8a1d9bbcf00b6f6/tools/sdk/esp32s3/include/nghttp/port/include -I/home/franstein/.platformio/packages/framework-arduinoespressif32@src-537c58760dafe7fcc8a1d9bbcf00b6f6/tools/sdk/esp32s3/include/nghttp/nghttp2/lib/includes -I/home/franstein/.platformio/packages/framework-arduinoespressif32@src-537c58760dafe7fcc8a1d9bbcf00b6f6/tools/sdk/esp32s3/include/esp-tls -I/home/franstein/.platformio/packages/framework-arduinoespressif32@src-537c58760dafe7fcc8a1d9bbcf00b6f6/tools/sdk/esp32s3/include/esp-tls/esp-tls-crypto -I/home/franstein/.platformio/packages/framework-arduinoespressif32@src-537c58760dafe7fcc8a1d9bbcf00b6f6/tools/sdk/esp32s3/include/esp_adc_cal/include -I/home/franstein/.platformio/packages/framework-arduinoespressif32@src-537c58760dafe7fcc8a1d9bbcf00b6f6/tools/sdk/esp32s3/include/esp_hid/include -I/home/franstein/.platformio/packages/framework-arduinoespressif32@src-537c58760dafe7fcc8a1d9bbcf00b6f6/tools/sdk/esp32s3/include/tcp_transport/include -I/home/franstein/.platformio/packages/framework-arduinoespressif32@src-537c58760dafe7fcc8a1d9bbcf00b6f6/tools/sdk/esp32s3/include/esp_http_client/include -I/home/franstein/.platformio/packages/framework-arduinoespressif32@src-537c58760dafe7fcc8a1d9bbcf00b6f6/tools/sdk/esp32s3/include/esp_http_server/include -I/home/franstein/.platformio/packages/framework-arduinoespressif32@src-537c58760dafe7fcc8a1d9bbcf00b6f6/tools/sdk/esp32s3/include/esp_https_ota/include -I/home/franstein/.platformio/packages/framework-arduinoespressif32@src-537c58760dafe7fcc8a1d9bbcf00b6f6/tools/sdk/esp32s3/include/esp_https_server/include -I/home/franstein/.platformio/packages/framework-arduinoespressif32@src-537c58760dafe7fcc8a1d9bbcf00b6f6/tools/sdk/esp32s3/include/esp_lcd/include -I/home/franstein/.platformio/packages/framework-arduinoespressif32@src-537c58760dafe7fcc8a1d9bbcf00b6f6/tools/sdk/esp32s3/include/esp_lcd/interface -I/home/franstein/.platformio/packages/framework-arduinoespressif32@src-537c58760dafe7fcc8a1d9bbcf00b6f6/tools/sdk/esp32s3/include/protobuf-c/protobuf-c -I/home/franstein/.platformio/packages/framework-arduinoespressif32@src-537c58760dafe7fcc8a1d9bbcf00b6f6/tools/sdk/esp32s3/include/protocomm/include/common -I/home/franstein/.platformio/packages/framework-arduinoespressif32@src-537c58760dafe7fcc8a1d9bbcf00b6f6/tools/sdk/esp32s3/include/protocomm/include/security -I/home/franstein/.platformio/packages/framework-arduinoespressif32@src-537c58760dafe7fcc8a1d9bbcf00b6f6/tools/sdk/esp32s3/include/protocomm/include/transports -I/home/franstein/.platformio/packages/framework-arduinoespressif32@src-537c58760dafe7fcc8a1d9bbcf00b6f6/tools/sdk/esp32s3/include/mdns/include -I/home/franstein/.platformio/packages/framework-arduinoespressif32@src-537c58760dafe7fcc8a1d9bbcf00b6f6/tools/sdk/esp32s3/include/esp_local_ctrl/include -I/home/franstein/.platformio/packages/framework-arduinoespressif32@src-537c58760dafe7fcc8a1d9bbcf00b6f6/tools/sdk/esp32s3/include/sdmmc/include -I/home/franstein/.platformio/packages/framework-arduinoespressif32@src-537c58760dafe7fcc8a1d9bbcf00b6f6/tools/sdk/esp32s3/include/esp_serial_slave_link/include -I/home/franstein/.platformio/packages/framework-arduinoespressif32@src-537c58760dafe7fcc8a1d9bbcf00b6f6/tools/sdk/esp32s3/include/esp_websocket_client/include -I/home/franstein/.platformio/packages/framework-arduinoespressif32@src-537c58760dafe7fcc8a1d9bbcf00b6f6/tools/sdk/esp32s3/include/expat/expat/expat/lib -I/home/franstein/.platformio/packages/framework-arduinoespressif32@src-537c58760dafe7fcc8a1d9bbcf00b6f6/tools/sdk/esp32s3/include/expat/port/include -I/home/franstein/.platformio/packages/framework-arduinoespressif32@src-537c58760dafe7fcc8a1d9bbcf00b6f6/tools/sdk/esp32s3/include/wear_levelling/include -I/home/franstein/.platformio/packages/framework-arduinoespressif32@src-537c58760dafe7fcc8a1d9bbcf00b6f6/tools/sdk/esp32s3/include/fatfs/diskio -I/home/franstein/.platformio/packages/framework-arduinoespressif32@src-537c58760dafe7fcc8a1d9bbcf00b6f6/tools/sdk/esp32s3/include/fatfs/vfs -I/home/franstein/.platformio/packages/framework-arduinoespressif32@src-537c58760dafe7fcc8a1d9bbcf00b6f6/tools/sdk/esp32s3/include/fatfs/src -I/home/franstein/.platformio/packages/framework-arduinoespressif32@src-537c58760dafe7fcc8a1d9bbcf00b6f6/tools/sdk/esp32s3/include/freemodbus/common/include -I/home/franstein/.platformio/packages/framework-arduinoespressif32@src-537c58760dafe7fcc8a1d9bbcf00b6f6/tools/sdk/esp32s3/include/idf_test/include -I/home/franstein/.platformio/packages/framework-arduinoespressif32@src-537c58760dafe7fcc8a1d9bbcf00b6f6/tools/sdk/esp32s3/include/idf_test/include/esp32s3 -I/home/franstein/.platformio/packages/framework-arduinoespressif32@src-537c58760dafe7fcc8a1d9bbcf00b6f6/tools/sdk/esp32s3/include/jsmn/include -I/home/franstein/.platformio/packages/framework-arduinoespressif32@src-537c58760dafe7fcc8a1d9bbcf00b6f6/tools/sdk/esp32s3/include/json/cJSON -I/home/franstein/.platformio/packages/framework-arduinoespressif32@src-537c58760dafe7fcc8a1d9bbcf00b6f6/tools/sdk/esp32s3/include/libsodium/libsodium/src/libsodium/include -I/home/franstein/.platformio/packages/framework-arduinoespressif32@src-537c58760dafe7fcc8a1d9bbcf00b6f6/tools/sdk/esp32s3/include/libsodium/port_include -I/home/franstein/.platformio/packages/framework-arduinoespressif32@src-537c58760dafe7fcc8a1d9bbcf00b6f6/tools/sdk/esp32s3/include/mqtt/esp-mqtt/include -I/home/franstein/.platformio/packages/framework-arduinoespressif32@src-537c58760dafe7fcc8a1d9bbcf00b6f6/tools/sdk/esp32s3/include/openssl/include -I/home/franstein/.platformio/packages/framework-arduinoespressif32@src-537c58760dafe7fcc8a1d9bbcf00b6f6/tools/sdk/esp32s3/include/perfmon/include -I/home/franstein/.platformio/packages/framework-arduinoespressif32@src-537c58760dafe7fcc8a1d9bbcf00b6f6/tools/sdk/esp32s3/include/spiffs/include -I/home/franstein/.platformio/packages/framework-arduinoespressif32@src-537c58760dafe7fcc8a1d9bbcf00b6f6/tools/sdk/esp32s3/include/usb/include -I/home/franstein/.platformio/packages/framework-arduinoespressif32@src-537c58760dafe7fcc8a1d9bbcf00b6f6/tools/sdk/esp32s3/include/ulp/include -I/home/franstein/.platformio/packages/framework-arduinoespressif32@src-537c58760dafe7fcc8a1d9bbcf00b6f6/tools/sdk/esp32s3/include/wifi_provisioning/include -I/home/franstein/.platformio/packages/framework-arduinoespressif32@src-537c58760dafe7fcc8a1d9bbcf00b6f6/tools/sdk/esp32s3/include/rmaker_common/include -I/home/franstein/.platformio/packages/framework-arduinoespressif32@src-537c58760dafe7fcc8a1d9bbcf00b6f6/tools/sdk/esp32s3/include/json_parser/upstream/include -I/home/franstein/.platformio/packages/framework-arduinoespressif32@src-537c58760dafe7fcc8a1d9bbcf00b6f6/tools/sdk/esp32s3/include/json_parser/upstream -I/home/franstein/.platformio/packages/framework-arduinoespressif32@src-537c58760dafe7fcc8a1d9bbcf00b6f6/tools/sdk/esp32s3/include/json_generator/upstream -I/home/franstein/.platformio/packages/framework-arduinoespressif32@src-537c58760dafe7fcc8a1d9bbcf00b6f6/tools/sdk/esp32s3/include/esp_schedule/include -I/home/franstein/.platformio/packages/framework-arduinoespressif32@src-537c58760dafe7fcc8a1d9bbcf00b6f6/tools/sdk/esp32s3/include/esp_rainmaker/include -I/home/franstein/.platformio/packages/framework-arduinoespressif32@src-537c58760dafe7fcc8a1d9bbcf00b6f6/tools/sdk/esp32s3/include/gpio_button/button/include -I/home/franstein/.platformio/packages/framework-arduinoespressif32@src-537c58760dafe7fcc8a1d9bbcf00b6f6/tools/sdk/esp32s3/include/qrcode/include -I/home/franstein/.platformio/packages/framework-arduinoespressif32@src-537c58760dafe7fcc8a1d9bbcf00b6f6/tools/sdk/esp32s3/include/ws2812_led -I/home/franstein/.platformio/packages/framework-arduinoespressif32@src-537c58760dafe7fcc8a1d9bbcf00b6f6/tools/sdk/esp32s3/include/esp_diagnostics/include -I/home/franstein/.platformio/packages/framework-arduinoespressif32@src-537c58760dafe7fcc8a1d9bbcf00b6f6/tools/sdk/esp32s3/include/rtc_store/include -I/home/franstein/.platformio/packages/framework-arduinoespressif32@src-537c58760dafe7fcc8a1d9bbcf00b6f6/tools/sdk/esp32s3/include/esp_insights/include -I/home/franstein/.platformio/packages/framework-arduinoespressif32@src-537c58760dafe7fcc8a1d9bbcf00b6f6/tools/sdk/esp32s3/include/esp-dsp/modules/dotprod/include -I/home/franstein/.platformio/packages/framework-arduinoespressif32@src-537c58760dafe7fcc8a1d9bbcf00b6f6/tools/sdk/esp32s3/include/esp-dsp/modules/support/include -I/home/franstein/.platformio/packages/framework-arduinoespressif32@src-537c58760dafe7fcc8a1d9bbcf00b6f6/tools/sdk/esp32s3/include/esp-dsp/modules/windows/include -I/home/franstein/.platformio/packages/framework-arduinoespressif32@src-537c58760dafe7fcc8a1d9bbcf00b6f6/tools/sdk/esp32s3/include/esp-dsp/modules/windows/hann/include -I/home/franstein/.platformio/packages/framework-arduinoespressif32@src-537c58760dafe7fcc8a1d9bbcf00b6f6/tools/sdk/esp32s3/include/esp-dsp/modules/windows/blackman/include -I/home/franstein/.platformio/packages/framework-arduinoespressif32@src-537c58760dafe7fcc8a1d9bbcf00b6f6/tools/sdk/esp32s3/include/esp-dsp/modules/windows/blackman_harris/include -I/home/franstein/.platformio/packages/framework-arduinoespressif32@src-537c58760dafe7fcc8a1d9bbcf00b6f6/tools/sdk/esp32s3/include/esp-dsp/modules/windows/blackman_nuttall/include -I/home/franstein/.platformio/packages/framework-arduinoespressif32@src-537c58760dafe7fcc8a1d9bbcf00b6f6/tools/sdk/esp32s3/include/esp-dsp/modules/windows/nuttall/include -I/home/franstein/.platformio/packages/framework-arduinoespressif32@src-537c58760dafe7fcc8a1d9bbcf00b6f6/tools/sdk/esp32s3/include/esp-dsp/modules/windows/flat_top/include -I/home/franstein/.platformio/packages/framework-arduinoespressif32@src-537c58760dafe7fcc8a1d9bbcf00b6f6/tools/sdk/esp32s3/include/esp-dsp/modules/iir/include -I/home/franstein/.platformio/packages/framework-arduinoespressif32@src-537c58760dafe7fcc8a1d9bbcf00b6f6/tools/sdk/esp32s3/include/esp-dsp/modules/fir/include -I/home/franstein/.platformio/packages/framework-arduinoespressif32@src-537c58760dafe7fcc8a1d9bbcf00b6f6/tools/sdk/esp32s3/include/esp-dsp/modules/math/include -I/home/franstein/.platformio/packages/framework-arduinoespressif32@src-537c58760dafe7fcc8a1d9bbcf00b6f6/tools/sdk/esp32s3/include/esp-dsp/modules/math/add/include -I/home/franstein/.platformio/packages/framework-arduinoespressif32@src-537c58760dafe7fcc8a1d9bbcf00b6f6/tools/sdk/esp32s3/include/esp-dsp/modules/math/sub/include -I/home/franstein/.platformio/packages/framework-arduinoespressif32@src-537c58760dafe7fcc8a1d9bbcf00b6f6/tools/sdk/esp32s3/include/esp-dsp/modules/math/mul/include -I/home/franstein/.platformio/packages/framework-arduinoespressif32@src-537c58760dafe7fcc8a1d9bbcf00b6f6/tools/sdk/esp32s3/include/esp-dsp/modules/math/addc/include -I/home/franstein/.platformio/packages/framework-arduinoespressif32@src-537c58760dafe7fcc8a1d9bbcf00b6f6/tools/sdk/esp32s3/include/esp-dsp/modules/math/mulc/include -I/home/franstein/.platformio/packages/framework-arduinoespressif32@src-537c58760dafe7fcc8a1d9bbcf00b6f6/tools/sdk/esp32s3/include/esp-dsp/modules/math/sqrt/include -I/home/franstein/.platformio/packages/framework-arduinoespressif32@src-537c58760dafe7fcc8a1d9bbcf00b6f6/tools/sdk/esp32s3/include/esp-dsp/modules/matrix/include -I/home/franstein/.platformio/packages/framework-arduinoespressif32@src-537c58760dafe7fcc8a1d9bbcf00b6f6/tools/sdk/esp32s3/include/esp-dsp/modules/fft/include -I/home/franstein/.platformio/packages/framework-arduinoespressif32@src-537c58760dafe7fcc8a1d9bbcf00b6f6/tools/sdk/esp32s3/include/esp-dsp/modules/dct/include -I/home/franstein/.platformio/packages/framework-arduinoespressif32@src-537c58760dafe7fcc8a1d9bbcf00b6f6/tools/sdk/esp32s3/include/esp-dsp/modules/conv/include -I/home/franstein/.platformio/packages/framework-arduinoespressif32@src-537c58760dafe7fcc8a1d9bbcf00b6f6/tools/sdk/esp32s3/include/esp-dsp/modules/common/include -I/home/franstein/.platformio/packages/framework-arduinoespressif32@src-537c58760dafe7fcc8a1d9bbcf00b6f6/tools/sdk/esp32s3/include/esp-dsp/modules/kalman/ekf/include -I/home/franstein/.platformio/packages/framework-arduinoespressif32@src-537c58760dafe7fcc8a1d9bbcf00b6f6/tools/sdk/esp32s3/include/esp-dsp/modules/kalman/ekf_imu13states/include -I/home/franstein/.platformio/packages/framework-arduinoespressif32@src-537c58760dafe7fcc8a1d9bbcf00b6f6/tools/sdk/esp32s3/include/freertos/include/freertos -I/home/franstein/.platformio/packages/framework-arduinoespressif32@src-537c58760dafe7fcc8a1d9bbcf00b6f6/tools/sdk/esp32s3/include/arduino_tinyusb/tinyusb/src -I/home/franstein/.platformio/packages/framework-arduinoespressif32@src-537c58760dafe7fcc8a1d9bbcf00b6f6/tools/sdk/esp32s3/include/arduino_tinyusb/include -I/home/franstein/.platformio/packages/framework-arduinoespressif32@src-537c58760dafe7fcc8a1d9bbcf00b6f6/tools/sdk/esp32s3/include/esp_littlefs/include -I/home/franstein/.platformio/packages/framework-arduinoespressif32@src-537c58760dafe7fcc8a1d9bbcf00b6f6/tools/sdk/esp32s3/include/esp-dl/include -I/home/franstein/.platformio/packages/framework-arduinoespressif32@src-537c58760dafe7fcc8a1d9bbcf00b6f6/tools/sdk/esp32s3/include/esp-dl/include/tool -I/home/franstein/.platformio/packages/framework-arduinoespressif32@src-537c58760dafe7fcc8a1d9bbcf00b6f6/tools/sdk/esp32s3/include/esp-dl/include/typedef -I/home/franstein/.platformio/packages/framework-arduinoespressif32@src-537c58760dafe7fcc8a1d9bbcf00b6f6/tools/sdk/esp32s3/include/esp-dl/include/image -I/home/franstein/.platformio/packages/framework-arduinoespressif32@src-537c58760dafe7fcc8a1d9bbcf00b6f6/tools/sdk/esp32s3/include/esp-dl/include/math -I/home/franstein/.platformio/packages/framework-arduinoespressif32@src-537c58760dafe7fcc8a1d9bbcf00b6f6/tools/sdk/esp32s3/include/esp-dl/include/nn -I/home/franstein/.platformio/packages/framework-arduinoespressif32@src-537c58760dafe7fcc8a1d9bbcf00b6f6/tools/sdk/esp32s3/include/esp-dl/include/layer -I/home/franstein/.platformio/packages/framework-arduinoespressif32@src-537c58760dafe7fcc8a1d9bbcf00b6f6/tools/sdk/esp32s3/include/esp-dl/include/detect -I/home/franstein/.platformio/packages/framework-arduinoespressif32@src-537c58760dafe7fcc8a1d9bbcf00b6f6/tools/sdk/esp32s3/include/esp-dl/include/model_zoo -I/home/franstein/.platformio/packages/framework-arduinoespressif32@src-537c58760dafe7fcc8a1d9bbcf00b6f6/tools/sdk/esp32s3/include/esp-sr/src/include -I/home/franstein/.platformio/packages/framework-arduinoespressif32@src-537c58760dafe7fcc8a1d9bbcf00b6f6/tools/sdk/esp32s3/include/esp-sr/esp-tts/esp_tts_chinese/include -I/home/franstein/.platformio/packages/framework-arduinoespressif32@src-537c58760dafe7fcc8a1d9bbcf00b6f6/tools/sdk/esp32s3/include/esp-sr/include/esp32s3 -I/home/franstein/.platformio/packages/framework-arduinoespressif32@src-537c58760dafe7fcc8a1d9bbcf00b6f6/tools/sdk/esp32s3/include/esp32-camera/driver/include -I/home/franstein/.platformio/packages/framework-arduinoespressif32@src-537c58760dafe7fcc8a1d9bbcf00b6f6/tools/sdk/esp32s3/include/esp32-camera/conversions/include -I/home/franstein/.platformio/packages/framework-arduinoespressif32@src-537c58760dafe7fcc8a1d9bbcf00b6f6/tools/sdk/esp32s3/include/fb_gfx/include -I/home/franstein/.platformio/packages/framework-arduinoespressif32@src-537c58760dafe7fcc8a1d9bbcf00b6f6/tools/sdk/esp32s3/qio_opi/include -I/home/franstein/.platformio/packages/framework-arduinoespressif32@src-537c58760dafe7fcc8a1d9bbcf00b6f6/cores/esp32 -I/home/franstein/.platformio/packages/framework-arduinoespressif32@src-537c58760dafe7fcc8a1d9bbcf00b6f6/variants/esp32s3 /home/franstein/.platformio/packages/framework-arduinoespressif32@src-537c58760dafe7fcc8a1d9bbcf00b6f6/cores/esp32/Print.cpp
xtensa-esp32s3-elf-g++ -o .pio/build/esp32/FrameworkArduino/Stream.cpp.o -c -std=gnu++11 -fexceptions -fno-rtti -Os -mlongcalls -ffunction-sections -fdata-sections -Wno-error=unused-function -Wno-error=unused-variable -Wno-error=deprecated-declarations -Wno-unused-parameter -Wno-sign-compare -ggdb -freorder-blocks -Wwrite-strings -fstack-protector -fstrict-volatile-bitfields -Wno-error=unused-but-set-variable -fno-jump-tables -fno-tree-switch-conversion -MMD -DPLATFORMIO=60107 -DBOARD_HAS_PSRAM -DARDUINO_USB_MODE=1 -DARDUINO_USB_CDC_ON_BOOT=1 -DHAVE_CONFIG_H -DMBEDTLS_CONFIG_FILE=\"mbedtls/esp_config.h\" -DUNITY_INCLUDE_CONFIG_H -DWITH_POSIX -D_GNU_SOURCE -DIDF_VER=\"v4.4.3\" -DESP_PLATFORM -D_POSIX_READER_WRITER_LOCKS -DARDUINO_ARCH_ESP32 -DESP32 -DF_CPU=240000000L -DARDUINO=10812 -DARDUINO_VARIANT=\"esp32s3\" "-DARDUINO_BOARD=\"LILYGO T3-S3\"" -DARDUINO_PARTITION_default -I/home/franstein/.platformio/packages/framework-arduinoespressif32@src-537c58760dafe7fcc8a1d9bbcf00b6f6/tools/sdk/esp32s3/include/newlib/platform_include -I/home/franstein/.platformio/packages/framework-arduinoespressif32@src-537c58760dafe7fcc8a1d9bbcf00b6f6/tools/sdk/esp32s3/include/freertos/include -I/home/franstein/.platformio/packages/framework-arduinoespressif32@src-537c58760dafe7fcc8a1d9bbcf00b6f6/tools/sdk/esp32s3/include/freertos/include/esp_additions/freertos -I/home/franstein/.platformio/packages/framework-arduinoespressif32@src-537c58760dafe7fcc8a1d9bbcf00b6f6/tools/sdk/esp32s3/include/freertos/port/xtensa/include -I/home/franstein/.platformio/packages/framework-arduinoespressif32@src-537c58760dafe7fcc8a1d9bbcf00b6f6/tools/sdk/esp32s3/include/freertos/include/esp_additions -I/home/franstein/.platformio/packages/framework-arduinoespressif32@src-537c58760dafe7fcc8a1d9bbcf00b6f6/tools/sdk/esp32s3/include/esp_hw_support/include -I/home/franstein/.platformio/packages/framework-arduinoespressif32@src-537c58760dafe7fcc8a1d9bbcf00b6f6/tools/sdk/esp32s3/include/esp_hw_support/include/soc -I/home/franstein/.platformio/packages/framework-arduinoespressif32@src-537c58760dafe7fcc8a1d9bbcf00b6f6/tools/sdk/esp32s3/include/esp_hw_support/include/soc/esp32s3 -I/home/franstein/.platformio/packages/framework-arduinoespressif32@src-537c58760dafe7fcc8a1d9bbcf00b6f6/tools/sdk/esp32s3/include/esp_hw_support/port/esp32s3 -I/home/franstein/.platformio/packages/framework-arduinoespressif32@src-537c58760dafe7fcc8a1d9bbcf00b6f6/tools/sdk/esp32s3/include/esp_hw_support/port/esp32s3/private_include -I/home/franstein/.platformio/packages/framework-arduinoespressif32@src-537c58760dafe7fcc8a1d9bbcf00b6f6/tools/sdk/esp32s3/include/heap/include -I/home/franstein/.platformio/packages/framework-arduinoespressif32@src-537c58760dafe7fcc8a1d9bbcf00b6f6/tools/sdk/esp32s3/include/log/include -I/home/franstein/.platformio/packages/framework-arduinoespressif32@src-537c58760dafe7fcc8a1d9bbcf00b6f6/tools/sdk/esp32s3/include/lwip/include/apps -I/home/franstein/.platformio/packages/framework-arduinoespressif32@src-537c58760dafe7fcc8a1d9bbcf00b6f6/tools/sdk/esp32s3/include/lwip/include/apps/sntp -I/home/franstein/.platformio/packages/framework-arduinoespressif32@src-537c58760dafe7fcc8a1d9bbcf00b6f6/tools/sdk/esp32s3/include/lwip/lwip/src/include -I/home/franstein/.platformio/packages/framework-arduinoespressif32@src-537c58760dafe7fcc8a1d9bbcf00b6f6/tools/sdk/esp32s3/include/lwip/port/esp32/include -I/home/franstein/.platformio/packages/framework-arduinoespressif32@src-537c58760dafe7fcc8a1d9bbcf00b6f6/tools/sdk/esp32s3/include/lwip/port/esp32/include/arch -I/home/franstein/.platformio/packages/framework-arduinoespressif32@src-537c58760dafe7fcc8a1d9bbcf00b6f6/tools/sdk/esp32s3/include/soc/include -I/home/franstein/.platformio/packages/framework-arduinoespressif32@src-537c58760dafe7fcc8a1d9bbcf00b6f6/tools/sdk/esp32s3/include/soc/esp32s3 -I/home/franstein/.platformio/packages/framework-arduinoespressif32@src-537c58760dafe7fcc8a1d9bbcf00b6f6/tools/sdk/esp32s3/include/soc/esp32s3/include -I/home/franstein/.platformio/packages/framework-arduinoespressif32@src-537c58760dafe7fcc8a1d9bbcf00b6f6/tools/sdk/esp32s3/include/hal/esp32s3/include -I/home/franstein/.platformio/packages/framework-arduinoespressif32@src-537c58760dafe7fcc8a1d9bbcf00b6f6/tools/sdk/esp32s3/include/hal/include -I/home/franstein/.platformio/packages/framework-arduinoespressif32@src-537c58760dafe7fcc8a1d9bbcf00b6f6/tools/sdk/esp32s3/include/hal/platform_port/include -I/home/franstein/.platformio/packages/framework-arduinoespressif32@src-537c58760dafe7fcc8a1d9bbcf00b6f6/tools/sdk/esp32s3/include/esp_rom/include -I/home/franstein/.platformio/packages/framework-arduinoespressif32@src-537c58760dafe7fcc8a1d9bbcf00b6f6/tools/sdk/esp32s3/include/esp_rom/include/esp32s3 -I/home/franstein/.platformio/packages/framework-arduinoespressif32@src-537c58760dafe7fcc8a1d9bbcf00b6f6/tools/sdk/esp32s3/include/esp_rom/esp32s3 -I/home/franstein/.platformio/packages/framework-arduinoespressif32@src-537c58760dafe7fcc8a1d9bbcf00b6f6/tools/sdk/esp32s3/include/esp_common/include -I/home/franstein/.platformio/packages/framework-arduinoespressif32@src-537c58760dafe7fcc8a1d9bbcf00b6f6/tools/sdk/esp32s3/include/esp_system/include -I/home/franstein/.platformio/packages/framework-arduinoespressif32@src-537c58760dafe7fcc8a1d9bbcf00b6f6/tools/sdk/esp32s3/include/esp_system/port/soc -I/home/franstein/.platformio/packages/framework-arduinoespressif32@src-537c58760dafe7fcc8a1d9bbcf00b6f6/tools/sdk/esp32s3/include/esp_system/port/public_compat -I/home/franstein/.platformio/packages/framework-arduinoespressif32@src-537c58760dafe7fcc8a1d9bbcf00b6f6/tools/sdk/esp32s3/include/xtensa/include -I/home/franstein/.platformio/packages/framework-arduinoespressif32@src-537c58760dafe7fcc8a1d9bbcf00b6f6/tools/sdk/esp32s3/include/xtensa/esp32s3/include -I/home/franstein/.platformio/packages/framework-arduinoespressif32@src-537c58760dafe7fcc8a1d9bbcf00b6f6/tools/sdk/esp32s3/include/driver/include -I/home/franstein/.platformio/packages/framework-arduinoespressif32@src-537c58760dafe7fcc8a1d9bbcf00b6f6/tools/sdk/esp32s3/include/driver/esp32s3/include -I/home/franstein/.platformio/packages/framework-arduinoespressif32@src-537c58760dafe7fcc8a1d9bbcf00b6f6/tools/sdk/esp32s3/include/esp_pm/include -I/home/franstein/.platformio/packages/framework-arduinoespressif32@src-537c58760dafe7fcc8a1d9bbcf00b6f6/tools/sdk/esp32s3/include/esp_ringbuf/include -I/home/franstein/.platformio/packages/framework-arduinoespressif32@src-537c58760dafe7fcc8a1d9bbcf00b6f6/tools/sdk/esp32s3/include/efuse/include -I/home/franstein/.platformio/packages/framework-arduinoespressif32@src-537c58760dafe7fcc8a1d9bbcf00b6f6/tools/sdk/esp32s3/include/efuse/esp32s3/include -I/home/franstein/.platformio/packages/framework-arduinoespressif32@src-537c58760dafe7fcc8a1d9bbcf00b6f6/tools/sdk/esp32s3/include/vfs/include -I/home/franstein/.platformio/packages/framework-arduinoespressif32@src-537c58760dafe7fcc8a1d9bbcf00b6f6/tools/sdk/esp32s3/include/esp_wifi/include -I/home/franstein/.platformio/packages/framework-arduinoespressif32@src-537c58760dafe7fcc8a1d9bbcf00b6f6/tools/sdk/esp32s3/include/esp_event/include -I/home/franstein/.platformio/packages/framework-arduinoespressif32@src-537c58760dafe7fcc8a1d9bbcf00b6f6/tools/sdk/esp32s3/include/esp_netif/include -I/home/franstein/.platformio/packages/framework-arduinoespressif32@src-537c58760dafe7fcc8a1d9bbcf00b6f6/tools/sdk/esp32s3/include/esp_eth/include -I/home/franstein/.platformio/packages/framework-arduinoespressif32@src-537c58760dafe7fcc8a1d9bbcf00b6f6/tools/sdk/esp32s3/include/tcpip_adapter/include -I/home/franstein/.platformio/packages/framework-arduinoespressif32@src-537c58760dafe7fcc8a1d9bbcf00b6f6/tools/sdk/esp32s3/include/esp_phy/include -I/home/franstein/.platformio/packages/framework-arduinoespressif32@src-537c58760dafe7fcc8a1d9bbcf00b6f6/tools/sdk/esp32s3/include/esp_phy/esp32s3/include -I/home/franstein/.platformio/packages/framework-arduinoespressif32@src-537c58760dafe7fcc8a1d9bbcf00b6f6/tools/sdk/esp32s3/include/esp_ipc/include -I/home/franstein/.platformio/packages/framework-arduinoespressif32@src-537c58760dafe7fcc8a1d9bbcf00b6f6/tools/sdk/esp32s3/include/app_trace/include -I/home/franstein/.platformio/packages/framework-arduinoespressif32@src-537c58760dafe7fcc8a1d9bbcf00b6f6/tools/sdk/esp32s3/include/esp_timer/include -I/home/franstein/.platformio/packages/framework-arduinoespressif32@src-537c58760dafe7fcc8a1d9bbcf00b6f6/tools/sdk/esp32s3/include/mbedtls/port/include -I/home/franstein/.platformio/packages/framework-arduinoespressif32@src-537c58760dafe7fcc8a1d9bbcf00b6f6/tools/sdk/esp32s3/include/mbedtls/mbedtls/include -I/home/franstein/.platformio/packages/framework-arduinoespressif32@src-537c58760dafe7fcc8a1d9bbcf00b6f6/tools/sdk/esp32s3/include/mbedtls/esp_crt_bundle/include -I/home/franstein/.platformio/packages/framework-arduinoespressif32@src-537c58760dafe7fcc8a1d9bbcf00b6f6/tools/sdk/esp32s3/include/app_update/include -I/home/franstein/.platformio/packages/framework-arduinoespressif32@src-537c58760dafe7fcc8a1d9bbcf00b6f6/tools/sdk/esp32s3/include/spi_flash/include -I/home/franstein/.platformio/packages/framework-arduinoespressif32@src-537c58760dafe7fcc8a1d9bbcf00b6f6/tools/sdk/esp32s3/include/bootloader_support/include -I/home/franstein/.platformio/packages/framework-arduinoespressif32@src-537c58760dafe7fcc8a1d9bbcf00b6f6/tools/sdk/esp32s3/include/nvs_flash/include -I/home/franstein/.platformio/packages/framework-arduinoespressif32@src-537c58760dafe7fcc8a1d9bbcf00b6f6/tools/sdk/esp32s3/include/pthread/include -I/home/franstein/.platformio/packages/framework-arduinoespressif32@src-537c58760dafe7fcc8a1d9bbcf00b6f6/tools/sdk/esp32s3/include/esp_gdbstub/include -I/home/franstein/.platformio/packages/framework-arduinoespressif32@src-537c58760dafe7fcc8a1d9bbcf00b6f6/tools/sdk/esp32s3/include/esp_gdbstub/xtensa -I/home/franstein/.platformio/packages/framework-arduinoespressif32@src-537c58760dafe7fcc8a1d9bbcf00b6f6/tools/sdk/esp32s3/include/esp_gdbstub/esp32s3 -I/home/franstein/.platformio/packages/framework-arduinoespressif32@src-537c58760dafe7fcc8a1d9bbcf00b6f6/tools/sdk/esp32s3/include/espcoredump/include -I/home/franstein/.platformio/packages/framework-arduinoespressif32@src-537c58760dafe7fcc8a1d9bbcf00b6f6/tools/sdk/esp32s3/include/espcoredump/include/port/xtensa -I/home/franstein/.platformio/packages/framework-arduinoespressif32@src-537c58760dafe7fcc8a1d9bbcf00b6f6/tools/sdk/esp32s3/include/wpa_supplicant/include -I/home/franstein/.platformio/packages/framework-arduinoespressif32@src-537c58760dafe7fcc8a1d9bbcf00b6f6/tools/sdk/esp32s3/include/wpa_supplicant/port/include -I/home/franstein/.platformio/packages/framework-arduinoespressif32@src-537c58760dafe7fcc8a1d9bbcf00b6f6/tools/sdk/esp32s3/include/wpa_supplicant/esp_supplicant/include -I/home/franstein/.platformio/packages/framework-arduinoespressif32@src-537c58760dafe7fcc8a1d9bbcf00b6f6/tools/sdk/esp32s3/include/ieee802154/include -I/home/franstein/.platformio/packages/framework-arduinoespressif32@src-537c58760dafe7fcc8a1d9bbcf00b6f6/tools/sdk/esp32s3/include/console -I/home/franstein/.platformio/packages/framework-arduinoespressif32@src-537c58760dafe7fcc8a1d9bbcf00b6f6/tools/sdk/esp32s3/include/asio/asio/asio/include -I/home/franstein/.platformio/packages/framework-arduinoespressif32@src-537c58760dafe7fcc8a1d9bbcf00b6f6/tools/sdk/esp32s3/include/asio/port/include -I/home/franstein/.platformio/packages/framework-arduinoespressif32@src-537c58760dafe7fcc8a1d9bbcf00b6f6/tools/sdk/esp32s3/include/bt/common/osi/include -I/home/franstein/.platformio/packages/framework-arduinoespressif32@src-537c58760dafe7fcc8a1d9bbcf00b6f6/tools/sdk/esp32s3/include/bt/include/esp32s3/include -I/home/franstein/.platformio/packages/framework-arduinoespressif32@src-537c58760dafe7fcc8a1d9bbcf00b6f6/tools/sdk/esp32s3/include/bt/common/api/include/api -I/home/franstein/.platformio/packages/framework-arduinoespressif32@src-537c58760dafe7fcc8a1d9bbcf00b6f6/tools/sdk/esp32s3/include/bt/common/btc/profile/esp/blufi/include -I/home/franstein/.platformio/packages/framework-arduinoespressif32@src-537c58760dafe7fcc8a1d9bbcf00b6f6/tools/sdk/esp32s3/include/bt/common/btc/profile/esp/include -I/home/franstein/.platformio/packages/framework-arduinoespressif32@src-537c58760dafe7fcc8a1d9bbcf00b6f6/tools/sdk/esp32s3/include/bt/host/bluedroid/api/include/api -I/home/franstein/.platformio/packages/framework-arduinoespressif32@src-537c58760dafe7fcc8a1d9bbcf00b6f6/tools/sdk/esp32s3/include/bt/esp_ble_mesh/mesh_common/include -I/home/franstein/.platformio/packages/framework-arduinoespressif32@src-537c58760dafe7fcc8a1d9bbcf00b6f6/tools/sdk/esp32s3/include/bt/esp_ble_mesh/mesh_common/tinycrypt/include -I/home/franstein/.platformio/packages/framework-arduinoespressif32@src-537c58760dafe7fcc8a1d9bbcf00b6f6/tools/sdk/esp32s3/include/bt/esp_ble_mesh/mesh_core -I/home/franstein/.platformio/packages/framework-arduinoespressif32@src-537c58760dafe7fcc8a1d9bbcf00b6f6/tools/sdk/esp32s3/include/bt/esp_ble_mesh/mesh_core/include -I/home/franstein/.platformio/packages/framework-arduinoespressif32@src-537c58760dafe7fcc8a1d9bbcf00b6f6/tools/sdk/esp32s3/include/bt/esp_ble_mesh/mesh_core/storage -I/home/franstein/.platformio/packages/framework-arduinoespressif32@src-537c58760dafe7fcc8a1d9bbcf00b6f6/tools/sdk/esp32s3/include/bt/esp_ble_mesh/btc/include -I/home/franstein/.platformio/packages/framework-arduinoespressif32@src-537c58760dafe7fcc8a1d9bbcf00b6f6/tools/sdk/esp32s3/include/bt/esp_ble_mesh/mesh_models/common/include -I/home/franstein/.platformio/packages/framework-arduinoespressif32@src-537c58760dafe7fcc8a1d9bbcf00b6f6/tools/sdk/esp32s3/include/bt/esp_ble_mesh/mesh_models/client/include -I/home/franstein/.platformio/packages/framework-arduinoespressif32@src-537c58760dafe7fcc8a1d9bbcf00b6f6/tools/sdk/esp32s3/include/bt/esp_ble_mesh/mesh_models/server/include -I/home/franstein/.platformio/packages/framework-arduinoespressif32@src-537c58760dafe7fcc8a1d9bbcf00b6f6/tools/sdk/esp32s3/include/bt/esp_ble_mesh/api/core/include -I/home/franstein/.platformio/packages/framework-arduinoespressif32@src-537c58760dafe7fcc8a1d9bbcf00b6f6/tools/sdk/esp32s3/include/bt/esp_ble_mesh/api/models/include -I/home/franstein/.platformio/packages/framework-arduinoespressif32@src-537c58760dafe7fcc8a1d9bbcf00b6f6/tools/sdk/esp32s3/include/bt/esp_ble_mesh/api -I/home/franstein/.platformio/packages/framework-arduinoespressif32@src-537c58760dafe7fcc8a1d9bbcf00b6f6/tools/sdk/esp32s3/include/cbor/port/include -I/home/franstein/.platformio/packages/framework-arduinoespressif32@src-537c58760dafe7fcc8a1d9bbcf00b6f6/tools/sdk/esp32s3/include/unity/include -I/home/franstein/.platformio/packages/framework-arduinoespressif32@src-537c58760dafe7fcc8a1d9bbcf00b6f6/tools/sdk/esp32s3/include/unity/unity/src -I/home/franstein/.platformio/packages/framework-arduinoespressif32@src-537c58760dafe7fcc8a1d9bbcf00b6f6/tools/sdk/esp32s3/include/cmock/CMock/src -I/home/franstein/.platformio/packages/framework-arduinoespressif32@src-537c58760dafe7fcc8a1d9bbcf00b6f6/tools/sdk/esp32s3/include/coap/port/include -I/home/franstein/.platformio/packages/framework-arduinoespressif32@src-537c58760dafe7fcc8a1d9bbcf00b6f6/tools/sdk/esp32s3/include/coap/libcoap/include -I/home/franstein/.platformio/packages/framework-arduinoespressif32@src-537c58760dafe7fcc8a1d9bbcf00b6f6/tools/sdk/esp32s3/include/nghttp/port/include -I/home/franstein/.platformio/packages/framework-arduinoespressif32@src-537c58760dafe7fcc8a1d9bbcf00b6f6/tools/sdk/esp32s3/include/nghttp/nghttp2/lib/includes -I/home/franstein/.platformio/packages/framework-arduinoespressif32@src-537c58760dafe7fcc8a1d9bbcf00b6f6/tools/sdk/esp32s3/include/esp-tls -I/home/franstein/.platformio/packages/framework-arduinoespressif32@src-537c58760dafe7fcc8a1d9bbcf00b6f6/tools/sdk/esp32s3/include/esp-tls/esp-tls-crypto -I/home/franstein/.platformio/packages/framework-arduinoespressif32@src-537c58760dafe7fcc8a1d9bbcf00b6f6/tools/sdk/esp32s3/include/esp_adc_cal/include -I/home/franstein/.platformio/packages/framework-arduinoespressif32@src-537c58760dafe7fcc8a1d9bbcf00b6f6/tools/sdk/esp32s3/include/esp_hid/include -I/home/franstein/.platformio/packages/framework-arduinoespressif32@src-537c58760dafe7fcc8a1d9bbcf00b6f6/tools/sdk/esp32s3/include/tcp_transport/include -I/home/franstein/.platformio/packages/framework-arduinoespressif32@src-537c58760dafe7fcc8a1d9bbcf00b6f6/tools/sdk/esp32s3/include/esp_http_client/include -I/home/franstein/.platformio/packages/framework-arduinoespressif32@src-537c58760dafe7fcc8a1d9bbcf00b6f6/tools/sdk/esp32s3/include/esp_http_server/include -I/home/franstein/.platformio/packages/framework-arduinoespressif32@src-537c58760dafe7fcc8a1d9bbcf00b6f6/tools/sdk/esp32s3/include/esp_https_ota/include -I/home/franstein/.platformio/packages/framework-arduinoespressif32@src-537c58760dafe7fcc8a1d9bbcf00b6f6/tools/sdk/esp32s3/include/esp_https_server/include -I/home/franstein/.platformio/packages/framework-arduinoespressif32@src-537c58760dafe7fcc8a1d9bbcf00b6f6/tools/sdk/esp32s3/include/esp_lcd/include -I/home/franstein/.platformio/packages/framework-arduinoespressif32@src-537c58760dafe7fcc8a1d9bbcf00b6f6/tools/sdk/esp32s3/include/esp_lcd/interface -I/home/franstein/.platformio/packages/framework-arduinoespressif32@src-537c58760dafe7fcc8a1d9bbcf00b6f6/tools/sdk/esp32s3/include/protobuf-c/protobuf-c -I/home/franstein/.platformio/packages/framework-arduinoespressif32@src-537c58760dafe7fcc8a1d9bbcf00b6f6/tools/sdk/esp32s3/include/protocomm/include/common -I/home/franstein/.platformio/packages/framework-arduinoespressif32@src-537c58760dafe7fcc8a1d9bbcf00b6f6/tools/sdk/esp32s3/include/protocomm/include/security -I/home/franstein/.platformio/packages/framework-arduinoespressif32@src-537c58760dafe7fcc8a1d9bbcf00b6f6/tools/sdk/esp32s3/include/protocomm/include/transports -I/home/franstein/.platformio/packages/framework-arduinoespressif32@src-537c58760dafe7fcc8a1d9bbcf00b6f6/tools/sdk/esp32s3/include/mdns/include -I/home/franstein/.platformio/packages/framework-arduinoespressif32@src-537c58760dafe7fcc8a1d9bbcf00b6f6/tools/sdk/esp32s3/include/esp_local_ctrl/include -I/home/franstein/.platformio/packages/framework-arduinoespressif32@src-537c58760dafe7fcc8a1d9bbcf00b6f6/tools/sdk/esp32s3/include/sdmmc/include -I/home/franstein/.platformio/packages/framework-arduinoespressif32@src-537c58760dafe7fcc8a1d9bbcf00b6f6/tools/sdk/esp32s3/include/esp_serial_slave_link/include -I/home/franstein/.platformio/packages/framework-arduinoespressif32@src-537c58760dafe7fcc8a1d9bbcf00b6f6/tools/sdk/esp32s3/include/esp_websocket_client/include -I/home/franstein/.platformio/packages/framework-arduinoespressif32@src-537c58760dafe7fcc8a1d9bbcf00b6f6/tools/sdk/esp32s3/include/expat/expat/expat/lib -I/home/franstein/.platformio/packages/framework-arduinoespressif32@src-537c58760dafe7fcc8a1d9bbcf00b6f6/tools/sdk/esp32s3/include/expat/port/include -I/home/franstein/.platformio/packages/framework-arduinoespressif32@src-537c58760dafe7fcc8a1d9bbcf00b6f6/tools/sdk/esp32s3/include/wear_levelling/include -I/home/franstein/.platformio/packages/framework-arduinoespressif32@src-537c58760dafe7fcc8a1d9bbcf00b6f6/tools/sdk/esp32s3/include/fatfs/diskio -I/home/franstein/.platformio/packages/framework-arduinoespressif32@src-537c58760dafe7fcc8a1d9bbcf00b6f6/tools/sdk/esp32s3/include/fatfs/vfs -I/home/franstein/.platformio/packages/framework-arduinoespressif32@src-537c58760dafe7fcc8a1d9bbcf00b6f6/tools/sdk/esp32s3/include/fatfs/src -I/home/franstein/.platformio/packages/framework-arduinoespressif32@src-537c58760dafe7fcc8a1d9bbcf00b6f6/tools/sdk/esp32s3/include/freemodbus/common/include -I/home/franstein/.platformio/packages/framework-arduinoespressif32@src-537c58760dafe7fcc8a1d9bbcf00b6f6/tools/sdk/esp32s3/include/idf_test/include -I/home/franstein/.platformio/packages/framework-arduinoespressif32@src-537c58760dafe7fcc8a1d9bbcf00b6f6/tools/sdk/esp32s3/include/idf_test/include/esp32s3 -I/home/franstein/.platformio/packages/framework-arduinoespressif32@src-537c58760dafe7fcc8a1d9bbcf00b6f6/tools/sdk/esp32s3/include/jsmn/include -I/home/franstein/.platformio/packages/framework-arduinoespressif32@src-537c58760dafe7fcc8a1d9bbcf00b6f6/tools/sdk/esp32s3/include/json/cJSON -I/home/franstein/.platformio/packages/framework-arduinoespressif32@src-537c58760dafe7fcc8a1d9bbcf00b6f6/tools/sdk/esp32s3/include/libsodium/libsodium/src/libsodium/include -I/home/franstein/.platformio/packages/framework-arduinoespressif32@src-537c58760dafe7fcc8a1d9bbcf00b6f6/tools/sdk/esp32s3/include/libsodium/port_include -I/home/franstein/.platformio/packages/framework-arduinoespressif32@src-537c58760dafe7fcc8a1d9bbcf00b6f6/tools/sdk/esp32s3/include/mqtt/esp-mqtt/include -I/home/franstein/.platformio/packages/framework-arduinoespressif32@src-537c58760dafe7fcc8a1d9bbcf00b6f6/tools/sdk/esp32s3/include/openssl/include -I/home/franstein/.platformio/packages/framework-arduinoespressif32@src-537c58760dafe7fcc8a1d9bbcf00b6f6/tools/sdk/esp32s3/include/perfmon/include -I/home/franstein/.platformio/packages/framework-arduinoespressif32@src-537c58760dafe7fcc8a1d9bbcf00b6f6/tools/sdk/esp32s3/include/spiffs/include -I/home/franstein/.platformio/packages/framework-arduinoespressif32@src-537c58760dafe7fcc8a1d9bbcf00b6f6/tools/sdk/esp32s3/include/usb/include -I/home/franstein/.platformio/packages/framework-arduinoespressif32@src-537c58760dafe7fcc8a1d9bbcf00b6f6/tools/sdk/esp32s3/include/ulp/include -I/home/franstein/.platformio/packages/framework-arduinoespressif32@src-537c58760dafe7fcc8a1d9bbcf00b6f6/tools/sdk/esp32s3/include/wifi_provisioning/include -I/home/franstein/.platformio/packages/framework-arduinoespressif32@src-537c58760dafe7fcc8a1d9bbcf00b6f6/tools/sdk/esp32s3/include/rmaker_common/include -I/home/franstein/.platformio/packages/framework-arduinoespressif32@src-537c58760dafe7fcc8a1d9bbcf00b6f6/tools/sdk/esp32s3/include/json_parser/upstream/include -I/home/franstein/.platformio/packages/framework-arduinoespressif32@src-537c58760dafe7fcc8a1d9bbcf00b6f6/tools/sdk/esp32s3/include/json_parser/upstream -I/home/franstein/.platformio/packages/framework-arduinoespressif32@src-537c58760dafe7fcc8a1d9bbcf00b6f6/tools/sdk/esp32s3/include/json_generator/upstream -I/home/franstein/.platformio/packages/framework-arduinoespressif32@src-537c58760dafe7fcc8a1d9bbcf00b6f6/tools/sdk/esp32s3/include/esp_schedule/include -I/home/franstein/.platformio/packages/framework-arduinoespressif32@src-537c58760dafe7fcc8a1d9bbcf00b6f6/tools/sdk/esp32s3/include/esp_rainmaker/include -I/home/franstein/.platformio/packages/framework-arduinoespressif32@src-537c58760dafe7fcc8a1d9bbcf00b6f6/tools/sdk/esp32s3/include/gpio_button/button/include -I/home/franstein/.platformio/packages/framework-arduinoespressif32@src-537c58760dafe7fcc8a1d9bbcf00b6f6/tools/sdk/esp32s3/include/qrcode/include -I/home/franstein/.platformio/packages/framework-arduinoespressif32@src-537c58760dafe7fcc8a1d9bbcf00b6f6/tools/sdk/esp32s3/include/ws2812_led -I/home/franstein/.platformio/packages/framework-arduinoespressif32@src-537c58760dafe7fcc8a1d9bbcf00b6f6/tools/sdk/esp32s3/include/esp_diagnostics/include -I/home/franstein/.platformio/packages/framework-arduinoespressif32@src-537c58760dafe7fcc8a1d9bbcf00b6f6/tools/sdk/esp32s3/include/rtc_store/include -I/home/franstein/.platformio/packages/framework-arduinoespressif32@src-537c58760dafe7fcc8a1d9bbcf00b6f6/tools/sdk/esp32s3/include/esp_insights/include -I/home/franstein/.platformio/packages/framework-arduinoespressif32@src-537c58760dafe7fcc8a1d9bbcf00b6f6/tools/sdk/esp32s3/include/esp-dsp/modules/dotprod/include -I/home/franstein/.platformio/packages/framework-arduinoespressif32@src-537c58760dafe7fcc8a1d9bbcf00b6f6/tools/sdk/esp32s3/include/esp-dsp/modules/support/include -I/home/franstein/.platformio/packages/framework-arduinoespressif32@src-537c58760dafe7fcc8a1d9bbcf00b6f6/tools/sdk/esp32s3/include/esp-dsp/modules/windows/include -I/home/franstein/.platformio/packages/framework-arduinoespressif32@src-537c58760dafe7fcc8a1d9bbcf00b6f6/tools/sdk/esp32s3/include/esp-dsp/modules/windows/hann/include -I/home/franstein/.platformio/packages/framework-arduinoespressif32@src-537c58760dafe7fcc8a1d9bbcf00b6f6/tools/sdk/esp32s3/include/esp-dsp/modules/windows/blackman/include -I/home/franstein/.platformio/packages/framework-arduinoespressif32@src-537c58760dafe7fcc8a1d9bbcf00b6f6/tools/sdk/esp32s3/include/esp-dsp/modules/windows/blackman_harris/include -I/home/franstein/.platformio/packages/framework-arduinoespressif32@src-537c58760dafe7fcc8a1d9bbcf00b6f6/tools/sdk/esp32s3/include/esp-dsp/modules/windows/blackman_nuttall/include -I/home/franstein/.platformio/packages/framework-arduinoespressif32@src-537c58760dafe7fcc8a1d9bbcf00b6f6/tools/sdk/esp32s3/include/esp-dsp/modules/windows/nuttall/include -I/home/franstein/.platformio/packages/framework-arduinoespressif32@src-537c58760dafe7fcc8a1d9bbcf00b6f6/tools/sdk/esp32s3/include/esp-dsp/modules/windows/flat_top/include -I/home/franstein/.platformio/packages/framework-arduinoespressif32@src-537c58760dafe7fcc8a1d9bbcf00b6f6/tools/sdk/esp32s3/include/esp-dsp/modules/iir/include -I/home/franstein/.platformio/packages/framework-arduinoespressif32@src-537c58760dafe7fcc8a1d9bbcf00b6f6/tools/sdk/esp32s3/include/esp-dsp/modules/fir/include -I/home/franstein/.platformio/packages/framework-arduinoespressif32@src-537c58760dafe7fcc8a1d9bbcf00b6f6/tools/sdk/esp32s3/include/esp-dsp/modules/math/include -I/home/franstein/.platformio/packages/framework-arduinoespressif32@src-537c58760dafe7fcc8a1d9bbcf00b6f6/tools/sdk/esp32s3/include/esp-dsp/modules/math/add/include -I/home/franstein/.platformio/packages/framework-arduinoespressif32@src-537c58760dafe7fcc8a1d9bbcf00b6f6/tools/sdk/esp32s3/include/esp-dsp/modules/math/sub/include -I/home/franstein/.platformio/packages/framework-arduinoespressif32@src-537c58760dafe7fcc8a1d9bbcf00b6f6/tools/sdk/esp32s3/include/esp-dsp/modules/math/mul/include -I/home/franstein/.platformio/packages/framework-arduinoespressif32@src-537c58760dafe7fcc8a1d9bbcf00b6f6/tools/sdk/esp32s3/include/esp-dsp/modules/math/addc/include -I/home/franstein/.platformio/packages/framework-arduinoespressif32@src-537c58760dafe7fcc8a1d9bbcf00b6f6/tools/sdk/esp32s3/include/esp-dsp/modules/math/mulc/include -I/home/franstein/.platformio/packages/framework-arduinoespressif32@src-537c58760dafe7fcc8a1d9bbcf00b6f6/tools/sdk/esp32s3/include/esp-dsp/modules/math/sqrt/include -I/home/franstein/.platformio/packages/framework-arduinoespressif32@src-537c58760dafe7fcc8a1d9bbcf00b6f6/tools/sdk/esp32s3/include/esp-dsp/modules/matrix/include -I/home/franstein/.platformio/packages/framework-arduinoespressif32@src-537c58760dafe7fcc8a1d9bbcf00b6f6/tools/sdk/esp32s3/include/esp-dsp/modules/fft/include -I/home/franstein/.platformio/packages/framework-arduinoespressif32@src-537c58760dafe7fcc8a1d9bbcf00b6f6/tools/sdk/esp32s3/include/esp-dsp/modules/dct/include -I/home/franstein/.platformio/packages/framework-arduinoespressif32@src-537c58760dafe7fcc8a1d9bbcf00b6f6/tools/sdk/esp32s3/include/esp-dsp/modules/conv/include -I/home/franstein/.platformio/packages/framework-arduinoespressif32@src-537c58760dafe7fcc8a1d9bbcf00b6f6/tools/sdk/esp32s3/include/esp-dsp/modules/common/include -I/home/franstein/.platformio/packages/framework-arduinoespressif32@src-537c58760dafe7fcc8a1d9bbcf00b6f6/tools/sdk/esp32s3/include/esp-dsp/modules/kalman/ekf/include -I/home/franstein/.platformio/packages/framework-arduinoespressif32@src-537c58760dafe7fcc8a1d9bbcf00b6f6/tools/sdk/esp32s3/include/esp-dsp/modules/kalman/ekf_imu13states/include -I/home/franstein/.platformio/packages/framework-arduinoespressif32@src-537c58760dafe7fcc8a1d9bbcf00b6f6/tools/sdk/esp32s3/include/freertos/include/freertos -I/home/franstein/.platformio/packages/framework-arduinoespressif32@src-537c58760dafe7fcc8a1d9bbcf00b6f6/tools/sdk/esp32s3/include/arduino_tinyusb/tinyusb/src -I/home/franstein/.platformio/packages/framework-arduinoespressif32@src-537c58760dafe7fcc8a1d9bbcf00b6f6/tools/sdk/esp32s3/include/arduino_tinyusb/include -I/home/franstein/.platformio/packages/framework-arduinoespressif32@src-537c58760dafe7fcc8a1d9bbcf00b6f6/tools/sdk/esp32s3/include/esp_littlefs/include -I/home/franstein/.platformio/packages/framework-arduinoespressif32@src-537c58760dafe7fcc8a1d9bbcf00b6f6/tools/sdk/esp32s3/include/esp-dl/include -I/home/franstein/.platformio/packages/framework-arduinoespressif32@src-537c58760dafe7fcc8a1d9bbcf00b6f6/tools/sdk/esp32s3/include/esp-dl/include/tool -I/home/franstein/.platformio/packages/framework-arduinoespressif32@src-537c58760dafe7fcc8a1d9bbcf00b6f6/tools/sdk/esp32s3/include/esp-dl/include/typedef -I/home/franstein/.platformio/packages/framework-arduinoespressif32@src-537c58760dafe7fcc8a1d9bbcf00b6f6/tools/sdk/esp32s3/include/esp-dl/include/image -I/home/franstein/.platformio/packages/framework-arduinoespressif32@src-537c58760dafe7fcc8a1d9bbcf00b6f6/tools/sdk/esp32s3/include/esp-dl/include/math -I/home/franstein/.platformio/packages/framework-arduinoespressif32@src-537c58760dafe7fcc8a1d9bbcf00b6f6/tools/sdk/esp32s3/include/esp-dl/include/nn -I/home/franstein/.platformio/packages/framework-arduinoespressif32@src-537c58760dafe7fcc8a1d9bbcf00b6f6/tools/sdk/esp32s3/include/esp-dl/include/layer -I/home/franstein/.platformio/packages/framework-arduinoespressif32@src-537c58760dafe7fcc8a1d9bbcf00b6f6/tools/sdk/esp32s3/include/esp-dl/include/detect -I/home/franstein/.platformio/packages/framework-arduinoespressif32@src-537c58760dafe7fcc8a1d9bbcf00b6f6/tools/sdk/esp32s3/include/esp-dl/include/model_zoo -I/home/franstein/.platformio/packages/framework-arduinoespressif32@src-537c58760dafe7fcc8a1d9bbcf00b6f6/tools/sdk/esp32s3/include/esp-sr/src/include -I/home/franstein/.platformio/packages/framework-arduinoespressif32@src-537c58760dafe7fcc8a1d9bbcf00b6f6/tools/sdk/esp32s3/include/esp-sr/esp-tts/esp_tts_chinese/include -I/home/franstein/.platformio/packages/framework-arduinoespressif32@src-537c58760dafe7fcc8a1d9bbcf00b6f6/tools/sdk/esp32s3/include/esp-sr/include/esp32s3 -I/home/franstein/.platformio/packages/framework-arduinoespressif32@src-537c58760dafe7fcc8a1d9bbcf00b6f6/tools/sdk/esp32s3/include/esp32-camera/driver/include -I/home/franstein/.platformio/packages/framework-arduinoespressif32@src-537c58760dafe7fcc8a1d9bbcf00b6f6/tools/sdk/esp32s3/include/esp32-camera/conversions/include -I/home/franstein/.platformio/packages/framework-arduinoespressif32@src-537c58760dafe7fcc8a1d9bbcf00b6f6/tools/sdk/esp32s3/include/fb_gfx/include -I/home/franstein/.platformio/packages/framework-arduinoespressif32@src-537c58760dafe7fcc8a1d9bbcf00b6f6/tools/sdk/esp32s3/qio_opi/include -I/home/franstein/.platformio/packages/framework-arduinoespressif32@src-537c58760dafe7fcc8a1d9bbcf00b6f6/cores/esp32 -I/home/franstein/.platformio/packages/framework-arduinoespressif32@src-537c58760dafe7fcc8a1d9bbcf00b6f6/variants/esp32s3 /home/franstein/.platformio/packages/framework-arduinoespressif32@src-537c58760dafe7fcc8a1d9bbcf00b6f6/cores/esp32/Stream.cpp
xtensa-esp32s3-elf-g++ -o .pio/build/esp32/FrameworkArduino/StreamString.cpp.o -c -std=gnu++11 -fexceptions -fno-rtti -Os -mlongcalls -ffunction-sections -fdata-sections -Wno-error=unused-function -Wno-error=unused-variable -Wno-error=deprecated-declarations -Wno-unused-parameter -Wno-sign-compare -ggdb -freorder-blocks -Wwrite-strings -fstack-protector -fstrict-volatile-bitfields -Wno-error=unused-but-set-variable -fno-jump-tables -fno-tree-switch-conversion -MMD -DPLATFORMIO=60107 -DBOARD_HAS_PSRAM -DARDUINO_USB_MODE=1 -DARDUINO_USB_CDC_ON_BOOT=1 -DHAVE_CONFIG_H -DMBEDTLS_CONFIG_FILE=\"mbedtls/esp_config.h\" -DUNITY_INCLUDE_CONFIG_H -DWITH_POSIX -D_GNU_SOURCE -DIDF_VER=\"v4.4.3\" -DESP_PLATFORM -D_POSIX_READER_WRITER_LOCKS -DARDUINO_ARCH_ESP32 -DESP32 -DF_CPU=240000000L -DARDUINO=10812 -DARDUINO_VARIANT=\"esp32s3\" "-DARDUINO_BOARD=\"LILYGO T3-S3\"" -DARDUINO_PARTITION_default -I/home/franstein/.platformio/packages/framework-arduinoespressif32@src-537c58760dafe7fcc8a1d9bbcf00b6f6/tools/sdk/esp32s3/include/newlib/platform_include -I/home/franstein/.platformio/packages/framework-arduinoespressif32@src-537c58760dafe7fcc8a1d9bbcf00b6f6/tools/sdk/esp32s3/include/freertos/include -I/home/franstein/.platformio/packages/framework-arduinoespressif32@src-537c58760dafe7fcc8a1d9bbcf00b6f6/tools/sdk/esp32s3/include/freertos/include/esp_additions/freertos -I/home/franstein/.platformio/packages/framework-arduinoespressif32@src-537c58760dafe7fcc8a1d9bbcf00b6f6/tools/sdk/esp32s3/include/freertos/port/xtensa/include -I/home/franstein/.platformio/packages/framework-arduinoespressif32@src-537c58760dafe7fcc8a1d9bbcf00b6f6/tools/sdk/esp32s3/include/freertos/include/esp_additions -I/home/franstein/.platformio/packages/framework-arduinoespressif32@src-537c58760dafe7fcc8a1d9bbcf00b6f6/tools/sdk/esp32s3/include/esp_hw_support/include -I/home/franstein/.platformio/packages/framework-arduinoespressif32@src-537c58760dafe7fcc8a1d9bbcf00b6f6/tools/sdk/esp32s3/include/esp_hw_support/include/soc -I/home/franstein/.platformio/packages/framework-arduinoespressif32@src-537c58760dafe7fcc8a1d9bbcf00b6f6/tools/sdk/esp32s3/include/esp_hw_support/include/soc/esp32s3 -I/home/franstein/.platformio/packages/framework-arduinoespressif32@src-537c58760dafe7fcc8a1d9bbcf00b6f6/tools/sdk/esp32s3/include/esp_hw_support/port/esp32s3 -I/home/franstein/.platformio/packages/framework-arduinoespressif32@src-537c58760dafe7fcc8a1d9bbcf00b6f6/tools/sdk/esp32s3/include/esp_hw_support/port/esp32s3/private_include -I/home/franstein/.platformio/packages/framework-arduinoespressif32@src-537c58760dafe7fcc8a1d9bbcf00b6f6/tools/sdk/esp32s3/include/heap/include -I/home/franstein/.platformio/packages/framework-arduinoespressif32@src-537c58760dafe7fcc8a1d9bbcf00b6f6/tools/sdk/esp32s3/include/log/include -I/home/franstein/.platformio/packages/framework-arduinoespressif32@src-537c58760dafe7fcc8a1d9bbcf00b6f6/tools/sdk/esp32s3/include/lwip/include/apps -I/home/franstein/.platformio/packages/framework-arduinoespressif32@src-537c58760dafe7fcc8a1d9bbcf00b6f6/tools/sdk/esp32s3/include/lwip/include/apps/sntp -I/home/franstein/.platformio/packages/framework-arduinoespressif32@src-537c58760dafe7fcc8a1d9bbcf00b6f6/tools/sdk/esp32s3/include/lwip/lwip/src/include -I/home/franstein/.platformio/packages/framework-arduinoespressif32@src-537c58760dafe7fcc8a1d9bbcf00b6f6/tools/sdk/esp32s3/include/lwip/port/esp32/include -I/home/franstein/.platformio/packages/framework-arduinoespressif32@src-537c58760dafe7fcc8a1d9bbcf00b6f6/tools/sdk/esp32s3/include/lwip/port/esp32/include/arch -I/home/franstein/.platformio/packages/framework-arduinoespressif32@src-537c58760dafe7fcc8a1d9bbcf00b6f6/tools/sdk/esp32s3/include/soc/include -I/home/franstein/.platformio/packages/framework-arduinoespressif32@src-537c58760dafe7fcc8a1d9bbcf00b6f6/tools/sdk/esp32s3/include/soc/esp32s3 -I/home/franstein/.platformio/packages/framework-arduinoespressif32@src-537c58760dafe7fcc8a1d9bbcf00b6f6/tools/sdk/esp32s3/include/soc/esp32s3/include -I/home/franstein/.platformio/packages/framework-arduinoespressif32@src-537c58760dafe7fcc8a1d9bbcf00b6f6/tools/sdk/esp32s3/include/hal/esp32s3/include -I/home/franstein/.platformio/packages/framework-arduinoespressif32@src-537c58760dafe7fcc8a1d9bbcf00b6f6/tools/sdk/esp32s3/include/hal/include -I/home/franstein/.platformio/packages/framework-arduinoespressif32@src-537c58760dafe7fcc8a1d9bbcf00b6f6/tools/sdk/esp32s3/include/hal/platform_port/include -I/home/franstein/.platformio/packages/framework-arduinoespressif32@src-537c58760dafe7fcc8a1d9bbcf00b6f6/tools/sdk/esp32s3/include/esp_rom/include -I/home/franstein/.platformio/packages/framework-arduinoespressif32@src-537c58760dafe7fcc8a1d9bbcf00b6f6/tools/sdk/esp32s3/include/esp_rom/include/esp32s3 -I/home/franstein/.platformio/packages/framework-arduinoespressif32@src-537c58760dafe7fcc8a1d9bbcf00b6f6/tools/sdk/esp32s3/include/esp_rom/esp32s3 -I/home/franstein/.platformio/packages/framework-arduinoespressif32@src-537c58760dafe7fcc8a1d9bbcf00b6f6/tools/sdk/esp32s3/include/esp_common/include -I/home/franstein/.platformio/packages/framework-arduinoespressif32@src-537c58760dafe7fcc8a1d9bbcf00b6f6/tools/sdk/esp32s3/include/esp_system/include -I/home/franstein/.platformio/packages/framework-arduinoespressif32@src-537c58760dafe7fcc8a1d9bbcf00b6f6/tools/sdk/esp32s3/include/esp_system/port/soc -I/home/franstein/.platformio/packages/framework-arduinoespressif32@src-537c58760dafe7fcc8a1d9bbcf00b6f6/tools/sdk/esp32s3/include/esp_system/port/public_compat -I/home/franstein/.platformio/packages/framework-arduinoespressif32@src-537c58760dafe7fcc8a1d9bbcf00b6f6/tools/sdk/esp32s3/include/xtensa/include -I/home/franstein/.platformio/packages/framework-arduinoespressif32@src-537c58760dafe7fcc8a1d9bbcf00b6f6/tools/sdk/esp32s3/include/xtensa/esp32s3/include -I/home/franstein/.platformio/packages/framework-arduinoespressif32@src-537c58760dafe7fcc8a1d9bbcf00b6f6/tools/sdk/esp32s3/include/driver/include -I/home/franstein/.platformio/packages/framework-arduinoespressif32@src-537c58760dafe7fcc8a1d9bbcf00b6f6/tools/sdk/esp32s3/include/driver/esp32s3/include -I/home/franstein/.platformio/packages/framework-arduinoespressif32@src-537c58760dafe7fcc8a1d9bbcf00b6f6/tools/sdk/esp32s3/include/esp_pm/include -I/home/franstein/.platformio/packages/framework-arduinoespressif32@src-537c58760dafe7fcc8a1d9bbcf00b6f6/tools/sdk/esp32s3/include/esp_ringbuf/include -I/home/franstein/.platformio/packages/framework-arduinoespressif32@src-537c58760dafe7fcc8a1d9bbcf00b6f6/tools/sdk/esp32s3/include/efuse/include -I/home/franstein/.platformio/packages/framework-arduinoespressif32@src-537c58760dafe7fcc8a1d9bbcf00b6f6/tools/sdk/esp32s3/include/efuse/esp32s3/include -I/home/franstein/.platformio/packages/framework-arduinoespressif32@src-537c58760dafe7fcc8a1d9bbcf00b6f6/tools/sdk/esp32s3/include/vfs/include -I/home/franstein/.platformio/packages/framework-arduinoespressif32@src-537c58760dafe7fcc8a1d9bbcf00b6f6/tools/sdk/esp32s3/include/esp_wifi/include -I/home/franstein/.platformio/packages/framework-arduinoespressif32@src-537c58760dafe7fcc8a1d9bbcf00b6f6/tools/sdk/esp32s3/include/esp_event/include -I/home/franstein/.platformio/packages/framework-arduinoespressif32@src-537c58760dafe7fcc8a1d9bbcf00b6f6/tools/sdk/esp32s3/include/esp_netif/include -I/home/franstein/.platformio/packages/framework-arduinoespressif32@src-537c58760dafe7fcc8a1d9bbcf00b6f6/tools/sdk/esp32s3/include/esp_eth/include -I/home/franstein/.platformio/packages/framework-arduinoespressif32@src-537c58760dafe7fcc8a1d9bbcf00b6f6/tools/sdk/esp32s3/include/tcpip_adapter/include -I/home/franstein/.platformio/packages/framework-arduinoespressif32@src-537c58760dafe7fcc8a1d9bbcf00b6f6/tools/sdk/esp32s3/include/esp_phy/include -I/home/franstein/.platformio/packages/framework-arduinoespressif32@src-537c58760dafe7fcc8a1d9bbcf00b6f6/tools/sdk/esp32s3/include/esp_phy/esp32s3/include -I/home/franstein/.platformio/packages/framework-arduinoespressif32@src-537c58760dafe7fcc8a1d9bbcf00b6f6/tools/sdk/esp32s3/include/esp_ipc/include -I/home/franstein/.platformio/packages/framework-arduinoespressif32@src-537c58760dafe7fcc8a1d9bbcf00b6f6/tools/sdk/esp32s3/include/app_trace/include -I/home/franstein/.platformio/packages/framework-arduinoespressif32@src-537c58760dafe7fcc8a1d9bbcf00b6f6/tools/sdk/esp32s3/include/esp_timer/include -I/home/franstein/.platformio/packages/framework-arduinoespressif32@src-537c58760dafe7fcc8a1d9bbcf00b6f6/tools/sdk/esp32s3/include/mbedtls/port/include -I/home/franstein/.platformio/packages/framework-arduinoespressif32@src-537c58760dafe7fcc8a1d9bbcf00b6f6/tools/sdk/esp32s3/include/mbedtls/mbedtls/include -I/home/franstein/.platformio/packages/framework-arduinoespressif32@src-537c58760dafe7fcc8a1d9bbcf00b6f6/tools/sdk/esp32s3/include/mbedtls/esp_crt_bundle/include -I/home/franstein/.platformio/packages/framework-arduinoespressif32@src-537c58760dafe7fcc8a1d9bbcf00b6f6/tools/sdk/esp32s3/include/app_update/include -I/home/franstein/.platformio/packages/framework-arduinoespressif32@src-537c58760dafe7fcc8a1d9bbcf00b6f6/tools/sdk/esp32s3/include/spi_flash/include -I/home/franstein/.platformio/packages/framework-arduinoespressif32@src-537c58760dafe7fcc8a1d9bbcf00b6f6/tools/sdk/esp32s3/include/bootloader_support/include -I/home/franstein/.platformio/packages/framework-arduinoespressif32@src-537c58760dafe7fcc8a1d9bbcf00b6f6/tools/sdk/esp32s3/include/nvs_flash/include -I/home/franstein/.platformio/packages/framework-arduinoespressif32@src-537c58760dafe7fcc8a1d9bbcf00b6f6/tools/sdk/esp32s3/include/pthread/include -I/home/franstein/.platformio/packages/framework-arduinoespressif32@src-537c58760dafe7fcc8a1d9bbcf00b6f6/tools/sdk/esp32s3/include/esp_gdbstub/include -I/home/franstein/.platformio/packages/framework-arduinoespressif32@src-537c58760dafe7fcc8a1d9bbcf00b6f6/tools/sdk/esp32s3/include/esp_gdbstub/xtensa -I/home/franstein/.platformio/packages/framework-arduinoespressif32@src-537c58760dafe7fcc8a1d9bbcf00b6f6/tools/sdk/esp32s3/include/esp_gdbstub/esp32s3 -I/home/franstein/.platformio/packages/framework-arduinoespressif32@src-537c58760dafe7fcc8a1d9bbcf00b6f6/tools/sdk/esp32s3/include/espcoredump/include -I/home/franstein/.platformio/packages/framework-arduinoespressif32@src-537c58760dafe7fcc8a1d9bbcf00b6f6/tools/sdk/esp32s3/include/espcoredump/include/port/xtensa -I/home/franstein/.platformio/packages/framework-arduinoespressif32@src-537c58760dafe7fcc8a1d9bbcf00b6f6/tools/sdk/esp32s3/include/wpa_supplicant/include -I/home/franstein/.platformio/packages/framework-arduinoespressif32@src-537c58760dafe7fcc8a1d9bbcf00b6f6/tools/sdk/esp32s3/include/wpa_supplicant/port/include -I/home/franstein/.platformio/packages/framework-arduinoespressif32@src-537c58760dafe7fcc8a1d9bbcf00b6f6/tools/sdk/esp32s3/include/wpa_supplicant/esp_supplicant/include -I/home/franstein/.platformio/packages/framework-arduinoespressif32@src-537c58760dafe7fcc8a1d9bbcf00b6f6/tools/sdk/esp32s3/include/ieee802154/include -I/home/franstein/.platformio/packages/framework-arduinoespressif32@src-537c58760dafe7fcc8a1d9bbcf00b6f6/tools/sdk/esp32s3/include/console -I/home/franstein/.platformio/packages/framework-arduinoespressif32@src-537c58760dafe7fcc8a1d9bbcf00b6f6/tools/sdk/esp32s3/include/asio/asio/asio/include -I/home/franstein/.platformio/packages/framework-arduinoespressif32@src-537c58760dafe7fcc8a1d9bbcf00b6f6/tools/sdk/esp32s3/include/asio/port/include -I/home/franstein/.platformio/packages/framework-arduinoespressif32@src-537c58760dafe7fcc8a1d9bbcf00b6f6/tools/sdk/esp32s3/include/bt/common/osi/include -I/home/franstein/.platformio/packages/framework-arduinoespressif32@src-537c58760dafe7fcc8a1d9bbcf00b6f6/tools/sdk/esp32s3/include/bt/include/esp32s3/include -I/home/franstein/.platformio/packages/framework-arduinoespressif32@src-537c58760dafe7fcc8a1d9bbcf00b6f6/tools/sdk/esp32s3/include/bt/common/api/include/api -I/home/franstein/.platformio/packages/framework-arduinoespressif32@src-537c58760dafe7fcc8a1d9bbcf00b6f6/tools/sdk/esp32s3/include/bt/common/btc/profile/esp/blufi/include -I/home/franstein/.platformio/packages/framework-arduinoespressif32@src-537c58760dafe7fcc8a1d9bbcf00b6f6/tools/sdk/esp32s3/include/bt/common/btc/profile/esp/include -I/home/franstein/.platformio/packages/framework-arduinoespressif32@src-537c58760dafe7fcc8a1d9bbcf00b6f6/tools/sdk/esp32s3/include/bt/host/bluedroid/api/include/api -I/home/franstein/.platformio/packages/framework-arduinoespressif32@src-537c58760dafe7fcc8a1d9bbcf00b6f6/tools/sdk/esp32s3/include/bt/esp_ble_mesh/mesh_common/include -I/home/franstein/.platformio/packages/framework-arduinoespressif32@src-537c58760dafe7fcc8a1d9bbcf00b6f6/tools/sdk/esp32s3/include/bt/esp_ble_mesh/mesh_common/tinycrypt/include -I/home/franstein/.platformio/packages/framework-arduinoespressif32@src-537c58760dafe7fcc8a1d9bbcf00b6f6/tools/sdk/esp32s3/include/bt/esp_ble_mesh/mesh_core -I/home/franstein/.platformio/packages/framework-arduinoespressif32@src-537c58760dafe7fcc8a1d9bbcf00b6f6/tools/sdk/esp32s3/include/bt/esp_ble_mesh/mesh_core/include -I/home/franstein/.platformio/packages/framework-arduinoespressif32@src-537c58760dafe7fcc8a1d9bbcf00b6f6/tools/sdk/esp32s3/include/bt/esp_ble_mesh/mesh_core/storage -I/home/franstein/.platformio/packages/framework-arduinoespressif32@src-537c58760dafe7fcc8a1d9bbcf00b6f6/tools/sdk/esp32s3/include/bt/esp_ble_mesh/btc/include -I/home/franstein/.platformio/packages/framework-arduinoespressif32@src-537c58760dafe7fcc8a1d9bbcf00b6f6/tools/sdk/esp32s3/include/bt/esp_ble_mesh/mesh_models/common/include -I/home/franstein/.platformio/packages/framework-arduinoespressif32@src-537c58760dafe7fcc8a1d9bbcf00b6f6/tools/sdk/esp32s3/include/bt/esp_ble_mesh/mesh_models/client/include -I/home/franstein/.platformio/packages/framework-arduinoespressif32@src-537c58760dafe7fcc8a1d9bbcf00b6f6/tools/sdk/esp32s3/include/bt/esp_ble_mesh/mesh_models/server/include -I/home/franstein/.platformio/packages/framework-arduinoespressif32@src-537c58760dafe7fcc8a1d9bbcf00b6f6/tools/sdk/esp32s3/include/bt/esp_ble_mesh/api/core/include -I/home/franstein/.platformio/packages/framework-arduinoespressif32@src-537c58760dafe7fcc8a1d9bbcf00b6f6/tools/sdk/esp32s3/include/bt/esp_ble_mesh/api/models/include -I/home/franstein/.platformio/packages/framework-arduinoespressif32@src-537c58760dafe7fcc8a1d9bbcf00b6f6/tools/sdk/esp32s3/include/bt/esp_ble_mesh/api -I/home/franstein/.platformio/packages/framework-arduinoespressif32@src-537c58760dafe7fcc8a1d9bbcf00b6f6/tools/sdk/esp32s3/include/cbor/port/include -I/home/franstein/.platformio/packages/framework-arduinoespressif32@src-537c58760dafe7fcc8a1d9bbcf00b6f6/tools/sdk/esp32s3/include/unity/include -I/home/franstein/.platformio/packages/framework-arduinoespressif32@src-537c58760dafe7fcc8a1d9bbcf00b6f6/tools/sdk/esp32s3/include/unity/unity/src -I/home/franstein/.platformio/packages/framework-arduinoespressif32@src-537c58760dafe7fcc8a1d9bbcf00b6f6/tools/sdk/esp32s3/include/cmock/CMock/src -I/home/franstein/.platformio/packages/framework-arduinoespressif32@src-537c58760dafe7fcc8a1d9bbcf00b6f6/tools/sdk/esp32s3/include/coap/port/include -I/home/franstein/.platformio/packages/framework-arduinoespressif32@src-537c58760dafe7fcc8a1d9bbcf00b6f6/tools/sdk/esp32s3/include/coap/libcoap/include -I/home/franstein/.platformio/packages/framework-arduinoespressif32@src-537c58760dafe7fcc8a1d9bbcf00b6f6/tools/sdk/esp32s3/include/nghttp/port/include -I/home/franstein/.platformio/packages/framework-arduinoespressif32@src-537c58760dafe7fcc8a1d9bbcf00b6f6/tools/sdk/esp32s3/include/nghttp/nghttp2/lib/includes -I/home/franstein/.platformio/packages/framework-arduinoespressif32@src-537c58760dafe7fcc8a1d9bbcf00b6f6/tools/sdk/esp32s3/include/esp-tls -I/home/franstein/.platformio/packages/framework-arduinoespressif32@src-537c58760dafe7fcc8a1d9bbcf00b6f6/tools/sdk/esp32s3/include/esp-tls/esp-tls-crypto -I/home/franstein/.platformio/packages/framework-arduinoespressif32@src-537c58760dafe7fcc8a1d9bbcf00b6f6/tools/sdk/esp32s3/include/esp_adc_cal/include -I/home/franstein/.platformio/packages/framework-arduinoespressif32@src-537c58760dafe7fcc8a1d9bbcf00b6f6/tools/sdk/esp32s3/include/esp_hid/include -I/home/franstein/.platformio/packages/framework-arduinoespressif32@src-537c58760dafe7fcc8a1d9bbcf00b6f6/tools/sdk/esp32s3/include/tcp_transport/include -I/home/franstein/.platformio/packages/framework-arduinoespressif32@src-537c58760dafe7fcc8a1d9bbcf00b6f6/tools/sdk/esp32s3/include/esp_http_client/include -I/home/franstein/.platformio/packages/framework-arduinoespressif32@src-537c58760dafe7fcc8a1d9bbcf00b6f6/tools/sdk/esp32s3/include/esp_http_server/include -I/home/franstein/.platformio/packages/framework-arduinoespressif32@src-537c58760dafe7fcc8a1d9bbcf00b6f6/tools/sdk/esp32s3/include/esp_https_ota/include -I/home/franstein/.platformio/packages/framework-arduinoespressif32@src-537c58760dafe7fcc8a1d9bbcf00b6f6/tools/sdk/esp32s3/include/esp_https_server/include -I/home/franstein/.platformio/packages/framework-arduinoespressif32@src-537c58760dafe7fcc8a1d9bbcf00b6f6/tools/sdk/esp32s3/include/esp_lcd/include -I/home/franstein/.platformio/packages/framework-arduinoespressif32@src-537c58760dafe7fcc8a1d9bbcf00b6f6/tools/sdk/esp32s3/include/esp_lcd/interface -I/home/franstein/.platformio/packages/framework-arduinoespressif32@src-537c58760dafe7fcc8a1d9bbcf00b6f6/tools/sdk/esp32s3/include/protobuf-c/protobuf-c -I/home/franstein/.platformio/packages/framework-arduinoespressif32@src-537c58760dafe7fcc8a1d9bbcf00b6f6/tools/sdk/esp32s3/include/protocomm/include/common -I/home/franstein/.platformio/packages/framework-arduinoespressif32@src-537c58760dafe7fcc8a1d9bbcf00b6f6/tools/sdk/esp32s3/include/protocomm/include/security -I/home/franstein/.platformio/packages/framework-arduinoespressif32@src-537c58760dafe7fcc8a1d9bbcf00b6f6/tools/sdk/esp32s3/include/protocomm/include/transports -I/home/franstein/.platformio/packages/framework-arduinoespressif32@src-537c58760dafe7fcc8a1d9bbcf00b6f6/tools/sdk/esp32s3/include/mdns/include -I/home/franstein/.platformio/packages/framework-arduinoespressif32@src-537c58760dafe7fcc8a1d9bbcf00b6f6/tools/sdk/esp32s3/include/esp_local_ctrl/include -I/home/franstein/.platformio/packages/framework-arduinoespressif32@src-537c58760dafe7fcc8a1d9bbcf00b6f6/tools/sdk/esp32s3/include/sdmmc/include -I/home/franstein/.platformio/packages/framework-arduinoespressif32@src-537c58760dafe7fcc8a1d9bbcf00b6f6/tools/sdk/esp32s3/include/esp_serial_slave_link/include -I/home/franstein/.platformio/packages/framework-arduinoespressif32@src-537c58760dafe7fcc8a1d9bbcf00b6f6/tools/sdk/esp32s3/include/esp_websocket_client/include -I/home/franstein/.platformio/packages/framework-arduinoespressif32@src-537c58760dafe7fcc8a1d9bbcf00b6f6/tools/sdk/esp32s3/include/expat/expat/expat/lib -I/home/franstein/.platformio/packages/framework-arduinoespressif32@src-537c58760dafe7fcc8a1d9bbcf00b6f6/tools/sdk/esp32s3/include/expat/port/include -I/home/franstein/.platformio/packages/framework-arduinoespressif32@src-537c58760dafe7fcc8a1d9bbcf00b6f6/tools/sdk/esp32s3/include/wear_levelling/include -I/home/franstein/.platformio/packages/framework-arduinoespressif32@src-537c58760dafe7fcc8a1d9bbcf00b6f6/tools/sdk/esp32s3/include/fatfs/diskio -I/home/franstein/.platformio/packages/framework-arduinoespressif32@src-537c58760dafe7fcc8a1d9bbcf00b6f6/tools/sdk/esp32s3/include/fatfs/vfs -I/home/franstein/.platformio/packages/framework-arduinoespressif32@src-537c58760dafe7fcc8a1d9bbcf00b6f6/tools/sdk/esp32s3/include/fatfs/src -I/home/franstein/.platformio/packages/framework-arduinoespressif32@src-537c58760dafe7fcc8a1d9bbcf00b6f6/tools/sdk/esp32s3/include/freemodbus/common/include -I/home/franstein/.platformio/packages/framework-arduinoespressif32@src-537c58760dafe7fcc8a1d9bbcf00b6f6/tools/sdk/esp32s3/include/idf_test/include -I/home/franstein/.platformio/packages/framework-arduinoespressif32@src-537c58760dafe7fcc8a1d9bbcf00b6f6/tools/sdk/esp32s3/include/idf_test/include/esp32s3 -I/home/franstein/.platformio/packages/framework-arduinoespressif32@src-537c58760dafe7fcc8a1d9bbcf00b6f6/tools/sdk/esp32s3/include/jsmn/include -I/home/franstein/.platformio/packages/framework-arduinoespressif32@src-537c58760dafe7fcc8a1d9bbcf00b6f6/tools/sdk/esp32s3/include/json/cJSON -I/home/franstein/.platformio/packages/framework-arduinoespressif32@src-537c58760dafe7fcc8a1d9bbcf00b6f6/tools/sdk/esp32s3/include/libsodium/libsodium/src/libsodium/include -I/home/franstein/.platformio/packages/framework-arduinoespressif32@src-537c58760dafe7fcc8a1d9bbcf00b6f6/tools/sdk/esp32s3/include/libsodium/port_include -I/home/franstein/.platformio/packages/framework-arduinoespressif32@src-537c58760dafe7fcc8a1d9bbcf00b6f6/tools/sdk/esp32s3/include/mqtt/esp-mqtt/include -I/home/franstein/.platformio/packages/framework-arduinoespressif32@src-537c58760dafe7fcc8a1d9bbcf00b6f6/tools/sdk/esp32s3/include/openssl/include -I/home/franstein/.platformio/packages/framework-arduinoespressif32@src-537c58760dafe7fcc8a1d9bbcf00b6f6/tools/sdk/esp32s3/include/perfmon/include -I/home/franstein/.platformio/packages/framework-arduinoespressif32@src-537c58760dafe7fcc8a1d9bbcf00b6f6/tools/sdk/esp32s3/include/spiffs/include -I/home/franstein/.platformio/packages/framework-arduinoespressif32@src-537c58760dafe7fcc8a1d9bbcf00b6f6/tools/sdk/esp32s3/include/usb/include -I/home/franstein/.platformio/packages/framework-arduinoespressif32@src-537c58760dafe7fcc8a1d9bbcf00b6f6/tools/sdk/esp32s3/include/ulp/include -I/home/franstein/.platformio/packages/framework-arduinoespressif32@src-537c58760dafe7fcc8a1d9bbcf00b6f6/tools/sdk/esp32s3/include/wifi_provisioning/include -I/home/franstein/.platformio/packages/framework-arduinoespressif32@src-537c58760dafe7fcc8a1d9bbcf00b6f6/tools/sdk/esp32s3/include/rmaker_common/include -I/home/franstein/.platformio/packages/framework-arduinoespressif32@src-537c58760dafe7fcc8a1d9bbcf00b6f6/tools/sdk/esp32s3/include/json_parser/upstream/include -I/home/franstein/.platformio/packages/framework-arduinoespressif32@src-537c58760dafe7fcc8a1d9bbcf00b6f6/tools/sdk/esp32s3/include/json_parser/upstream -I/home/franstein/.platformio/packages/framework-arduinoespressif32@src-537c58760dafe7fcc8a1d9bbcf00b6f6/tools/sdk/esp32s3/include/json_generator/upstream -I/home/franstein/.platformio/packages/framework-arduinoespressif32@src-537c58760dafe7fcc8a1d9bbcf00b6f6/tools/sdk/esp32s3/include/esp_schedule/include -I/home/franstein/.platformio/packages/framework-arduinoespressif32@src-537c58760dafe7fcc8a1d9bbcf00b6f6/tools/sdk/esp32s3/include/esp_rainmaker/include -I/home/franstein/.platformio/packages/framework-arduinoespressif32@src-537c58760dafe7fcc8a1d9bbcf00b6f6/tools/sdk/esp32s3/include/gpio_button/button/include -I/home/franstein/.platformio/packages/framework-arduinoespressif32@src-537c58760dafe7fcc8a1d9bbcf00b6f6/tools/sdk/esp32s3/include/qrcode/include -I/home/franstein/.platformio/packages/framework-arduinoespressif32@src-537c58760dafe7fcc8a1d9bbcf00b6f6/tools/sdk/esp32s3/include/ws2812_led -I/home/franstein/.platformio/packages/framework-arduinoespressif32@src-537c58760dafe7fcc8a1d9bbcf00b6f6/tools/sdk/esp32s3/include/esp_diagnostics/include -I/home/franstein/.platformio/packages/framework-arduinoespressif32@src-537c58760dafe7fcc8a1d9bbcf00b6f6/tools/sdk/esp32s3/include/rtc_store/include -I/home/franstein/.platformio/packages/framework-arduinoespressif32@src-537c58760dafe7fcc8a1d9bbcf00b6f6/tools/sdk/esp32s3/include/esp_insights/include -I/home/franstein/.platformio/packages/framework-arduinoespressif32@src-537c58760dafe7fcc8a1d9bbcf00b6f6/tools/sdk/esp32s3/include/esp-dsp/modules/dotprod/include -I/home/franstein/.platformio/packages/framework-arduinoespressif32@src-537c58760dafe7fcc8a1d9bbcf00b6f6/tools/sdk/esp32s3/include/esp-dsp/modules/support/include -I/home/franstein/.platformio/packages/framework-arduinoespressif32@src-537c58760dafe7fcc8a1d9bbcf00b6f6/tools/sdk/esp32s3/include/esp-dsp/modules/windows/include -I/home/franstein/.platformio/packages/framework-arduinoespressif32@src-537c58760dafe7fcc8a1d9bbcf00b6f6/tools/sdk/esp32s3/include/esp-dsp/modules/windows/hann/include -I/home/franstein/.platformio/packages/framework-arduinoespressif32@src-537c58760dafe7fcc8a1d9bbcf00b6f6/tools/sdk/esp32s3/include/esp-dsp/modules/windows/blackman/include -I/home/franstein/.platformio/packages/framework-arduinoespressif32@src-537c58760dafe7fcc8a1d9bbcf00b6f6/tools/sdk/esp32s3/include/esp-dsp/modules/windows/blackman_harris/include -I/home/franstein/.platformio/packages/framework-arduinoespressif32@src-537c58760dafe7fcc8a1d9bbcf00b6f6/tools/sdk/esp32s3/include/esp-dsp/modules/windows/blackman_nuttall/include -I/home/franstein/.platformio/packages/framework-arduinoespressif32@src-537c58760dafe7fcc8a1d9bbcf00b6f6/tools/sdk/esp32s3/include/esp-dsp/modules/windows/nuttall/include -I/home/franstein/.platformio/packages/framework-arduinoespressif32@src-537c58760dafe7fcc8a1d9bbcf00b6f6/tools/sdk/esp32s3/include/esp-dsp/modules/windows/flat_top/include -I/home/franstein/.platformio/packages/framework-arduinoespressif32@src-537c58760dafe7fcc8a1d9bbcf00b6f6/tools/sdk/esp32s3/include/esp-dsp/modules/iir/include -I/home/franstein/.platformio/packages/framework-arduinoespressif32@src-537c58760dafe7fcc8a1d9bbcf00b6f6/tools/sdk/esp32s3/include/esp-dsp/modules/fir/include -I/home/franstein/.platformio/packages/framework-arduinoespressif32@src-537c58760dafe7fcc8a1d9bbcf00b6f6/tools/sdk/esp32s3/include/esp-dsp/modules/math/include -I/home/franstein/.platformio/packages/framework-arduinoespressif32@src-537c58760dafe7fcc8a1d9bbcf00b6f6/tools/sdk/esp32s3/include/esp-dsp/modules/math/add/include -I/home/franstein/.platformio/packages/framework-arduinoespressif32@src-537c58760dafe7fcc8a1d9bbcf00b6f6/tools/sdk/esp32s3/include/esp-dsp/modules/math/sub/include -I/home/franstein/.platformio/packages/framework-arduinoespressif32@src-537c58760dafe7fcc8a1d9bbcf00b6f6/tools/sdk/esp32s3/include/esp-dsp/modules/math/mul/include -I/home/franstein/.platformio/packages/framework-arduinoespressif32@src-537c58760dafe7fcc8a1d9bbcf00b6f6/tools/sdk/esp32s3/include/esp-dsp/modules/math/addc/include -I/home/franstein/.platformio/packages/framework-arduinoespressif32@src-537c58760dafe7fcc8a1d9bbcf00b6f6/tools/sdk/esp32s3/include/esp-dsp/modules/math/mulc/include -I/home/franstein/.platformio/packages/framework-arduinoespressif32@src-537c58760dafe7fcc8a1d9bbcf00b6f6/tools/sdk/esp32s3/include/esp-dsp/modules/math/sqrt/include -I/home/franstein/.platformio/packages/framework-arduinoespressif32@src-537c58760dafe7fcc8a1d9bbcf00b6f6/tools/sdk/esp32s3/include/esp-dsp/modules/matrix/include -I/home/franstein/.platformio/packages/framework-arduinoespressif32@src-537c58760dafe7fcc8a1d9bbcf00b6f6/tools/sdk/esp32s3/include/esp-dsp/modules/fft/include -I/home/franstein/.platformio/packages/framework-arduinoespressif32@src-537c58760dafe7fcc8a1d9bbcf00b6f6/tools/sdk/esp32s3/include/esp-dsp/modules/dct/include -I/home/franstein/.platformio/packages/framework-arduinoespressif32@src-537c58760dafe7fcc8a1d9bbcf00b6f6/tools/sdk/esp32s3/include/esp-dsp/modules/conv/include -I/home/franstein/.platformio/packages/framework-arduinoespressif32@src-537c58760dafe7fcc8a1d9bbcf00b6f6/tools/sdk/esp32s3/include/esp-dsp/modules/common/include -I/home/franstein/.platformio/packages/framework-arduinoespressif32@src-537c58760dafe7fcc8a1d9bbcf00b6f6/tools/sdk/esp32s3/include/esp-dsp/modules/kalman/ekf/include -I/home/franstein/.platformio/packages/framework-arduinoespressif32@src-537c58760dafe7fcc8a1d9bbcf00b6f6/tools/sdk/esp32s3/include/esp-dsp/modules/kalman/ekf_imu13states/include -I/home/franstein/.platformio/packages/framework-arduinoespressif32@src-537c58760dafe7fcc8a1d9bbcf00b6f6/tools/sdk/esp32s3/include/freertos/include/freertos -I/home/franstein/.platformio/packages/framework-arduinoespressif32@src-537c58760dafe7fcc8a1d9bbcf00b6f6/tools/sdk/esp32s3/include/arduino_tinyusb/tinyusb/src -I/home/franstein/.platformio/packages/framework-arduinoespressif32@src-537c58760dafe7fcc8a1d9bbcf00b6f6/tools/sdk/esp32s3/include/arduino_tinyusb/include -I/home/franstein/.platformio/packages/framework-arduinoespressif32@src-537c58760dafe7fcc8a1d9bbcf00b6f6/tools/sdk/esp32s3/include/esp_littlefs/include -I/home/franstein/.platformio/packages/framework-arduinoespressif32@src-537c58760dafe7fcc8a1d9bbcf00b6f6/tools/sdk/esp32s3/include/esp-dl/include -I/home/franstein/.platformio/packages/framework-arduinoespressif32@src-537c58760dafe7fcc8a1d9bbcf00b6f6/tools/sdk/esp32s3/include/esp-dl/include/tool -I/home/franstein/.platformio/packages/framework-arduinoespressif32@src-537c58760dafe7fcc8a1d9bbcf00b6f6/tools/sdk/esp32s3/include/esp-dl/include/typedef -I/home/franstein/.platformio/packages/framework-arduinoespressif32@src-537c58760dafe7fcc8a1d9bbcf00b6f6/tools/sdk/esp32s3/include/esp-dl/include/image -I/home/franstein/.platformio/packages/framework-arduinoespressif32@src-537c58760dafe7fcc8a1d9bbcf00b6f6/tools/sdk/esp32s3/include/esp-dl/include/math -I/home/franstein/.platformio/packages/framework-arduinoespressif32@src-537c58760dafe7fcc8a1d9bbcf00b6f6/tools/sdk/esp32s3/include/esp-dl/include/nn -I/home/franstein/.platformio/packages/framework-arduinoespressif32@src-537c58760dafe7fcc8a1d9bbcf00b6f6/tools/sdk/esp32s3/include/esp-dl/include/layer -I/home/franstein/.platformio/packages/framework-arduinoespressif32@src-537c58760dafe7fcc8a1d9bbcf00b6f6/tools/sdk/esp32s3/include/esp-dl/include/detect -I/home/franstein/.platformio/packages/framework-arduinoespressif32@src-537c58760dafe7fcc8a1d9bbcf00b6f6/tools/sdk/esp32s3/include/esp-dl/include/model_zoo -I/home/franstein/.platformio/packages/framework-arduinoespressif32@src-537c58760dafe7fcc8a1d9bbcf00b6f6/tools/sdk/esp32s3/include/esp-sr/src/include -I/home/franstein/.platformio/packages/framework-arduinoespressif32@src-537c58760dafe7fcc8a1d9bbcf00b6f6/tools/sdk/esp32s3/include/esp-sr/esp-tts/esp_tts_chinese/include -I/home/franstein/.platformio/packages/framework-arduinoespressif32@src-537c58760dafe7fcc8a1d9bbcf00b6f6/tools/sdk/esp32s3/include/esp-sr/include/esp32s3 -I/home/franstein/.platformio/packages/framework-arduinoespressif32@src-537c58760dafe7fcc8a1d9bbcf00b6f6/tools/sdk/esp32s3/include/esp32-camera/driver/include -I/home/franstein/.platformio/packages/framework-arduinoespressif32@src-537c58760dafe7fcc8a1d9bbcf00b6f6/tools/sdk/esp32s3/include/esp32-camera/conversions/include -I/home/franstein/.platformio/packages/framework-arduinoespressif32@src-537c58760dafe7fcc8a1d9bbcf00b6f6/tools/sdk/esp32s3/include/fb_gfx/include -I/home/franstein/.platformio/packages/framework-arduinoespressif32@src-537c58760dafe7fcc8a1d9bbcf00b6f6/tools/sdk/esp32s3/qio_opi/include -I/home/franstein/.platformio/packages/framework-arduinoespressif32@src-537c58760dafe7fcc8a1d9bbcf00b6f6/cores/esp32 -I/home/franstein/.platformio/packages/framework-arduinoespressif32@src-537c58760dafe7fcc8a1d9bbcf00b6f6/variants/esp32s3 /home/franstein/.platformio/packages/framework-arduinoespressif32@src-537c58760dafe7fcc8a1d9bbcf00b6f6/cores/esp32/StreamString.cpp
xtensa-esp32s3-elf-g++ -o .pio/build/esp32/FrameworkArduino/Tone.cpp.o -c -std=gnu++11 -fexceptions -fno-rtti -Os -mlongcalls -ffunction-sections -fdata-sections -Wno-error=unused-function -Wno-error=unused-variable -Wno-error=deprecated-declarations -Wno-unused-parameter -Wno-sign-compare -ggdb -freorder-blocks -Wwrite-strings -fstack-protector -fstrict-volatile-bitfields -Wno-error=unused-but-set-variable -fno-jump-tables -fno-tree-switch-conversion -MMD -DPLATFORMIO=60107 -DBOARD_HAS_PSRAM -DARDUINO_USB_MODE=1 -DARDUINO_USB_CDC_ON_BOOT=1 -DHAVE_CONFIG_H -DMBEDTLS_CONFIG_FILE=\"mbedtls/esp_config.h\" -DUNITY_INCLUDE_CONFIG_H -DWITH_POSIX -D_GNU_SOURCE -DIDF_VER=\"v4.4.3\" -DESP_PLATFORM -D_POSIX_READER_WRITER_LOCKS -DARDUINO_ARCH_ESP32 -DESP32 -DF_CPU=240000000L -DARDUINO=10812 -DARDUINO_VARIANT=\"esp32s3\" "-DARDUINO_BOARD=\"LILYGO T3-S3\"" -DARDUINO_PARTITION_default -I/home/franstein/.platformio/packages/framework-arduinoespressif32@src-537c58760dafe7fcc8a1d9bbcf00b6f6/tools/sdk/esp32s3/include/newlib/platform_include -I/home/franstein/.platformio/packages/framework-arduinoespressif32@src-537c58760dafe7fcc8a1d9bbcf00b6f6/tools/sdk/esp32s3/include/freertos/include -I/home/franstein/.platformio/packages/framework-arduinoespressif32@src-537c58760dafe7fcc8a1d9bbcf00b6f6/tools/sdk/esp32s3/include/freertos/include/esp_additions/freertos -I/home/franstein/.platformio/packages/framework-arduinoespressif32@src-537c58760dafe7fcc8a1d9bbcf00b6f6/tools/sdk/esp32s3/include/freertos/port/xtensa/include -I/home/franstein/.platformio/packages/framework-arduinoespressif32@src-537c58760dafe7fcc8a1d9bbcf00b6f6/tools/sdk/esp32s3/include/freertos/include/esp_additions -I/home/franstein/.platformio/packages/framework-arduinoespressif32@src-537c58760dafe7fcc8a1d9bbcf00b6f6/tools/sdk/esp32s3/include/esp_hw_support/include -I/home/franstein/.platformio/packages/framework-arduinoespressif32@src-537c58760dafe7fcc8a1d9bbcf00b6f6/tools/sdk/esp32s3/include/esp_hw_support/include/soc -I/home/franstein/.platformio/packages/framework-arduinoespressif32@src-537c58760dafe7fcc8a1d9bbcf00b6f6/tools/sdk/esp32s3/include/esp_hw_support/include/soc/esp32s3 -I/home/franstein/.platformio/packages/framework-arduinoespressif32@src-537c58760dafe7fcc8a1d9bbcf00b6f6/tools/sdk/esp32s3/include/esp_hw_support/port/esp32s3 -I/home/franstein/.platformio/packages/framework-arduinoespressif32@src-537c58760dafe7fcc8a1d9bbcf00b6f6/tools/sdk/esp32s3/include/esp_hw_support/port/esp32s3/private_include -I/home/franstein/.platformio/packages/framework-arduinoespressif32@src-537c58760dafe7fcc8a1d9bbcf00b6f6/tools/sdk/esp32s3/include/heap/include -I/home/franstein/.platformio/packages/framework-arduinoespressif32@src-537c58760dafe7fcc8a1d9bbcf00b6f6/tools/sdk/esp32s3/include/log/include -I/home/franstein/.platformio/packages/framework-arduinoespressif32@src-537c58760dafe7fcc8a1d9bbcf00b6f6/tools/sdk/esp32s3/include/lwip/include/apps -I/home/franstein/.platformio/packages/framework-arduinoespressif32@src-537c58760dafe7fcc8a1d9bbcf00b6f6/tools/sdk/esp32s3/include/lwip/include/apps/sntp -I/home/franstein/.platformio/packages/framework-arduinoespressif32@src-537c58760dafe7fcc8a1d9bbcf00b6f6/tools/sdk/esp32s3/include/lwip/lwip/src/include -I/home/franstein/.platformio/packages/framework-arduinoespressif32@src-537c58760dafe7fcc8a1d9bbcf00b6f6/tools/sdk/esp32s3/include/lwip/port/esp32/include -I/home/franstein/.platformio/packages/framework-arduinoespressif32@src-537c58760dafe7fcc8a1d9bbcf00b6f6/tools/sdk/esp32s3/include/lwip/port/esp32/include/arch -I/home/franstein/.platformio/packages/framework-arduinoespressif32@src-537c58760dafe7fcc8a1d9bbcf00b6f6/tools/sdk/esp32s3/include/soc/include -I/home/franstein/.platformio/packages/framework-arduinoespressif32@src-537c58760dafe7fcc8a1d9bbcf00b6f6/tools/sdk/esp32s3/include/soc/esp32s3 -I/home/franstein/.platformio/packages/framework-arduinoespressif32@src-537c58760dafe7fcc8a1d9bbcf00b6f6/tools/sdk/esp32s3/include/soc/esp32s3/include -I/home/franstein/.platformio/packages/framework-arduinoespressif32@src-537c58760dafe7fcc8a1d9bbcf00b6f6/tools/sdk/esp32s3/include/hal/esp32s3/include -I/home/franstein/.platformio/packages/framework-arduinoespressif32@src-537c58760dafe7fcc8a1d9bbcf00b6f6/tools/sdk/esp32s3/include/hal/include -I/home/franstein/.platformio/packages/framework-arduinoespressif32@src-537c58760dafe7fcc8a1d9bbcf00b6f6/tools/sdk/esp32s3/include/hal/platform_port/include -I/home/franstein/.platformio/packages/framework-arduinoespressif32@src-537c58760dafe7fcc8a1d9bbcf00b6f6/tools/sdk/esp32s3/include/esp_rom/include -I/home/franstein/.platformio/packages/framework-arduinoespressif32@src-537c58760dafe7fcc8a1d9bbcf00b6f6/tools/sdk/esp32s3/include/esp_rom/include/esp32s3 -I/home/franstein/.platformio/packages/framework-arduinoespressif32@src-537c58760dafe7fcc8a1d9bbcf00b6f6/tools/sdk/esp32s3/include/esp_rom/esp32s3 -I/home/franstein/.platformio/packages/framework-arduinoespressif32@src-537c58760dafe7fcc8a1d9bbcf00b6f6/tools/sdk/esp32s3/include/esp_common/include -I/home/franstein/.platformio/packages/framework-arduinoespressif32@src-537c58760dafe7fcc8a1d9bbcf00b6f6/tools/sdk/esp32s3/include/esp_system/include -I/home/franstein/.platformio/packages/framework-arduinoespressif32@src-537c58760dafe7fcc8a1d9bbcf00b6f6/tools/sdk/esp32s3/include/esp_system/port/soc -I/home/franstein/.platformio/packages/framework-arduinoespressif32@src-537c58760dafe7fcc8a1d9bbcf00b6f6/tools/sdk/esp32s3/include/esp_system/port/public_compat -I/home/franstein/.platformio/packages/framework-arduinoespressif32@src-537c58760dafe7fcc8a1d9bbcf00b6f6/tools/sdk/esp32s3/include/xtensa/include -I/home/franstein/.platformio/packages/framework-arduinoespressif32@src-537c58760dafe7fcc8a1d9bbcf00b6f6/tools/sdk/esp32s3/include/xtensa/esp32s3/include -I/home/franstein/.platformio/packages/framework-arduinoespressif32@src-537c58760dafe7fcc8a1d9bbcf00b6f6/tools/sdk/esp32s3/include/driver/include -I/home/franstein/.platformio/packages/framework-arduinoespressif32@src-537c58760dafe7fcc8a1d9bbcf00b6f6/tools/sdk/esp32s3/include/driver/esp32s3/include -I/home/franstein/.platformio/packages/framework-arduinoespressif32@src-537c58760dafe7fcc8a1d9bbcf00b6f6/tools/sdk/esp32s3/include/esp_pm/include -I/home/franstein/.platformio/packages/framework-arduinoespressif32@src-537c58760dafe7fcc8a1d9bbcf00b6f6/tools/sdk/esp32s3/include/esp_ringbuf/include -I/home/franstein/.platformio/packages/framework-arduinoespressif32@src-537c58760dafe7fcc8a1d9bbcf00b6f6/tools/sdk/esp32s3/include/efuse/include -I/home/franstein/.platformio/packages/framework-arduinoespressif32@src-537c58760dafe7fcc8a1d9bbcf00b6f6/tools/sdk/esp32s3/include/efuse/esp32s3/include -I/home/franstein/.platformio/packages/framework-arduinoespressif32@src-537c58760dafe7fcc8a1d9bbcf00b6f6/tools/sdk/esp32s3/include/vfs/include -I/home/franstein/.platformio/packages/framework-arduinoespressif32@src-537c58760dafe7fcc8a1d9bbcf00b6f6/tools/sdk/esp32s3/include/esp_wifi/include -I/home/franstein/.platformio/packages/framework-arduinoespressif32@src-537c58760dafe7fcc8a1d9bbcf00b6f6/tools/sdk/esp32s3/include/esp_event/include -I/home/franstein/.platformio/packages/framework-arduinoespressif32@src-537c58760dafe7fcc8a1d9bbcf00b6f6/tools/sdk/esp32s3/include/esp_netif/include -I/home/franstein/.platformio/packages/framework-arduinoespressif32@src-537c58760dafe7fcc8a1d9bbcf00b6f6/tools/sdk/esp32s3/include/esp_eth/include -I/home/franstein/.platformio/packages/framework-arduinoespressif32@src-537c58760dafe7fcc8a1d9bbcf00b6f6/tools/sdk/esp32s3/include/tcpip_adapter/include -I/home/franstein/.platformio/packages/framework-arduinoespressif32@src-537c58760dafe7fcc8a1d9bbcf00b6f6/tools/sdk/esp32s3/include/esp_phy/include -I/home/franstein/.platformio/packages/framework-arduinoespressif32@src-537c58760dafe7fcc8a1d9bbcf00b6f6/tools/sdk/esp32s3/include/esp_phy/esp32s3/include -I/home/franstein/.platformio/packages/framework-arduinoespressif32@src-537c58760dafe7fcc8a1d9bbcf00b6f6/tools/sdk/esp32s3/include/esp_ipc/include -I/home/franstein/.platformio/packages/framework-arduinoespressif32@src-537c58760dafe7fcc8a1d9bbcf00b6f6/tools/sdk/esp32s3/include/app_trace/include -I/home/franstein/.platformio/packages/framework-arduinoespressif32@src-537c58760dafe7fcc8a1d9bbcf00b6f6/tools/sdk/esp32s3/include/esp_timer/include -I/home/franstein/.platformio/packages/framework-arduinoespressif32@src-537c58760dafe7fcc8a1d9bbcf00b6f6/tools/sdk/esp32s3/include/mbedtls/port/include -I/home/franstein/.platformio/packages/framework-arduinoespressif32@src-537c58760dafe7fcc8a1d9bbcf00b6f6/tools/sdk/esp32s3/include/mbedtls/mbedtls/include -I/home/franstein/.platformio/packages/framework-arduinoespressif32@src-537c58760dafe7fcc8a1d9bbcf00b6f6/tools/sdk/esp32s3/include/mbedtls/esp_crt_bundle/include -I/home/franstein/.platformio/packages/framework-arduinoespressif32@src-537c58760dafe7fcc8a1d9bbcf00b6f6/tools/sdk/esp32s3/include/app_update/include -I/home/franstein/.platformio/packages/framework-arduinoespressif32@src-537c58760dafe7fcc8a1d9bbcf00b6f6/tools/sdk/esp32s3/include/spi_flash/include -I/home/franstein/.platformio/packages/framework-arduinoespressif32@src-537c58760dafe7fcc8a1d9bbcf00b6f6/tools/sdk/esp32s3/include/bootloader_support/include -I/home/franstein/.platformio/packages/framework-arduinoespressif32@src-537c58760dafe7fcc8a1d9bbcf00b6f6/tools/sdk/esp32s3/include/nvs_flash/include -I/home/franstein/.platformio/packages/framework-arduinoespressif32@src-537c58760dafe7fcc8a1d9bbcf00b6f6/tools/sdk/esp32s3/include/pthread/include -I/home/franstein/.platformio/packages/framework-arduinoespressif32@src-537c58760dafe7fcc8a1d9bbcf00b6f6/tools/sdk/esp32s3/include/esp_gdbstub/include -I/home/franstein/.platformio/packages/framework-arduinoespressif32@src-537c58760dafe7fcc8a1d9bbcf00b6f6/tools/sdk/esp32s3/include/esp_gdbstub/xtensa -I/home/franstein/.platformio/packages/framework-arduinoespressif32@src-537c58760dafe7fcc8a1d9bbcf00b6f6/tools/sdk/esp32s3/include/esp_gdbstub/esp32s3 -I/home/franstein/.platformio/packages/framework-arduinoespressif32@src-537c58760dafe7fcc8a1d9bbcf00b6f6/tools/sdk/esp32s3/include/espcoredump/include -I/home/franstein/.platformio/packages/framework-arduinoespressif32@src-537c58760dafe7fcc8a1d9bbcf00b6f6/tools/sdk/esp32s3/include/espcoredump/include/port/xtensa -I/home/franstein/.platformio/packages/framework-arduinoespressif32@src-537c58760dafe7fcc8a1d9bbcf00b6f6/tools/sdk/esp32s3/include/wpa_supplicant/include -I/home/franstein/.platformio/packages/framework-arduinoespressif32@src-537c58760dafe7fcc8a1d9bbcf00b6f6/tools/sdk/esp32s3/include/wpa_supplicant/port/include -I/home/franstein/.platformio/packages/framework-arduinoespressif32@src-537c58760dafe7fcc8a1d9bbcf00b6f6/tools/sdk/esp32s3/include/wpa_supplicant/esp_supplicant/include -I/home/franstein/.platformio/packages/framework-arduinoespressif32@src-537c58760dafe7fcc8a1d9bbcf00b6f6/tools/sdk/esp32s3/include/ieee802154/include -I/home/franstein/.platformio/packages/framework-arduinoespressif32@src-537c58760dafe7fcc8a1d9bbcf00b6f6/tools/sdk/esp32s3/include/console -I/home/franstein/.platformio/packages/framework-arduinoespressif32@src-537c58760dafe7fcc8a1d9bbcf00b6f6/tools/sdk/esp32s3/include/asio/asio/asio/include -I/home/franstein/.platformio/packages/framework-arduinoespressif32@src-537c58760dafe7fcc8a1d9bbcf00b6f6/tools/sdk/esp32s3/include/asio/port/include -I/home/franstein/.platformio/packages/framework-arduinoespressif32@src-537c58760dafe7fcc8a1d9bbcf00b6f6/tools/sdk/esp32s3/include/bt/common/osi/include -I/home/franstein/.platformio/packages/framework-arduinoespressif32@src-537c58760dafe7fcc8a1d9bbcf00b6f6/tools/sdk/esp32s3/include/bt/include/esp32s3/include -I/home/franstein/.platformio/packages/framework-arduinoespressif32@src-537c58760dafe7fcc8a1d9bbcf00b6f6/tools/sdk/esp32s3/include/bt/common/api/include/api -I/home/franstein/.platformio/packages/framework-arduinoespressif32@src-537c58760dafe7fcc8a1d9bbcf00b6f6/tools/sdk/esp32s3/include/bt/common/btc/profile/esp/blufi/include -I/home/franstein/.platformio/packages/framework-arduinoespressif32@src-537c58760dafe7fcc8a1d9bbcf00b6f6/tools/sdk/esp32s3/include/bt/common/btc/profile/esp/include -I/home/franstein/.platformio/packages/framework-arduinoespressif32@src-537c58760dafe7fcc8a1d9bbcf00b6f6/tools/sdk/esp32s3/include/bt/host/bluedroid/api/include/api -I/home/franstein/.platformio/packages/framework-arduinoespressif32@src-537c58760dafe7fcc8a1d9bbcf00b6f6/tools/sdk/esp32s3/include/bt/esp_ble_mesh/mesh_common/include -I/home/franstein/.platformio/packages/framework-arduinoespressif32@src-537c58760dafe7fcc8a1d9bbcf00b6f6/tools/sdk/esp32s3/include/bt/esp_ble_mesh/mesh_common/tinycrypt/include -I/home/franstein/.platformio/packages/framework-arduinoespressif32@src-537c58760dafe7fcc8a1d9bbcf00b6f6/tools/sdk/esp32s3/include/bt/esp_ble_mesh/mesh_core -I/home/franstein/.platformio/packages/framework-arduinoespressif32@src-537c58760dafe7fcc8a1d9bbcf00b6f6/tools/sdk/esp32s3/include/bt/esp_ble_mesh/mesh_core/include -I/home/franstein/.platformio/packages/framework-arduinoespressif32@src-537c58760dafe7fcc8a1d9bbcf00b6f6/tools/sdk/esp32s3/include/bt/esp_ble_mesh/mesh_core/storage -I/home/franstein/.platformio/packages/framework-arduinoespressif32@src-537c58760dafe7fcc8a1d9bbcf00b6f6/tools/sdk/esp32s3/include/bt/esp_ble_mesh/btc/include -I/home/franstein/.platformio/packages/framework-arduinoespressif32@src-537c58760dafe7fcc8a1d9bbcf00b6f6/tools/sdk/esp32s3/include/bt/esp_ble_mesh/mesh_models/common/include -I/home/franstein/.platformio/packages/framework-arduinoespressif32@src-537c58760dafe7fcc8a1d9bbcf00b6f6/tools/sdk/esp32s3/include/bt/esp_ble_mesh/mesh_models/client/include -I/home/franstein/.platformio/packages/framework-arduinoespressif32@src-537c58760dafe7fcc8a1d9bbcf00b6f6/tools/sdk/esp32s3/include/bt/esp_ble_mesh/mesh_models/server/include -I/home/franstein/.platformio/packages/framework-arduinoespressif32@src-537c58760dafe7fcc8a1d9bbcf00b6f6/tools/sdk/esp32s3/include/bt/esp_ble_mesh/api/core/include -I/home/franstein/.platformio/packages/framework-arduinoespressif32@src-537c58760dafe7fcc8a1d9bbcf00b6f6/tools/sdk/esp32s3/include/bt/esp_ble_mesh/api/models/include -I/home/franstein/.platformio/packages/framework-arduinoespressif32@src-537c58760dafe7fcc8a1d9bbcf00b6f6/tools/sdk/esp32s3/include/bt/esp_ble_mesh/api -I/home/franstein/.platformio/packages/framework-arduinoespressif32@src-537c58760dafe7fcc8a1d9bbcf00b6f6/tools/sdk/esp32s3/include/cbor/port/include -I/home/franstein/.platformio/packages/framework-arduinoespressif32@src-537c58760dafe7fcc8a1d9bbcf00b6f6/tools/sdk/esp32s3/include/unity/include -I/home/franstein/.platformio/packages/framework-arduinoespressif32@src-537c58760dafe7fcc8a1d9bbcf00b6f6/tools/sdk/esp32s3/include/unity/unity/src -I/home/franstein/.platformio/packages/framework-arduinoespressif32@src-537c58760dafe7fcc8a1d9bbcf00b6f6/tools/sdk/esp32s3/include/cmock/CMock/src -I/home/franstein/.platformio/packages/framework-arduinoespressif32@src-537c58760dafe7fcc8a1d9bbcf00b6f6/tools/sdk/esp32s3/include/coap/port/include -I/home/franstein/.platformio/packages/framework-arduinoespressif32@src-537c58760dafe7fcc8a1d9bbcf00b6f6/tools/sdk/esp32s3/include/coap/libcoap/include -I/home/franstein/.platformio/packages/framework-arduinoespressif32@src-537c58760dafe7fcc8a1d9bbcf00b6f6/tools/sdk/esp32s3/include/nghttp/port/include -I/home/franstein/.platformio/packages/framework-arduinoespressif32@src-537c58760dafe7fcc8a1d9bbcf00b6f6/tools/sdk/esp32s3/include/nghttp/nghttp2/lib/includes -I/home/franstein/.platformio/packages/framework-arduinoespressif32@src-537c58760dafe7fcc8a1d9bbcf00b6f6/tools/sdk/esp32s3/include/esp-tls -I/home/franstein/.platformio/packages/framework-arduinoespressif32@src-537c58760dafe7fcc8a1d9bbcf00b6f6/tools/sdk/esp32s3/include/esp-tls/esp-tls-crypto -I/home/franstein/.platformio/packages/framework-arduinoespressif32@src-537c58760dafe7fcc8a1d9bbcf00b6f6/tools/sdk/esp32s3/include/esp_adc_cal/include -I/home/franstein/.platformio/packages/framework-arduinoespressif32@src-537c58760dafe7fcc8a1d9bbcf00b6f6/tools/sdk/esp32s3/include/esp_hid/include -I/home/franstein/.platformio/packages/framework-arduinoespressif32@src-537c58760dafe7fcc8a1d9bbcf00b6f6/tools/sdk/esp32s3/include/tcp_transport/include -I/home/franstein/.platformio/packages/framework-arduinoespressif32@src-537c58760dafe7fcc8a1d9bbcf00b6f6/tools/sdk/esp32s3/include/esp_http_client/include -I/home/franstein/.platformio/packages/framework-arduinoespressif32@src-537c58760dafe7fcc8a1d9bbcf00b6f6/tools/sdk/esp32s3/include/esp_http_server/include -I/home/franstein/.platformio/packages/framework-arduinoespressif32@src-537c58760dafe7fcc8a1d9bbcf00b6f6/tools/sdk/esp32s3/include/esp_https_ota/include -I/home/franstein/.platformio/packages/framework-arduinoespressif32@src-537c58760dafe7fcc8a1d9bbcf00b6f6/tools/sdk/esp32s3/include/esp_https_server/include -I/home/franstein/.platformio/packages/framework-arduinoespressif32@src-537c58760dafe7fcc8a1d9bbcf00b6f6/tools/sdk/esp32s3/include/esp_lcd/include -I/home/franstein/.platformio/packages/framework-arduinoespressif32@src-537c58760dafe7fcc8a1d9bbcf00b6f6/tools/sdk/esp32s3/include/esp_lcd/interface -I/home/franstein/.platformio/packages/framework-arduinoespressif32@src-537c58760dafe7fcc8a1d9bbcf00b6f6/tools/sdk/esp32s3/include/protobuf-c/protobuf-c -I/home/franstein/.platformio/packages/framework-arduinoespressif32@src-537c58760dafe7fcc8a1d9bbcf00b6f6/tools/sdk/esp32s3/include/protocomm/include/common -I/home/franstein/.platformio/packages/framework-arduinoespressif32@src-537c58760dafe7fcc8a1d9bbcf00b6f6/tools/sdk/esp32s3/include/protocomm/include/security -I/home/franstein/.platformio/packages/framework-arduinoespressif32@src-537c58760dafe7fcc8a1d9bbcf00b6f6/tools/sdk/esp32s3/include/protocomm/include/transports -I/home/franstein/.platformio/packages/framework-arduinoespressif32@src-537c58760dafe7fcc8a1d9bbcf00b6f6/tools/sdk/esp32s3/include/mdns/include -I/home/franstein/.platformio/packages/framework-arduinoespressif32@src-537c58760dafe7fcc8a1d9bbcf00b6f6/tools/sdk/esp32s3/include/esp_local_ctrl/include -I/home/franstein/.platformio/packages/framework-arduinoespressif32@src-537c58760dafe7fcc8a1d9bbcf00b6f6/tools/sdk/esp32s3/include/sdmmc/include -I/home/franstein/.platformio/packages/framework-arduinoespressif32@src-537c58760dafe7fcc8a1d9bbcf00b6f6/tools/sdk/esp32s3/include/esp_serial_slave_link/include -I/home/franstein/.platformio/packages/framework-arduinoespressif32@src-537c58760dafe7fcc8a1d9bbcf00b6f6/tools/sdk/esp32s3/include/esp_websocket_client/include -I/home/franstein/.platformio/packages/framework-arduinoespressif32@src-537c58760dafe7fcc8a1d9bbcf00b6f6/tools/sdk/esp32s3/include/expat/expat/expat/lib -I/home/franstein/.platformio/packages/framework-arduinoespressif32@src-537c58760dafe7fcc8a1d9bbcf00b6f6/tools/sdk/esp32s3/include/expat/port/include -I/home/franstein/.platformio/packages/framework-arduinoespressif32@src-537c58760dafe7fcc8a1d9bbcf00b6f6/tools/sdk/esp32s3/include/wear_levelling/include -I/home/franstein/.platformio/packages/framework-arduinoespressif32@src-537c58760dafe7fcc8a1d9bbcf00b6f6/tools/sdk/esp32s3/include/fatfs/diskio -I/home/franstein/.platformio/packages/framework-arduinoespressif32@src-537c58760dafe7fcc8a1d9bbcf00b6f6/tools/sdk/esp32s3/include/fatfs/vfs -I/home/franstein/.platformio/packages/framework-arduinoespressif32@src-537c58760dafe7fcc8a1d9bbcf00b6f6/tools/sdk/esp32s3/include/fatfs/src -I/home/franstein/.platformio/packages/framework-arduinoespressif32@src-537c58760dafe7fcc8a1d9bbcf00b6f6/tools/sdk/esp32s3/include/freemodbus/common/include -I/home/franstein/.platformio/packages/framework-arduinoespressif32@src-537c58760dafe7fcc8a1d9bbcf00b6f6/tools/sdk/esp32s3/include/idf_test/include -I/home/franstein/.platformio/packages/framework-arduinoespressif32@src-537c58760dafe7fcc8a1d9bbcf00b6f6/tools/sdk/esp32s3/include/idf_test/include/esp32s3 -I/home/franstein/.platformio/packages/framework-arduinoespressif32@src-537c58760dafe7fcc8a1d9bbcf00b6f6/tools/sdk/esp32s3/include/jsmn/include -I/home/franstein/.platformio/packages/framework-arduinoespressif32@src-537c58760dafe7fcc8a1d9bbcf00b6f6/tools/sdk/esp32s3/include/json/cJSON -I/home/franstein/.platformio/packages/framework-arduinoespressif32@src-537c58760dafe7fcc8a1d9bbcf00b6f6/tools/sdk/esp32s3/include/libsodium/libsodium/src/libsodium/include -I/home/franstein/.platformio/packages/framework-arduinoespressif32@src-537c58760dafe7fcc8a1d9bbcf00b6f6/tools/sdk/esp32s3/include/libsodium/port_include -I/home/franstein/.platformio/packages/framework-arduinoespressif32@src-537c58760dafe7fcc8a1d9bbcf00b6f6/tools/sdk/esp32s3/include/mqtt/esp-mqtt/include -I/home/franstein/.platformio/packages/framework-arduinoespressif32@src-537c58760dafe7fcc8a1d9bbcf00b6f6/tools/sdk/esp32s3/include/openssl/include -I/home/franstein/.platformio/packages/framework-arduinoespressif32@src-537c58760dafe7fcc8a1d9bbcf00b6f6/tools/sdk/esp32s3/include/perfmon/include -I/home/franstein/.platformio/packages/framework-arduinoespressif32@src-537c58760dafe7fcc8a1d9bbcf00b6f6/tools/sdk/esp32s3/include/spiffs/include -I/home/franstein/.platformio/packages/framework-arduinoespressif32@src-537c58760dafe7fcc8a1d9bbcf00b6f6/tools/sdk/esp32s3/include/usb/include -I/home/franstein/.platformio/packages/framework-arduinoespressif32@src-537c58760dafe7fcc8a1d9bbcf00b6f6/tools/sdk/esp32s3/include/ulp/include -I/home/franstein/.platformio/packages/framework-arduinoespressif32@src-537c58760dafe7fcc8a1d9bbcf00b6f6/tools/sdk/esp32s3/include/wifi_provisioning/include -I/home/franstein/.platformio/packages/framework-arduinoespressif32@src-537c58760dafe7fcc8a1d9bbcf00b6f6/tools/sdk/esp32s3/include/rmaker_common/include -I/home/franstein/.platformio/packages/framework-arduinoespressif32@src-537c58760dafe7fcc8a1d9bbcf00b6f6/tools/sdk/esp32s3/include/json_parser/upstream/include -I/home/franstein/.platformio/packages/framework-arduinoespressif32@src-537c58760dafe7fcc8a1d9bbcf00b6f6/tools/sdk/esp32s3/include/json_parser/upstream -I/home/franstein/.platformio/packages/framework-arduinoespressif32@src-537c58760dafe7fcc8a1d9bbcf00b6f6/tools/sdk/esp32s3/include/json_generator/upstream -I/home/franstein/.platformio/packages/framework-arduinoespressif32@src-537c58760dafe7fcc8a1d9bbcf00b6f6/tools/sdk/esp32s3/include/esp_schedule/include -I/home/franstein/.platformio/packages/framework-arduinoespressif32@src-537c58760dafe7fcc8a1d9bbcf00b6f6/tools/sdk/esp32s3/include/esp_rainmaker/include -I/home/franstein/.platformio/packages/framework-arduinoespressif32@src-537c58760dafe7fcc8a1d9bbcf00b6f6/tools/sdk/esp32s3/include/gpio_button/button/include -I/home/franstein/.platformio/packages/framework-arduinoespressif32@src-537c58760dafe7fcc8a1d9bbcf00b6f6/tools/sdk/esp32s3/include/qrcode/include -I/home/franstein/.platformio/packages/framework-arduinoespressif32@src-537c58760dafe7fcc8a1d9bbcf00b6f6/tools/sdk/esp32s3/include/ws2812_led -I/home/franstein/.platformio/packages/framework-arduinoespressif32@src-537c58760dafe7fcc8a1d9bbcf00b6f6/tools/sdk/esp32s3/include/esp_diagnostics/include -I/home/franstein/.platformio/packages/framework-arduinoespressif32@src-537c58760dafe7fcc8a1d9bbcf00b6f6/tools/sdk/esp32s3/include/rtc_store/include -I/home/franstein/.platformio/packages/framework-arduinoespressif32@src-537c58760dafe7fcc8a1d9bbcf00b6f6/tools/sdk/esp32s3/include/esp_insights/include -I/home/franstein/.platformio/packages/framework-arduinoespressif32@src-537c58760dafe7fcc8a1d9bbcf00b6f6/tools/sdk/esp32s3/include/esp-dsp/modules/dotprod/include -I/home/franstein/.platformio/packages/framework-arduinoespressif32@src-537c58760dafe7fcc8a1d9bbcf00b6f6/tools/sdk/esp32s3/include/esp-dsp/modules/support/include -I/home/franstein/.platformio/packages/framework-arduinoespressif32@src-537c58760dafe7fcc8a1d9bbcf00b6f6/tools/sdk/esp32s3/include/esp-dsp/modules/windows/include -I/home/franstein/.platformio/packages/framework-arduinoespressif32@src-537c58760dafe7fcc8a1d9bbcf00b6f6/tools/sdk/esp32s3/include/esp-dsp/modules/windows/hann/include -I/home/franstein/.platformio/packages/framework-arduinoespressif32@src-537c58760dafe7fcc8a1d9bbcf00b6f6/tools/sdk/esp32s3/include/esp-dsp/modules/windows/blackman/include -I/home/franstein/.platformio/packages/framework-arduinoespressif32@src-537c58760dafe7fcc8a1d9bbcf00b6f6/tools/sdk/esp32s3/include/esp-dsp/modules/windows/blackman_harris/include -I/home/franstein/.platformio/packages/framework-arduinoespressif32@src-537c58760dafe7fcc8a1d9bbcf00b6f6/tools/sdk/esp32s3/include/esp-dsp/modules/windows/blackman_nuttall/include -I/home/franstein/.platformio/packages/framework-arduinoespressif32@src-537c58760dafe7fcc8a1d9bbcf00b6f6/tools/sdk/esp32s3/include/esp-dsp/modules/windows/nuttall/include -I/home/franstein/.platformio/packages/framework-arduinoespressif32@src-537c58760dafe7fcc8a1d9bbcf00b6f6/tools/sdk/esp32s3/include/esp-dsp/modules/windows/flat_top/include -I/home/franstein/.platformio/packages/framework-arduinoespressif32@src-537c58760dafe7fcc8a1d9bbcf00b6f6/tools/sdk/esp32s3/include/esp-dsp/modules/iir/include -I/home/franstein/.platformio/packages/framework-arduinoespressif32@src-537c58760dafe7fcc8a1d9bbcf00b6f6/tools/sdk/esp32s3/include/esp-dsp/modules/fir/include -I/home/franstein/.platformio/packages/framework-arduinoespressif32@src-537c58760dafe7fcc8a1d9bbcf00b6f6/tools/sdk/esp32s3/include/esp-dsp/modules/math/include -I/home/franstein/.platformio/packages/framework-arduinoespressif32@src-537c58760dafe7fcc8a1d9bbcf00b6f6/tools/sdk/esp32s3/include/esp-dsp/modules/math/add/include -I/home/franstein/.platformio/packages/framework-arduinoespressif32@src-537c58760dafe7fcc8a1d9bbcf00b6f6/tools/sdk/esp32s3/include/esp-dsp/modules/math/sub/include -I/home/franstein/.platformio/packages/framework-arduinoespressif32@src-537c58760dafe7fcc8a1d9bbcf00b6f6/tools/sdk/esp32s3/include/esp-dsp/modules/math/mul/include -I/home/franstein/.platformio/packages/framework-arduinoespressif32@src-537c58760dafe7fcc8a1d9bbcf00b6f6/tools/sdk/esp32s3/include/esp-dsp/modules/math/addc/include -I/home/franstein/.platformio/packages/framework-arduinoespressif32@src-537c58760dafe7fcc8a1d9bbcf00b6f6/tools/sdk/esp32s3/include/esp-dsp/modules/math/mulc/include -I/home/franstein/.platformio/packages/framework-arduinoespressif32@src-537c58760dafe7fcc8a1d9bbcf00b6f6/tools/sdk/esp32s3/include/esp-dsp/modules/math/sqrt/include -I/home/franstein/.platformio/packages/framework-arduinoespressif32@src-537c58760dafe7fcc8a1d9bbcf00b6f6/tools/sdk/esp32s3/include/esp-dsp/modules/matrix/include -I/home/franstein/.platformio/packages/framework-arduinoespressif32@src-537c58760dafe7fcc8a1d9bbcf00b6f6/tools/sdk/esp32s3/include/esp-dsp/modules/fft/include -I/home/franstein/.platformio/packages/framework-arduinoespressif32@src-537c58760dafe7fcc8a1d9bbcf00b6f6/tools/sdk/esp32s3/include/esp-dsp/modules/dct/include -I/home/franstein/.platformio/packages/framework-arduinoespressif32@src-537c58760dafe7fcc8a1d9bbcf00b6f6/tools/sdk/esp32s3/include/esp-dsp/modules/conv/include -I/home/franstein/.platformio/packages/framework-arduinoespressif32@src-537c58760dafe7fcc8a1d9bbcf00b6f6/tools/sdk/esp32s3/include/esp-dsp/modules/common/include -I/home/franstein/.platformio/packages/framework-arduinoespressif32@src-537c58760dafe7fcc8a1d9bbcf00b6f6/tools/sdk/esp32s3/include/esp-dsp/modules/kalman/ekf/include -I/home/franstein/.platformio/packages/framework-arduinoespressif32@src-537c58760dafe7fcc8a1d9bbcf00b6f6/tools/sdk/esp32s3/include/esp-dsp/modules/kalman/ekf_imu13states/include -I/home/franstein/.platformio/packages/framework-arduinoespressif32@src-537c58760dafe7fcc8a1d9bbcf00b6f6/tools/sdk/esp32s3/include/freertos/include/freertos -I/home/franstein/.platformio/packages/framework-arduinoespressif32@src-537c58760dafe7fcc8a1d9bbcf00b6f6/tools/sdk/esp32s3/include/arduino_tinyusb/tinyusb/src -I/home/franstein/.platformio/packages/framework-arduinoespressif32@src-537c58760dafe7fcc8a1d9bbcf00b6f6/tools/sdk/esp32s3/include/arduino_tinyusb/include -I/home/franstein/.platformio/packages/framework-arduinoespressif32@src-537c58760dafe7fcc8a1d9bbcf00b6f6/tools/sdk/esp32s3/include/esp_littlefs/include -I/home/franstein/.platformio/packages/framework-arduinoespressif32@src-537c58760dafe7fcc8a1d9bbcf00b6f6/tools/sdk/esp32s3/include/esp-dl/include -I/home/franstein/.platformio/packages/framework-arduinoespressif32@src-537c58760dafe7fcc8a1d9bbcf00b6f6/tools/sdk/esp32s3/include/esp-dl/include/tool -I/home/franstein/.platformio/packages/framework-arduinoespressif32@src-537c58760dafe7fcc8a1d9bbcf00b6f6/tools/sdk/esp32s3/include/esp-dl/include/typedef -I/home/franstein/.platformio/packages/framework-arduinoespressif32@src-537c58760dafe7fcc8a1d9bbcf00b6f6/tools/sdk/esp32s3/include/esp-dl/include/image -I/home/franstein/.platformio/packages/framework-arduinoespressif32@src-537c58760dafe7fcc8a1d9bbcf00b6f6/tools/sdk/esp32s3/include/esp-dl/include/math -I/home/franstein/.platformio/packages/framework-arduinoespressif32@src-537c58760dafe7fcc8a1d9bbcf00b6f6/tools/sdk/esp32s3/include/esp-dl/include/nn -I/home/franstein/.platformio/packages/framework-arduinoespressif32@src-537c58760dafe7fcc8a1d9bbcf00b6f6/tools/sdk/esp32s3/include/esp-dl/include/layer -I/home/franstein/.platformio/packages/framework-arduinoespressif32@src-537c58760dafe7fcc8a1d9bbcf00b6f6/tools/sdk/esp32s3/include/esp-dl/include/detect -I/home/franstein/.platformio/packages/framework-arduinoespressif32@src-537c58760dafe7fcc8a1d9bbcf00b6f6/tools/sdk/esp32s3/include/esp-dl/include/model_zoo -I/home/franstein/.platformio/packages/framework-arduinoespressif32@src-537c58760dafe7fcc8a1d9bbcf00b6f6/tools/sdk/esp32s3/include/esp-sr/src/include -I/home/franstein/.platformio/packages/framework-arduinoespressif32@src-537c58760dafe7fcc8a1d9bbcf00b6f6/tools/sdk/esp32s3/include/esp-sr/esp-tts/esp_tts_chinese/include -I/home/franstein/.platformio/packages/framework-arduinoespressif32@src-537c58760dafe7fcc8a1d9bbcf00b6f6/tools/sdk/esp32s3/include/esp-sr/include/esp32s3 -I/home/franstein/.platformio/packages/framework-arduinoespressif32@src-537c58760dafe7fcc8a1d9bbcf00b6f6/tools/sdk/esp32s3/include/esp32-camera/driver/include -I/home/franstein/.platformio/packages/framework-arduinoespressif32@src-537c58760dafe7fcc8a1d9bbcf00b6f6/tools/sdk/esp32s3/include/esp32-camera/conversions/include -I/home/franstein/.platformio/packages/framework-arduinoespressif32@src-537c58760dafe7fcc8a1d9bbcf00b6f6/tools/sdk/esp32s3/include/fb_gfx/include -I/home/franstein/.platformio/packages/framework-arduinoespressif32@src-537c58760dafe7fcc8a1d9bbcf00b6f6/tools/sdk/esp32s3/qio_opi/include -I/home/franstein/.platformio/packages/framework-arduinoespressif32@src-537c58760dafe7fcc8a1d9bbcf00b6f6/cores/esp32 -I/home/franstein/.platformio/packages/framework-arduinoespressif32@src-537c58760dafe7fcc8a1d9bbcf00b6f6/variants/esp32s3 /home/franstein/.platformio/packages/framework-arduinoespressif32@src-537c58760dafe7fcc8a1d9bbcf00b6f6/cores/esp32/Tone.cpp
xtensa-esp32s3-elf-g++ -o .pio/build/esp32/FrameworkArduino/USB.cpp.o -c -std=gnu++11 -fexceptions -fno-rtti -Os -mlongcalls -ffunction-sections -fdata-sections -Wno-error=unused-function -Wno-error=unused-variable -Wno-error=deprecated-declarations -Wno-unused-parameter -Wno-sign-compare -ggdb -freorder-blocks -Wwrite-strings -fstack-protector -fstrict-volatile-bitfields -Wno-error=unused-but-set-variable -fno-jump-tables -fno-tree-switch-conversion -MMD -DPLATFORMIO=60107 -DBOARD_HAS_PSRAM -DARDUINO_USB_MODE=1 -DARDUINO_USB_CDC_ON_BOOT=1 -DHAVE_CONFIG_H -DMBEDTLS_CONFIG_FILE=\"mbedtls/esp_config.h\" -DUNITY_INCLUDE_CONFIG_H -DWITH_POSIX -D_GNU_SOURCE -DIDF_VER=\"v4.4.3\" -DESP_PLATFORM -D_POSIX_READER_WRITER_LOCKS -DARDUINO_ARCH_ESP32 -DESP32 -DF_CPU=240000000L -DARDUINO=10812 -DARDUINO_VARIANT=\"esp32s3\" "-DARDUINO_BOARD=\"LILYGO T3-S3\"" -DARDUINO_PARTITION_default -I/home/franstein/.platformio/packages/framework-arduinoespressif32@src-537c58760dafe7fcc8a1d9bbcf00b6f6/tools/sdk/esp32s3/include/newlib/platform_include -I/home/franstein/.platformio/packages/framework-arduinoespressif32@src-537c58760dafe7fcc8a1d9bbcf00b6f6/tools/sdk/esp32s3/include/freertos/include -I/home/franstein/.platformio/packages/framework-arduinoespressif32@src-537c58760dafe7fcc8a1d9bbcf00b6f6/tools/sdk/esp32s3/include/freertos/include/esp_additions/freertos -I/home/franstein/.platformio/packages/framework-arduinoespressif32@src-537c58760dafe7fcc8a1d9bbcf00b6f6/tools/sdk/esp32s3/include/freertos/port/xtensa/include -I/home/franstein/.platformio/packages/framework-arduinoespressif32@src-537c58760dafe7fcc8a1d9bbcf00b6f6/tools/sdk/esp32s3/include/freertos/include/esp_additions -I/home/franstein/.platformio/packages/framework-arduinoespressif32@src-537c58760dafe7fcc8a1d9bbcf00b6f6/tools/sdk/esp32s3/include/esp_hw_support/include -I/home/franstein/.platformio/packages/framework-arduinoespressif32@src-537c58760dafe7fcc8a1d9bbcf00b6f6/tools/sdk/esp32s3/include/esp_hw_support/include/soc -I/home/franstein/.platformio/packages/framework-arduinoespressif32@src-537c58760dafe7fcc8a1d9bbcf00b6f6/tools/sdk/esp32s3/include/esp_hw_support/include/soc/esp32s3 -I/home/franstein/.platformio/packages/framework-arduinoespressif32@src-537c58760dafe7fcc8a1d9bbcf00b6f6/tools/sdk/esp32s3/include/esp_hw_support/port/esp32s3 -I/home/franstein/.platformio/packages/framework-arduinoespressif32@src-537c58760dafe7fcc8a1d9bbcf00b6f6/tools/sdk/esp32s3/include/esp_hw_support/port/esp32s3/private_include -I/home/franstein/.platformio/packages/framework-arduinoespressif32@src-537c58760dafe7fcc8a1d9bbcf00b6f6/tools/sdk/esp32s3/include/heap/include -I/home/franstein/.platformio/packages/framework-arduinoespressif32@src-537c58760dafe7fcc8a1d9bbcf00b6f6/tools/sdk/esp32s3/include/log/include -I/home/franstein/.platformio/packages/framework-arduinoespressif32@src-537c58760dafe7fcc8a1d9bbcf00b6f6/tools/sdk/esp32s3/include/lwip/include/apps -I/home/franstein/.platformio/packages/framework-arduinoespressif32@src-537c58760dafe7fcc8a1d9bbcf00b6f6/tools/sdk/esp32s3/include/lwip/include/apps/sntp -I/home/franstein/.platformio/packages/framework-arduinoespressif32@src-537c58760dafe7fcc8a1d9bbcf00b6f6/tools/sdk/esp32s3/include/lwip/lwip/src/include -I/home/franstein/.platformio/packages/framework-arduinoespressif32@src-537c58760dafe7fcc8a1d9bbcf00b6f6/tools/sdk/esp32s3/include/lwip/port/esp32/include -I/home/franstein/.platformio/packages/framework-arduinoespressif32@src-537c58760dafe7fcc8a1d9bbcf00b6f6/tools/sdk/esp32s3/include/lwip/port/esp32/include/arch -I/home/franstein/.platformio/packages/framework-arduinoespressif32@src-537c58760dafe7fcc8a1d9bbcf00b6f6/tools/sdk/esp32s3/include/soc/include -I/home/franstein/.platformio/packages/framework-arduinoespressif32@src-537c58760dafe7fcc8a1d9bbcf00b6f6/tools/sdk/esp32s3/include/soc/esp32s3 -I/home/franstein/.platformio/packages/framework-arduinoespressif32@src-537c58760dafe7fcc8a1d9bbcf00b6f6/tools/sdk/esp32s3/include/soc/esp32s3/include -I/home/franstein/.platformio/packages/framework-arduinoespressif32@src-537c58760dafe7fcc8a1d9bbcf00b6f6/tools/sdk/esp32s3/include/hal/esp32s3/include -I/home/franstein/.platformio/packages/framework-arduinoespressif32@src-537c58760dafe7fcc8a1d9bbcf00b6f6/tools/sdk/esp32s3/include/hal/include -I/home/franstein/.platformio/packages/framework-arduinoespressif32@src-537c58760dafe7fcc8a1d9bbcf00b6f6/tools/sdk/esp32s3/include/hal/platform_port/include -I/home/franstein/.platformio/packages/framework-arduinoespressif32@src-537c58760dafe7fcc8a1d9bbcf00b6f6/tools/sdk/esp32s3/include/esp_rom/include -I/home/franstein/.platformio/packages/framework-arduinoespressif32@src-537c58760dafe7fcc8a1d9bbcf00b6f6/tools/sdk/esp32s3/include/esp_rom/include/esp32s3 -I/home/franstein/.platformio/packages/framework-arduinoespressif32@src-537c58760dafe7fcc8a1d9bbcf00b6f6/tools/sdk/esp32s3/include/esp_rom/esp32s3 -I/home/franstein/.platformio/packages/framework-arduinoespressif32@src-537c58760dafe7fcc8a1d9bbcf00b6f6/tools/sdk/esp32s3/include/esp_common/include -I/home/franstein/.platformio/packages/framework-arduinoespressif32@src-537c58760dafe7fcc8a1d9bbcf00b6f6/tools/sdk/esp32s3/include/esp_system/include -I/home/franstein/.platformio/packages/framework-arduinoespressif32@src-537c58760dafe7fcc8a1d9bbcf00b6f6/tools/sdk/esp32s3/include/esp_system/port/soc -I/home/franstein/.platformio/packages/framework-arduinoespressif32@src-537c58760dafe7fcc8a1d9bbcf00b6f6/tools/sdk/esp32s3/include/esp_system/port/public_compat -I/home/franstein/.platformio/packages/framework-arduinoespressif32@src-537c58760dafe7fcc8a1d9bbcf00b6f6/tools/sdk/esp32s3/include/xtensa/include -I/home/franstein/.platformio/packages/framework-arduinoespressif32@src-537c58760dafe7fcc8a1d9bbcf00b6f6/tools/sdk/esp32s3/include/xtensa/esp32s3/include -I/home/franstein/.platformio/packages/framework-arduinoespressif32@src-537c58760dafe7fcc8a1d9bbcf00b6f6/tools/sdk/esp32s3/include/driver/include -I/home/franstein/.platformio/packages/framework-arduinoespressif32@src-537c58760dafe7fcc8a1d9bbcf00b6f6/tools/sdk/esp32s3/include/driver/esp32s3/include -I/home/franstein/.platformio/packages/framework-arduinoespressif32@src-537c58760dafe7fcc8a1d9bbcf00b6f6/tools/sdk/esp32s3/include/esp_pm/include -I/home/franstein/.platformio/packages/framework-arduinoespressif32@src-537c58760dafe7fcc8a1d9bbcf00b6f6/tools/sdk/esp32s3/include/esp_ringbuf/include -I/home/franstein/.platformio/packages/framework-arduinoespressif32@src-537c58760dafe7fcc8a1d9bbcf00b6f6/tools/sdk/esp32s3/include/efuse/include -I/home/franstein/.platformio/packages/framework-arduinoespressif32@src-537c58760dafe7fcc8a1d9bbcf00b6f6/tools/sdk/esp32s3/include/efuse/esp32s3/include -I/home/franstein/.platformio/packages/framework-arduinoespressif32@src-537c58760dafe7fcc8a1d9bbcf00b6f6/tools/sdk/esp32s3/include/vfs/include -I/home/franstein/.platformio/packages/framework-arduinoespressif32@src-537c58760dafe7fcc8a1d9bbcf00b6f6/tools/sdk/esp32s3/include/esp_wifi/include -I/home/franstein/.platformio/packages/framework-arduinoespressif32@src-537c58760dafe7fcc8a1d9bbcf00b6f6/tools/sdk/esp32s3/include/esp_event/include -I/home/franstein/.platformio/packages/framework-arduinoespressif32@src-537c58760dafe7fcc8a1d9bbcf00b6f6/tools/sdk/esp32s3/include/esp_netif/include -I/home/franstein/.platformio/packages/framework-arduinoespressif32@src-537c58760dafe7fcc8a1d9bbcf00b6f6/tools/sdk/esp32s3/include/esp_eth/include -I/home/franstein/.platformio/packages/framework-arduinoespressif32@src-537c58760dafe7fcc8a1d9bbcf00b6f6/tools/sdk/esp32s3/include/tcpip_adapter/include -I/home/franstein/.platformio/packages/framework-arduinoespressif32@src-537c58760dafe7fcc8a1d9bbcf00b6f6/tools/sdk/esp32s3/include/esp_phy/include -I/home/franstein/.platformio/packages/framework-arduinoespressif32@src-537c58760dafe7fcc8a1d9bbcf00b6f6/tools/sdk/esp32s3/include/esp_phy/esp32s3/include -I/home/franstein/.platformio/packages/framework-arduinoespressif32@src-537c58760dafe7fcc8a1d9bbcf00b6f6/tools/sdk/esp32s3/include/esp_ipc/include -I/home/franstein/.platformio/packages/framework-arduinoespressif32@src-537c58760dafe7fcc8a1d9bbcf00b6f6/tools/sdk/esp32s3/include/app_trace/include -I/home/franstein/.platformio/packages/framework-arduinoespressif32@src-537c58760dafe7fcc8a1d9bbcf00b6f6/tools/sdk/esp32s3/include/esp_timer/include -I/home/franstein/.platformio/packages/framework-arduinoespressif32@src-537c58760dafe7fcc8a1d9bbcf00b6f6/tools/sdk/esp32s3/include/mbedtls/port/include -I/home/franstein/.platformio/packages/framework-arduinoespressif32@src-537c58760dafe7fcc8a1d9bbcf00b6f6/tools/sdk/esp32s3/include/mbedtls/mbedtls/include -I/home/franstein/.platformio/packages/framework-arduinoespressif32@src-537c58760dafe7fcc8a1d9bbcf00b6f6/tools/sdk/esp32s3/include/mbedtls/esp_crt_bundle/include -I/home/franstein/.platformio/packages/framework-arduinoespressif32@src-537c58760dafe7fcc8a1d9bbcf00b6f6/tools/sdk/esp32s3/include/app_update/include -I/home/franstein/.platformio/packages/framework-arduinoespressif32@src-537c58760dafe7fcc8a1d9bbcf00b6f6/tools/sdk/esp32s3/include/spi_flash/include -I/home/franstein/.platformio/packages/framework-arduinoespressif32@src-537c58760dafe7fcc8a1d9bbcf00b6f6/tools/sdk/esp32s3/include/bootloader_support/include -I/home/franstein/.platformio/packages/framework-arduinoespressif32@src-537c58760dafe7fcc8a1d9bbcf00b6f6/tools/sdk/esp32s3/include/nvs_flash/include -I/home/franstein/.platformio/packages/framework-arduinoespressif32@src-537c58760dafe7fcc8a1d9bbcf00b6f6/tools/sdk/esp32s3/include/pthread/include -I/home/franstein/.platformio/packages/framework-arduinoespressif32@src-537c58760dafe7fcc8a1d9bbcf00b6f6/tools/sdk/esp32s3/include/esp_gdbstub/include -I/home/franstein/.platformio/packages/framework-arduinoespressif32@src-537c58760dafe7fcc8a1d9bbcf00b6f6/tools/sdk/esp32s3/include/esp_gdbstub/xtensa -I/home/franstein/.platformio/packages/framework-arduinoespressif32@src-537c58760dafe7fcc8a1d9bbcf00b6f6/tools/sdk/esp32s3/include/esp_gdbstub/esp32s3 -I/home/franstein/.platformio/packages/framework-arduinoespressif32@src-537c58760dafe7fcc8a1d9bbcf00b6f6/tools/sdk/esp32s3/include/espcoredump/include -I/home/franstein/.platformio/packages/framework-arduinoespressif32@src-537c58760dafe7fcc8a1d9bbcf00b6f6/tools/sdk/esp32s3/include/espcoredump/include/port/xtensa -I/home/franstein/.platformio/packages/framework-arduinoespressif32@src-537c58760dafe7fcc8a1d9bbcf00b6f6/tools/sdk/esp32s3/include/wpa_supplicant/include -I/home/franstein/.platformio/packages/framework-arduinoespressif32@src-537c58760dafe7fcc8a1d9bbcf00b6f6/tools/sdk/esp32s3/include/wpa_supplicant/port/include -I/home/franstein/.platformio/packages/framework-arduinoespressif32@src-537c58760dafe7fcc8a1d9bbcf00b6f6/tools/sdk/esp32s3/include/wpa_supplicant/esp_supplicant/include -I/home/franstein/.platformio/packages/framework-arduinoespressif32@src-537c58760dafe7fcc8a1d9bbcf00b6f6/tools/sdk/esp32s3/include/ieee802154/include -I/home/franstein/.platformio/packages/framework-arduinoespressif32@src-537c58760dafe7fcc8a1d9bbcf00b6f6/tools/sdk/esp32s3/include/console -I/home/franstein/.platformio/packages/framework-arduinoespressif32@src-537c58760dafe7fcc8a1d9bbcf00b6f6/tools/sdk/esp32s3/include/asio/asio/asio/include -I/home/franstein/.platformio/packages/framework-arduinoespressif32@src-537c58760dafe7fcc8a1d9bbcf00b6f6/tools/sdk/esp32s3/include/asio/port/include -I/home/franstein/.platformio/packages/framework-arduinoespressif32@src-537c58760dafe7fcc8a1d9bbcf00b6f6/tools/sdk/esp32s3/include/bt/common/osi/include -I/home/franstein/.platformio/packages/framework-arduinoespressif32@src-537c58760dafe7fcc8a1d9bbcf00b6f6/tools/sdk/esp32s3/include/bt/include/esp32s3/include -I/home/franstein/.platformio/packages/framework-arduinoespressif32@src-537c58760dafe7fcc8a1d9bbcf00b6f6/tools/sdk/esp32s3/include/bt/common/api/include/api -I/home/franstein/.platformio/packages/framework-arduinoespressif32@src-537c58760dafe7fcc8a1d9bbcf00b6f6/tools/sdk/esp32s3/include/bt/common/btc/profile/esp/blufi/include -I/home/franstein/.platformio/packages/framework-arduinoespressif32@src-537c58760dafe7fcc8a1d9bbcf00b6f6/tools/sdk/esp32s3/include/bt/common/btc/profile/esp/include -I/home/franstein/.platformio/packages/framework-arduinoespressif32@src-537c58760dafe7fcc8a1d9bbcf00b6f6/tools/sdk/esp32s3/include/bt/host/bluedroid/api/include/api -I/home/franstein/.platformio/packages/framework-arduinoespressif32@src-537c58760dafe7fcc8a1d9bbcf00b6f6/tools/sdk/esp32s3/include/bt/esp_ble_mesh/mesh_common/include -I/home/franstein/.platformio/packages/framework-arduinoespressif32@src-537c58760dafe7fcc8a1d9bbcf00b6f6/tools/sdk/esp32s3/include/bt/esp_ble_mesh/mesh_common/tinycrypt/include -I/home/franstein/.platformio/packages/framework-arduinoespressif32@src-537c58760dafe7fcc8a1d9bbcf00b6f6/tools/sdk/esp32s3/include/bt/esp_ble_mesh/mesh_core -I/home/franstein/.platformio/packages/framework-arduinoespressif32@src-537c58760dafe7fcc8a1d9bbcf00b6f6/tools/sdk/esp32s3/include/bt/esp_ble_mesh/mesh_core/include -I/home/franstein/.platformio/packages/framework-arduinoespressif32@src-537c58760dafe7fcc8a1d9bbcf00b6f6/tools/sdk/esp32s3/include/bt/esp_ble_mesh/mesh_core/storage -I/home/franstein/.platformio/packages/framework-arduinoespressif32@src-537c58760dafe7fcc8a1d9bbcf00b6f6/tools/sdk/esp32s3/include/bt/esp_ble_mesh/btc/include -I/home/franstein/.platformio/packages/framework-arduinoespressif32@src-537c58760dafe7fcc8a1d9bbcf00b6f6/tools/sdk/esp32s3/include/bt/esp_ble_mesh/mesh_models/common/include -I/home/franstein/.platformio/packages/framework-arduinoespressif32@src-537c58760dafe7fcc8a1d9bbcf00b6f6/tools/sdk/esp32s3/include/bt/esp_ble_mesh/mesh_models/client/include -I/home/franstein/.platformio/packages/framework-arduinoespressif32@src-537c58760dafe7fcc8a1d9bbcf00b6f6/tools/sdk/esp32s3/include/bt/esp_ble_mesh/mesh_models/server/include -I/home/franstein/.platformio/packages/framework-arduinoespressif32@src-537c58760dafe7fcc8a1d9bbcf00b6f6/tools/sdk/esp32s3/include/bt/esp_ble_mesh/api/core/include -I/home/franstein/.platformio/packages/framework-arduinoespressif32@src-537c58760dafe7fcc8a1d9bbcf00b6f6/tools/sdk/esp32s3/include/bt/esp_ble_mesh/api/models/include -I/home/franstein/.platformio/packages/framework-arduinoespressif32@src-537c58760dafe7fcc8a1d9bbcf00b6f6/tools/sdk/esp32s3/include/bt/esp_ble_mesh/api -I/home/franstein/.platformio/packages/framework-arduinoespressif32@src-537c58760dafe7fcc8a1d9bbcf00b6f6/tools/sdk/esp32s3/include/cbor/port/include -I/home/franstein/.platformio/packages/framework-arduinoespressif32@src-537c58760dafe7fcc8a1d9bbcf00b6f6/tools/sdk/esp32s3/include/unity/include -I/home/franstein/.platformio/packages/framework-arduinoespressif32@src-537c58760dafe7fcc8a1d9bbcf00b6f6/tools/sdk/esp32s3/include/unity/unity/src -I/home/franstein/.platformio/packages/framework-arduinoespressif32@src-537c58760dafe7fcc8a1d9bbcf00b6f6/tools/sdk/esp32s3/include/cmock/CMock/src -I/home/franstein/.platformio/packages/framework-arduinoespressif32@src-537c58760dafe7fcc8a1d9bbcf00b6f6/tools/sdk/esp32s3/include/coap/port/include -I/home/franstein/.platformio/packages/framework-arduinoespressif32@src-537c58760dafe7fcc8a1d9bbcf00b6f6/tools/sdk/esp32s3/include/coap/libcoap/include -I/home/franstein/.platformio/packages/framework-arduinoespressif32@src-537c58760dafe7fcc8a1d9bbcf00b6f6/tools/sdk/esp32s3/include/nghttp/port/include -I/home/franstein/.platformio/packages/framework-arduinoespressif32@src-537c58760dafe7fcc8a1d9bbcf00b6f6/tools/sdk/esp32s3/include/nghttp/nghttp2/lib/includes -I/home/franstein/.platformio/packages/framework-arduinoespressif32@src-537c58760dafe7fcc8a1d9bbcf00b6f6/tools/sdk/esp32s3/include/esp-tls -I/home/franstein/.platformio/packages/framework-arduinoespressif32@src-537c58760dafe7fcc8a1d9bbcf00b6f6/tools/sdk/esp32s3/include/esp-tls/esp-tls-crypto -I/home/franstein/.platformio/packages/framework-arduinoespressif32@src-537c58760dafe7fcc8a1d9bbcf00b6f6/tools/sdk/esp32s3/include/esp_adc_cal/include -I/home/franstein/.platformio/packages/framework-arduinoespressif32@src-537c58760dafe7fcc8a1d9bbcf00b6f6/tools/sdk/esp32s3/include/esp_hid/include -I/home/franstein/.platformio/packages/framework-arduinoespressif32@src-537c58760dafe7fcc8a1d9bbcf00b6f6/tools/sdk/esp32s3/include/tcp_transport/include -I/home/franstein/.platformio/packages/framework-arduinoespressif32@src-537c58760dafe7fcc8a1d9bbcf00b6f6/tools/sdk/esp32s3/include/esp_http_client/include -I/home/franstein/.platformio/packages/framework-arduinoespressif32@src-537c58760dafe7fcc8a1d9bbcf00b6f6/tools/sdk/esp32s3/include/esp_http_server/include -I/home/franstein/.platformio/packages/framework-arduinoespressif32@src-537c58760dafe7fcc8a1d9bbcf00b6f6/tools/sdk/esp32s3/include/esp_https_ota/include -I/home/franstein/.platformio/packages/framework-arduinoespressif32@src-537c58760dafe7fcc8a1d9bbcf00b6f6/tools/sdk/esp32s3/include/esp_https_server/include -I/home/franstein/.platformio/packages/framework-arduinoespressif32@src-537c58760dafe7fcc8a1d9bbcf00b6f6/tools/sdk/esp32s3/include/esp_lcd/include -I/home/franstein/.platformio/packages/framework-arduinoespressif32@src-537c58760dafe7fcc8a1d9bbcf00b6f6/tools/sdk/esp32s3/include/esp_lcd/interface -I/home/franstein/.platformio/packages/framework-arduinoespressif32@src-537c58760dafe7fcc8a1d9bbcf00b6f6/tools/sdk/esp32s3/include/protobuf-c/protobuf-c -I/home/franstein/.platformio/packages/framework-arduinoespressif32@src-537c58760dafe7fcc8a1d9bbcf00b6f6/tools/sdk/esp32s3/include/protocomm/include/common -I/home/franstein/.platformio/packages/framework-arduinoespressif32@src-537c58760dafe7fcc8a1d9bbcf00b6f6/tools/sdk/esp32s3/include/protocomm/include/security -I/home/franstein/.platformio/packages/framework-arduinoespressif32@src-537c58760dafe7fcc8a1d9bbcf00b6f6/tools/sdk/esp32s3/include/protocomm/include/transports -I/home/franstein/.platformio/packages/framework-arduinoespressif32@src-537c58760dafe7fcc8a1d9bbcf00b6f6/tools/sdk/esp32s3/include/mdns/include -I/home/franstein/.platformio/packages/framework-arduinoespressif32@src-537c58760dafe7fcc8a1d9bbcf00b6f6/tools/sdk/esp32s3/include/esp_local_ctrl/include -I/home/franstein/.platformio/packages/framework-arduinoespressif32@src-537c58760dafe7fcc8a1d9bbcf00b6f6/tools/sdk/esp32s3/include/sdmmc/include -I/home/franstein/.platformio/packages/framework-arduinoespressif32@src-537c58760dafe7fcc8a1d9bbcf00b6f6/tools/sdk/esp32s3/include/esp_serial_slave_link/include -I/home/franstein/.platformio/packages/framework-arduinoespressif32@src-537c58760dafe7fcc8a1d9bbcf00b6f6/tools/sdk/esp32s3/include/esp_websocket_client/include -I/home/franstein/.platformio/packages/framework-arduinoespressif32@src-537c58760dafe7fcc8a1d9bbcf00b6f6/tools/sdk/esp32s3/include/expat/expat/expat/lib -I/home/franstein/.platformio/packages/framework-arduinoespressif32@src-537c58760dafe7fcc8a1d9bbcf00b6f6/tools/sdk/esp32s3/include/expat/port/include -I/home/franstein/.platformio/packages/framework-arduinoespressif32@src-537c58760dafe7fcc8a1d9bbcf00b6f6/tools/sdk/esp32s3/include/wear_levelling/include -I/home/franstein/.platformio/packages/framework-arduinoespressif32@src-537c58760dafe7fcc8a1d9bbcf00b6f6/tools/sdk/esp32s3/include/fatfs/diskio -I/home/franstein/.platformio/packages/framework-arduinoespressif32@src-537c58760dafe7fcc8a1d9bbcf00b6f6/tools/sdk/esp32s3/include/fatfs/vfs -I/home/franstein/.platformio/packages/framework-arduinoespressif32@src-537c58760dafe7fcc8a1d9bbcf00b6f6/tools/sdk/esp32s3/include/fatfs/src -I/home/franstein/.platformio/packages/framework-arduinoespressif32@src-537c58760dafe7fcc8a1d9bbcf00b6f6/tools/sdk/esp32s3/include/freemodbus/common/include -I/home/franstein/.platformio/packages/framework-arduinoespressif32@src-537c58760dafe7fcc8a1d9bbcf00b6f6/tools/sdk/esp32s3/include/idf_test/include -I/home/franstein/.platformio/packages/framework-arduinoespressif32@src-537c58760dafe7fcc8a1d9bbcf00b6f6/tools/sdk/esp32s3/include/idf_test/include/esp32s3 -I/home/franstein/.platformio/packages/framework-arduinoespressif32@src-537c58760dafe7fcc8a1d9bbcf00b6f6/tools/sdk/esp32s3/include/jsmn/include -I/home/franstein/.platformio/packages/framework-arduinoespressif32@src-537c58760dafe7fcc8a1d9bbcf00b6f6/tools/sdk/esp32s3/include/json/cJSON -I/home/franstein/.platformio/packages/framework-arduinoespressif32@src-537c58760dafe7fcc8a1d9bbcf00b6f6/tools/sdk/esp32s3/include/libsodium/libsodium/src/libsodium/include -I/home/franstein/.platformio/packages/framework-arduinoespressif32@src-537c58760dafe7fcc8a1d9bbcf00b6f6/tools/sdk/esp32s3/include/libsodium/port_include -I/home/franstein/.platformio/packages/framework-arduinoespressif32@src-537c58760dafe7fcc8a1d9bbcf00b6f6/tools/sdk/esp32s3/include/mqtt/esp-mqtt/include -I/home/franstein/.platformio/packages/framework-arduinoespressif32@src-537c58760dafe7fcc8a1d9bbcf00b6f6/tools/sdk/esp32s3/include/openssl/include -I/home/franstein/.platformio/packages/framework-arduinoespressif32@src-537c58760dafe7fcc8a1d9bbcf00b6f6/tools/sdk/esp32s3/include/perfmon/include -I/home/franstein/.platformio/packages/framework-arduinoespressif32@src-537c58760dafe7fcc8a1d9bbcf00b6f6/tools/sdk/esp32s3/include/spiffs/include -I/home/franstein/.platformio/packages/framework-arduinoespressif32@src-537c58760dafe7fcc8a1d9bbcf00b6f6/tools/sdk/esp32s3/include/usb/include -I/home/franstein/.platformio/packages/framework-arduinoespressif32@src-537c58760dafe7fcc8a1d9bbcf00b6f6/tools/sdk/esp32s3/include/ulp/include -I/home/franstein/.platformio/packages/framework-arduinoespressif32@src-537c58760dafe7fcc8a1d9bbcf00b6f6/tools/sdk/esp32s3/include/wifi_provisioning/include -I/home/franstein/.platformio/packages/framework-arduinoespressif32@src-537c58760dafe7fcc8a1d9bbcf00b6f6/tools/sdk/esp32s3/include/rmaker_common/include -I/home/franstein/.platformio/packages/framework-arduinoespressif32@src-537c58760dafe7fcc8a1d9bbcf00b6f6/tools/sdk/esp32s3/include/json_parser/upstream/include -I/home/franstein/.platformio/packages/framework-arduinoespressif32@src-537c58760dafe7fcc8a1d9bbcf00b6f6/tools/sdk/esp32s3/include/json_parser/upstream -I/home/franstein/.platformio/packages/framework-arduinoespressif32@src-537c58760dafe7fcc8a1d9bbcf00b6f6/tools/sdk/esp32s3/include/json_generator/upstream -I/home/franstein/.platformio/packages/framework-arduinoespressif32@src-537c58760dafe7fcc8a1d9bbcf00b6f6/tools/sdk/esp32s3/include/esp_schedule/include -I/home/franstein/.platformio/packages/framework-arduinoespressif32@src-537c58760dafe7fcc8a1d9bbcf00b6f6/tools/sdk/esp32s3/include/esp_rainmaker/include -I/home/franstein/.platformio/packages/framework-arduinoespressif32@src-537c58760dafe7fcc8a1d9bbcf00b6f6/tools/sdk/esp32s3/include/gpio_button/button/include -I/home/franstein/.platformio/packages/framework-arduinoespressif32@src-537c58760dafe7fcc8a1d9bbcf00b6f6/tools/sdk/esp32s3/include/qrcode/include -I/home/franstein/.platformio/packages/framework-arduinoespressif32@src-537c58760dafe7fcc8a1d9bbcf00b6f6/tools/sdk/esp32s3/include/ws2812_led -I/home/franstein/.platformio/packages/framework-arduinoespressif32@src-537c58760dafe7fcc8a1d9bbcf00b6f6/tools/sdk/esp32s3/include/esp_diagnostics/include -I/home/franstein/.platformio/packages/framework-arduinoespressif32@src-537c58760dafe7fcc8a1d9bbcf00b6f6/tools/sdk/esp32s3/include/rtc_store/include -I/home/franstein/.platformio/packages/framework-arduinoespressif32@src-537c58760dafe7fcc8a1d9bbcf00b6f6/tools/sdk/esp32s3/include/esp_insights/include -I/home/franstein/.platformio/packages/framework-arduinoespressif32@src-537c58760dafe7fcc8a1d9bbcf00b6f6/tools/sdk/esp32s3/include/esp-dsp/modules/dotprod/include -I/home/franstein/.platformio/packages/framework-arduinoespressif32@src-537c58760dafe7fcc8a1d9bbcf00b6f6/tools/sdk/esp32s3/include/esp-dsp/modules/support/include -I/home/franstein/.platformio/packages/framework-arduinoespressif32@src-537c58760dafe7fcc8a1d9bbcf00b6f6/tools/sdk/esp32s3/include/esp-dsp/modules/windows/include -I/home/franstein/.platformio/packages/framework-arduinoespressif32@src-537c58760dafe7fcc8a1d9bbcf00b6f6/tools/sdk/esp32s3/include/esp-dsp/modules/windows/hann/include -I/home/franstein/.platformio/packages/framework-arduinoespressif32@src-537c58760dafe7fcc8a1d9bbcf00b6f6/tools/sdk/esp32s3/include/esp-dsp/modules/windows/blackman/include -I/home/franstein/.platformio/packages/framework-arduinoespressif32@src-537c58760dafe7fcc8a1d9bbcf00b6f6/tools/sdk/esp32s3/include/esp-dsp/modules/windows/blackman_harris/include -I/home/franstein/.platformio/packages/framework-arduinoespressif32@src-537c58760dafe7fcc8a1d9bbcf00b6f6/tools/sdk/esp32s3/include/esp-dsp/modules/windows/blackman_nuttall/include -I/home/franstein/.platformio/packages/framework-arduinoespressif32@src-537c58760dafe7fcc8a1d9bbcf00b6f6/tools/sdk/esp32s3/include/esp-dsp/modules/windows/nuttall/include -I/home/franstein/.platformio/packages/framework-arduinoespressif32@src-537c58760dafe7fcc8a1d9bbcf00b6f6/tools/sdk/esp32s3/include/esp-dsp/modules/windows/flat_top/include -I/home/franstein/.platformio/packages/framework-arduinoespressif32@src-537c58760dafe7fcc8a1d9bbcf00b6f6/tools/sdk/esp32s3/include/esp-dsp/modules/iir/include -I/home/franstein/.platformio/packages/framework-arduinoespressif32@src-537c58760dafe7fcc8a1d9bbcf00b6f6/tools/sdk/esp32s3/include/esp-dsp/modules/fir/include -I/home/franstein/.platformio/packages/framework-arduinoespressif32@src-537c58760dafe7fcc8a1d9bbcf00b6f6/tools/sdk/esp32s3/include/esp-dsp/modules/math/include -I/home/franstein/.platformio/packages/framework-arduinoespressif32@src-537c58760dafe7fcc8a1d9bbcf00b6f6/tools/sdk/esp32s3/include/esp-dsp/modules/math/add/include -I/home/franstein/.platformio/packages/framework-arduinoespressif32@src-537c58760dafe7fcc8a1d9bbcf00b6f6/tools/sdk/esp32s3/include/esp-dsp/modules/math/sub/include -I/home/franstein/.platformio/packages/framework-arduinoespressif32@src-537c58760dafe7fcc8a1d9bbcf00b6f6/tools/sdk/esp32s3/include/esp-dsp/modules/math/mul/include -I/home/franstein/.platformio/packages/framework-arduinoespressif32@src-537c58760dafe7fcc8a1d9bbcf00b6f6/tools/sdk/esp32s3/include/esp-dsp/modules/math/addc/include -I/home/franstein/.platformio/packages/framework-arduinoespressif32@src-537c58760dafe7fcc8a1d9bbcf00b6f6/tools/sdk/esp32s3/include/esp-dsp/modules/math/mulc/include -I/home/franstein/.platformio/packages/framework-arduinoespressif32@src-537c58760dafe7fcc8a1d9bbcf00b6f6/tools/sdk/esp32s3/include/esp-dsp/modules/math/sqrt/include -I/home/franstein/.platformio/packages/framework-arduinoespressif32@src-537c58760dafe7fcc8a1d9bbcf00b6f6/tools/sdk/esp32s3/include/esp-dsp/modules/matrix/include -I/home/franstein/.platformio/packages/framework-arduinoespressif32@src-537c58760dafe7fcc8a1d9bbcf00b6f6/tools/sdk/esp32s3/include/esp-dsp/modules/fft/include -I/home/franstein/.platformio/packages/framework-arduinoespressif32@src-537c58760dafe7fcc8a1d9bbcf00b6f6/tools/sdk/esp32s3/include/esp-dsp/modules/dct/include -I/home/franstein/.platformio/packages/framework-arduinoespressif32@src-537c58760dafe7fcc8a1d9bbcf00b6f6/tools/sdk/esp32s3/include/esp-dsp/modules/conv/include -I/home/franstein/.platformio/packages/framework-arduinoespressif32@src-537c58760dafe7fcc8a1d9bbcf00b6f6/tools/sdk/esp32s3/include/esp-dsp/modules/common/include -I/home/franstein/.platformio/packages/framework-arduinoespressif32@src-537c58760dafe7fcc8a1d9bbcf00b6f6/tools/sdk/esp32s3/include/esp-dsp/modules/kalman/ekf/include -I/home/franstein/.platformio/packages/framework-arduinoespressif32@src-537c58760dafe7fcc8a1d9bbcf00b6f6/tools/sdk/esp32s3/include/esp-dsp/modules/kalman/ekf_imu13states/include -I/home/franstein/.platformio/packages/framework-arduinoespressif32@src-537c58760dafe7fcc8a1d9bbcf00b6f6/tools/sdk/esp32s3/include/freertos/include/freertos -I/home/franstein/.platformio/packages/framework-arduinoespressif32@src-537c58760dafe7fcc8a1d9bbcf00b6f6/tools/sdk/esp32s3/include/arduino_tinyusb/tinyusb/src -I/home/franstein/.platformio/packages/framework-arduinoespressif32@src-537c58760dafe7fcc8a1d9bbcf00b6f6/tools/sdk/esp32s3/include/arduino_tinyusb/include -I/home/franstein/.platformio/packages/framework-arduinoespressif32@src-537c58760dafe7fcc8a1d9bbcf00b6f6/tools/sdk/esp32s3/include/esp_littlefs/include -I/home/franstein/.platformio/packages/framework-arduinoespressif32@src-537c58760dafe7fcc8a1d9bbcf00b6f6/tools/sdk/esp32s3/include/esp-dl/include -I/home/franstein/.platformio/packages/framework-arduinoespressif32@src-537c58760dafe7fcc8a1d9bbcf00b6f6/tools/sdk/esp32s3/include/esp-dl/include/tool -I/home/franstein/.platformio/packages/framework-arduinoespressif32@src-537c58760dafe7fcc8a1d9bbcf00b6f6/tools/sdk/esp32s3/include/esp-dl/include/typedef -I/home/franstein/.platformio/packages/framework-arduinoespressif32@src-537c58760dafe7fcc8a1d9bbcf00b6f6/tools/sdk/esp32s3/include/esp-dl/include/image -I/home/franstein/.platformio/packages/framework-arduinoespressif32@src-537c58760dafe7fcc8a1d9bbcf00b6f6/tools/sdk/esp32s3/include/esp-dl/include/math -I/home/franstein/.platformio/packages/framework-arduinoespressif32@src-537c58760dafe7fcc8a1d9bbcf00b6f6/tools/sdk/esp32s3/include/esp-dl/include/nn -I/home/franstein/.platformio/packages/framework-arduinoespressif32@src-537c58760dafe7fcc8a1d9bbcf00b6f6/tools/sdk/esp32s3/include/esp-dl/include/layer -I/home/franstein/.platformio/packages/framework-arduinoespressif32@src-537c58760dafe7fcc8a1d9bbcf00b6f6/tools/sdk/esp32s3/include/esp-dl/include/detect -I/home/franstein/.platformio/packages/framework-arduinoespressif32@src-537c58760dafe7fcc8a1d9bbcf00b6f6/tools/sdk/esp32s3/include/esp-dl/include/model_zoo -I/home/franstein/.platformio/packages/framework-arduinoespressif32@src-537c58760dafe7fcc8a1d9bbcf00b6f6/tools/sdk/esp32s3/include/esp-sr/src/include -I/home/franstein/.platformio/packages/framework-arduinoespressif32@src-537c58760dafe7fcc8a1d9bbcf00b6f6/tools/sdk/esp32s3/include/esp-sr/esp-tts/esp_tts_chinese/include -I/home/franstein/.platformio/packages/framework-arduinoespressif32@src-537c58760dafe7fcc8a1d9bbcf00b6f6/tools/sdk/esp32s3/include/esp-sr/include/esp32s3 -I/home/franstein/.platformio/packages/framework-arduinoespressif32@src-537c58760dafe7fcc8a1d9bbcf00b6f6/tools/sdk/esp32s3/include/esp32-camera/driver/include -I/home/franstein/.platformio/packages/framework-arduinoespressif32@src-537c58760dafe7fcc8a1d9bbcf00b6f6/tools/sdk/esp32s3/include/esp32-camera/conversions/include -I/home/franstein/.platformio/packages/framework-arduinoespressif32@src-537c58760dafe7fcc8a1d9bbcf00b6f6/tools/sdk/esp32s3/include/fb_gfx/include -I/home/franstein/.platformio/packages/framework-arduinoespressif32@src-537c58760dafe7fcc8a1d9bbcf00b6f6/tools/sdk/esp32s3/qio_opi/include -I/home/franstein/.platformio/packages/framework-arduinoespressif32@src-537c58760dafe7fcc8a1d9bbcf00b6f6/cores/esp32 -I/home/franstein/.platformio/packages/framework-arduinoespressif32@src-537c58760dafe7fcc8a1d9bbcf00b6f6/variants/esp32s3 /home/franstein/.platformio/packages/framework-arduinoespressif32@src-537c58760dafe7fcc8a1d9bbcf00b6f6/cores/esp32/USB.cpp
xtensa-esp32s3-elf-g++ -o .pio/build/esp32/FrameworkArduino/USBCDC.cpp.o -c -std=gnu++11 -fexceptions -fno-rtti -Os -mlongcalls -ffunction-sections -fdata-sections -Wno-error=unused-function -Wno-error=unused-variable -Wno-error=deprecated-declarations -Wno-unused-parameter -Wno-sign-compare -ggdb -freorder-blocks -Wwrite-strings -fstack-protector -fstrict-volatile-bitfields -Wno-error=unused-but-set-variable -fno-jump-tables -fno-tree-switch-conversion -MMD -DPLATFORMIO=60107 -DBOARD_HAS_PSRAM -DARDUINO_USB_MODE=1 -DARDUINO_USB_CDC_ON_BOOT=1 -DHAVE_CONFIG_H -DMBEDTLS_CONFIG_FILE=\"mbedtls/esp_config.h\" -DUNITY_INCLUDE_CONFIG_H -DWITH_POSIX -D_GNU_SOURCE -DIDF_VER=\"v4.4.3\" -DESP_PLATFORM -D_POSIX_READER_WRITER_LOCKS -DARDUINO_ARCH_ESP32 -DESP32 -DF_CPU=240000000L -DARDUINO=10812 -DARDUINO_VARIANT=\"esp32s3\" "-DARDUINO_BOARD=\"LILYGO T3-S3\"" -DARDUINO_PARTITION_default -I/home/franstein/.platformio/packages/framework-arduinoespressif32@src-537c58760dafe7fcc8a1d9bbcf00b6f6/tools/sdk/esp32s3/include/newlib/platform_include -I/home/franstein/.platformio/packages/framework-arduinoespressif32@src-537c58760dafe7fcc8a1d9bbcf00b6f6/tools/sdk/esp32s3/include/freertos/include -I/home/franstein/.platformio/packages/framework-arduinoespressif32@src-537c58760dafe7fcc8a1d9bbcf00b6f6/tools/sdk/esp32s3/include/freertos/include/esp_additions/freertos -I/home/franstein/.platformio/packages/framework-arduinoespressif32@src-537c58760dafe7fcc8a1d9bbcf00b6f6/tools/sdk/esp32s3/include/freertos/port/xtensa/include -I/home/franstein/.platformio/packages/framework-arduinoespressif32@src-537c58760dafe7fcc8a1d9bbcf00b6f6/tools/sdk/esp32s3/include/freertos/include/esp_additions -I/home/franstein/.platformio/packages/framework-arduinoespressif32@src-537c58760dafe7fcc8a1d9bbcf00b6f6/tools/sdk/esp32s3/include/esp_hw_support/include -I/home/franstein/.platformio/packages/framework-arduinoespressif32@src-537c58760dafe7fcc8a1d9bbcf00b6f6/tools/sdk/esp32s3/include/esp_hw_support/include/soc -I/home/franstein/.platformio/packages/framework-arduinoespressif32@src-537c58760dafe7fcc8a1d9bbcf00b6f6/tools/sdk/esp32s3/include/esp_hw_support/include/soc/esp32s3 -I/home/franstein/.platformio/packages/framework-arduinoespressif32@src-537c58760dafe7fcc8a1d9bbcf00b6f6/tools/sdk/esp32s3/include/esp_hw_support/port/esp32s3 -I/home/franstein/.platformio/packages/framework-arduinoespressif32@src-537c58760dafe7fcc8a1d9bbcf00b6f6/tools/sdk/esp32s3/include/esp_hw_support/port/esp32s3/private_include -I/home/franstein/.platformio/packages/framework-arduinoespressif32@src-537c58760dafe7fcc8a1d9bbcf00b6f6/tools/sdk/esp32s3/include/heap/include -I/home/franstein/.platformio/packages/framework-arduinoespressif32@src-537c58760dafe7fcc8a1d9bbcf00b6f6/tools/sdk/esp32s3/include/log/include -I/home/franstein/.platformio/packages/framework-arduinoespressif32@src-537c58760dafe7fcc8a1d9bbcf00b6f6/tools/sdk/esp32s3/include/lwip/include/apps -I/home/franstein/.platformio/packages/framework-arduinoespressif32@src-537c58760dafe7fcc8a1d9bbcf00b6f6/tools/sdk/esp32s3/include/lwip/include/apps/sntp -I/home/franstein/.platformio/packages/framework-arduinoespressif32@src-537c58760dafe7fcc8a1d9bbcf00b6f6/tools/sdk/esp32s3/include/lwip/lwip/src/include -I/home/franstein/.platformio/packages/framework-arduinoespressif32@src-537c58760dafe7fcc8a1d9bbcf00b6f6/tools/sdk/esp32s3/include/lwip/port/esp32/include -I/home/franstein/.platformio/packages/framework-arduinoespressif32@src-537c58760dafe7fcc8a1d9bbcf00b6f6/tools/sdk/esp32s3/include/lwip/port/esp32/include/arch -I/home/franstein/.platformio/packages/framework-arduinoespressif32@src-537c58760dafe7fcc8a1d9bbcf00b6f6/tools/sdk/esp32s3/include/soc/include -I/home/franstein/.platformio/packages/framework-arduinoespressif32@src-537c58760dafe7fcc8a1d9bbcf00b6f6/tools/sdk/esp32s3/include/soc/esp32s3 -I/home/franstein/.platformio/packages/framework-arduinoespressif32@src-537c58760dafe7fcc8a1d9bbcf00b6f6/tools/sdk/esp32s3/include/soc/esp32s3/include -I/home/franstein/.platformio/packages/framework-arduinoespressif32@src-537c58760dafe7fcc8a1d9bbcf00b6f6/tools/sdk/esp32s3/include/hal/esp32s3/include -I/home/franstein/.platformio/packages/framework-arduinoespressif32@src-537c58760dafe7fcc8a1d9bbcf00b6f6/tools/sdk/esp32s3/include/hal/include -I/home/franstein/.platformio/packages/framework-arduinoespressif32@src-537c58760dafe7fcc8a1d9bbcf00b6f6/tools/sdk/esp32s3/include/hal/platform_port/include -I/home/franstein/.platformio/packages/framework-arduinoespressif32@src-537c58760dafe7fcc8a1d9bbcf00b6f6/tools/sdk/esp32s3/include/esp_rom/include -I/home/franstein/.platformio/packages/framework-arduinoespressif32@src-537c58760dafe7fcc8a1d9bbcf00b6f6/tools/sdk/esp32s3/include/esp_rom/include/esp32s3 -I/home/franstein/.platformio/packages/framework-arduinoespressif32@src-537c58760dafe7fcc8a1d9bbcf00b6f6/tools/sdk/esp32s3/include/esp_rom/esp32s3 -I/home/franstein/.platformio/packages/framework-arduinoespressif32@src-537c58760dafe7fcc8a1d9bbcf00b6f6/tools/sdk/esp32s3/include/esp_common/include -I/home/franstein/.platformio/packages/framework-arduinoespressif32@src-537c58760dafe7fcc8a1d9bbcf00b6f6/tools/sdk/esp32s3/include/esp_system/include -I/home/franstein/.platformio/packages/framework-arduinoespressif32@src-537c58760dafe7fcc8a1d9bbcf00b6f6/tools/sdk/esp32s3/include/esp_system/port/soc -I/home/franstein/.platformio/packages/framework-arduinoespressif32@src-537c58760dafe7fcc8a1d9bbcf00b6f6/tools/sdk/esp32s3/include/esp_system/port/public_compat -I/home/franstein/.platformio/packages/framework-arduinoespressif32@src-537c58760dafe7fcc8a1d9bbcf00b6f6/tools/sdk/esp32s3/include/xtensa/include -I/home/franstein/.platformio/packages/framework-arduinoespressif32@src-537c58760dafe7fcc8a1d9bbcf00b6f6/tools/sdk/esp32s3/include/xtensa/esp32s3/include -I/home/franstein/.platformio/packages/framework-arduinoespressif32@src-537c58760dafe7fcc8a1d9bbcf00b6f6/tools/sdk/esp32s3/include/driver/include -I/home/franstein/.platformio/packages/framework-arduinoespressif32@src-537c58760dafe7fcc8a1d9bbcf00b6f6/tools/sdk/esp32s3/include/driver/esp32s3/include -I/home/franstein/.platformio/packages/framework-arduinoespressif32@src-537c58760dafe7fcc8a1d9bbcf00b6f6/tools/sdk/esp32s3/include/esp_pm/include -I/home/franstein/.platformio/packages/framework-arduinoespressif32@src-537c58760dafe7fcc8a1d9bbcf00b6f6/tools/sdk/esp32s3/include/esp_ringbuf/include -I/home/franstein/.platformio/packages/framework-arduinoespressif32@src-537c58760dafe7fcc8a1d9bbcf00b6f6/tools/sdk/esp32s3/include/efuse/include -I/home/franstein/.platformio/packages/framework-arduinoespressif32@src-537c58760dafe7fcc8a1d9bbcf00b6f6/tools/sdk/esp32s3/include/efuse/esp32s3/include -I/home/franstein/.platformio/packages/framework-arduinoespressif32@src-537c58760dafe7fcc8a1d9bbcf00b6f6/tools/sdk/esp32s3/include/vfs/include -I/home/franstein/.platformio/packages/framework-arduinoespressif32@src-537c58760dafe7fcc8a1d9bbcf00b6f6/tools/sdk/esp32s3/include/esp_wifi/include -I/home/franstein/.platformio/packages/framework-arduinoespressif32@src-537c58760dafe7fcc8a1d9bbcf00b6f6/tools/sdk/esp32s3/include/esp_event/include -I/home/franstein/.platformio/packages/framework-arduinoespressif32@src-537c58760dafe7fcc8a1d9bbcf00b6f6/tools/sdk/esp32s3/include/esp_netif/include -I/home/franstein/.platformio/packages/framework-arduinoespressif32@src-537c58760dafe7fcc8a1d9bbcf00b6f6/tools/sdk/esp32s3/include/esp_eth/include -I/home/franstein/.platformio/packages/framework-arduinoespressif32@src-537c58760dafe7fcc8a1d9bbcf00b6f6/tools/sdk/esp32s3/include/tcpip_adapter/include -I/home/franstein/.platformio/packages/framework-arduinoespressif32@src-537c58760dafe7fcc8a1d9bbcf00b6f6/tools/sdk/esp32s3/include/esp_phy/include -I/home/franstein/.platformio/packages/framework-arduinoespressif32@src-537c58760dafe7fcc8a1d9bbcf00b6f6/tools/sdk/esp32s3/include/esp_phy/esp32s3/include -I/home/franstein/.platformio/packages/framework-arduinoespressif32@src-537c58760dafe7fcc8a1d9bbcf00b6f6/tools/sdk/esp32s3/include/esp_ipc/include -I/home/franstein/.platformio/packages/framework-arduinoespressif32@src-537c58760dafe7fcc8a1d9bbcf00b6f6/tools/sdk/esp32s3/include/app_trace/include -I/home/franstein/.platformio/packages/framework-arduinoespressif32@src-537c58760dafe7fcc8a1d9bbcf00b6f6/tools/sdk/esp32s3/include/esp_timer/include -I/home/franstein/.platformio/packages/framework-arduinoespressif32@src-537c58760dafe7fcc8a1d9bbcf00b6f6/tools/sdk/esp32s3/include/mbedtls/port/include -I/home/franstein/.platformio/packages/framework-arduinoespressif32@src-537c58760dafe7fcc8a1d9bbcf00b6f6/tools/sdk/esp32s3/include/mbedtls/mbedtls/include -I/home/franstein/.platformio/packages/framework-arduinoespressif32@src-537c58760dafe7fcc8a1d9bbcf00b6f6/tools/sdk/esp32s3/include/mbedtls/esp_crt_bundle/include -I/home/franstein/.platformio/packages/framework-arduinoespressif32@src-537c58760dafe7fcc8a1d9bbcf00b6f6/tools/sdk/esp32s3/include/app_update/include -I/home/franstein/.platformio/packages/framework-arduinoespressif32@src-537c58760dafe7fcc8a1d9bbcf00b6f6/tools/sdk/esp32s3/include/spi_flash/include -I/home/franstein/.platformio/packages/framework-arduinoespressif32@src-537c58760dafe7fcc8a1d9bbcf00b6f6/tools/sdk/esp32s3/include/bootloader_support/include -I/home/franstein/.platformio/packages/framework-arduinoespressif32@src-537c58760dafe7fcc8a1d9bbcf00b6f6/tools/sdk/esp32s3/include/nvs_flash/include -I/home/franstein/.platformio/packages/framework-arduinoespressif32@src-537c58760dafe7fcc8a1d9bbcf00b6f6/tools/sdk/esp32s3/include/pthread/include -I/home/franstein/.platformio/packages/framework-arduinoespressif32@src-537c58760dafe7fcc8a1d9bbcf00b6f6/tools/sdk/esp32s3/include/esp_gdbstub/include -I/home/franstein/.platformio/packages/framework-arduinoespressif32@src-537c58760dafe7fcc8a1d9bbcf00b6f6/tools/sdk/esp32s3/include/esp_gdbstub/xtensa -I/home/franstein/.platformio/packages/framework-arduinoespressif32@src-537c58760dafe7fcc8a1d9bbcf00b6f6/tools/sdk/esp32s3/include/esp_gdbstub/esp32s3 -I/home/franstein/.platformio/packages/framework-arduinoespressif32@src-537c58760dafe7fcc8a1d9bbcf00b6f6/tools/sdk/esp32s3/include/espcoredump/include -I/home/franstein/.platformio/packages/framework-arduinoespressif32@src-537c58760dafe7fcc8a1d9bbcf00b6f6/tools/sdk/esp32s3/include/espcoredump/include/port/xtensa -I/home/franstein/.platformio/packages/framework-arduinoespressif32@src-537c58760dafe7fcc8a1d9bbcf00b6f6/tools/sdk/esp32s3/include/wpa_supplicant/include -I/home/franstein/.platformio/packages/framework-arduinoespressif32@src-537c58760dafe7fcc8a1d9bbcf00b6f6/tools/sdk/esp32s3/include/wpa_supplicant/port/include -I/home/franstein/.platformio/packages/framework-arduinoespressif32@src-537c58760dafe7fcc8a1d9bbcf00b6f6/tools/sdk/esp32s3/include/wpa_supplicant/esp_supplicant/include -I/home/franstein/.platformio/packages/framework-arduinoespressif32@src-537c58760dafe7fcc8a1d9bbcf00b6f6/tools/sdk/esp32s3/include/ieee802154/include -I/home/franstein/.platformio/packages/framework-arduinoespressif32@src-537c58760dafe7fcc8a1d9bbcf00b6f6/tools/sdk/esp32s3/include/console -I/home/franstein/.platformio/packages/framework-arduinoespressif32@src-537c58760dafe7fcc8a1d9bbcf00b6f6/tools/sdk/esp32s3/include/asio/asio/asio/include -I/home/franstein/.platformio/packages/framework-arduinoespressif32@src-537c58760dafe7fcc8a1d9bbcf00b6f6/tools/sdk/esp32s3/include/asio/port/include -I/home/franstein/.platformio/packages/framework-arduinoespressif32@src-537c58760dafe7fcc8a1d9bbcf00b6f6/tools/sdk/esp32s3/include/bt/common/osi/include -I/home/franstein/.platformio/packages/framework-arduinoespressif32@src-537c58760dafe7fcc8a1d9bbcf00b6f6/tools/sdk/esp32s3/include/bt/include/esp32s3/include -I/home/franstein/.platformio/packages/framework-arduinoespressif32@src-537c58760dafe7fcc8a1d9bbcf00b6f6/tools/sdk/esp32s3/include/bt/common/api/include/api -I/home/franstein/.platformio/packages/framework-arduinoespressif32@src-537c58760dafe7fcc8a1d9bbcf00b6f6/tools/sdk/esp32s3/include/bt/common/btc/profile/esp/blufi/include -I/home/franstein/.platformio/packages/framework-arduinoespressif32@src-537c58760dafe7fcc8a1d9bbcf00b6f6/tools/sdk/esp32s3/include/bt/common/btc/profile/esp/include -I/home/franstein/.platformio/packages/framework-arduinoespressif32@src-537c58760dafe7fcc8a1d9bbcf00b6f6/tools/sdk/esp32s3/include/bt/host/bluedroid/api/include/api -I/home/franstein/.platformio/packages/framework-arduinoespressif32@src-537c58760dafe7fcc8a1d9bbcf00b6f6/tools/sdk/esp32s3/include/bt/esp_ble_mesh/mesh_common/include -I/home/franstein/.platformio/packages/framework-arduinoespressif32@src-537c58760dafe7fcc8a1d9bbcf00b6f6/tools/sdk/esp32s3/include/bt/esp_ble_mesh/mesh_common/tinycrypt/include -I/home/franstein/.platformio/packages/framework-arduinoespressif32@src-537c58760dafe7fcc8a1d9bbcf00b6f6/tools/sdk/esp32s3/include/bt/esp_ble_mesh/mesh_core -I/home/franstein/.platformio/packages/framework-arduinoespressif32@src-537c58760dafe7fcc8a1d9bbcf00b6f6/tools/sdk/esp32s3/include/bt/esp_ble_mesh/mesh_core/include -I/home/franstein/.platformio/packages/framework-arduinoespressif32@src-537c58760dafe7fcc8a1d9bbcf00b6f6/tools/sdk/esp32s3/include/bt/esp_ble_mesh/mesh_core/storage -I/home/franstein/.platformio/packages/framework-arduinoespressif32@src-537c58760dafe7fcc8a1d9bbcf00b6f6/tools/sdk/esp32s3/include/bt/esp_ble_mesh/btc/include -I/home/franstein/.platformio/packages/framework-arduinoespressif32@src-537c58760dafe7fcc8a1d9bbcf00b6f6/tools/sdk/esp32s3/include/bt/esp_ble_mesh/mesh_models/common/include -I/home/franstein/.platformio/packages/framework-arduinoespressif32@src-537c58760dafe7fcc8a1d9bbcf00b6f6/tools/sdk/esp32s3/include/bt/esp_ble_mesh/mesh_models/client/include -I/home/franstein/.platformio/packages/framework-arduinoespressif32@src-537c58760dafe7fcc8a1d9bbcf00b6f6/tools/sdk/esp32s3/include/bt/esp_ble_mesh/mesh_models/server/include -I/home/franstein/.platformio/packages/framework-arduinoespressif32@src-537c58760dafe7fcc8a1d9bbcf00b6f6/tools/sdk/esp32s3/include/bt/esp_ble_mesh/api/core/include -I/home/franstein/.platformio/packages/framework-arduinoespressif32@src-537c58760dafe7fcc8a1d9bbcf00b6f6/tools/sdk/esp32s3/include/bt/esp_ble_mesh/api/models/include -I/home/franstein/.platformio/packages/framework-arduinoespressif32@src-537c58760dafe7fcc8a1d9bbcf00b6f6/tools/sdk/esp32s3/include/bt/esp_ble_mesh/api -I/home/franstein/.platformio/packages/framework-arduinoespressif32@src-537c58760dafe7fcc8a1d9bbcf00b6f6/tools/sdk/esp32s3/include/cbor/port/include -I/home/franstein/.platformio/packages/framework-arduinoespressif32@src-537c58760dafe7fcc8a1d9bbcf00b6f6/tools/sdk/esp32s3/include/unity/include -I/home/franstein/.platformio/packages/framework-arduinoespressif32@src-537c58760dafe7fcc8a1d9bbcf00b6f6/tools/sdk/esp32s3/include/unity/unity/src -I/home/franstein/.platformio/packages/framework-arduinoespressif32@src-537c58760dafe7fcc8a1d9bbcf00b6f6/tools/sdk/esp32s3/include/cmock/CMock/src -I/home/franstein/.platformio/packages/framework-arduinoespressif32@src-537c58760dafe7fcc8a1d9bbcf00b6f6/tools/sdk/esp32s3/include/coap/port/include -I/home/franstein/.platformio/packages/framework-arduinoespressif32@src-537c58760dafe7fcc8a1d9bbcf00b6f6/tools/sdk/esp32s3/include/coap/libcoap/include -I/home/franstein/.platformio/packages/framework-arduinoespressif32@src-537c58760dafe7fcc8a1d9bbcf00b6f6/tools/sdk/esp32s3/include/nghttp/port/include -I/home/franstein/.platformio/packages/framework-arduinoespressif32@src-537c58760dafe7fcc8a1d9bbcf00b6f6/tools/sdk/esp32s3/include/nghttp/nghttp2/lib/includes -I/home/franstein/.platformio/packages/framework-arduinoespressif32@src-537c58760dafe7fcc8a1d9bbcf00b6f6/tools/sdk/esp32s3/include/esp-tls -I/home/franstein/.platformio/packages/framework-arduinoespressif32@src-537c58760dafe7fcc8a1d9bbcf00b6f6/tools/sdk/esp32s3/include/esp-tls/esp-tls-crypto -I/home/franstein/.platformio/packages/framework-arduinoespressif32@src-537c58760dafe7fcc8a1d9bbcf00b6f6/tools/sdk/esp32s3/include/esp_adc_cal/include -I/home/franstein/.platformio/packages/framework-arduinoespressif32@src-537c58760dafe7fcc8a1d9bbcf00b6f6/tools/sdk/esp32s3/include/esp_hid/include -I/home/franstein/.platformio/packages/framework-arduinoespressif32@src-537c58760dafe7fcc8a1d9bbcf00b6f6/tools/sdk/esp32s3/include/tcp_transport/include -I/home/franstein/.platformio/packages/framework-arduinoespressif32@src-537c58760dafe7fcc8a1d9bbcf00b6f6/tools/sdk/esp32s3/include/esp_http_client/include -I/home/franstein/.platformio/packages/framework-arduinoespressif32@src-537c58760dafe7fcc8a1d9bbcf00b6f6/tools/sdk/esp32s3/include/esp_http_server/include -I/home/franstein/.platformio/packages/framework-arduinoespressif32@src-537c58760dafe7fcc8a1d9bbcf00b6f6/tools/sdk/esp32s3/include/esp_https_ota/include -I/home/franstein/.platformio/packages/framework-arduinoespressif32@src-537c58760dafe7fcc8a1d9bbcf00b6f6/tools/sdk/esp32s3/include/esp_https_server/include -I/home/franstein/.platformio/packages/framework-arduinoespressif32@src-537c58760dafe7fcc8a1d9bbcf00b6f6/tools/sdk/esp32s3/include/esp_lcd/include -I/home/franstein/.platformio/packages/framework-arduinoespressif32@src-537c58760dafe7fcc8a1d9bbcf00b6f6/tools/sdk/esp32s3/include/esp_lcd/interface -I/home/franstein/.platformio/packages/framework-arduinoespressif32@src-537c58760dafe7fcc8a1d9bbcf00b6f6/tools/sdk/esp32s3/include/protobuf-c/protobuf-c -I/home/franstein/.platformio/packages/framework-arduinoespressif32@src-537c58760dafe7fcc8a1d9bbcf00b6f6/tools/sdk/esp32s3/include/protocomm/include/common -I/home/franstein/.platformio/packages/framework-arduinoespressif32@src-537c58760dafe7fcc8a1d9bbcf00b6f6/tools/sdk/esp32s3/include/protocomm/include/security -I/home/franstein/.platformio/packages/framework-arduinoespressif32@src-537c58760dafe7fcc8a1d9bbcf00b6f6/tools/sdk/esp32s3/include/protocomm/include/transports -I/home/franstein/.platformio/packages/framework-arduinoespressif32@src-537c58760dafe7fcc8a1d9bbcf00b6f6/tools/sdk/esp32s3/include/mdns/include -I/home/franstein/.platformio/packages/framework-arduinoespressif32@src-537c58760dafe7fcc8a1d9bbcf00b6f6/tools/sdk/esp32s3/include/esp_local_ctrl/include -I/home/franstein/.platformio/packages/framework-arduinoespressif32@src-537c58760dafe7fcc8a1d9bbcf00b6f6/tools/sdk/esp32s3/include/sdmmc/include -I/home/franstein/.platformio/packages/framework-arduinoespressif32@src-537c58760dafe7fcc8a1d9bbcf00b6f6/tools/sdk/esp32s3/include/esp_serial_slave_link/include -I/home/franstein/.platformio/packages/framework-arduinoespressif32@src-537c58760dafe7fcc8a1d9bbcf00b6f6/tools/sdk/esp32s3/include/esp_websocket_client/include -I/home/franstein/.platformio/packages/framework-arduinoespressif32@src-537c58760dafe7fcc8a1d9bbcf00b6f6/tools/sdk/esp32s3/include/expat/expat/expat/lib -I/home/franstein/.platformio/packages/framework-arduinoespressif32@src-537c58760dafe7fcc8a1d9bbcf00b6f6/tools/sdk/esp32s3/include/expat/port/include -I/home/franstein/.platformio/packages/framework-arduinoespressif32@src-537c58760dafe7fcc8a1d9bbcf00b6f6/tools/sdk/esp32s3/include/wear_levelling/include -I/home/franstein/.platformio/packages/framework-arduinoespressif32@src-537c58760dafe7fcc8a1d9bbcf00b6f6/tools/sdk/esp32s3/include/fatfs/diskio -I/home/franstein/.platformio/packages/framework-arduinoespressif32@src-537c58760dafe7fcc8a1d9bbcf00b6f6/tools/sdk/esp32s3/include/fatfs/vfs -I/home/franstein/.platformio/packages/framework-arduinoespressif32@src-537c58760dafe7fcc8a1d9bbcf00b6f6/tools/sdk/esp32s3/include/fatfs/src -I/home/franstein/.platformio/packages/framework-arduinoespressif32@src-537c58760dafe7fcc8a1d9bbcf00b6f6/tools/sdk/esp32s3/include/freemodbus/common/include -I/home/franstein/.platformio/packages/framework-arduinoespressif32@src-537c58760dafe7fcc8a1d9bbcf00b6f6/tools/sdk/esp32s3/include/idf_test/include -I/home/franstein/.platformio/packages/framework-arduinoespressif32@src-537c58760dafe7fcc8a1d9bbcf00b6f6/tools/sdk/esp32s3/include/idf_test/include/esp32s3 -I/home/franstein/.platformio/packages/framework-arduinoespressif32@src-537c58760dafe7fcc8a1d9bbcf00b6f6/tools/sdk/esp32s3/include/jsmn/include -I/home/franstein/.platformio/packages/framework-arduinoespressif32@src-537c58760dafe7fcc8a1d9bbcf00b6f6/tools/sdk/esp32s3/include/json/cJSON -I/home/franstein/.platformio/packages/framework-arduinoespressif32@src-537c58760dafe7fcc8a1d9bbcf00b6f6/tools/sdk/esp32s3/include/libsodium/libsodium/src/libsodium/include -I/home/franstein/.platformio/packages/framework-arduinoespressif32@src-537c58760dafe7fcc8a1d9bbcf00b6f6/tools/sdk/esp32s3/include/libsodium/port_include -I/home/franstein/.platformio/packages/framework-arduinoespressif32@src-537c58760dafe7fcc8a1d9bbcf00b6f6/tools/sdk/esp32s3/include/mqtt/esp-mqtt/include -I/home/franstein/.platformio/packages/framework-arduinoespressif32@src-537c58760dafe7fcc8a1d9bbcf00b6f6/tools/sdk/esp32s3/include/openssl/include -I/home/franstein/.platformio/packages/framework-arduinoespressif32@src-537c58760dafe7fcc8a1d9bbcf00b6f6/tools/sdk/esp32s3/include/perfmon/include -I/home/franstein/.platformio/packages/framework-arduinoespressif32@src-537c58760dafe7fcc8a1d9bbcf00b6f6/tools/sdk/esp32s3/include/spiffs/include -I/home/franstein/.platformio/packages/framework-arduinoespressif32@src-537c58760dafe7fcc8a1d9bbcf00b6f6/tools/sdk/esp32s3/include/usb/include -I/home/franstein/.platformio/packages/framework-arduinoespressif32@src-537c58760dafe7fcc8a1d9bbcf00b6f6/tools/sdk/esp32s3/include/ulp/include -I/home/franstein/.platformio/packages/framework-arduinoespressif32@src-537c58760dafe7fcc8a1d9bbcf00b6f6/tools/sdk/esp32s3/include/wifi_provisioning/include -I/home/franstein/.platformio/packages/framework-arduinoespressif32@src-537c58760dafe7fcc8a1d9bbcf00b6f6/tools/sdk/esp32s3/include/rmaker_common/include -I/home/franstein/.platformio/packages/framework-arduinoespressif32@src-537c58760dafe7fcc8a1d9bbcf00b6f6/tools/sdk/esp32s3/include/json_parser/upstream/include -I/home/franstein/.platformio/packages/framework-arduinoespressif32@src-537c58760dafe7fcc8a1d9bbcf00b6f6/tools/sdk/esp32s3/include/json_parser/upstream -I/home/franstein/.platformio/packages/framework-arduinoespressif32@src-537c58760dafe7fcc8a1d9bbcf00b6f6/tools/sdk/esp32s3/include/json_generator/upstream -I/home/franstein/.platformio/packages/framework-arduinoespressif32@src-537c58760dafe7fcc8a1d9bbcf00b6f6/tools/sdk/esp32s3/include/esp_schedule/include -I/home/franstein/.platformio/packages/framework-arduinoespressif32@src-537c58760dafe7fcc8a1d9bbcf00b6f6/tools/sdk/esp32s3/include/esp_rainmaker/include -I/home/franstein/.platformio/packages/framework-arduinoespressif32@src-537c58760dafe7fcc8a1d9bbcf00b6f6/tools/sdk/esp32s3/include/gpio_button/button/include -I/home/franstein/.platformio/packages/framework-arduinoespressif32@src-537c58760dafe7fcc8a1d9bbcf00b6f6/tools/sdk/esp32s3/include/qrcode/include -I/home/franstein/.platformio/packages/framework-arduinoespressif32@src-537c58760dafe7fcc8a1d9bbcf00b6f6/tools/sdk/esp32s3/include/ws2812_led -I/home/franstein/.platformio/packages/framework-arduinoespressif32@src-537c58760dafe7fcc8a1d9bbcf00b6f6/tools/sdk/esp32s3/include/esp_diagnostics/include -I/home/franstein/.platformio/packages/framework-arduinoespressif32@src-537c58760dafe7fcc8a1d9bbcf00b6f6/tools/sdk/esp32s3/include/rtc_store/include -I/home/franstein/.platformio/packages/framework-arduinoespressif32@src-537c58760dafe7fcc8a1d9bbcf00b6f6/tools/sdk/esp32s3/include/esp_insights/include -I/home/franstein/.platformio/packages/framework-arduinoespressif32@src-537c58760dafe7fcc8a1d9bbcf00b6f6/tools/sdk/esp32s3/include/esp-dsp/modules/dotprod/include -I/home/franstein/.platformio/packages/framework-arduinoespressif32@src-537c58760dafe7fcc8a1d9bbcf00b6f6/tools/sdk/esp32s3/include/esp-dsp/modules/support/include -I/home/franstein/.platformio/packages/framework-arduinoespressif32@src-537c58760dafe7fcc8a1d9bbcf00b6f6/tools/sdk/esp32s3/include/esp-dsp/modules/windows/include -I/home/franstein/.platformio/packages/framework-arduinoespressif32@src-537c58760dafe7fcc8a1d9bbcf00b6f6/tools/sdk/esp32s3/include/esp-dsp/modules/windows/hann/include -I/home/franstein/.platformio/packages/framework-arduinoespressif32@src-537c58760dafe7fcc8a1d9bbcf00b6f6/tools/sdk/esp32s3/include/esp-dsp/modules/windows/blackman/include -I/home/franstein/.platformio/packages/framework-arduinoespressif32@src-537c58760dafe7fcc8a1d9bbcf00b6f6/tools/sdk/esp32s3/include/esp-dsp/modules/windows/blackman_harris/include -I/home/franstein/.platformio/packages/framework-arduinoespressif32@src-537c58760dafe7fcc8a1d9bbcf00b6f6/tools/sdk/esp32s3/include/esp-dsp/modules/windows/blackman_nuttall/include -I/home/franstein/.platformio/packages/framework-arduinoespressif32@src-537c58760dafe7fcc8a1d9bbcf00b6f6/tools/sdk/esp32s3/include/esp-dsp/modules/windows/nuttall/include -I/home/franstein/.platformio/packages/framework-arduinoespressif32@src-537c58760dafe7fcc8a1d9bbcf00b6f6/tools/sdk/esp32s3/include/esp-dsp/modules/windows/flat_top/include -I/home/franstein/.platformio/packages/framework-arduinoespressif32@src-537c58760dafe7fcc8a1d9bbcf00b6f6/tools/sdk/esp32s3/include/esp-dsp/modules/iir/include -I/home/franstein/.platformio/packages/framework-arduinoespressif32@src-537c58760dafe7fcc8a1d9bbcf00b6f6/tools/sdk/esp32s3/include/esp-dsp/modules/fir/include -I/home/franstein/.platformio/packages/framework-arduinoespressif32@src-537c58760dafe7fcc8a1d9bbcf00b6f6/tools/sdk/esp32s3/include/esp-dsp/modules/math/include -I/home/franstein/.platformio/packages/framework-arduinoespressif32@src-537c58760dafe7fcc8a1d9bbcf00b6f6/tools/sdk/esp32s3/include/esp-dsp/modules/math/add/include -I/home/franstein/.platformio/packages/framework-arduinoespressif32@src-537c58760dafe7fcc8a1d9bbcf00b6f6/tools/sdk/esp32s3/include/esp-dsp/modules/math/sub/include -I/home/franstein/.platformio/packages/framework-arduinoespressif32@src-537c58760dafe7fcc8a1d9bbcf00b6f6/tools/sdk/esp32s3/include/esp-dsp/modules/math/mul/include -I/home/franstein/.platformio/packages/framework-arduinoespressif32@src-537c58760dafe7fcc8a1d9bbcf00b6f6/tools/sdk/esp32s3/include/esp-dsp/modules/math/addc/include -I/home/franstein/.platformio/packages/framework-arduinoespressif32@src-537c58760dafe7fcc8a1d9bbcf00b6f6/tools/sdk/esp32s3/include/esp-dsp/modules/math/mulc/include -I/home/franstein/.platformio/packages/framework-arduinoespressif32@src-537c58760dafe7fcc8a1d9bbcf00b6f6/tools/sdk/esp32s3/include/esp-dsp/modules/math/sqrt/include -I/home/franstein/.platformio/packages/framework-arduinoespressif32@src-537c58760dafe7fcc8a1d9bbcf00b6f6/tools/sdk/esp32s3/include/esp-dsp/modules/matrix/include -I/home/franstein/.platformio/packages/framework-arduinoespressif32@src-537c58760dafe7fcc8a1d9bbcf00b6f6/tools/sdk/esp32s3/include/esp-dsp/modules/fft/include -I/home/franstein/.platformio/packages/framework-arduinoespressif32@src-537c58760dafe7fcc8a1d9bbcf00b6f6/tools/sdk/esp32s3/include/esp-dsp/modules/dct/include -I/home/franstein/.platformio/packages/framework-arduinoespressif32@src-537c58760dafe7fcc8a1d9bbcf00b6f6/tools/sdk/esp32s3/include/esp-dsp/modules/conv/include -I/home/franstein/.platformio/packages/framework-arduinoespressif32@src-537c58760dafe7fcc8a1d9bbcf00b6f6/tools/sdk/esp32s3/include/esp-dsp/modules/common/include -I/home/franstein/.platformio/packages/framework-arduinoespressif32@src-537c58760dafe7fcc8a1d9bbcf00b6f6/tools/sdk/esp32s3/include/esp-dsp/modules/kalman/ekf/include -I/home/franstein/.platformio/packages/framework-arduinoespressif32@src-537c58760dafe7fcc8a1d9bbcf00b6f6/tools/sdk/esp32s3/include/esp-dsp/modules/kalman/ekf_imu13states/include -I/home/franstein/.platformio/packages/framework-arduinoespressif32@src-537c58760dafe7fcc8a1d9bbcf00b6f6/tools/sdk/esp32s3/include/freertos/include/freertos -I/home/franstein/.platformio/packages/framework-arduinoespressif32@src-537c58760dafe7fcc8a1d9bbcf00b6f6/tools/sdk/esp32s3/include/arduino_tinyusb/tinyusb/src -I/home/franstein/.platformio/packages/framework-arduinoespressif32@src-537c58760dafe7fcc8a1d9bbcf00b6f6/tools/sdk/esp32s3/include/arduino_tinyusb/include -I/home/franstein/.platformio/packages/framework-arduinoespressif32@src-537c58760dafe7fcc8a1d9bbcf00b6f6/tools/sdk/esp32s3/include/esp_littlefs/include -I/home/franstein/.platformio/packages/framework-arduinoespressif32@src-537c58760dafe7fcc8a1d9bbcf00b6f6/tools/sdk/esp32s3/include/esp-dl/include -I/home/franstein/.platformio/packages/framework-arduinoespressif32@src-537c58760dafe7fcc8a1d9bbcf00b6f6/tools/sdk/esp32s3/include/esp-dl/include/tool -I/home/franstein/.platformio/packages/framework-arduinoespressif32@src-537c58760dafe7fcc8a1d9bbcf00b6f6/tools/sdk/esp32s3/include/esp-dl/include/typedef -I/home/franstein/.platformio/packages/framework-arduinoespressif32@src-537c58760dafe7fcc8a1d9bbcf00b6f6/tools/sdk/esp32s3/include/esp-dl/include/image -I/home/franstein/.platformio/packages/framework-arduinoespressif32@src-537c58760dafe7fcc8a1d9bbcf00b6f6/tools/sdk/esp32s3/include/esp-dl/include/math -I/home/franstein/.platformio/packages/framework-arduinoespressif32@src-537c58760dafe7fcc8a1d9bbcf00b6f6/tools/sdk/esp32s3/include/esp-dl/include/nn -I/home/franstein/.platformio/packages/framework-arduinoespressif32@src-537c58760dafe7fcc8a1d9bbcf00b6f6/tools/sdk/esp32s3/include/esp-dl/include/layer -I/home/franstein/.platformio/packages/framework-arduinoespressif32@src-537c58760dafe7fcc8a1d9bbcf00b6f6/tools/sdk/esp32s3/include/esp-dl/include/detect -I/home/franstein/.platformio/packages/framework-arduinoespressif32@src-537c58760dafe7fcc8a1d9bbcf00b6f6/tools/sdk/esp32s3/include/esp-dl/include/model_zoo -I/home/franstein/.platformio/packages/framework-arduinoespressif32@src-537c58760dafe7fcc8a1d9bbcf00b6f6/tools/sdk/esp32s3/include/esp-sr/src/include -I/home/franstein/.platformio/packages/framework-arduinoespressif32@src-537c58760dafe7fcc8a1d9bbcf00b6f6/tools/sdk/esp32s3/include/esp-sr/esp-tts/esp_tts_chinese/include -I/home/franstein/.platformio/packages/framework-arduinoespressif32@src-537c58760dafe7fcc8a1d9bbcf00b6f6/tools/sdk/esp32s3/include/esp-sr/include/esp32s3 -I/home/franstein/.platformio/packages/framework-arduinoespressif32@src-537c58760dafe7fcc8a1d9bbcf00b6f6/tools/sdk/esp32s3/include/esp32-camera/driver/include -I/home/franstein/.platformio/packages/framework-arduinoespressif32@src-537c58760dafe7fcc8a1d9bbcf00b6f6/tools/sdk/esp32s3/include/esp32-camera/conversions/include -I/home/franstein/.platformio/packages/framework-arduinoespressif32@src-537c58760dafe7fcc8a1d9bbcf00b6f6/tools/sdk/esp32s3/include/fb_gfx/include -I/home/franstein/.platformio/packages/framework-arduinoespressif32@src-537c58760dafe7fcc8a1d9bbcf00b6f6/tools/sdk/esp32s3/qio_opi/include -I/home/franstein/.platformio/packages/framework-arduinoespressif32@src-537c58760dafe7fcc8a1d9bbcf00b6f6/cores/esp32 -I/home/franstein/.platformio/packages/framework-arduinoespressif32@src-537c58760dafe7fcc8a1d9bbcf00b6f6/variants/esp32s3 /home/franstein/.platformio/packages/framework-arduinoespressif32@src-537c58760dafe7fcc8a1d9bbcf00b6f6/cores/esp32/USBCDC.cpp
xtensa-esp32s3-elf-g++ -o .pio/build/esp32/FrameworkArduino/USBMSC.cpp.o -c -std=gnu++11 -fexceptions -fno-rtti -Os -mlongcalls -ffunction-sections -fdata-sections -Wno-error=unused-function -Wno-error=unused-variable -Wno-error=deprecated-declarations -Wno-unused-parameter -Wno-sign-compare -ggdb -freorder-blocks -Wwrite-strings -fstack-protector -fstrict-volatile-bitfields -Wno-error=unused-but-set-variable -fno-jump-tables -fno-tree-switch-conversion -MMD -DPLATFORMIO=60107 -DBOARD_HAS_PSRAM -DARDUINO_USB_MODE=1 -DARDUINO_USB_CDC_ON_BOOT=1 -DHAVE_CONFIG_H -DMBEDTLS_CONFIG_FILE=\"mbedtls/esp_config.h\" -DUNITY_INCLUDE_CONFIG_H -DWITH_POSIX -D_GNU_SOURCE -DIDF_VER=\"v4.4.3\" -DESP_PLATFORM -D_POSIX_READER_WRITER_LOCKS -DARDUINO_ARCH_ESP32 -DESP32 -DF_CPU=240000000L -DARDUINO=10812 -DARDUINO_VARIANT=\"esp32s3\" "-DARDUINO_BOARD=\"LILYGO T3-S3\"" -DARDUINO_PARTITION_default -I/home/franstein/.platformio/packages/framework-arduinoespressif32@src-537c58760dafe7fcc8a1d9bbcf00b6f6/tools/sdk/esp32s3/include/newlib/platform_include -I/home/franstein/.platformio/packages/framework-arduinoespressif32@src-537c58760dafe7fcc8a1d9bbcf00b6f6/tools/sdk/esp32s3/include/freertos/include -I/home/franstein/.platformio/packages/framework-arduinoespressif32@src-537c58760dafe7fcc8a1d9bbcf00b6f6/tools/sdk/esp32s3/include/freertos/include/esp_additions/freertos -I/home/franstein/.platformio/packages/framework-arduinoespressif32@src-537c58760dafe7fcc8a1d9bbcf00b6f6/tools/sdk/esp32s3/include/freertos/port/xtensa/include -I/home/franstein/.platformio/packages/framework-arduinoespressif32@src-537c58760dafe7fcc8a1d9bbcf00b6f6/tools/sdk/esp32s3/include/freertos/include/esp_additions -I/home/franstein/.platformio/packages/framework-arduinoespressif32@src-537c58760dafe7fcc8a1d9bbcf00b6f6/tools/sdk/esp32s3/include/esp_hw_support/include -I/home/franstein/.platformio/packages/framework-arduinoespressif32@src-537c58760dafe7fcc8a1d9bbcf00b6f6/tools/sdk/esp32s3/include/esp_hw_support/include/soc -I/home/franstein/.platformio/packages/framework-arduinoespressif32@src-537c58760dafe7fcc8a1d9bbcf00b6f6/tools/sdk/esp32s3/include/esp_hw_support/include/soc/esp32s3 -I/home/franstein/.platformio/packages/framework-arduinoespressif32@src-537c58760dafe7fcc8a1d9bbcf00b6f6/tools/sdk/esp32s3/include/esp_hw_support/port/esp32s3 -I/home/franstein/.platformio/packages/framework-arduinoespressif32@src-537c58760dafe7fcc8a1d9bbcf00b6f6/tools/sdk/esp32s3/include/esp_hw_support/port/esp32s3/private_include -I/home/franstein/.platformio/packages/framework-arduinoespressif32@src-537c58760dafe7fcc8a1d9bbcf00b6f6/tools/sdk/esp32s3/include/heap/include -I/home/franstein/.platformio/packages/framework-arduinoespressif32@src-537c58760dafe7fcc8a1d9bbcf00b6f6/tools/sdk/esp32s3/include/log/include -I/home/franstein/.platformio/packages/framework-arduinoespressif32@src-537c58760dafe7fcc8a1d9bbcf00b6f6/tools/sdk/esp32s3/include/lwip/include/apps -I/home/franstein/.platformio/packages/framework-arduinoespressif32@src-537c58760dafe7fcc8a1d9bbcf00b6f6/tools/sdk/esp32s3/include/lwip/include/apps/sntp -I/home/franstein/.platformio/packages/framework-arduinoespressif32@src-537c58760dafe7fcc8a1d9bbcf00b6f6/tools/sdk/esp32s3/include/lwip/lwip/src/include -I/home/franstein/.platformio/packages/framework-arduinoespressif32@src-537c58760dafe7fcc8a1d9bbcf00b6f6/tools/sdk/esp32s3/include/lwip/port/esp32/include -I/home/franstein/.platformio/packages/framework-arduinoespressif32@src-537c58760dafe7fcc8a1d9bbcf00b6f6/tools/sdk/esp32s3/include/lwip/port/esp32/include/arch -I/home/franstein/.platformio/packages/framework-arduinoespressif32@src-537c58760dafe7fcc8a1d9bbcf00b6f6/tools/sdk/esp32s3/include/soc/include -I/home/franstein/.platformio/packages/framework-arduinoespressif32@src-537c58760dafe7fcc8a1d9bbcf00b6f6/tools/sdk/esp32s3/include/soc/esp32s3 -I/home/franstein/.platformio/packages/framework-arduinoespressif32@src-537c58760dafe7fcc8a1d9bbcf00b6f6/tools/sdk/esp32s3/include/soc/esp32s3/include -I/home/franstein/.platformio/packages/framework-arduinoespressif32@src-537c58760dafe7fcc8a1d9bbcf00b6f6/tools/sdk/esp32s3/include/hal/esp32s3/include -I/home/franstein/.platformio/packages/framework-arduinoespressif32@src-537c58760dafe7fcc8a1d9bbcf00b6f6/tools/sdk/esp32s3/include/hal/include -I/home/franstein/.platformio/packages/framework-arduinoespressif32@src-537c58760dafe7fcc8a1d9bbcf00b6f6/tools/sdk/esp32s3/include/hal/platform_port/include -I/home/franstein/.platformio/packages/framework-arduinoespressif32@src-537c58760dafe7fcc8a1d9bbcf00b6f6/tools/sdk/esp32s3/include/esp_rom/include -I/home/franstein/.platformio/packages/framework-arduinoespressif32@src-537c58760dafe7fcc8a1d9bbcf00b6f6/tools/sdk/esp32s3/include/esp_rom/include/esp32s3 -I/home/franstein/.platformio/packages/framework-arduinoespressif32@src-537c58760dafe7fcc8a1d9bbcf00b6f6/tools/sdk/esp32s3/include/esp_rom/esp32s3 -I/home/franstein/.platformio/packages/framework-arduinoespressif32@src-537c58760dafe7fcc8a1d9bbcf00b6f6/tools/sdk/esp32s3/include/esp_common/include -I/home/franstein/.platformio/packages/framework-arduinoespressif32@src-537c58760dafe7fcc8a1d9bbcf00b6f6/tools/sdk/esp32s3/include/esp_system/include -I/home/franstein/.platformio/packages/framework-arduinoespressif32@src-537c58760dafe7fcc8a1d9bbcf00b6f6/tools/sdk/esp32s3/include/esp_system/port/soc -I/home/franstein/.platformio/packages/framework-arduinoespressif32@src-537c58760dafe7fcc8a1d9bbcf00b6f6/tools/sdk/esp32s3/include/esp_system/port/public_compat -I/home/franstein/.platformio/packages/framework-arduinoespressif32@src-537c58760dafe7fcc8a1d9bbcf00b6f6/tools/sdk/esp32s3/include/xtensa/include -I/home/franstein/.platformio/packages/framework-arduinoespressif32@src-537c58760dafe7fcc8a1d9bbcf00b6f6/tools/sdk/esp32s3/include/xtensa/esp32s3/include -I/home/franstein/.platformio/packages/framework-arduinoespressif32@src-537c58760dafe7fcc8a1d9bbcf00b6f6/tools/sdk/esp32s3/include/driver/include -I/home/franstein/.platformio/packages/framework-arduinoespressif32@src-537c58760dafe7fcc8a1d9bbcf00b6f6/tools/sdk/esp32s3/include/driver/esp32s3/include -I/home/franstein/.platformio/packages/framework-arduinoespressif32@src-537c58760dafe7fcc8a1d9bbcf00b6f6/tools/sdk/esp32s3/include/esp_pm/include -I/home/franstein/.platformio/packages/framework-arduinoespressif32@src-537c58760dafe7fcc8a1d9bbcf00b6f6/tools/sdk/esp32s3/include/esp_ringbuf/include -I/home/franstein/.platformio/packages/framework-arduinoespressif32@src-537c58760dafe7fcc8a1d9bbcf00b6f6/tools/sdk/esp32s3/include/efuse/include -I/home/franstein/.platformio/packages/framework-arduinoespressif32@src-537c58760dafe7fcc8a1d9bbcf00b6f6/tools/sdk/esp32s3/include/efuse/esp32s3/include -I/home/franstein/.platformio/packages/framework-arduinoespressif32@src-537c58760dafe7fcc8a1d9bbcf00b6f6/tools/sdk/esp32s3/include/vfs/include -I/home/franstein/.platformio/packages/framework-arduinoespressif32@src-537c58760dafe7fcc8a1d9bbcf00b6f6/tools/sdk/esp32s3/include/esp_wifi/include -I/home/franstein/.platformio/packages/framework-arduinoespressif32@src-537c58760dafe7fcc8a1d9bbcf00b6f6/tools/sdk/esp32s3/include/esp_event/include -I/home/franstein/.platformio/packages/framework-arduinoespressif32@src-537c58760dafe7fcc8a1d9bbcf00b6f6/tools/sdk/esp32s3/include/esp_netif/include -I/home/franstein/.platformio/packages/framework-arduinoespressif32@src-537c58760dafe7fcc8a1d9bbcf00b6f6/tools/sdk/esp32s3/include/esp_eth/include -I/home/franstein/.platformio/packages/framework-arduinoespressif32@src-537c58760dafe7fcc8a1d9bbcf00b6f6/tools/sdk/esp32s3/include/tcpip_adapter/include -I/home/franstein/.platformio/packages/framework-arduinoespressif32@src-537c58760dafe7fcc8a1d9bbcf00b6f6/tools/sdk/esp32s3/include/esp_phy/include -I/home/franstein/.platformio/packages/framework-arduinoespressif32@src-537c58760dafe7fcc8a1d9bbcf00b6f6/tools/sdk/esp32s3/include/esp_phy/esp32s3/include -I/home/franstein/.platformio/packages/framework-arduinoespressif32@src-537c58760dafe7fcc8a1d9bbcf00b6f6/tools/sdk/esp32s3/include/esp_ipc/include -I/home/franstein/.platformio/packages/framework-arduinoespressif32@src-537c58760dafe7fcc8a1d9bbcf00b6f6/tools/sdk/esp32s3/include/app_trace/include -I/home/franstein/.platformio/packages/framework-arduinoespressif32@src-537c58760dafe7fcc8a1d9bbcf00b6f6/tools/sdk/esp32s3/include/esp_timer/include -I/home/franstein/.platformio/packages/framework-arduinoespressif32@src-537c58760dafe7fcc8a1d9bbcf00b6f6/tools/sdk/esp32s3/include/mbedtls/port/include -I/home/franstein/.platformio/packages/framework-arduinoespressif32@src-537c58760dafe7fcc8a1d9bbcf00b6f6/tools/sdk/esp32s3/include/mbedtls/mbedtls/include -I/home/franstein/.platformio/packages/framework-arduinoespressif32@src-537c58760dafe7fcc8a1d9bbcf00b6f6/tools/sdk/esp32s3/include/mbedtls/esp_crt_bundle/include -I/home/franstein/.platformio/packages/framework-arduinoespressif32@src-537c58760dafe7fcc8a1d9bbcf00b6f6/tools/sdk/esp32s3/include/app_update/include -I/home/franstein/.platformio/packages/framework-arduinoespressif32@src-537c58760dafe7fcc8a1d9bbcf00b6f6/tools/sdk/esp32s3/include/spi_flash/include -I/home/franstein/.platformio/packages/framework-arduinoespressif32@src-537c58760dafe7fcc8a1d9bbcf00b6f6/tools/sdk/esp32s3/include/bootloader_support/include -I/home/franstein/.platformio/packages/framework-arduinoespressif32@src-537c58760dafe7fcc8a1d9bbcf00b6f6/tools/sdk/esp32s3/include/nvs_flash/include -I/home/franstein/.platformio/packages/framework-arduinoespressif32@src-537c58760dafe7fcc8a1d9bbcf00b6f6/tools/sdk/esp32s3/include/pthread/include -I/home/franstein/.platformio/packages/framework-arduinoespressif32@src-537c58760dafe7fcc8a1d9bbcf00b6f6/tools/sdk/esp32s3/include/esp_gdbstub/include -I/home/franstein/.platformio/packages/framework-arduinoespressif32@src-537c58760dafe7fcc8a1d9bbcf00b6f6/tools/sdk/esp32s3/include/esp_gdbstub/xtensa -I/home/franstein/.platformio/packages/framework-arduinoespressif32@src-537c58760dafe7fcc8a1d9bbcf00b6f6/tools/sdk/esp32s3/include/esp_gdbstub/esp32s3 -I/home/franstein/.platformio/packages/framework-arduinoespressif32@src-537c58760dafe7fcc8a1d9bbcf00b6f6/tools/sdk/esp32s3/include/espcoredump/include -I/home/franstein/.platformio/packages/framework-arduinoespressif32@src-537c58760dafe7fcc8a1d9bbcf00b6f6/tools/sdk/esp32s3/include/espcoredump/include/port/xtensa -I/home/franstein/.platformio/packages/framework-arduinoespressif32@src-537c58760dafe7fcc8a1d9bbcf00b6f6/tools/sdk/esp32s3/include/wpa_supplicant/include -I/home/franstein/.platformio/packages/framework-arduinoespressif32@src-537c58760dafe7fcc8a1d9bbcf00b6f6/tools/sdk/esp32s3/include/wpa_supplicant/port/include -I/home/franstein/.platformio/packages/framework-arduinoespressif32@src-537c58760dafe7fcc8a1d9bbcf00b6f6/tools/sdk/esp32s3/include/wpa_supplicant/esp_supplicant/include -I/home/franstein/.platformio/packages/framework-arduinoespressif32@src-537c58760dafe7fcc8a1d9bbcf00b6f6/tools/sdk/esp32s3/include/ieee802154/include -I/home/franstein/.platformio/packages/framework-arduinoespressif32@src-537c58760dafe7fcc8a1d9bbcf00b6f6/tools/sdk/esp32s3/include/console -I/home/franstein/.platformio/packages/framework-arduinoespressif32@src-537c58760dafe7fcc8a1d9bbcf00b6f6/tools/sdk/esp32s3/include/asio/asio/asio/include -I/home/franstein/.platformio/packages/framework-arduinoespressif32@src-537c58760dafe7fcc8a1d9bbcf00b6f6/tools/sdk/esp32s3/include/asio/port/include -I/home/franstein/.platformio/packages/framework-arduinoespressif32@src-537c58760dafe7fcc8a1d9bbcf00b6f6/tools/sdk/esp32s3/include/bt/common/osi/include -I/home/franstein/.platformio/packages/framework-arduinoespressif32@src-537c58760dafe7fcc8a1d9bbcf00b6f6/tools/sdk/esp32s3/include/bt/include/esp32s3/include -I/home/franstein/.platformio/packages/framework-arduinoespressif32@src-537c58760dafe7fcc8a1d9bbcf00b6f6/tools/sdk/esp32s3/include/bt/common/api/include/api -I/home/franstein/.platformio/packages/framework-arduinoespressif32@src-537c58760dafe7fcc8a1d9bbcf00b6f6/tools/sdk/esp32s3/include/bt/common/btc/profile/esp/blufi/include -I/home/franstein/.platformio/packages/framework-arduinoespressif32@src-537c58760dafe7fcc8a1d9bbcf00b6f6/tools/sdk/esp32s3/include/bt/common/btc/profile/esp/include -I/home/franstein/.platformio/packages/framework-arduinoespressif32@src-537c58760dafe7fcc8a1d9bbcf00b6f6/tools/sdk/esp32s3/include/bt/host/bluedroid/api/include/api -I/home/franstein/.platformio/packages/framework-arduinoespressif32@src-537c58760dafe7fcc8a1d9bbcf00b6f6/tools/sdk/esp32s3/include/bt/esp_ble_mesh/mesh_common/include -I/home/franstein/.platformio/packages/framework-arduinoespressif32@src-537c58760dafe7fcc8a1d9bbcf00b6f6/tools/sdk/esp32s3/include/bt/esp_ble_mesh/mesh_common/tinycrypt/include -I/home/franstein/.platformio/packages/framework-arduinoespressif32@src-537c58760dafe7fcc8a1d9bbcf00b6f6/tools/sdk/esp32s3/include/bt/esp_ble_mesh/mesh_core -I/home/franstein/.platformio/packages/framework-arduinoespressif32@src-537c58760dafe7fcc8a1d9bbcf00b6f6/tools/sdk/esp32s3/include/bt/esp_ble_mesh/mesh_core/include -I/home/franstein/.platformio/packages/framework-arduinoespressif32@src-537c58760dafe7fcc8a1d9bbcf00b6f6/tools/sdk/esp32s3/include/bt/esp_ble_mesh/mesh_core/storage -I/home/franstein/.platformio/packages/framework-arduinoespressif32@src-537c58760dafe7fcc8a1d9bbcf00b6f6/tools/sdk/esp32s3/include/bt/esp_ble_mesh/btc/include -I/home/franstein/.platformio/packages/framework-arduinoespressif32@src-537c58760dafe7fcc8a1d9bbcf00b6f6/tools/sdk/esp32s3/include/bt/esp_ble_mesh/mesh_models/common/include -I/home/franstein/.platformio/packages/framework-arduinoespressif32@src-537c58760dafe7fcc8a1d9bbcf00b6f6/tools/sdk/esp32s3/include/bt/esp_ble_mesh/mesh_models/client/include -I/home/franstein/.platformio/packages/framework-arduinoespressif32@src-537c58760dafe7fcc8a1d9bbcf00b6f6/tools/sdk/esp32s3/include/bt/esp_ble_mesh/mesh_models/server/include -I/home/franstein/.platformio/packages/framework-arduinoespressif32@src-537c58760dafe7fcc8a1d9bbcf00b6f6/tools/sdk/esp32s3/include/bt/esp_ble_mesh/api/core/include -I/home/franstein/.platformio/packages/framework-arduinoespressif32@src-537c58760dafe7fcc8a1d9bbcf00b6f6/tools/sdk/esp32s3/include/bt/esp_ble_mesh/api/models/include -I/home/franstein/.platformio/packages/framework-arduinoespressif32@src-537c58760dafe7fcc8a1d9bbcf00b6f6/tools/sdk/esp32s3/include/bt/esp_ble_mesh/api -I/home/franstein/.platformio/packages/framework-arduinoespressif32@src-537c58760dafe7fcc8a1d9bbcf00b6f6/tools/sdk/esp32s3/include/cbor/port/include -I/home/franstein/.platformio/packages/framework-arduinoespressif32@src-537c58760dafe7fcc8a1d9bbcf00b6f6/tools/sdk/esp32s3/include/unity/include -I/home/franstein/.platformio/packages/framework-arduinoespressif32@src-537c58760dafe7fcc8a1d9bbcf00b6f6/tools/sdk/esp32s3/include/unity/unity/src -I/home/franstein/.platformio/packages/framework-arduinoespressif32@src-537c58760dafe7fcc8a1d9bbcf00b6f6/tools/sdk/esp32s3/include/cmock/CMock/src -I/home/franstein/.platformio/packages/framework-arduinoespressif32@src-537c58760dafe7fcc8a1d9bbcf00b6f6/tools/sdk/esp32s3/include/coap/port/include -I/home/franstein/.platformio/packages/framework-arduinoespressif32@src-537c58760dafe7fcc8a1d9bbcf00b6f6/tools/sdk/esp32s3/include/coap/libcoap/include -I/home/franstein/.platformio/packages/framework-arduinoespressif32@src-537c58760dafe7fcc8a1d9bbcf00b6f6/tools/sdk/esp32s3/include/nghttp/port/include -I/home/franstein/.platformio/packages/framework-arduinoespressif32@src-537c58760dafe7fcc8a1d9bbcf00b6f6/tools/sdk/esp32s3/include/nghttp/nghttp2/lib/includes -I/home/franstein/.platformio/packages/framework-arduinoespressif32@src-537c58760dafe7fcc8a1d9bbcf00b6f6/tools/sdk/esp32s3/include/esp-tls -I/home/franstein/.platformio/packages/framework-arduinoespressif32@src-537c58760dafe7fcc8a1d9bbcf00b6f6/tools/sdk/esp32s3/include/esp-tls/esp-tls-crypto -I/home/franstein/.platformio/packages/framework-arduinoespressif32@src-537c58760dafe7fcc8a1d9bbcf00b6f6/tools/sdk/esp32s3/include/esp_adc_cal/include -I/home/franstein/.platformio/packages/framework-arduinoespressif32@src-537c58760dafe7fcc8a1d9bbcf00b6f6/tools/sdk/esp32s3/include/esp_hid/include -I/home/franstein/.platformio/packages/framework-arduinoespressif32@src-537c58760dafe7fcc8a1d9bbcf00b6f6/tools/sdk/esp32s3/include/tcp_transport/include -I/home/franstein/.platformio/packages/framework-arduinoespressif32@src-537c58760dafe7fcc8a1d9bbcf00b6f6/tools/sdk/esp32s3/include/esp_http_client/include -I/home/franstein/.platformio/packages/framework-arduinoespressif32@src-537c58760dafe7fcc8a1d9bbcf00b6f6/tools/sdk/esp32s3/include/esp_http_server/include -I/home/franstein/.platformio/packages/framework-arduinoespressif32@src-537c58760dafe7fcc8a1d9bbcf00b6f6/tools/sdk/esp32s3/include/esp_https_ota/include -I/home/franstein/.platformio/packages/framework-arduinoespressif32@src-537c58760dafe7fcc8a1d9bbcf00b6f6/tools/sdk/esp32s3/include/esp_https_server/include -I/home/franstein/.platformio/packages/framework-arduinoespressif32@src-537c58760dafe7fcc8a1d9bbcf00b6f6/tools/sdk/esp32s3/include/esp_lcd/include -I/home/franstein/.platformio/packages/framework-arduinoespressif32@src-537c58760dafe7fcc8a1d9bbcf00b6f6/tools/sdk/esp32s3/include/esp_lcd/interface -I/home/franstein/.platformio/packages/framework-arduinoespressif32@src-537c58760dafe7fcc8a1d9bbcf00b6f6/tools/sdk/esp32s3/include/protobuf-c/protobuf-c -I/home/franstein/.platformio/packages/framework-arduinoespressif32@src-537c58760dafe7fcc8a1d9bbcf00b6f6/tools/sdk/esp32s3/include/protocomm/include/common -I/home/franstein/.platformio/packages/framework-arduinoespressif32@src-537c58760dafe7fcc8a1d9bbcf00b6f6/tools/sdk/esp32s3/include/protocomm/include/security -I/home/franstein/.platformio/packages/framework-arduinoespressif32@src-537c58760dafe7fcc8a1d9bbcf00b6f6/tools/sdk/esp32s3/include/protocomm/include/transports -I/home/franstein/.platformio/packages/framework-arduinoespressif32@src-537c58760dafe7fcc8a1d9bbcf00b6f6/tools/sdk/esp32s3/include/mdns/include -I/home/franstein/.platformio/packages/framework-arduinoespressif32@src-537c58760dafe7fcc8a1d9bbcf00b6f6/tools/sdk/esp32s3/include/esp_local_ctrl/include -I/home/franstein/.platformio/packages/framework-arduinoespressif32@src-537c58760dafe7fcc8a1d9bbcf00b6f6/tools/sdk/esp32s3/include/sdmmc/include -I/home/franstein/.platformio/packages/framework-arduinoespressif32@src-537c58760dafe7fcc8a1d9bbcf00b6f6/tools/sdk/esp32s3/include/esp_serial_slave_link/include -I/home/franstein/.platformio/packages/framework-arduinoespressif32@src-537c58760dafe7fcc8a1d9bbcf00b6f6/tools/sdk/esp32s3/include/esp_websocket_client/include -I/home/franstein/.platformio/packages/framework-arduinoespressif32@src-537c58760dafe7fcc8a1d9bbcf00b6f6/tools/sdk/esp32s3/include/expat/expat/expat/lib -I/home/franstein/.platformio/packages/framework-arduinoespressif32@src-537c58760dafe7fcc8a1d9bbcf00b6f6/tools/sdk/esp32s3/include/expat/port/include -I/home/franstein/.platformio/packages/framework-arduinoespressif32@src-537c58760dafe7fcc8a1d9bbcf00b6f6/tools/sdk/esp32s3/include/wear_levelling/include -I/home/franstein/.platformio/packages/framework-arduinoespressif32@src-537c58760dafe7fcc8a1d9bbcf00b6f6/tools/sdk/esp32s3/include/fatfs/diskio -I/home/franstein/.platformio/packages/framework-arduinoespressif32@src-537c58760dafe7fcc8a1d9bbcf00b6f6/tools/sdk/esp32s3/include/fatfs/vfs -I/home/franstein/.platformio/packages/framework-arduinoespressif32@src-537c58760dafe7fcc8a1d9bbcf00b6f6/tools/sdk/esp32s3/include/fatfs/src -I/home/franstein/.platformio/packages/framework-arduinoespressif32@src-537c58760dafe7fcc8a1d9bbcf00b6f6/tools/sdk/esp32s3/include/freemodbus/common/include -I/home/franstein/.platformio/packages/framework-arduinoespressif32@src-537c58760dafe7fcc8a1d9bbcf00b6f6/tools/sdk/esp32s3/include/idf_test/include -I/home/franstein/.platformio/packages/framework-arduinoespressif32@src-537c58760dafe7fcc8a1d9bbcf00b6f6/tools/sdk/esp32s3/include/idf_test/include/esp32s3 -I/home/franstein/.platformio/packages/framework-arduinoespressif32@src-537c58760dafe7fcc8a1d9bbcf00b6f6/tools/sdk/esp32s3/include/jsmn/include -I/home/franstein/.platformio/packages/framework-arduinoespressif32@src-537c58760dafe7fcc8a1d9bbcf00b6f6/tools/sdk/esp32s3/include/json/cJSON -I/home/franstein/.platformio/packages/framework-arduinoespressif32@src-537c58760dafe7fcc8a1d9bbcf00b6f6/tools/sdk/esp32s3/include/libsodium/libsodium/src/libsodium/include -I/home/franstein/.platformio/packages/framework-arduinoespressif32@src-537c58760dafe7fcc8a1d9bbcf00b6f6/tools/sdk/esp32s3/include/libsodium/port_include -I/home/franstein/.platformio/packages/framework-arduinoespressif32@src-537c58760dafe7fcc8a1d9bbcf00b6f6/tools/sdk/esp32s3/include/mqtt/esp-mqtt/include -I/home/franstein/.platformio/packages/framework-arduinoespressif32@src-537c58760dafe7fcc8a1d9bbcf00b6f6/tools/sdk/esp32s3/include/openssl/include -I/home/franstein/.platformio/packages/framework-arduinoespressif32@src-537c58760dafe7fcc8a1d9bbcf00b6f6/tools/sdk/esp32s3/include/perfmon/include -I/home/franstein/.platformio/packages/framework-arduinoespressif32@src-537c58760dafe7fcc8a1d9bbcf00b6f6/tools/sdk/esp32s3/include/spiffs/include -I/home/franstein/.platformio/packages/framework-arduinoespressif32@src-537c58760dafe7fcc8a1d9bbcf00b6f6/tools/sdk/esp32s3/include/usb/include -I/home/franstein/.platformio/packages/framework-arduinoespressif32@src-537c58760dafe7fcc8a1d9bbcf00b6f6/tools/sdk/esp32s3/include/ulp/include -I/home/franstein/.platformio/packages/framework-arduinoespressif32@src-537c58760dafe7fcc8a1d9bbcf00b6f6/tools/sdk/esp32s3/include/wifi_provisioning/include -I/home/franstein/.platformio/packages/framework-arduinoespressif32@src-537c58760dafe7fcc8a1d9bbcf00b6f6/tools/sdk/esp32s3/include/rmaker_common/include -I/home/franstein/.platformio/packages/framework-arduinoespressif32@src-537c58760dafe7fcc8a1d9bbcf00b6f6/tools/sdk/esp32s3/include/json_parser/upstream/include -I/home/franstein/.platformio/packages/framework-arduinoespressif32@src-537c58760dafe7fcc8a1d9bbcf00b6f6/tools/sdk/esp32s3/include/json_parser/upstream -I/home/franstein/.platformio/packages/framework-arduinoespressif32@src-537c58760dafe7fcc8a1d9bbcf00b6f6/tools/sdk/esp32s3/include/json_generator/upstream -I/home/franstein/.platformio/packages/framework-arduinoespressif32@src-537c58760dafe7fcc8a1d9bbcf00b6f6/tools/sdk/esp32s3/include/esp_schedule/include -I/home/franstein/.platformio/packages/framework-arduinoespressif32@src-537c58760dafe7fcc8a1d9bbcf00b6f6/tools/sdk/esp32s3/include/esp_rainmaker/include -I/home/franstein/.platformio/packages/framework-arduinoespressif32@src-537c58760dafe7fcc8a1d9bbcf00b6f6/tools/sdk/esp32s3/include/gpio_button/button/include -I/home/franstein/.platformio/packages/framework-arduinoespressif32@src-537c58760dafe7fcc8a1d9bbcf00b6f6/tools/sdk/esp32s3/include/qrcode/include -I/home/franstein/.platformio/packages/framework-arduinoespressif32@src-537c58760dafe7fcc8a1d9bbcf00b6f6/tools/sdk/esp32s3/include/ws2812_led -I/home/franstein/.platformio/packages/framework-arduinoespressif32@src-537c58760dafe7fcc8a1d9bbcf00b6f6/tools/sdk/esp32s3/include/esp_diagnostics/include -I/home/franstein/.platformio/packages/framework-arduinoespressif32@src-537c58760dafe7fcc8a1d9bbcf00b6f6/tools/sdk/esp32s3/include/rtc_store/include -I/home/franstein/.platformio/packages/framework-arduinoespressif32@src-537c58760dafe7fcc8a1d9bbcf00b6f6/tools/sdk/esp32s3/include/esp_insights/include -I/home/franstein/.platformio/packages/framework-arduinoespressif32@src-537c58760dafe7fcc8a1d9bbcf00b6f6/tools/sdk/esp32s3/include/esp-dsp/modules/dotprod/include -I/home/franstein/.platformio/packages/framework-arduinoespressif32@src-537c58760dafe7fcc8a1d9bbcf00b6f6/tools/sdk/esp32s3/include/esp-dsp/modules/support/include -I/home/franstein/.platformio/packages/framework-arduinoespressif32@src-537c58760dafe7fcc8a1d9bbcf00b6f6/tools/sdk/esp32s3/include/esp-dsp/modules/windows/include -I/home/franstein/.platformio/packages/framework-arduinoespressif32@src-537c58760dafe7fcc8a1d9bbcf00b6f6/tools/sdk/esp32s3/include/esp-dsp/modules/windows/hann/include -I/home/franstein/.platformio/packages/framework-arduinoespressif32@src-537c58760dafe7fcc8a1d9bbcf00b6f6/tools/sdk/esp32s3/include/esp-dsp/modules/windows/blackman/include -I/home/franstein/.platformio/packages/framework-arduinoespressif32@src-537c58760dafe7fcc8a1d9bbcf00b6f6/tools/sdk/esp32s3/include/esp-dsp/modules/windows/blackman_harris/include -I/home/franstein/.platformio/packages/framework-arduinoespressif32@src-537c58760dafe7fcc8a1d9bbcf00b6f6/tools/sdk/esp32s3/include/esp-dsp/modules/windows/blackman_nuttall/include -I/home/franstein/.platformio/packages/framework-arduinoespressif32@src-537c58760dafe7fcc8a1d9bbcf00b6f6/tools/sdk/esp32s3/include/esp-dsp/modules/windows/nuttall/include -I/home/franstein/.platformio/packages/framework-arduinoespressif32@src-537c58760dafe7fcc8a1d9bbcf00b6f6/tools/sdk/esp32s3/include/esp-dsp/modules/windows/flat_top/include -I/home/franstein/.platformio/packages/framework-arduinoespressif32@src-537c58760dafe7fcc8a1d9bbcf00b6f6/tools/sdk/esp32s3/include/esp-dsp/modules/iir/include -I/home/franstein/.platformio/packages/framework-arduinoespressif32@src-537c58760dafe7fcc8a1d9bbcf00b6f6/tools/sdk/esp32s3/include/esp-dsp/modules/fir/include -I/home/franstein/.platformio/packages/framework-arduinoespressif32@src-537c58760dafe7fcc8a1d9bbcf00b6f6/tools/sdk/esp32s3/include/esp-dsp/modules/math/include -I/home/franstein/.platformio/packages/framework-arduinoespressif32@src-537c58760dafe7fcc8a1d9bbcf00b6f6/tools/sdk/esp32s3/include/esp-dsp/modules/math/add/include -I/home/franstein/.platformio/packages/framework-arduinoespressif32@src-537c58760dafe7fcc8a1d9bbcf00b6f6/tools/sdk/esp32s3/include/esp-dsp/modules/math/sub/include -I/home/franstein/.platformio/packages/framework-arduinoespressif32@src-537c58760dafe7fcc8a1d9bbcf00b6f6/tools/sdk/esp32s3/include/esp-dsp/modules/math/mul/include -I/home/franstein/.platformio/packages/framework-arduinoespressif32@src-537c58760dafe7fcc8a1d9bbcf00b6f6/tools/sdk/esp32s3/include/esp-dsp/modules/math/addc/include -I/home/franstein/.platformio/packages/framework-arduinoespressif32@src-537c58760dafe7fcc8a1d9bbcf00b6f6/tools/sdk/esp32s3/include/esp-dsp/modules/math/mulc/include -I/home/franstein/.platformio/packages/framework-arduinoespressif32@src-537c58760dafe7fcc8a1d9bbcf00b6f6/tools/sdk/esp32s3/include/esp-dsp/modules/math/sqrt/include -I/home/franstein/.platformio/packages/framework-arduinoespressif32@src-537c58760dafe7fcc8a1d9bbcf00b6f6/tools/sdk/esp32s3/include/esp-dsp/modules/matrix/include -I/home/franstein/.platformio/packages/framework-arduinoespressif32@src-537c58760dafe7fcc8a1d9bbcf00b6f6/tools/sdk/esp32s3/include/esp-dsp/modules/fft/include -I/home/franstein/.platformio/packages/framework-arduinoespressif32@src-537c58760dafe7fcc8a1d9bbcf00b6f6/tools/sdk/esp32s3/include/esp-dsp/modules/dct/include -I/home/franstein/.platformio/packages/framework-arduinoespressif32@src-537c58760dafe7fcc8a1d9bbcf00b6f6/tools/sdk/esp32s3/include/esp-dsp/modules/conv/include -I/home/franstein/.platformio/packages/framework-arduinoespressif32@src-537c58760dafe7fcc8a1d9bbcf00b6f6/tools/sdk/esp32s3/include/esp-dsp/modules/common/include -I/home/franstein/.platformio/packages/framework-arduinoespressif32@src-537c58760dafe7fcc8a1d9bbcf00b6f6/tools/sdk/esp32s3/include/esp-dsp/modules/kalman/ekf/include -I/home/franstein/.platformio/packages/framework-arduinoespressif32@src-537c58760dafe7fcc8a1d9bbcf00b6f6/tools/sdk/esp32s3/include/esp-dsp/modules/kalman/ekf_imu13states/include -I/home/franstein/.platformio/packages/framework-arduinoespressif32@src-537c58760dafe7fcc8a1d9bbcf00b6f6/tools/sdk/esp32s3/include/freertos/include/freertos -I/home/franstein/.platformio/packages/framework-arduinoespressif32@src-537c58760dafe7fcc8a1d9bbcf00b6f6/tools/sdk/esp32s3/include/arduino_tinyusb/tinyusb/src -I/home/franstein/.platformio/packages/framework-arduinoespressif32@src-537c58760dafe7fcc8a1d9bbcf00b6f6/tools/sdk/esp32s3/include/arduino_tinyusb/include -I/home/franstein/.platformio/packages/framework-arduinoespressif32@src-537c58760dafe7fcc8a1d9bbcf00b6f6/tools/sdk/esp32s3/include/esp_littlefs/include -I/home/franstein/.platformio/packages/framework-arduinoespressif32@src-537c58760dafe7fcc8a1d9bbcf00b6f6/tools/sdk/esp32s3/include/esp-dl/include -I/home/franstein/.platformio/packages/framework-arduinoespressif32@src-537c58760dafe7fcc8a1d9bbcf00b6f6/tools/sdk/esp32s3/include/esp-dl/include/tool -I/home/franstein/.platformio/packages/framework-arduinoespressif32@src-537c58760dafe7fcc8a1d9bbcf00b6f6/tools/sdk/esp32s3/include/esp-dl/include/typedef -I/home/franstein/.platformio/packages/framework-arduinoespressif32@src-537c58760dafe7fcc8a1d9bbcf00b6f6/tools/sdk/esp32s3/include/esp-dl/include/image -I/home/franstein/.platformio/packages/framework-arduinoespressif32@src-537c58760dafe7fcc8a1d9bbcf00b6f6/tools/sdk/esp32s3/include/esp-dl/include/math -I/home/franstein/.platformio/packages/framework-arduinoespressif32@src-537c58760dafe7fcc8a1d9bbcf00b6f6/tools/sdk/esp32s3/include/esp-dl/include/nn -I/home/franstein/.platformio/packages/framework-arduinoespressif32@src-537c58760dafe7fcc8a1d9bbcf00b6f6/tools/sdk/esp32s3/include/esp-dl/include/layer -I/home/franstein/.platformio/packages/framework-arduinoespressif32@src-537c58760dafe7fcc8a1d9bbcf00b6f6/tools/sdk/esp32s3/include/esp-dl/include/detect -I/home/franstein/.platformio/packages/framework-arduinoespressif32@src-537c58760dafe7fcc8a1d9bbcf00b6f6/tools/sdk/esp32s3/include/esp-dl/include/model_zoo -I/home/franstein/.platformio/packages/framework-arduinoespressif32@src-537c58760dafe7fcc8a1d9bbcf00b6f6/tools/sdk/esp32s3/include/esp-sr/src/include -I/home/franstein/.platformio/packages/framework-arduinoespressif32@src-537c58760dafe7fcc8a1d9bbcf00b6f6/tools/sdk/esp32s3/include/esp-sr/esp-tts/esp_tts_chinese/include -I/home/franstein/.platformio/packages/framework-arduinoespressif32@src-537c58760dafe7fcc8a1d9bbcf00b6f6/tools/sdk/esp32s3/include/esp-sr/include/esp32s3 -I/home/franstein/.platformio/packages/framework-arduinoespressif32@src-537c58760dafe7fcc8a1d9bbcf00b6f6/tools/sdk/esp32s3/include/esp32-camera/driver/include -I/home/franstein/.platformio/packages/framework-arduinoespressif32@src-537c58760dafe7fcc8a1d9bbcf00b6f6/tools/sdk/esp32s3/include/esp32-camera/conversions/include -I/home/franstein/.platformio/packages/framework-arduinoespressif32@src-537c58760dafe7fcc8a1d9bbcf00b6f6/tools/sdk/esp32s3/include/fb_gfx/include -I/home/franstein/.platformio/packages/framework-arduinoespressif32@src-537c58760dafe7fcc8a1d9bbcf00b6f6/tools/sdk/esp32s3/qio_opi/include -I/home/franstein/.platformio/packages/framework-arduinoespressif32@src-537c58760dafe7fcc8a1d9bbcf00b6f6/cores/esp32 -I/home/franstein/.platformio/packages/framework-arduinoespressif32@src-537c58760dafe7fcc8a1d9bbcf00b6f6/variants/esp32s3 /home/franstein/.platformio/packages/framework-arduinoespressif32@src-537c58760dafe7fcc8a1d9bbcf00b6f6/cores/esp32/USBMSC.cpp
xtensa-esp32s3-elf-g++ -o .pio/build/esp32/FrameworkArduino/WMath.cpp.o -c -std=gnu++11 -fexceptions -fno-rtti -Os -mlongcalls -ffunction-sections -fdata-sections -Wno-error=unused-function -Wno-error=unused-variable -Wno-error=deprecated-declarations -Wno-unused-parameter -Wno-sign-compare -ggdb -freorder-blocks -Wwrite-strings -fstack-protector -fstrict-volatile-bitfields -Wno-error=unused-but-set-variable -fno-jump-tables -fno-tree-switch-conversion -MMD -DPLATFORMIO=60107 -DBOARD_HAS_PSRAM -DARDUINO_USB_MODE=1 -DARDUINO_USB_CDC_ON_BOOT=1 -DHAVE_CONFIG_H -DMBEDTLS_CONFIG_FILE=\"mbedtls/esp_config.h\" -DUNITY_INCLUDE_CONFIG_H -DWITH_POSIX -D_GNU_SOURCE -DIDF_VER=\"v4.4.3\" -DESP_PLATFORM -D_POSIX_READER_WRITER_LOCKS -DARDUINO_ARCH_ESP32 -DESP32 -DF_CPU=240000000L -DARDUINO=10812 -DARDUINO_VARIANT=\"esp32s3\" "-DARDUINO_BOARD=\"LILYGO T3-S3\"" -DARDUINO_PARTITION_default -I/home/franstein/.platformio/packages/framework-arduinoespressif32@src-537c58760dafe7fcc8a1d9bbcf00b6f6/tools/sdk/esp32s3/include/newlib/platform_include -I/home/franstein/.platformio/packages/framework-arduinoespressif32@src-537c58760dafe7fcc8a1d9bbcf00b6f6/tools/sdk/esp32s3/include/freertos/include -I/home/franstein/.platformio/packages/framework-arduinoespressif32@src-537c58760dafe7fcc8a1d9bbcf00b6f6/tools/sdk/esp32s3/include/freertos/include/esp_additions/freertos -I/home/franstein/.platformio/packages/framework-arduinoespressif32@src-537c58760dafe7fcc8a1d9bbcf00b6f6/tools/sdk/esp32s3/include/freertos/port/xtensa/include -I/home/franstein/.platformio/packages/framework-arduinoespressif32@src-537c58760dafe7fcc8a1d9bbcf00b6f6/tools/sdk/esp32s3/include/freertos/include/esp_additions -I/home/franstein/.platformio/packages/framework-arduinoespressif32@src-537c58760dafe7fcc8a1d9bbcf00b6f6/tools/sdk/esp32s3/include/esp_hw_support/include -I/home/franstein/.platformio/packages/framework-arduinoespressif32@src-537c58760dafe7fcc8a1d9bbcf00b6f6/tools/sdk/esp32s3/include/esp_hw_support/include/soc -I/home/franstein/.platformio/packages/framework-arduinoespressif32@src-537c58760dafe7fcc8a1d9bbcf00b6f6/tools/sdk/esp32s3/include/esp_hw_support/include/soc/esp32s3 -I/home/franstein/.platformio/packages/framework-arduinoespressif32@src-537c58760dafe7fcc8a1d9bbcf00b6f6/tools/sdk/esp32s3/include/esp_hw_support/port/esp32s3 -I/home/franstein/.platformio/packages/framework-arduinoespressif32@src-537c58760dafe7fcc8a1d9bbcf00b6f6/tools/sdk/esp32s3/include/esp_hw_support/port/esp32s3/private_include -I/home/franstein/.platformio/packages/framework-arduinoespressif32@src-537c58760dafe7fcc8a1d9bbcf00b6f6/tools/sdk/esp32s3/include/heap/include -I/home/franstein/.platformio/packages/framework-arduinoespressif32@src-537c58760dafe7fcc8a1d9bbcf00b6f6/tools/sdk/esp32s3/include/log/include -I/home/franstein/.platformio/packages/framework-arduinoespressif32@src-537c58760dafe7fcc8a1d9bbcf00b6f6/tools/sdk/esp32s3/include/lwip/include/apps -I/home/franstein/.platformio/packages/framework-arduinoespressif32@src-537c58760dafe7fcc8a1d9bbcf00b6f6/tools/sdk/esp32s3/include/lwip/include/apps/sntp -I/home/franstein/.platformio/packages/framework-arduinoespressif32@src-537c58760dafe7fcc8a1d9bbcf00b6f6/tools/sdk/esp32s3/include/lwip/lwip/src/include -I/home/franstein/.platformio/packages/framework-arduinoespressif32@src-537c58760dafe7fcc8a1d9bbcf00b6f6/tools/sdk/esp32s3/include/lwip/port/esp32/include -I/home/franstein/.platformio/packages/framework-arduinoespressif32@src-537c58760dafe7fcc8a1d9bbcf00b6f6/tools/sdk/esp32s3/include/lwip/port/esp32/include/arch -I/home/franstein/.platformio/packages/framework-arduinoespressif32@src-537c58760dafe7fcc8a1d9bbcf00b6f6/tools/sdk/esp32s3/include/soc/include -I/home/franstein/.platformio/packages/framework-arduinoespressif32@src-537c58760dafe7fcc8a1d9bbcf00b6f6/tools/sdk/esp32s3/include/soc/esp32s3 -I/home/franstein/.platformio/packages/framework-arduinoespressif32@src-537c58760dafe7fcc8a1d9bbcf00b6f6/tools/sdk/esp32s3/include/soc/esp32s3/include -I/home/franstein/.platformio/packages/framework-arduinoespressif32@src-537c58760dafe7fcc8a1d9bbcf00b6f6/tools/sdk/esp32s3/include/hal/esp32s3/include -I/home/franstein/.platformio/packages/framework-arduinoespressif32@src-537c58760dafe7fcc8a1d9bbcf00b6f6/tools/sdk/esp32s3/include/hal/include -I/home/franstein/.platformio/packages/framework-arduinoespressif32@src-537c58760dafe7fcc8a1d9bbcf00b6f6/tools/sdk/esp32s3/include/hal/platform_port/include -I/home/franstein/.platformio/packages/framework-arduinoespressif32@src-537c58760dafe7fcc8a1d9bbcf00b6f6/tools/sdk/esp32s3/include/esp_rom/include -I/home/franstein/.platformio/packages/framework-arduinoespressif32@src-537c58760dafe7fcc8a1d9bbcf00b6f6/tools/sdk/esp32s3/include/esp_rom/include/esp32s3 -I/home/franstein/.platformio/packages/framework-arduinoespressif32@src-537c58760dafe7fcc8a1d9bbcf00b6f6/tools/sdk/esp32s3/include/esp_rom/esp32s3 -I/home/franstein/.platformio/packages/framework-arduinoespressif32@src-537c58760dafe7fcc8a1d9bbcf00b6f6/tools/sdk/esp32s3/include/esp_common/include -I/home/franstein/.platformio/packages/framework-arduinoespressif32@src-537c58760dafe7fcc8a1d9bbcf00b6f6/tools/sdk/esp32s3/include/esp_system/include -I/home/franstein/.platformio/packages/framework-arduinoespressif32@src-537c58760dafe7fcc8a1d9bbcf00b6f6/tools/sdk/esp32s3/include/esp_system/port/soc -I/home/franstein/.platformio/packages/framework-arduinoespressif32@src-537c58760dafe7fcc8a1d9bbcf00b6f6/tools/sdk/esp32s3/include/esp_system/port/public_compat -I/home/franstein/.platformio/packages/framework-arduinoespressif32@src-537c58760dafe7fcc8a1d9bbcf00b6f6/tools/sdk/esp32s3/include/xtensa/include -I/home/franstein/.platformio/packages/framework-arduinoespressif32@src-537c58760dafe7fcc8a1d9bbcf00b6f6/tools/sdk/esp32s3/include/xtensa/esp32s3/include -I/home/franstein/.platformio/packages/framework-arduinoespressif32@src-537c58760dafe7fcc8a1d9bbcf00b6f6/tools/sdk/esp32s3/include/driver/include -I/home/franstein/.platformio/packages/framework-arduinoespressif32@src-537c58760dafe7fcc8a1d9bbcf00b6f6/tools/sdk/esp32s3/include/driver/esp32s3/include -I/home/franstein/.platformio/packages/framework-arduinoespressif32@src-537c58760dafe7fcc8a1d9bbcf00b6f6/tools/sdk/esp32s3/include/esp_pm/include -I/home/franstein/.platformio/packages/framework-arduinoespressif32@src-537c58760dafe7fcc8a1d9bbcf00b6f6/tools/sdk/esp32s3/include/esp_ringbuf/include -I/home/franstein/.platformio/packages/framework-arduinoespressif32@src-537c58760dafe7fcc8a1d9bbcf00b6f6/tools/sdk/esp32s3/include/efuse/include -I/home/franstein/.platformio/packages/framework-arduinoespressif32@src-537c58760dafe7fcc8a1d9bbcf00b6f6/tools/sdk/esp32s3/include/efuse/esp32s3/include -I/home/franstein/.platformio/packages/framework-arduinoespressif32@src-537c58760dafe7fcc8a1d9bbcf00b6f6/tools/sdk/esp32s3/include/vfs/include -I/home/franstein/.platformio/packages/framework-arduinoespressif32@src-537c58760dafe7fcc8a1d9bbcf00b6f6/tools/sdk/esp32s3/include/esp_wifi/include -I/home/franstein/.platformio/packages/framework-arduinoespressif32@src-537c58760dafe7fcc8a1d9bbcf00b6f6/tools/sdk/esp32s3/include/esp_event/include -I/home/franstein/.platformio/packages/framework-arduinoespressif32@src-537c58760dafe7fcc8a1d9bbcf00b6f6/tools/sdk/esp32s3/include/esp_netif/include -I/home/franstein/.platformio/packages/framework-arduinoespressif32@src-537c58760dafe7fcc8a1d9bbcf00b6f6/tools/sdk/esp32s3/include/esp_eth/include -I/home/franstein/.platformio/packages/framework-arduinoespressif32@src-537c58760dafe7fcc8a1d9bbcf00b6f6/tools/sdk/esp32s3/include/tcpip_adapter/include -I/home/franstein/.platformio/packages/framework-arduinoespressif32@src-537c58760dafe7fcc8a1d9bbcf00b6f6/tools/sdk/esp32s3/include/esp_phy/include -I/home/franstein/.platformio/packages/framework-arduinoespressif32@src-537c58760dafe7fcc8a1d9bbcf00b6f6/tools/sdk/esp32s3/include/esp_phy/esp32s3/include -I/home/franstein/.platformio/packages/framework-arduinoespressif32@src-537c58760dafe7fcc8a1d9bbcf00b6f6/tools/sdk/esp32s3/include/esp_ipc/include -I/home/franstein/.platformio/packages/framework-arduinoespressif32@src-537c58760dafe7fcc8a1d9bbcf00b6f6/tools/sdk/esp32s3/include/app_trace/include -I/home/franstein/.platformio/packages/framework-arduinoespressif32@src-537c58760dafe7fcc8a1d9bbcf00b6f6/tools/sdk/esp32s3/include/esp_timer/include -I/home/franstein/.platformio/packages/framework-arduinoespressif32@src-537c58760dafe7fcc8a1d9bbcf00b6f6/tools/sdk/esp32s3/include/mbedtls/port/include -I/home/franstein/.platformio/packages/framework-arduinoespressif32@src-537c58760dafe7fcc8a1d9bbcf00b6f6/tools/sdk/esp32s3/include/mbedtls/mbedtls/include -I/home/franstein/.platformio/packages/framework-arduinoespressif32@src-537c58760dafe7fcc8a1d9bbcf00b6f6/tools/sdk/esp32s3/include/mbedtls/esp_crt_bundle/include -I/home/franstein/.platformio/packages/framework-arduinoespressif32@src-537c58760dafe7fcc8a1d9bbcf00b6f6/tools/sdk/esp32s3/include/app_update/include -I/home/franstein/.platformio/packages/framework-arduinoespressif32@src-537c58760dafe7fcc8a1d9bbcf00b6f6/tools/sdk/esp32s3/include/spi_flash/include -I/home/franstein/.platformio/packages/framework-arduinoespressif32@src-537c58760dafe7fcc8a1d9bbcf00b6f6/tools/sdk/esp32s3/include/bootloader_support/include -I/home/franstein/.platformio/packages/framework-arduinoespressif32@src-537c58760dafe7fcc8a1d9bbcf00b6f6/tools/sdk/esp32s3/include/nvs_flash/include -I/home/franstein/.platformio/packages/framework-arduinoespressif32@src-537c58760dafe7fcc8a1d9bbcf00b6f6/tools/sdk/esp32s3/include/pthread/include -I/home/franstein/.platformio/packages/framework-arduinoespressif32@src-537c58760dafe7fcc8a1d9bbcf00b6f6/tools/sdk/esp32s3/include/esp_gdbstub/include -I/home/franstein/.platformio/packages/framework-arduinoespressif32@src-537c58760dafe7fcc8a1d9bbcf00b6f6/tools/sdk/esp32s3/include/esp_gdbstub/xtensa -I/home/franstein/.platformio/packages/framework-arduinoespressif32@src-537c58760dafe7fcc8a1d9bbcf00b6f6/tools/sdk/esp32s3/include/esp_gdbstub/esp32s3 -I/home/franstein/.platformio/packages/framework-arduinoespressif32@src-537c58760dafe7fcc8a1d9bbcf00b6f6/tools/sdk/esp32s3/include/espcoredump/include -I/home/franstein/.platformio/packages/framework-arduinoespressif32@src-537c58760dafe7fcc8a1d9bbcf00b6f6/tools/sdk/esp32s3/include/espcoredump/include/port/xtensa -I/home/franstein/.platformio/packages/framework-arduinoespressif32@src-537c58760dafe7fcc8a1d9bbcf00b6f6/tools/sdk/esp32s3/include/wpa_supplicant/include -I/home/franstein/.platformio/packages/framework-arduinoespressif32@src-537c58760dafe7fcc8a1d9bbcf00b6f6/tools/sdk/esp32s3/include/wpa_supplicant/port/include -I/home/franstein/.platformio/packages/framework-arduinoespressif32@src-537c58760dafe7fcc8a1d9bbcf00b6f6/tools/sdk/esp32s3/include/wpa_supplicant/esp_supplicant/include -I/home/franstein/.platformio/packages/framework-arduinoespressif32@src-537c58760dafe7fcc8a1d9bbcf00b6f6/tools/sdk/esp32s3/include/ieee802154/include -I/home/franstein/.platformio/packages/framework-arduinoespressif32@src-537c58760dafe7fcc8a1d9bbcf00b6f6/tools/sdk/esp32s3/include/console -I/home/franstein/.platformio/packages/framework-arduinoespressif32@src-537c58760dafe7fcc8a1d9bbcf00b6f6/tools/sdk/esp32s3/include/asio/asio/asio/include -I/home/franstein/.platformio/packages/framework-arduinoespressif32@src-537c58760dafe7fcc8a1d9bbcf00b6f6/tools/sdk/esp32s3/include/asio/port/include -I/home/franstein/.platformio/packages/framework-arduinoespressif32@src-537c58760dafe7fcc8a1d9bbcf00b6f6/tools/sdk/esp32s3/include/bt/common/osi/include -I/home/franstein/.platformio/packages/framework-arduinoespressif32@src-537c58760dafe7fcc8a1d9bbcf00b6f6/tools/sdk/esp32s3/include/bt/include/esp32s3/include -I/home/franstein/.platformio/packages/framework-arduinoespressif32@src-537c58760dafe7fcc8a1d9bbcf00b6f6/tools/sdk/esp32s3/include/bt/common/api/include/api -I/home/franstein/.platformio/packages/framework-arduinoespressif32@src-537c58760dafe7fcc8a1d9bbcf00b6f6/tools/sdk/esp32s3/include/bt/common/btc/profile/esp/blufi/include -I/home/franstein/.platformio/packages/framework-arduinoespressif32@src-537c58760dafe7fcc8a1d9bbcf00b6f6/tools/sdk/esp32s3/include/bt/common/btc/profile/esp/include -I/home/franstein/.platformio/packages/framework-arduinoespressif32@src-537c58760dafe7fcc8a1d9bbcf00b6f6/tools/sdk/esp32s3/include/bt/host/bluedroid/api/include/api -I/home/franstein/.platformio/packages/framework-arduinoespressif32@src-537c58760dafe7fcc8a1d9bbcf00b6f6/tools/sdk/esp32s3/include/bt/esp_ble_mesh/mesh_common/include -I/home/franstein/.platformio/packages/framework-arduinoespressif32@src-537c58760dafe7fcc8a1d9bbcf00b6f6/tools/sdk/esp32s3/include/bt/esp_ble_mesh/mesh_common/tinycrypt/include -I/home/franstein/.platformio/packages/framework-arduinoespressif32@src-537c58760dafe7fcc8a1d9bbcf00b6f6/tools/sdk/esp32s3/include/bt/esp_ble_mesh/mesh_core -I/home/franstein/.platformio/packages/framework-arduinoespressif32@src-537c58760dafe7fcc8a1d9bbcf00b6f6/tools/sdk/esp32s3/include/bt/esp_ble_mesh/mesh_core/include -I/home/franstein/.platformio/packages/framework-arduinoespressif32@src-537c58760dafe7fcc8a1d9bbcf00b6f6/tools/sdk/esp32s3/include/bt/esp_ble_mesh/mesh_core/storage -I/home/franstein/.platformio/packages/framework-arduinoespressif32@src-537c58760dafe7fcc8a1d9bbcf00b6f6/tools/sdk/esp32s3/include/bt/esp_ble_mesh/btc/include -I/home/franstein/.platformio/packages/framework-arduinoespressif32@src-537c58760dafe7fcc8a1d9bbcf00b6f6/tools/sdk/esp32s3/include/bt/esp_ble_mesh/mesh_models/common/include -I/home/franstein/.platformio/packages/framework-arduinoespressif32@src-537c58760dafe7fcc8a1d9bbcf00b6f6/tools/sdk/esp32s3/include/bt/esp_ble_mesh/mesh_models/client/include -I/home/franstein/.platformio/packages/framework-arduinoespressif32@src-537c58760dafe7fcc8a1d9bbcf00b6f6/tools/sdk/esp32s3/include/bt/esp_ble_mesh/mesh_models/server/include -I/home/franstein/.platformio/packages/framework-arduinoespressif32@src-537c58760dafe7fcc8a1d9bbcf00b6f6/tools/sdk/esp32s3/include/bt/esp_ble_mesh/api/core/include -I/home/franstein/.platformio/packages/framework-arduinoespressif32@src-537c58760dafe7fcc8a1d9bbcf00b6f6/tools/sdk/esp32s3/include/bt/esp_ble_mesh/api/models/include -I/home/franstein/.platformio/packages/framework-arduinoespressif32@src-537c58760dafe7fcc8a1d9bbcf00b6f6/tools/sdk/esp32s3/include/bt/esp_ble_mesh/api -I/home/franstein/.platformio/packages/framework-arduinoespressif32@src-537c58760dafe7fcc8a1d9bbcf00b6f6/tools/sdk/esp32s3/include/cbor/port/include -I/home/franstein/.platformio/packages/framework-arduinoespressif32@src-537c58760dafe7fcc8a1d9bbcf00b6f6/tools/sdk/esp32s3/include/unity/include -I/home/franstein/.platformio/packages/framework-arduinoespressif32@src-537c58760dafe7fcc8a1d9bbcf00b6f6/tools/sdk/esp32s3/include/unity/unity/src -I/home/franstein/.platformio/packages/framework-arduinoespressif32@src-537c58760dafe7fcc8a1d9bbcf00b6f6/tools/sdk/esp32s3/include/cmock/CMock/src -I/home/franstein/.platformio/packages/framework-arduinoespressif32@src-537c58760dafe7fcc8a1d9bbcf00b6f6/tools/sdk/esp32s3/include/coap/port/include -I/home/franstein/.platformio/packages/framework-arduinoespressif32@src-537c58760dafe7fcc8a1d9bbcf00b6f6/tools/sdk/esp32s3/include/coap/libcoap/include -I/home/franstein/.platformio/packages/framework-arduinoespressif32@src-537c58760dafe7fcc8a1d9bbcf00b6f6/tools/sdk/esp32s3/include/nghttp/port/include -I/home/franstein/.platformio/packages/framework-arduinoespressif32@src-537c58760dafe7fcc8a1d9bbcf00b6f6/tools/sdk/esp32s3/include/nghttp/nghttp2/lib/includes -I/home/franstein/.platformio/packages/framework-arduinoespressif32@src-537c58760dafe7fcc8a1d9bbcf00b6f6/tools/sdk/esp32s3/include/esp-tls -I/home/franstein/.platformio/packages/framework-arduinoespressif32@src-537c58760dafe7fcc8a1d9bbcf00b6f6/tools/sdk/esp32s3/include/esp-tls/esp-tls-crypto -I/home/franstein/.platformio/packages/framework-arduinoespressif32@src-537c58760dafe7fcc8a1d9bbcf00b6f6/tools/sdk/esp32s3/include/esp_adc_cal/include -I/home/franstein/.platformio/packages/framework-arduinoespressif32@src-537c58760dafe7fcc8a1d9bbcf00b6f6/tools/sdk/esp32s3/include/esp_hid/include -I/home/franstein/.platformio/packages/framework-arduinoespressif32@src-537c58760dafe7fcc8a1d9bbcf00b6f6/tools/sdk/esp32s3/include/tcp_transport/include -I/home/franstein/.platformio/packages/framework-arduinoespressif32@src-537c58760dafe7fcc8a1d9bbcf00b6f6/tools/sdk/esp32s3/include/esp_http_client/include -I/home/franstein/.platformio/packages/framework-arduinoespressif32@src-537c58760dafe7fcc8a1d9bbcf00b6f6/tools/sdk/esp32s3/include/esp_http_server/include -I/home/franstein/.platformio/packages/framework-arduinoespressif32@src-537c58760dafe7fcc8a1d9bbcf00b6f6/tools/sdk/esp32s3/include/esp_https_ota/include -I/home/franstein/.platformio/packages/framework-arduinoespressif32@src-537c58760dafe7fcc8a1d9bbcf00b6f6/tools/sdk/esp32s3/include/esp_https_server/include -I/home/franstein/.platformio/packages/framework-arduinoespressif32@src-537c58760dafe7fcc8a1d9bbcf00b6f6/tools/sdk/esp32s3/include/esp_lcd/include -I/home/franstein/.platformio/packages/framework-arduinoespressif32@src-537c58760dafe7fcc8a1d9bbcf00b6f6/tools/sdk/esp32s3/include/esp_lcd/interface -I/home/franstein/.platformio/packages/framework-arduinoespressif32@src-537c58760dafe7fcc8a1d9bbcf00b6f6/tools/sdk/esp32s3/include/protobuf-c/protobuf-c -I/home/franstein/.platformio/packages/framework-arduinoespressif32@src-537c58760dafe7fcc8a1d9bbcf00b6f6/tools/sdk/esp32s3/include/protocomm/include/common -I/home/franstein/.platformio/packages/framework-arduinoespressif32@src-537c58760dafe7fcc8a1d9bbcf00b6f6/tools/sdk/esp32s3/include/protocomm/include/security -I/home/franstein/.platformio/packages/framework-arduinoespressif32@src-537c58760dafe7fcc8a1d9bbcf00b6f6/tools/sdk/esp32s3/include/protocomm/include/transports -I/home/franstein/.platformio/packages/framework-arduinoespressif32@src-537c58760dafe7fcc8a1d9bbcf00b6f6/tools/sdk/esp32s3/include/mdns/include -I/home/franstein/.platformio/packages/framework-arduinoespressif32@src-537c58760dafe7fcc8a1d9bbcf00b6f6/tools/sdk/esp32s3/include/esp_local_ctrl/include -I/home/franstein/.platformio/packages/framework-arduinoespressif32@src-537c58760dafe7fcc8a1d9bbcf00b6f6/tools/sdk/esp32s3/include/sdmmc/include -I/home/franstein/.platformio/packages/framework-arduinoespressif32@src-537c58760dafe7fcc8a1d9bbcf00b6f6/tools/sdk/esp32s3/include/esp_serial_slave_link/include -I/home/franstein/.platformio/packages/framework-arduinoespressif32@src-537c58760dafe7fcc8a1d9bbcf00b6f6/tools/sdk/esp32s3/include/esp_websocket_client/include -I/home/franstein/.platformio/packages/framework-arduinoespressif32@src-537c58760dafe7fcc8a1d9bbcf00b6f6/tools/sdk/esp32s3/include/expat/expat/expat/lib -I/home/franstein/.platformio/packages/framework-arduinoespressif32@src-537c58760dafe7fcc8a1d9bbcf00b6f6/tools/sdk/esp32s3/include/expat/port/include -I/home/franstein/.platformio/packages/framework-arduinoespressif32@src-537c58760dafe7fcc8a1d9bbcf00b6f6/tools/sdk/esp32s3/include/wear_levelling/include -I/home/franstein/.platformio/packages/framework-arduinoespressif32@src-537c58760dafe7fcc8a1d9bbcf00b6f6/tools/sdk/esp32s3/include/fatfs/diskio -I/home/franstein/.platformio/packages/framework-arduinoespressif32@src-537c58760dafe7fcc8a1d9bbcf00b6f6/tools/sdk/esp32s3/include/fatfs/vfs -I/home/franstein/.platformio/packages/framework-arduinoespressif32@src-537c58760dafe7fcc8a1d9bbcf00b6f6/tools/sdk/esp32s3/include/fatfs/src -I/home/franstein/.platformio/packages/framework-arduinoespressif32@src-537c58760dafe7fcc8a1d9bbcf00b6f6/tools/sdk/esp32s3/include/freemodbus/common/include -I/home/franstein/.platformio/packages/framework-arduinoespressif32@src-537c58760dafe7fcc8a1d9bbcf00b6f6/tools/sdk/esp32s3/include/idf_test/include -I/home/franstein/.platformio/packages/framework-arduinoespressif32@src-537c58760dafe7fcc8a1d9bbcf00b6f6/tools/sdk/esp32s3/include/idf_test/include/esp32s3 -I/home/franstein/.platformio/packages/framework-arduinoespressif32@src-537c58760dafe7fcc8a1d9bbcf00b6f6/tools/sdk/esp32s3/include/jsmn/include -I/home/franstein/.platformio/packages/framework-arduinoespressif32@src-537c58760dafe7fcc8a1d9bbcf00b6f6/tools/sdk/esp32s3/include/json/cJSON -I/home/franstein/.platformio/packages/framework-arduinoespressif32@src-537c58760dafe7fcc8a1d9bbcf00b6f6/tools/sdk/esp32s3/include/libsodium/libsodium/src/libsodium/include -I/home/franstein/.platformio/packages/framework-arduinoespressif32@src-537c58760dafe7fcc8a1d9bbcf00b6f6/tools/sdk/esp32s3/include/libsodium/port_include -I/home/franstein/.platformio/packages/framework-arduinoespressif32@src-537c58760dafe7fcc8a1d9bbcf00b6f6/tools/sdk/esp32s3/include/mqtt/esp-mqtt/include -I/home/franstein/.platformio/packages/framework-arduinoespressif32@src-537c58760dafe7fcc8a1d9bbcf00b6f6/tools/sdk/esp32s3/include/openssl/include -I/home/franstein/.platformio/packages/framework-arduinoespressif32@src-537c58760dafe7fcc8a1d9bbcf00b6f6/tools/sdk/esp32s3/include/perfmon/include -I/home/franstein/.platformio/packages/framework-arduinoespressif32@src-537c58760dafe7fcc8a1d9bbcf00b6f6/tools/sdk/esp32s3/include/spiffs/include -I/home/franstein/.platformio/packages/framework-arduinoespressif32@src-537c58760dafe7fcc8a1d9bbcf00b6f6/tools/sdk/esp32s3/include/usb/include -I/home/franstein/.platformio/packages/framework-arduinoespressif32@src-537c58760dafe7fcc8a1d9bbcf00b6f6/tools/sdk/esp32s3/include/ulp/include -I/home/franstein/.platformio/packages/framework-arduinoespressif32@src-537c58760dafe7fcc8a1d9bbcf00b6f6/tools/sdk/esp32s3/include/wifi_provisioning/include -I/home/franstein/.platformio/packages/framework-arduinoespressif32@src-537c58760dafe7fcc8a1d9bbcf00b6f6/tools/sdk/esp32s3/include/rmaker_common/include -I/home/franstein/.platformio/packages/framework-arduinoespressif32@src-537c58760dafe7fcc8a1d9bbcf00b6f6/tools/sdk/esp32s3/include/json_parser/upstream/include -I/home/franstein/.platformio/packages/framework-arduinoespressif32@src-537c58760dafe7fcc8a1d9bbcf00b6f6/tools/sdk/esp32s3/include/json_parser/upstream -I/home/franstein/.platformio/packages/framework-arduinoespressif32@src-537c58760dafe7fcc8a1d9bbcf00b6f6/tools/sdk/esp32s3/include/json_generator/upstream -I/home/franstein/.platformio/packages/framework-arduinoespressif32@src-537c58760dafe7fcc8a1d9bbcf00b6f6/tools/sdk/esp32s3/include/esp_schedule/include -I/home/franstein/.platformio/packages/framework-arduinoespressif32@src-537c58760dafe7fcc8a1d9bbcf00b6f6/tools/sdk/esp32s3/include/esp_rainmaker/include -I/home/franstein/.platformio/packages/framework-arduinoespressif32@src-537c58760dafe7fcc8a1d9bbcf00b6f6/tools/sdk/esp32s3/include/gpio_button/button/include -I/home/franstein/.platformio/packages/framework-arduinoespressif32@src-537c58760dafe7fcc8a1d9bbcf00b6f6/tools/sdk/esp32s3/include/qrcode/include -I/home/franstein/.platformio/packages/framework-arduinoespressif32@src-537c58760dafe7fcc8a1d9bbcf00b6f6/tools/sdk/esp32s3/include/ws2812_led -I/home/franstein/.platformio/packages/framework-arduinoespressif32@src-537c58760dafe7fcc8a1d9bbcf00b6f6/tools/sdk/esp32s3/include/esp_diagnostics/include -I/home/franstein/.platformio/packages/framework-arduinoespressif32@src-537c58760dafe7fcc8a1d9bbcf00b6f6/tools/sdk/esp32s3/include/rtc_store/include -I/home/franstein/.platformio/packages/framework-arduinoespressif32@src-537c58760dafe7fcc8a1d9bbcf00b6f6/tools/sdk/esp32s3/include/esp_insights/include -I/home/franstein/.platformio/packages/framework-arduinoespressif32@src-537c58760dafe7fcc8a1d9bbcf00b6f6/tools/sdk/esp32s3/include/esp-dsp/modules/dotprod/include -I/home/franstein/.platformio/packages/framework-arduinoespressif32@src-537c58760dafe7fcc8a1d9bbcf00b6f6/tools/sdk/esp32s3/include/esp-dsp/modules/support/include -I/home/franstein/.platformio/packages/framework-arduinoespressif32@src-537c58760dafe7fcc8a1d9bbcf00b6f6/tools/sdk/esp32s3/include/esp-dsp/modules/windows/include -I/home/franstein/.platformio/packages/framework-arduinoespressif32@src-537c58760dafe7fcc8a1d9bbcf00b6f6/tools/sdk/esp32s3/include/esp-dsp/modules/windows/hann/include -I/home/franstein/.platformio/packages/framework-arduinoespressif32@src-537c58760dafe7fcc8a1d9bbcf00b6f6/tools/sdk/esp32s3/include/esp-dsp/modules/windows/blackman/include -I/home/franstein/.platformio/packages/framework-arduinoespressif32@src-537c58760dafe7fcc8a1d9bbcf00b6f6/tools/sdk/esp32s3/include/esp-dsp/modules/windows/blackman_harris/include -I/home/franstein/.platformio/packages/framework-arduinoespressif32@src-537c58760dafe7fcc8a1d9bbcf00b6f6/tools/sdk/esp32s3/include/esp-dsp/modules/windows/blackman_nuttall/include -I/home/franstein/.platformio/packages/framework-arduinoespressif32@src-537c58760dafe7fcc8a1d9bbcf00b6f6/tools/sdk/esp32s3/include/esp-dsp/modules/windows/nuttall/include -I/home/franstein/.platformio/packages/framework-arduinoespressif32@src-537c58760dafe7fcc8a1d9bbcf00b6f6/tools/sdk/esp32s3/include/esp-dsp/modules/windows/flat_top/include -I/home/franstein/.platformio/packages/framework-arduinoespressif32@src-537c58760dafe7fcc8a1d9bbcf00b6f6/tools/sdk/esp32s3/include/esp-dsp/modules/iir/include -I/home/franstein/.platformio/packages/framework-arduinoespressif32@src-537c58760dafe7fcc8a1d9bbcf00b6f6/tools/sdk/esp32s3/include/esp-dsp/modules/fir/include -I/home/franstein/.platformio/packages/framework-arduinoespressif32@src-537c58760dafe7fcc8a1d9bbcf00b6f6/tools/sdk/esp32s3/include/esp-dsp/modules/math/include -I/home/franstein/.platformio/packages/framework-arduinoespressif32@src-537c58760dafe7fcc8a1d9bbcf00b6f6/tools/sdk/esp32s3/include/esp-dsp/modules/math/add/include -I/home/franstein/.platformio/packages/framework-arduinoespressif32@src-537c58760dafe7fcc8a1d9bbcf00b6f6/tools/sdk/esp32s3/include/esp-dsp/modules/math/sub/include -I/home/franstein/.platformio/packages/framework-arduinoespressif32@src-537c58760dafe7fcc8a1d9bbcf00b6f6/tools/sdk/esp32s3/include/esp-dsp/modules/math/mul/include -I/home/franstein/.platformio/packages/framework-arduinoespressif32@src-537c58760dafe7fcc8a1d9bbcf00b6f6/tools/sdk/esp32s3/include/esp-dsp/modules/math/addc/include -I/home/franstein/.platformio/packages/framework-arduinoespressif32@src-537c58760dafe7fcc8a1d9bbcf00b6f6/tools/sdk/esp32s3/include/esp-dsp/modules/math/mulc/include -I/home/franstein/.platformio/packages/framework-arduinoespressif32@src-537c58760dafe7fcc8a1d9bbcf00b6f6/tools/sdk/esp32s3/include/esp-dsp/modules/math/sqrt/include -I/home/franstein/.platformio/packages/framework-arduinoespressif32@src-537c58760dafe7fcc8a1d9bbcf00b6f6/tools/sdk/esp32s3/include/esp-dsp/modules/matrix/include -I/home/franstein/.platformio/packages/framework-arduinoespressif32@src-537c58760dafe7fcc8a1d9bbcf00b6f6/tools/sdk/esp32s3/include/esp-dsp/modules/fft/include -I/home/franstein/.platformio/packages/framework-arduinoespressif32@src-537c58760dafe7fcc8a1d9bbcf00b6f6/tools/sdk/esp32s3/include/esp-dsp/modules/dct/include -I/home/franstein/.platformio/packages/framework-arduinoespressif32@src-537c58760dafe7fcc8a1d9bbcf00b6f6/tools/sdk/esp32s3/include/esp-dsp/modules/conv/include -I/home/franstein/.platformio/packages/framework-arduinoespressif32@src-537c58760dafe7fcc8a1d9bbcf00b6f6/tools/sdk/esp32s3/include/esp-dsp/modules/common/include -I/home/franstein/.platformio/packages/framework-arduinoespressif32@src-537c58760dafe7fcc8a1d9bbcf00b6f6/tools/sdk/esp32s3/include/esp-dsp/modules/kalman/ekf/include -I/home/franstein/.platformio/packages/framework-arduinoespressif32@src-537c58760dafe7fcc8a1d9bbcf00b6f6/tools/sdk/esp32s3/include/esp-dsp/modules/kalman/ekf_imu13states/include -I/home/franstein/.platformio/packages/framework-arduinoespressif32@src-537c58760dafe7fcc8a1d9bbcf00b6f6/tools/sdk/esp32s3/include/freertos/include/freertos -I/home/franstein/.platformio/packages/framework-arduinoespressif32@src-537c58760dafe7fcc8a1d9bbcf00b6f6/tools/sdk/esp32s3/include/arduino_tinyusb/tinyusb/src -I/home/franstein/.platformio/packages/framework-arduinoespressif32@src-537c58760dafe7fcc8a1d9bbcf00b6f6/tools/sdk/esp32s3/include/arduino_tinyusb/include -I/home/franstein/.platformio/packages/framework-arduinoespressif32@src-537c58760dafe7fcc8a1d9bbcf00b6f6/tools/sdk/esp32s3/include/esp_littlefs/include -I/home/franstein/.platformio/packages/framework-arduinoespressif32@src-537c58760dafe7fcc8a1d9bbcf00b6f6/tools/sdk/esp32s3/include/esp-dl/include -I/home/franstein/.platformio/packages/framework-arduinoespressif32@src-537c58760dafe7fcc8a1d9bbcf00b6f6/tools/sdk/esp32s3/include/esp-dl/include/tool -I/home/franstein/.platformio/packages/framework-arduinoespressif32@src-537c58760dafe7fcc8a1d9bbcf00b6f6/tools/sdk/esp32s3/include/esp-dl/include/typedef -I/home/franstein/.platformio/packages/framework-arduinoespressif32@src-537c58760dafe7fcc8a1d9bbcf00b6f6/tools/sdk/esp32s3/include/esp-dl/include/image -I/home/franstein/.platformio/packages/framework-arduinoespressif32@src-537c58760dafe7fcc8a1d9bbcf00b6f6/tools/sdk/esp32s3/include/esp-dl/include/math -I/home/franstein/.platformio/packages/framework-arduinoespressif32@src-537c58760dafe7fcc8a1d9bbcf00b6f6/tools/sdk/esp32s3/include/esp-dl/include/nn -I/home/franstein/.platformio/packages/framework-arduinoespressif32@src-537c58760dafe7fcc8a1d9bbcf00b6f6/tools/sdk/esp32s3/include/esp-dl/include/layer -I/home/franstein/.platformio/packages/framework-arduinoespressif32@src-537c58760dafe7fcc8a1d9bbcf00b6f6/tools/sdk/esp32s3/include/esp-dl/include/detect -I/home/franstein/.platformio/packages/framework-arduinoespressif32@src-537c58760dafe7fcc8a1d9bbcf00b6f6/tools/sdk/esp32s3/include/esp-dl/include/model_zoo -I/home/franstein/.platformio/packages/framework-arduinoespressif32@src-537c58760dafe7fcc8a1d9bbcf00b6f6/tools/sdk/esp32s3/include/esp-sr/src/include -I/home/franstein/.platformio/packages/framework-arduinoespressif32@src-537c58760dafe7fcc8a1d9bbcf00b6f6/tools/sdk/esp32s3/include/esp-sr/esp-tts/esp_tts_chinese/include -I/home/franstein/.platformio/packages/framework-arduinoespressif32@src-537c58760dafe7fcc8a1d9bbcf00b6f6/tools/sdk/esp32s3/include/esp-sr/include/esp32s3 -I/home/franstein/.platformio/packages/framework-arduinoespressif32@src-537c58760dafe7fcc8a1d9bbcf00b6f6/tools/sdk/esp32s3/include/esp32-camera/driver/include -I/home/franstein/.platformio/packages/framework-arduinoespressif32@src-537c58760dafe7fcc8a1d9bbcf00b6f6/tools/sdk/esp32s3/include/esp32-camera/conversions/include -I/home/franstein/.platformio/packages/framework-arduinoespressif32@src-537c58760dafe7fcc8a1d9bbcf00b6f6/tools/sdk/esp32s3/include/fb_gfx/include -I/home/franstein/.platformio/packages/framework-arduinoespressif32@src-537c58760dafe7fcc8a1d9bbcf00b6f6/tools/sdk/esp32s3/qio_opi/include -I/home/franstein/.platformio/packages/framework-arduinoespressif32@src-537c58760dafe7fcc8a1d9bbcf00b6f6/cores/esp32 -I/home/franstein/.platformio/packages/framework-arduinoespressif32@src-537c58760dafe7fcc8a1d9bbcf00b6f6/variants/esp32s3 /home/franstein/.platformio/packages/framework-arduinoespressif32@src-537c58760dafe7fcc8a1d9bbcf00b6f6/cores/esp32/WMath.cpp
xtensa-esp32s3-elf-g++ -o .pio/build/esp32/FrameworkArduino/WString.cpp.o -c -std=gnu++11 -fexceptions -fno-rtti -Os -mlongcalls -ffunction-sections -fdata-sections -Wno-error=unused-function -Wno-error=unused-variable -Wno-error=deprecated-declarations -Wno-unused-parameter -Wno-sign-compare -ggdb -freorder-blocks -Wwrite-strings -fstack-protector -fstrict-volatile-bitfields -Wno-error=unused-but-set-variable -fno-jump-tables -fno-tree-switch-conversion -MMD -DPLATFORMIO=60107 -DBOARD_HAS_PSRAM -DARDUINO_USB_MODE=1 -DARDUINO_USB_CDC_ON_BOOT=1 -DHAVE_CONFIG_H -DMBEDTLS_CONFIG_FILE=\"mbedtls/esp_config.h\" -DUNITY_INCLUDE_CONFIG_H -DWITH_POSIX -D_GNU_SOURCE -DIDF_VER=\"v4.4.3\" -DESP_PLATFORM -D_POSIX_READER_WRITER_LOCKS -DARDUINO_ARCH_ESP32 -DESP32 -DF_CPU=240000000L -DARDUINO=10812 -DARDUINO_VARIANT=\"esp32s3\" "-DARDUINO_BOARD=\"LILYGO T3-S3\"" -DARDUINO_PARTITION_default -I/home/franstein/.platformio/packages/framework-arduinoespressif32@src-537c58760dafe7fcc8a1d9bbcf00b6f6/tools/sdk/esp32s3/include/newlib/platform_include -I/home/franstein/.platformio/packages/framework-arduinoespressif32@src-537c58760dafe7fcc8a1d9bbcf00b6f6/tools/sdk/esp32s3/include/freertos/include -I/home/franstein/.platformio/packages/framework-arduinoespressif32@src-537c58760dafe7fcc8a1d9bbcf00b6f6/tools/sdk/esp32s3/include/freertos/include/esp_additions/freertos -I/home/franstein/.platformio/packages/framework-arduinoespressif32@src-537c58760dafe7fcc8a1d9bbcf00b6f6/tools/sdk/esp32s3/include/freertos/port/xtensa/include -I/home/franstein/.platformio/packages/framework-arduinoespressif32@src-537c58760dafe7fcc8a1d9bbcf00b6f6/tools/sdk/esp32s3/include/freertos/include/esp_additions -I/home/franstein/.platformio/packages/framework-arduinoespressif32@src-537c58760dafe7fcc8a1d9bbcf00b6f6/tools/sdk/esp32s3/include/esp_hw_support/include -I/home/franstein/.platformio/packages/framework-arduinoespressif32@src-537c58760dafe7fcc8a1d9bbcf00b6f6/tools/sdk/esp32s3/include/esp_hw_support/include/soc -I/home/franstein/.platformio/packages/framework-arduinoespressif32@src-537c58760dafe7fcc8a1d9bbcf00b6f6/tools/sdk/esp32s3/include/esp_hw_support/include/soc/esp32s3 -I/home/franstein/.platformio/packages/framework-arduinoespressif32@src-537c58760dafe7fcc8a1d9bbcf00b6f6/tools/sdk/esp32s3/include/esp_hw_support/port/esp32s3 -I/home/franstein/.platformio/packages/framework-arduinoespressif32@src-537c58760dafe7fcc8a1d9bbcf00b6f6/tools/sdk/esp32s3/include/esp_hw_support/port/esp32s3/private_include -I/home/franstein/.platformio/packages/framework-arduinoespressif32@src-537c58760dafe7fcc8a1d9bbcf00b6f6/tools/sdk/esp32s3/include/heap/include -I/home/franstein/.platformio/packages/framework-arduinoespressif32@src-537c58760dafe7fcc8a1d9bbcf00b6f6/tools/sdk/esp32s3/include/log/include -I/home/franstein/.platformio/packages/framework-arduinoespressif32@src-537c58760dafe7fcc8a1d9bbcf00b6f6/tools/sdk/esp32s3/include/lwip/include/apps -I/home/franstein/.platformio/packages/framework-arduinoespressif32@src-537c58760dafe7fcc8a1d9bbcf00b6f6/tools/sdk/esp32s3/include/lwip/include/apps/sntp -I/home/franstein/.platformio/packages/framework-arduinoespressif32@src-537c58760dafe7fcc8a1d9bbcf00b6f6/tools/sdk/esp32s3/include/lwip/lwip/src/include -I/home/franstein/.platformio/packages/framework-arduinoespressif32@src-537c58760dafe7fcc8a1d9bbcf00b6f6/tools/sdk/esp32s3/include/lwip/port/esp32/include -I/home/franstein/.platformio/packages/framework-arduinoespressif32@src-537c58760dafe7fcc8a1d9bbcf00b6f6/tools/sdk/esp32s3/include/lwip/port/esp32/include/arch -I/home/franstein/.platformio/packages/framework-arduinoespressif32@src-537c58760dafe7fcc8a1d9bbcf00b6f6/tools/sdk/esp32s3/include/soc/include -I/home/franstein/.platformio/packages/framework-arduinoespressif32@src-537c58760dafe7fcc8a1d9bbcf00b6f6/tools/sdk/esp32s3/include/soc/esp32s3 -I/home/franstein/.platformio/packages/framework-arduinoespressif32@src-537c58760dafe7fcc8a1d9bbcf00b6f6/tools/sdk/esp32s3/include/soc/esp32s3/include -I/home/franstein/.platformio/packages/framework-arduinoespressif32@src-537c58760dafe7fcc8a1d9bbcf00b6f6/tools/sdk/esp32s3/include/hal/esp32s3/include -I/home/franstein/.platformio/packages/framework-arduinoespressif32@src-537c58760dafe7fcc8a1d9bbcf00b6f6/tools/sdk/esp32s3/include/hal/include -I/home/franstein/.platformio/packages/framework-arduinoespressif32@src-537c58760dafe7fcc8a1d9bbcf00b6f6/tools/sdk/esp32s3/include/hal/platform_port/include -I/home/franstein/.platformio/packages/framework-arduinoespressif32@src-537c58760dafe7fcc8a1d9bbcf00b6f6/tools/sdk/esp32s3/include/esp_rom/include -I/home/franstein/.platformio/packages/framework-arduinoespressif32@src-537c58760dafe7fcc8a1d9bbcf00b6f6/tools/sdk/esp32s3/include/esp_rom/include/esp32s3 -I/home/franstein/.platformio/packages/framework-arduinoespressif32@src-537c58760dafe7fcc8a1d9bbcf00b6f6/tools/sdk/esp32s3/include/esp_rom/esp32s3 -I/home/franstein/.platformio/packages/framework-arduinoespressif32@src-537c58760dafe7fcc8a1d9bbcf00b6f6/tools/sdk/esp32s3/include/esp_common/include -I/home/franstein/.platformio/packages/framework-arduinoespressif32@src-537c58760dafe7fcc8a1d9bbcf00b6f6/tools/sdk/esp32s3/include/esp_system/include -I/home/franstein/.platformio/packages/framework-arduinoespressif32@src-537c58760dafe7fcc8a1d9bbcf00b6f6/tools/sdk/esp32s3/include/esp_system/port/soc -I/home/franstein/.platformio/packages/framework-arduinoespressif32@src-537c58760dafe7fcc8a1d9bbcf00b6f6/tools/sdk/esp32s3/include/esp_system/port/public_compat -I/home/franstein/.platformio/packages/framework-arduinoespressif32@src-537c58760dafe7fcc8a1d9bbcf00b6f6/tools/sdk/esp32s3/include/xtensa/include -I/home/franstein/.platformio/packages/framework-arduinoespressif32@src-537c58760dafe7fcc8a1d9bbcf00b6f6/tools/sdk/esp32s3/include/xtensa/esp32s3/include -I/home/franstein/.platformio/packages/framework-arduinoespressif32@src-537c58760dafe7fcc8a1d9bbcf00b6f6/tools/sdk/esp32s3/include/driver/include -I/home/franstein/.platformio/packages/framework-arduinoespressif32@src-537c58760dafe7fcc8a1d9bbcf00b6f6/tools/sdk/esp32s3/include/driver/esp32s3/include -I/home/franstein/.platformio/packages/framework-arduinoespressif32@src-537c58760dafe7fcc8a1d9bbcf00b6f6/tools/sdk/esp32s3/include/esp_pm/include -I/home/franstein/.platformio/packages/framework-arduinoespressif32@src-537c58760dafe7fcc8a1d9bbcf00b6f6/tools/sdk/esp32s3/include/esp_ringbuf/include -I/home/franstein/.platformio/packages/framework-arduinoespressif32@src-537c58760dafe7fcc8a1d9bbcf00b6f6/tools/sdk/esp32s3/include/efuse/include -I/home/franstein/.platformio/packages/framework-arduinoespressif32@src-537c58760dafe7fcc8a1d9bbcf00b6f6/tools/sdk/esp32s3/include/efuse/esp32s3/include -I/home/franstein/.platformio/packages/framework-arduinoespressif32@src-537c58760dafe7fcc8a1d9bbcf00b6f6/tools/sdk/esp32s3/include/vfs/include -I/home/franstein/.platformio/packages/framework-arduinoespressif32@src-537c58760dafe7fcc8a1d9bbcf00b6f6/tools/sdk/esp32s3/include/esp_wifi/include -I/home/franstein/.platformio/packages/framework-arduinoespressif32@src-537c58760dafe7fcc8a1d9bbcf00b6f6/tools/sdk/esp32s3/include/esp_event/include -I/home/franstein/.platformio/packages/framework-arduinoespressif32@src-537c58760dafe7fcc8a1d9bbcf00b6f6/tools/sdk/esp32s3/include/esp_netif/include -I/home/franstein/.platformio/packages/framework-arduinoespressif32@src-537c58760dafe7fcc8a1d9bbcf00b6f6/tools/sdk/esp32s3/include/esp_eth/include -I/home/franstein/.platformio/packages/framework-arduinoespressif32@src-537c58760dafe7fcc8a1d9bbcf00b6f6/tools/sdk/esp32s3/include/tcpip_adapter/include -I/home/franstein/.platformio/packages/framework-arduinoespressif32@src-537c58760dafe7fcc8a1d9bbcf00b6f6/tools/sdk/esp32s3/include/esp_phy/include -I/home/franstein/.platformio/packages/framework-arduinoespressif32@src-537c58760dafe7fcc8a1d9bbcf00b6f6/tools/sdk/esp32s3/include/esp_phy/esp32s3/include -I/home/franstein/.platformio/packages/framework-arduinoespressif32@src-537c58760dafe7fcc8a1d9bbcf00b6f6/tools/sdk/esp32s3/include/esp_ipc/include -I/home/franstein/.platformio/packages/framework-arduinoespressif32@src-537c58760dafe7fcc8a1d9bbcf00b6f6/tools/sdk/esp32s3/include/app_trace/include -I/home/franstein/.platformio/packages/framework-arduinoespressif32@src-537c58760dafe7fcc8a1d9bbcf00b6f6/tools/sdk/esp32s3/include/esp_timer/include -I/home/franstein/.platformio/packages/framework-arduinoespressif32@src-537c58760dafe7fcc8a1d9bbcf00b6f6/tools/sdk/esp32s3/include/mbedtls/port/include -I/home/franstein/.platformio/packages/framework-arduinoespressif32@src-537c58760dafe7fcc8a1d9bbcf00b6f6/tools/sdk/esp32s3/include/mbedtls/mbedtls/include -I/home/franstein/.platformio/packages/framework-arduinoespressif32@src-537c58760dafe7fcc8a1d9bbcf00b6f6/tools/sdk/esp32s3/include/mbedtls/esp_crt_bundle/include -I/home/franstein/.platformio/packages/framework-arduinoespressif32@src-537c58760dafe7fcc8a1d9bbcf00b6f6/tools/sdk/esp32s3/include/app_update/include -I/home/franstein/.platformio/packages/framework-arduinoespressif32@src-537c58760dafe7fcc8a1d9bbcf00b6f6/tools/sdk/esp32s3/include/spi_flash/include -I/home/franstein/.platformio/packages/framework-arduinoespressif32@src-537c58760dafe7fcc8a1d9bbcf00b6f6/tools/sdk/esp32s3/include/bootloader_support/include -I/home/franstein/.platformio/packages/framework-arduinoespressif32@src-537c58760dafe7fcc8a1d9bbcf00b6f6/tools/sdk/esp32s3/include/nvs_flash/include -I/home/franstein/.platformio/packages/framework-arduinoespressif32@src-537c58760dafe7fcc8a1d9bbcf00b6f6/tools/sdk/esp32s3/include/pthread/include -I/home/franstein/.platformio/packages/framework-arduinoespressif32@src-537c58760dafe7fcc8a1d9bbcf00b6f6/tools/sdk/esp32s3/include/esp_gdbstub/include -I/home/franstein/.platformio/packages/framework-arduinoespressif32@src-537c58760dafe7fcc8a1d9bbcf00b6f6/tools/sdk/esp32s3/include/esp_gdbstub/xtensa -I/home/franstein/.platformio/packages/framework-arduinoespressif32@src-537c58760dafe7fcc8a1d9bbcf00b6f6/tools/sdk/esp32s3/include/esp_gdbstub/esp32s3 -I/home/franstein/.platformio/packages/framework-arduinoespressif32@src-537c58760dafe7fcc8a1d9bbcf00b6f6/tools/sdk/esp32s3/include/espcoredump/include -I/home/franstein/.platformio/packages/framework-arduinoespressif32@src-537c58760dafe7fcc8a1d9bbcf00b6f6/tools/sdk/esp32s3/include/espcoredump/include/port/xtensa -I/home/franstein/.platformio/packages/framework-arduinoespressif32@src-537c58760dafe7fcc8a1d9bbcf00b6f6/tools/sdk/esp32s3/include/wpa_supplicant/include -I/home/franstein/.platformio/packages/framework-arduinoespressif32@src-537c58760dafe7fcc8a1d9bbcf00b6f6/tools/sdk/esp32s3/include/wpa_supplicant/port/include -I/home/franstein/.platformio/packages/framework-arduinoespressif32@src-537c58760dafe7fcc8a1d9bbcf00b6f6/tools/sdk/esp32s3/include/wpa_supplicant/esp_supplicant/include -I/home/franstein/.platformio/packages/framework-arduinoespressif32@src-537c58760dafe7fcc8a1d9bbcf00b6f6/tools/sdk/esp32s3/include/ieee802154/include -I/home/franstein/.platformio/packages/framework-arduinoespressif32@src-537c58760dafe7fcc8a1d9bbcf00b6f6/tools/sdk/esp32s3/include/console -I/home/franstein/.platformio/packages/framework-arduinoespressif32@src-537c58760dafe7fcc8a1d9bbcf00b6f6/tools/sdk/esp32s3/include/asio/asio/asio/include -I/home/franstein/.platformio/packages/framework-arduinoespressif32@src-537c58760dafe7fcc8a1d9bbcf00b6f6/tools/sdk/esp32s3/include/asio/port/include -I/home/franstein/.platformio/packages/framework-arduinoespressif32@src-537c58760dafe7fcc8a1d9bbcf00b6f6/tools/sdk/esp32s3/include/bt/common/osi/include -I/home/franstein/.platformio/packages/framework-arduinoespressif32@src-537c58760dafe7fcc8a1d9bbcf00b6f6/tools/sdk/esp32s3/include/bt/include/esp32s3/include -I/home/franstein/.platformio/packages/framework-arduinoespressif32@src-537c58760dafe7fcc8a1d9bbcf00b6f6/tools/sdk/esp32s3/include/bt/common/api/include/api -I/home/franstein/.platformio/packages/framework-arduinoespressif32@src-537c58760dafe7fcc8a1d9bbcf00b6f6/tools/sdk/esp32s3/include/bt/common/btc/profile/esp/blufi/include -I/home/franstein/.platformio/packages/framework-arduinoespressif32@src-537c58760dafe7fcc8a1d9bbcf00b6f6/tools/sdk/esp32s3/include/bt/common/btc/profile/esp/include -I/home/franstein/.platformio/packages/framework-arduinoespressif32@src-537c58760dafe7fcc8a1d9bbcf00b6f6/tools/sdk/esp32s3/include/bt/host/bluedroid/api/include/api -I/home/franstein/.platformio/packages/framework-arduinoespressif32@src-537c58760dafe7fcc8a1d9bbcf00b6f6/tools/sdk/esp32s3/include/bt/esp_ble_mesh/mesh_common/include -I/home/franstein/.platformio/packages/framework-arduinoespressif32@src-537c58760dafe7fcc8a1d9bbcf00b6f6/tools/sdk/esp32s3/include/bt/esp_ble_mesh/mesh_common/tinycrypt/include -I/home/franstein/.platformio/packages/framework-arduinoespressif32@src-537c58760dafe7fcc8a1d9bbcf00b6f6/tools/sdk/esp32s3/include/bt/esp_ble_mesh/mesh_core -I/home/franstein/.platformio/packages/framework-arduinoespressif32@src-537c58760dafe7fcc8a1d9bbcf00b6f6/tools/sdk/esp32s3/include/bt/esp_ble_mesh/mesh_core/include -I/home/franstein/.platformio/packages/framework-arduinoespressif32@src-537c58760dafe7fcc8a1d9bbcf00b6f6/tools/sdk/esp32s3/include/bt/esp_ble_mesh/mesh_core/storage -I/home/franstein/.platformio/packages/framework-arduinoespressif32@src-537c58760dafe7fcc8a1d9bbcf00b6f6/tools/sdk/esp32s3/include/bt/esp_ble_mesh/btc/include -I/home/franstein/.platformio/packages/framework-arduinoespressif32@src-537c58760dafe7fcc8a1d9bbcf00b6f6/tools/sdk/esp32s3/include/bt/esp_ble_mesh/mesh_models/common/include -I/home/franstein/.platformio/packages/framework-arduinoespressif32@src-537c58760dafe7fcc8a1d9bbcf00b6f6/tools/sdk/esp32s3/include/bt/esp_ble_mesh/mesh_models/client/include -I/home/franstein/.platformio/packages/framework-arduinoespressif32@src-537c58760dafe7fcc8a1d9bbcf00b6f6/tools/sdk/esp32s3/include/bt/esp_ble_mesh/mesh_models/server/include -I/home/franstein/.platformio/packages/framework-arduinoespressif32@src-537c58760dafe7fcc8a1d9bbcf00b6f6/tools/sdk/esp32s3/include/bt/esp_ble_mesh/api/core/include -I/home/franstein/.platformio/packages/framework-arduinoespressif32@src-537c58760dafe7fcc8a1d9bbcf00b6f6/tools/sdk/esp32s3/include/bt/esp_ble_mesh/api/models/include -I/home/franstein/.platformio/packages/framework-arduinoespressif32@src-537c58760dafe7fcc8a1d9bbcf00b6f6/tools/sdk/esp32s3/include/bt/esp_ble_mesh/api -I/home/franstein/.platformio/packages/framework-arduinoespressif32@src-537c58760dafe7fcc8a1d9bbcf00b6f6/tools/sdk/esp32s3/include/cbor/port/include -I/home/franstein/.platformio/packages/framework-arduinoespressif32@src-537c58760dafe7fcc8a1d9bbcf00b6f6/tools/sdk/esp32s3/include/unity/include -I/home/franstein/.platformio/packages/framework-arduinoespressif32@src-537c58760dafe7fcc8a1d9bbcf00b6f6/tools/sdk/esp32s3/include/unity/unity/src -I/home/franstein/.platformio/packages/framework-arduinoespressif32@src-537c58760dafe7fcc8a1d9bbcf00b6f6/tools/sdk/esp32s3/include/cmock/CMock/src -I/home/franstein/.platformio/packages/framework-arduinoespressif32@src-537c58760dafe7fcc8a1d9bbcf00b6f6/tools/sdk/esp32s3/include/coap/port/include -I/home/franstein/.platformio/packages/framework-arduinoespressif32@src-537c58760dafe7fcc8a1d9bbcf00b6f6/tools/sdk/esp32s3/include/coap/libcoap/include -I/home/franstein/.platformio/packages/framework-arduinoespressif32@src-537c58760dafe7fcc8a1d9bbcf00b6f6/tools/sdk/esp32s3/include/nghttp/port/include -I/home/franstein/.platformio/packages/framework-arduinoespressif32@src-537c58760dafe7fcc8a1d9bbcf00b6f6/tools/sdk/esp32s3/include/nghttp/nghttp2/lib/includes -I/home/franstein/.platformio/packages/framework-arduinoespressif32@src-537c58760dafe7fcc8a1d9bbcf00b6f6/tools/sdk/esp32s3/include/esp-tls -I/home/franstein/.platformio/packages/framework-arduinoespressif32@src-537c58760dafe7fcc8a1d9bbcf00b6f6/tools/sdk/esp32s3/include/esp-tls/esp-tls-crypto -I/home/franstein/.platformio/packages/framework-arduinoespressif32@src-537c58760dafe7fcc8a1d9bbcf00b6f6/tools/sdk/esp32s3/include/esp_adc_cal/include -I/home/franstein/.platformio/packages/framework-arduinoespressif32@src-537c58760dafe7fcc8a1d9bbcf00b6f6/tools/sdk/esp32s3/include/esp_hid/include -I/home/franstein/.platformio/packages/framework-arduinoespressif32@src-537c58760dafe7fcc8a1d9bbcf00b6f6/tools/sdk/esp32s3/include/tcp_transport/include -I/home/franstein/.platformio/packages/framework-arduinoespressif32@src-537c58760dafe7fcc8a1d9bbcf00b6f6/tools/sdk/esp32s3/include/esp_http_client/include -I/home/franstein/.platformio/packages/framework-arduinoespressif32@src-537c58760dafe7fcc8a1d9bbcf00b6f6/tools/sdk/esp32s3/include/esp_http_server/include -I/home/franstein/.platformio/packages/framework-arduinoespressif32@src-537c58760dafe7fcc8a1d9bbcf00b6f6/tools/sdk/esp32s3/include/esp_https_ota/include -I/home/franstein/.platformio/packages/framework-arduinoespressif32@src-537c58760dafe7fcc8a1d9bbcf00b6f6/tools/sdk/esp32s3/include/esp_https_server/include -I/home/franstein/.platformio/packages/framework-arduinoespressif32@src-537c58760dafe7fcc8a1d9bbcf00b6f6/tools/sdk/esp32s3/include/esp_lcd/include -I/home/franstein/.platformio/packages/framework-arduinoespressif32@src-537c58760dafe7fcc8a1d9bbcf00b6f6/tools/sdk/esp32s3/include/esp_lcd/interface -I/home/franstein/.platformio/packages/framework-arduinoespressif32@src-537c58760dafe7fcc8a1d9bbcf00b6f6/tools/sdk/esp32s3/include/protobuf-c/protobuf-c -I/home/franstein/.platformio/packages/framework-arduinoespressif32@src-537c58760dafe7fcc8a1d9bbcf00b6f6/tools/sdk/esp32s3/include/protocomm/include/common -I/home/franstein/.platformio/packages/framework-arduinoespressif32@src-537c58760dafe7fcc8a1d9bbcf00b6f6/tools/sdk/esp32s3/include/protocomm/include/security -I/home/franstein/.platformio/packages/framework-arduinoespressif32@src-537c58760dafe7fcc8a1d9bbcf00b6f6/tools/sdk/esp32s3/include/protocomm/include/transports -I/home/franstein/.platformio/packages/framework-arduinoespressif32@src-537c58760dafe7fcc8a1d9bbcf00b6f6/tools/sdk/esp32s3/include/mdns/include -I/home/franstein/.platformio/packages/framework-arduinoespressif32@src-537c58760dafe7fcc8a1d9bbcf00b6f6/tools/sdk/esp32s3/include/esp_local_ctrl/include -I/home/franstein/.platformio/packages/framework-arduinoespressif32@src-537c58760dafe7fcc8a1d9bbcf00b6f6/tools/sdk/esp32s3/include/sdmmc/include -I/home/franstein/.platformio/packages/framework-arduinoespressif32@src-537c58760dafe7fcc8a1d9bbcf00b6f6/tools/sdk/esp32s3/include/esp_serial_slave_link/include -I/home/franstein/.platformio/packages/framework-arduinoespressif32@src-537c58760dafe7fcc8a1d9bbcf00b6f6/tools/sdk/esp32s3/include/esp_websocket_client/include -I/home/franstein/.platformio/packages/framework-arduinoespressif32@src-537c58760dafe7fcc8a1d9bbcf00b6f6/tools/sdk/esp32s3/include/expat/expat/expat/lib -I/home/franstein/.platformio/packages/framework-arduinoespressif32@src-537c58760dafe7fcc8a1d9bbcf00b6f6/tools/sdk/esp32s3/include/expat/port/include -I/home/franstein/.platformio/packages/framework-arduinoespressif32@src-537c58760dafe7fcc8a1d9bbcf00b6f6/tools/sdk/esp32s3/include/wear_levelling/include -I/home/franstein/.platformio/packages/framework-arduinoespressif32@src-537c58760dafe7fcc8a1d9bbcf00b6f6/tools/sdk/esp32s3/include/fatfs/diskio -I/home/franstein/.platformio/packages/framework-arduinoespressif32@src-537c58760dafe7fcc8a1d9bbcf00b6f6/tools/sdk/esp32s3/include/fatfs/vfs -I/home/franstein/.platformio/packages/framework-arduinoespressif32@src-537c58760dafe7fcc8a1d9bbcf00b6f6/tools/sdk/esp32s3/include/fatfs/src -I/home/franstein/.platformio/packages/framework-arduinoespressif32@src-537c58760dafe7fcc8a1d9bbcf00b6f6/tools/sdk/esp32s3/include/freemodbus/common/include -I/home/franstein/.platformio/packages/framework-arduinoespressif32@src-537c58760dafe7fcc8a1d9bbcf00b6f6/tools/sdk/esp32s3/include/idf_test/include -I/home/franstein/.platformio/packages/framework-arduinoespressif32@src-537c58760dafe7fcc8a1d9bbcf00b6f6/tools/sdk/esp32s3/include/idf_test/include/esp32s3 -I/home/franstein/.platformio/packages/framework-arduinoespressif32@src-537c58760dafe7fcc8a1d9bbcf00b6f6/tools/sdk/esp32s3/include/jsmn/include -I/home/franstein/.platformio/packages/framework-arduinoespressif32@src-537c58760dafe7fcc8a1d9bbcf00b6f6/tools/sdk/esp32s3/include/json/cJSON -I/home/franstein/.platformio/packages/framework-arduinoespressif32@src-537c58760dafe7fcc8a1d9bbcf00b6f6/tools/sdk/esp32s3/include/libsodium/libsodium/src/libsodium/include -I/home/franstein/.platformio/packages/framework-arduinoespressif32@src-537c58760dafe7fcc8a1d9bbcf00b6f6/tools/sdk/esp32s3/include/libsodium/port_include -I/home/franstein/.platformio/packages/framework-arduinoespressif32@src-537c58760dafe7fcc8a1d9bbcf00b6f6/tools/sdk/esp32s3/include/mqtt/esp-mqtt/include -I/home/franstein/.platformio/packages/framework-arduinoespressif32@src-537c58760dafe7fcc8a1d9bbcf00b6f6/tools/sdk/esp32s3/include/openssl/include -I/home/franstein/.platformio/packages/framework-arduinoespressif32@src-537c58760dafe7fcc8a1d9bbcf00b6f6/tools/sdk/esp32s3/include/perfmon/include -I/home/franstein/.platformio/packages/framework-arduinoespressif32@src-537c58760dafe7fcc8a1d9bbcf00b6f6/tools/sdk/esp32s3/include/spiffs/include -I/home/franstein/.platformio/packages/framework-arduinoespressif32@src-537c58760dafe7fcc8a1d9bbcf00b6f6/tools/sdk/esp32s3/include/usb/include -I/home/franstein/.platformio/packages/framework-arduinoespressif32@src-537c58760dafe7fcc8a1d9bbcf00b6f6/tools/sdk/esp32s3/include/ulp/include -I/home/franstein/.platformio/packages/framework-arduinoespressif32@src-537c58760dafe7fcc8a1d9bbcf00b6f6/tools/sdk/esp32s3/include/wifi_provisioning/include -I/home/franstein/.platformio/packages/framework-arduinoespressif32@src-537c58760dafe7fcc8a1d9bbcf00b6f6/tools/sdk/esp32s3/include/rmaker_common/include -I/home/franstein/.platformio/packages/framework-arduinoespressif32@src-537c58760dafe7fcc8a1d9bbcf00b6f6/tools/sdk/esp32s3/include/json_parser/upstream/include -I/home/franstein/.platformio/packages/framework-arduinoespressif32@src-537c58760dafe7fcc8a1d9bbcf00b6f6/tools/sdk/esp32s3/include/json_parser/upstream -I/home/franstein/.platformio/packages/framework-arduinoespressif32@src-537c58760dafe7fcc8a1d9bbcf00b6f6/tools/sdk/esp32s3/include/json_generator/upstream -I/home/franstein/.platformio/packages/framework-arduinoespressif32@src-537c58760dafe7fcc8a1d9bbcf00b6f6/tools/sdk/esp32s3/include/esp_schedule/include -I/home/franstein/.platformio/packages/framework-arduinoespressif32@src-537c58760dafe7fcc8a1d9bbcf00b6f6/tools/sdk/esp32s3/include/esp_rainmaker/include -I/home/franstein/.platformio/packages/framework-arduinoespressif32@src-537c58760dafe7fcc8a1d9bbcf00b6f6/tools/sdk/esp32s3/include/gpio_button/button/include -I/home/franstein/.platformio/packages/framework-arduinoespressif32@src-537c58760dafe7fcc8a1d9bbcf00b6f6/tools/sdk/esp32s3/include/qrcode/include -I/home/franstein/.platformio/packages/framework-arduinoespressif32@src-537c58760dafe7fcc8a1d9bbcf00b6f6/tools/sdk/esp32s3/include/ws2812_led -I/home/franstein/.platformio/packages/framework-arduinoespressif32@src-537c58760dafe7fcc8a1d9bbcf00b6f6/tools/sdk/esp32s3/include/esp_diagnostics/include -I/home/franstein/.platformio/packages/framework-arduinoespressif32@src-537c58760dafe7fcc8a1d9bbcf00b6f6/tools/sdk/esp32s3/include/rtc_store/include -I/home/franstein/.platformio/packages/framework-arduinoespressif32@src-537c58760dafe7fcc8a1d9bbcf00b6f6/tools/sdk/esp32s3/include/esp_insights/include -I/home/franstein/.platformio/packages/framework-arduinoespressif32@src-537c58760dafe7fcc8a1d9bbcf00b6f6/tools/sdk/esp32s3/include/esp-dsp/modules/dotprod/include -I/home/franstein/.platformio/packages/framework-arduinoespressif32@src-537c58760dafe7fcc8a1d9bbcf00b6f6/tools/sdk/esp32s3/include/esp-dsp/modules/support/include -I/home/franstein/.platformio/packages/framework-arduinoespressif32@src-537c58760dafe7fcc8a1d9bbcf00b6f6/tools/sdk/esp32s3/include/esp-dsp/modules/windows/include -I/home/franstein/.platformio/packages/framework-arduinoespressif32@src-537c58760dafe7fcc8a1d9bbcf00b6f6/tools/sdk/esp32s3/include/esp-dsp/modules/windows/hann/include -I/home/franstein/.platformio/packages/framework-arduinoespressif32@src-537c58760dafe7fcc8a1d9bbcf00b6f6/tools/sdk/esp32s3/include/esp-dsp/modules/windows/blackman/include -I/home/franstein/.platformio/packages/framework-arduinoespressif32@src-537c58760dafe7fcc8a1d9bbcf00b6f6/tools/sdk/esp32s3/include/esp-dsp/modules/windows/blackman_harris/include -I/home/franstein/.platformio/packages/framework-arduinoespressif32@src-537c58760dafe7fcc8a1d9bbcf00b6f6/tools/sdk/esp32s3/include/esp-dsp/modules/windows/blackman_nuttall/include -I/home/franstein/.platformio/packages/framework-arduinoespressif32@src-537c58760dafe7fcc8a1d9bbcf00b6f6/tools/sdk/esp32s3/include/esp-dsp/modules/windows/nuttall/include -I/home/franstein/.platformio/packages/framework-arduinoespressif32@src-537c58760dafe7fcc8a1d9bbcf00b6f6/tools/sdk/esp32s3/include/esp-dsp/modules/windows/flat_top/include -I/home/franstein/.platformio/packages/framework-arduinoespressif32@src-537c58760dafe7fcc8a1d9bbcf00b6f6/tools/sdk/esp32s3/include/esp-dsp/modules/iir/include -I/home/franstein/.platformio/packages/framework-arduinoespressif32@src-537c58760dafe7fcc8a1d9bbcf00b6f6/tools/sdk/esp32s3/include/esp-dsp/modules/fir/include -I/home/franstein/.platformio/packages/framework-arduinoespressif32@src-537c58760dafe7fcc8a1d9bbcf00b6f6/tools/sdk/esp32s3/include/esp-dsp/modules/math/include -I/home/franstein/.platformio/packages/framework-arduinoespressif32@src-537c58760dafe7fcc8a1d9bbcf00b6f6/tools/sdk/esp32s3/include/esp-dsp/modules/math/add/include -I/home/franstein/.platformio/packages/framework-arduinoespressif32@src-537c58760dafe7fcc8a1d9bbcf00b6f6/tools/sdk/esp32s3/include/esp-dsp/modules/math/sub/include -I/home/franstein/.platformio/packages/framework-arduinoespressif32@src-537c58760dafe7fcc8a1d9bbcf00b6f6/tools/sdk/esp32s3/include/esp-dsp/modules/math/mul/include -I/home/franstein/.platformio/packages/framework-arduinoespressif32@src-537c58760dafe7fcc8a1d9bbcf00b6f6/tools/sdk/esp32s3/include/esp-dsp/modules/math/addc/include -I/home/franstein/.platformio/packages/framework-arduinoespressif32@src-537c58760dafe7fcc8a1d9bbcf00b6f6/tools/sdk/esp32s3/include/esp-dsp/modules/math/mulc/include -I/home/franstein/.platformio/packages/framework-arduinoespressif32@src-537c58760dafe7fcc8a1d9bbcf00b6f6/tools/sdk/esp32s3/include/esp-dsp/modules/math/sqrt/include -I/home/franstein/.platformio/packages/framework-arduinoespressif32@src-537c58760dafe7fcc8a1d9bbcf00b6f6/tools/sdk/esp32s3/include/esp-dsp/modules/matrix/include -I/home/franstein/.platformio/packages/framework-arduinoespressif32@src-537c58760dafe7fcc8a1d9bbcf00b6f6/tools/sdk/esp32s3/include/esp-dsp/modules/fft/include -I/home/franstein/.platformio/packages/framework-arduinoespressif32@src-537c58760dafe7fcc8a1d9bbcf00b6f6/tools/sdk/esp32s3/include/esp-dsp/modules/dct/include -I/home/franstein/.platformio/packages/framework-arduinoespressif32@src-537c58760dafe7fcc8a1d9bbcf00b6f6/tools/sdk/esp32s3/include/esp-dsp/modules/conv/include -I/home/franstein/.platformio/packages/framework-arduinoespressif32@src-537c58760dafe7fcc8a1d9bbcf00b6f6/tools/sdk/esp32s3/include/esp-dsp/modules/common/include -I/home/franstein/.platformio/packages/framework-arduinoespressif32@src-537c58760dafe7fcc8a1d9bbcf00b6f6/tools/sdk/esp32s3/include/esp-dsp/modules/kalman/ekf/include -I/home/franstein/.platformio/packages/framework-arduinoespressif32@src-537c58760dafe7fcc8a1d9bbcf00b6f6/tools/sdk/esp32s3/include/esp-dsp/modules/kalman/ekf_imu13states/include -I/home/franstein/.platformio/packages/framework-arduinoespressif32@src-537c58760dafe7fcc8a1d9bbcf00b6f6/tools/sdk/esp32s3/include/freertos/include/freertos -I/home/franstein/.platformio/packages/framework-arduinoespressif32@src-537c58760dafe7fcc8a1d9bbcf00b6f6/tools/sdk/esp32s3/include/arduino_tinyusb/tinyusb/src -I/home/franstein/.platformio/packages/framework-arduinoespressif32@src-537c58760dafe7fcc8a1d9bbcf00b6f6/tools/sdk/esp32s3/include/arduino_tinyusb/include -I/home/franstein/.platformio/packages/framework-arduinoespressif32@src-537c58760dafe7fcc8a1d9bbcf00b6f6/tools/sdk/esp32s3/include/esp_littlefs/include -I/home/franstein/.platformio/packages/framework-arduinoespressif32@src-537c58760dafe7fcc8a1d9bbcf00b6f6/tools/sdk/esp32s3/include/esp-dl/include -I/home/franstein/.platformio/packages/framework-arduinoespressif32@src-537c58760dafe7fcc8a1d9bbcf00b6f6/tools/sdk/esp32s3/include/esp-dl/include/tool -I/home/franstein/.platformio/packages/framework-arduinoespressif32@src-537c58760dafe7fcc8a1d9bbcf00b6f6/tools/sdk/esp32s3/include/esp-dl/include/typedef -I/home/franstein/.platformio/packages/framework-arduinoespressif32@src-537c58760dafe7fcc8a1d9bbcf00b6f6/tools/sdk/esp32s3/include/esp-dl/include/image -I/home/franstein/.platformio/packages/framework-arduinoespressif32@src-537c58760dafe7fcc8a1d9bbcf00b6f6/tools/sdk/esp32s3/include/esp-dl/include/math -I/home/franstein/.platformio/packages/framework-arduinoespressif32@src-537c58760dafe7fcc8a1d9bbcf00b6f6/tools/sdk/esp32s3/include/esp-dl/include/nn -I/home/franstein/.platformio/packages/framework-arduinoespressif32@src-537c58760dafe7fcc8a1d9bbcf00b6f6/tools/sdk/esp32s3/include/esp-dl/include/layer -I/home/franstein/.platformio/packages/framework-arduinoespressif32@src-537c58760dafe7fcc8a1d9bbcf00b6f6/tools/sdk/esp32s3/include/esp-dl/include/detect -I/home/franstein/.platformio/packages/framework-arduinoespressif32@src-537c58760dafe7fcc8a1d9bbcf00b6f6/tools/sdk/esp32s3/include/esp-dl/include/model_zoo -I/home/franstein/.platformio/packages/framework-arduinoespressif32@src-537c58760dafe7fcc8a1d9bbcf00b6f6/tools/sdk/esp32s3/include/esp-sr/src/include -I/home/franstein/.platformio/packages/framework-arduinoespressif32@src-537c58760dafe7fcc8a1d9bbcf00b6f6/tools/sdk/esp32s3/include/esp-sr/esp-tts/esp_tts_chinese/include -I/home/franstein/.platformio/packages/framework-arduinoespressif32@src-537c58760dafe7fcc8a1d9bbcf00b6f6/tools/sdk/esp32s3/include/esp-sr/include/esp32s3 -I/home/franstein/.platformio/packages/framework-arduinoespressif32@src-537c58760dafe7fcc8a1d9bbcf00b6f6/tools/sdk/esp32s3/include/esp32-camera/driver/include -I/home/franstein/.platformio/packages/framework-arduinoespressif32@src-537c58760dafe7fcc8a1d9bbcf00b6f6/tools/sdk/esp32s3/include/esp32-camera/conversions/include -I/home/franstein/.platformio/packages/framework-arduinoespressif32@src-537c58760dafe7fcc8a1d9bbcf00b6f6/tools/sdk/esp32s3/include/fb_gfx/include -I/home/franstein/.platformio/packages/framework-arduinoespressif32@src-537c58760dafe7fcc8a1d9bbcf00b6f6/tools/sdk/esp32s3/qio_opi/include -I/home/franstein/.platformio/packages/framework-arduinoespressif32@src-537c58760dafe7fcc8a1d9bbcf00b6f6/cores/esp32 -I/home/franstein/.platformio/packages/framework-arduinoespressif32@src-537c58760dafe7fcc8a1d9bbcf00b6f6/variants/esp32s3 /home/franstein/.platformio/packages/framework-arduinoespressif32@src-537c58760dafe7fcc8a1d9bbcf00b6f6/cores/esp32/WString.cpp
xtensa-esp32s3-elf-g++ -o .pio/build/esp32/FrameworkArduino/base64.cpp.o -c -std=gnu++11 -fexceptions -fno-rtti -Os -mlongcalls -ffunction-sections -fdata-sections -Wno-error=unused-function -Wno-error=unused-variable -Wno-error=deprecated-declarations -Wno-unused-parameter -Wno-sign-compare -ggdb -freorder-blocks -Wwrite-strings -fstack-protector -fstrict-volatile-bitfields -Wno-error=unused-but-set-variable -fno-jump-tables -fno-tree-switch-conversion -MMD -DPLATFORMIO=60107 -DBOARD_HAS_PSRAM -DARDUINO_USB_MODE=1 -DARDUINO_USB_CDC_ON_BOOT=1 -DHAVE_CONFIG_H -DMBEDTLS_CONFIG_FILE=\"mbedtls/esp_config.h\" -DUNITY_INCLUDE_CONFIG_H -DWITH_POSIX -D_GNU_SOURCE -DIDF_VER=\"v4.4.3\" -DESP_PLATFORM -D_POSIX_READER_WRITER_LOCKS -DARDUINO_ARCH_ESP32 -DESP32 -DF_CPU=240000000L -DARDUINO=10812 -DARDUINO_VARIANT=\"esp32s3\" "-DARDUINO_BOARD=\"LILYGO T3-S3\"" -DARDUINO_PARTITION_default -I/home/franstein/.platformio/packages/framework-arduinoespressif32@src-537c58760dafe7fcc8a1d9bbcf00b6f6/tools/sdk/esp32s3/include/newlib/platform_include -I/home/franstein/.platformio/packages/framework-arduinoespressif32@src-537c58760dafe7fcc8a1d9bbcf00b6f6/tools/sdk/esp32s3/include/freertos/include -I/home/franstein/.platformio/packages/framework-arduinoespressif32@src-537c58760dafe7fcc8a1d9bbcf00b6f6/tools/sdk/esp32s3/include/freertos/include/esp_additions/freertos -I/home/franstein/.platformio/packages/framework-arduinoespressif32@src-537c58760dafe7fcc8a1d9bbcf00b6f6/tools/sdk/esp32s3/include/freertos/port/xtensa/include -I/home/franstein/.platformio/packages/framework-arduinoespressif32@src-537c58760dafe7fcc8a1d9bbcf00b6f6/tools/sdk/esp32s3/include/freertos/include/esp_additions -I/home/franstein/.platformio/packages/framework-arduinoespressif32@src-537c58760dafe7fcc8a1d9bbcf00b6f6/tools/sdk/esp32s3/include/esp_hw_support/include -I/home/franstein/.platformio/packages/framework-arduinoespressif32@src-537c58760dafe7fcc8a1d9bbcf00b6f6/tools/sdk/esp32s3/include/esp_hw_support/include/soc -I/home/franstein/.platformio/packages/framework-arduinoespressif32@src-537c58760dafe7fcc8a1d9bbcf00b6f6/tools/sdk/esp32s3/include/esp_hw_support/include/soc/esp32s3 -I/home/franstein/.platformio/packages/framework-arduinoespressif32@src-537c58760dafe7fcc8a1d9bbcf00b6f6/tools/sdk/esp32s3/include/esp_hw_support/port/esp32s3 -I/home/franstein/.platformio/packages/framework-arduinoespressif32@src-537c58760dafe7fcc8a1d9bbcf00b6f6/tools/sdk/esp32s3/include/esp_hw_support/port/esp32s3/private_include -I/home/franstein/.platformio/packages/framework-arduinoespressif32@src-537c58760dafe7fcc8a1d9bbcf00b6f6/tools/sdk/esp32s3/include/heap/include -I/home/franstein/.platformio/packages/framework-arduinoespressif32@src-537c58760dafe7fcc8a1d9bbcf00b6f6/tools/sdk/esp32s3/include/log/include -I/home/franstein/.platformio/packages/framework-arduinoespressif32@src-537c58760dafe7fcc8a1d9bbcf00b6f6/tools/sdk/esp32s3/include/lwip/include/apps -I/home/franstein/.platformio/packages/framework-arduinoespressif32@src-537c58760dafe7fcc8a1d9bbcf00b6f6/tools/sdk/esp32s3/include/lwip/include/apps/sntp -I/home/franstein/.platformio/packages/framework-arduinoespressif32@src-537c58760dafe7fcc8a1d9bbcf00b6f6/tools/sdk/esp32s3/include/lwip/lwip/src/include -I/home/franstein/.platformio/packages/framework-arduinoespressif32@src-537c58760dafe7fcc8a1d9bbcf00b6f6/tools/sdk/esp32s3/include/lwip/port/esp32/include -I/home/franstein/.platformio/packages/framework-arduinoespressif32@src-537c58760dafe7fcc8a1d9bbcf00b6f6/tools/sdk/esp32s3/include/lwip/port/esp32/include/arch -I/home/franstein/.platformio/packages/framework-arduinoespressif32@src-537c58760dafe7fcc8a1d9bbcf00b6f6/tools/sdk/esp32s3/include/soc/include -I/home/franstein/.platformio/packages/framework-arduinoespressif32@src-537c58760dafe7fcc8a1d9bbcf00b6f6/tools/sdk/esp32s3/include/soc/esp32s3 -I/home/franstein/.platformio/packages/framework-arduinoespressif32@src-537c58760dafe7fcc8a1d9bbcf00b6f6/tools/sdk/esp32s3/include/soc/esp32s3/include -I/home/franstein/.platformio/packages/framework-arduinoespressif32@src-537c58760dafe7fcc8a1d9bbcf00b6f6/tools/sdk/esp32s3/include/hal/esp32s3/include -I/home/franstein/.platformio/packages/framework-arduinoespressif32@src-537c58760dafe7fcc8a1d9bbcf00b6f6/tools/sdk/esp32s3/include/hal/include -I/home/franstein/.platformio/packages/framework-arduinoespressif32@src-537c58760dafe7fcc8a1d9bbcf00b6f6/tools/sdk/esp32s3/include/hal/platform_port/include -I/home/franstein/.platformio/packages/framework-arduinoespressif32@src-537c58760dafe7fcc8a1d9bbcf00b6f6/tools/sdk/esp32s3/include/esp_rom/include -I/home/franstein/.platformio/packages/framework-arduinoespressif32@src-537c58760dafe7fcc8a1d9bbcf00b6f6/tools/sdk/esp32s3/include/esp_rom/include/esp32s3 -I/home/franstein/.platformio/packages/framework-arduinoespressif32@src-537c58760dafe7fcc8a1d9bbcf00b6f6/tools/sdk/esp32s3/include/esp_rom/esp32s3 -I/home/franstein/.platformio/packages/framework-arduinoespressif32@src-537c58760dafe7fcc8a1d9bbcf00b6f6/tools/sdk/esp32s3/include/esp_common/include -I/home/franstein/.platformio/packages/framework-arduinoespressif32@src-537c58760dafe7fcc8a1d9bbcf00b6f6/tools/sdk/esp32s3/include/esp_system/include -I/home/franstein/.platformio/packages/framework-arduinoespressif32@src-537c58760dafe7fcc8a1d9bbcf00b6f6/tools/sdk/esp32s3/include/esp_system/port/soc -I/home/franstein/.platformio/packages/framework-arduinoespressif32@src-537c58760dafe7fcc8a1d9bbcf00b6f6/tools/sdk/esp32s3/include/esp_system/port/public_compat -I/home/franstein/.platformio/packages/framework-arduinoespressif32@src-537c58760dafe7fcc8a1d9bbcf00b6f6/tools/sdk/esp32s3/include/xtensa/include -I/home/franstein/.platformio/packages/framework-arduinoespressif32@src-537c58760dafe7fcc8a1d9bbcf00b6f6/tools/sdk/esp32s3/include/xtensa/esp32s3/include -I/home/franstein/.platformio/packages/framework-arduinoespressif32@src-537c58760dafe7fcc8a1d9bbcf00b6f6/tools/sdk/esp32s3/include/driver/include -I/home/franstein/.platformio/packages/framework-arduinoespressif32@src-537c58760dafe7fcc8a1d9bbcf00b6f6/tools/sdk/esp32s3/include/driver/esp32s3/include -I/home/franstein/.platformio/packages/framework-arduinoespressif32@src-537c58760dafe7fcc8a1d9bbcf00b6f6/tools/sdk/esp32s3/include/esp_pm/include -I/home/franstein/.platformio/packages/framework-arduinoespressif32@src-537c58760dafe7fcc8a1d9bbcf00b6f6/tools/sdk/esp32s3/include/esp_ringbuf/include -I/home/franstein/.platformio/packages/framework-arduinoespressif32@src-537c58760dafe7fcc8a1d9bbcf00b6f6/tools/sdk/esp32s3/include/efuse/include -I/home/franstein/.platformio/packages/framework-arduinoespressif32@src-537c58760dafe7fcc8a1d9bbcf00b6f6/tools/sdk/esp32s3/include/efuse/esp32s3/include -I/home/franstein/.platformio/packages/framework-arduinoespressif32@src-537c58760dafe7fcc8a1d9bbcf00b6f6/tools/sdk/esp32s3/include/vfs/include -I/home/franstein/.platformio/packages/framework-arduinoespressif32@src-537c58760dafe7fcc8a1d9bbcf00b6f6/tools/sdk/esp32s3/include/esp_wifi/include -I/home/franstein/.platformio/packages/framework-arduinoespressif32@src-537c58760dafe7fcc8a1d9bbcf00b6f6/tools/sdk/esp32s3/include/esp_event/include -I/home/franstein/.platformio/packages/framework-arduinoespressif32@src-537c58760dafe7fcc8a1d9bbcf00b6f6/tools/sdk/esp32s3/include/esp_netif/include -I/home/franstein/.platformio/packages/framework-arduinoespressif32@src-537c58760dafe7fcc8a1d9bbcf00b6f6/tools/sdk/esp32s3/include/esp_eth/include -I/home/franstein/.platformio/packages/framework-arduinoespressif32@src-537c58760dafe7fcc8a1d9bbcf00b6f6/tools/sdk/esp32s3/include/tcpip_adapter/include -I/home/franstein/.platformio/packages/framework-arduinoespressif32@src-537c58760dafe7fcc8a1d9bbcf00b6f6/tools/sdk/esp32s3/include/esp_phy/include -I/home/franstein/.platformio/packages/framework-arduinoespressif32@src-537c58760dafe7fcc8a1d9bbcf00b6f6/tools/sdk/esp32s3/include/esp_phy/esp32s3/include -I/home/franstein/.platformio/packages/framework-arduinoespressif32@src-537c58760dafe7fcc8a1d9bbcf00b6f6/tools/sdk/esp32s3/include/esp_ipc/include -I/home/franstein/.platformio/packages/framework-arduinoespressif32@src-537c58760dafe7fcc8a1d9bbcf00b6f6/tools/sdk/esp32s3/include/app_trace/include -I/home/franstein/.platformio/packages/framework-arduinoespressif32@src-537c58760dafe7fcc8a1d9bbcf00b6f6/tools/sdk/esp32s3/include/esp_timer/include -I/home/franstein/.platformio/packages/framework-arduinoespressif32@src-537c58760dafe7fcc8a1d9bbcf00b6f6/tools/sdk/esp32s3/include/mbedtls/port/include -I/home/franstein/.platformio/packages/framework-arduinoespressif32@src-537c58760dafe7fcc8a1d9bbcf00b6f6/tools/sdk/esp32s3/include/mbedtls/mbedtls/include -I/home/franstein/.platformio/packages/framework-arduinoespressif32@src-537c58760dafe7fcc8a1d9bbcf00b6f6/tools/sdk/esp32s3/include/mbedtls/esp_crt_bundle/include -I/home/franstein/.platformio/packages/framework-arduinoespressif32@src-537c58760dafe7fcc8a1d9bbcf00b6f6/tools/sdk/esp32s3/include/app_update/include -I/home/franstein/.platformio/packages/framework-arduinoespressif32@src-537c58760dafe7fcc8a1d9bbcf00b6f6/tools/sdk/esp32s3/include/spi_flash/include -I/home/franstein/.platformio/packages/framework-arduinoespressif32@src-537c58760dafe7fcc8a1d9bbcf00b6f6/tools/sdk/esp32s3/include/bootloader_support/include -I/home/franstein/.platformio/packages/framework-arduinoespressif32@src-537c58760dafe7fcc8a1d9bbcf00b6f6/tools/sdk/esp32s3/include/nvs_flash/include -I/home/franstein/.platformio/packages/framework-arduinoespressif32@src-537c58760dafe7fcc8a1d9bbcf00b6f6/tools/sdk/esp32s3/include/pthread/include -I/home/franstein/.platformio/packages/framework-arduinoespressif32@src-537c58760dafe7fcc8a1d9bbcf00b6f6/tools/sdk/esp32s3/include/esp_gdbstub/include -I/home/franstein/.platformio/packages/framework-arduinoespressif32@src-537c58760dafe7fcc8a1d9bbcf00b6f6/tools/sdk/esp32s3/include/esp_gdbstub/xtensa -I/home/franstein/.platformio/packages/framework-arduinoespressif32@src-537c58760dafe7fcc8a1d9bbcf00b6f6/tools/sdk/esp32s3/include/esp_gdbstub/esp32s3 -I/home/franstein/.platformio/packages/framework-arduinoespressif32@src-537c58760dafe7fcc8a1d9bbcf00b6f6/tools/sdk/esp32s3/include/espcoredump/include -I/home/franstein/.platformio/packages/framework-arduinoespressif32@src-537c58760dafe7fcc8a1d9bbcf00b6f6/tools/sdk/esp32s3/include/espcoredump/include/port/xtensa -I/home/franstein/.platformio/packages/framework-arduinoespressif32@src-537c58760dafe7fcc8a1d9bbcf00b6f6/tools/sdk/esp32s3/include/wpa_supplicant/include -I/home/franstein/.platformio/packages/framework-arduinoespressif32@src-537c58760dafe7fcc8a1d9bbcf00b6f6/tools/sdk/esp32s3/include/wpa_supplicant/port/include -I/home/franstein/.platformio/packages/framework-arduinoespressif32@src-537c58760dafe7fcc8a1d9bbcf00b6f6/tools/sdk/esp32s3/include/wpa_supplicant/esp_supplicant/include -I/home/franstein/.platformio/packages/framework-arduinoespressif32@src-537c58760dafe7fcc8a1d9bbcf00b6f6/tools/sdk/esp32s3/include/ieee802154/include -I/home/franstein/.platformio/packages/framework-arduinoespressif32@src-537c58760dafe7fcc8a1d9bbcf00b6f6/tools/sdk/esp32s3/include/console -I/home/franstein/.platformio/packages/framework-arduinoespressif32@src-537c58760dafe7fcc8a1d9bbcf00b6f6/tools/sdk/esp32s3/include/asio/asio/asio/include -I/home/franstein/.platformio/packages/framework-arduinoespressif32@src-537c58760dafe7fcc8a1d9bbcf00b6f6/tools/sdk/esp32s3/include/asio/port/include -I/home/franstein/.platformio/packages/framework-arduinoespressif32@src-537c58760dafe7fcc8a1d9bbcf00b6f6/tools/sdk/esp32s3/include/bt/common/osi/include -I/home/franstein/.platformio/packages/framework-arduinoespressif32@src-537c58760dafe7fcc8a1d9bbcf00b6f6/tools/sdk/esp32s3/include/bt/include/esp32s3/include -I/home/franstein/.platformio/packages/framework-arduinoespressif32@src-537c58760dafe7fcc8a1d9bbcf00b6f6/tools/sdk/esp32s3/include/bt/common/api/include/api -I/home/franstein/.platformio/packages/framework-arduinoespressif32@src-537c58760dafe7fcc8a1d9bbcf00b6f6/tools/sdk/esp32s3/include/bt/common/btc/profile/esp/blufi/include -I/home/franstein/.platformio/packages/framework-arduinoespressif32@src-537c58760dafe7fcc8a1d9bbcf00b6f6/tools/sdk/esp32s3/include/bt/common/btc/profile/esp/include -I/home/franstein/.platformio/packages/framework-arduinoespressif32@src-537c58760dafe7fcc8a1d9bbcf00b6f6/tools/sdk/esp32s3/include/bt/host/bluedroid/api/include/api -I/home/franstein/.platformio/packages/framework-arduinoespressif32@src-537c58760dafe7fcc8a1d9bbcf00b6f6/tools/sdk/esp32s3/include/bt/esp_ble_mesh/mesh_common/include -I/home/franstein/.platformio/packages/framework-arduinoespressif32@src-537c58760dafe7fcc8a1d9bbcf00b6f6/tools/sdk/esp32s3/include/bt/esp_ble_mesh/mesh_common/tinycrypt/include -I/home/franstein/.platformio/packages/framework-arduinoespressif32@src-537c58760dafe7fcc8a1d9bbcf00b6f6/tools/sdk/esp32s3/include/bt/esp_ble_mesh/mesh_core -I/home/franstein/.platformio/packages/framework-arduinoespressif32@src-537c58760dafe7fcc8a1d9bbcf00b6f6/tools/sdk/esp32s3/include/bt/esp_ble_mesh/mesh_core/include -I/home/franstein/.platformio/packages/framework-arduinoespressif32@src-537c58760dafe7fcc8a1d9bbcf00b6f6/tools/sdk/esp32s3/include/bt/esp_ble_mesh/mesh_core/storage -I/home/franstein/.platformio/packages/framework-arduinoespressif32@src-537c58760dafe7fcc8a1d9bbcf00b6f6/tools/sdk/esp32s3/include/bt/esp_ble_mesh/btc/include -I/home/franstein/.platformio/packages/framework-arduinoespressif32@src-537c58760dafe7fcc8a1d9bbcf00b6f6/tools/sdk/esp32s3/include/bt/esp_ble_mesh/mesh_models/common/include -I/home/franstein/.platformio/packages/framework-arduinoespressif32@src-537c58760dafe7fcc8a1d9bbcf00b6f6/tools/sdk/esp32s3/include/bt/esp_ble_mesh/mesh_models/client/include -I/home/franstein/.platformio/packages/framework-arduinoespressif32@src-537c58760dafe7fcc8a1d9bbcf00b6f6/tools/sdk/esp32s3/include/bt/esp_ble_mesh/mesh_models/server/include -I/home/franstein/.platformio/packages/framework-arduinoespressif32@src-537c58760dafe7fcc8a1d9bbcf00b6f6/tools/sdk/esp32s3/include/bt/esp_ble_mesh/api/core/include -I/home/franstein/.platformio/packages/framework-arduinoespressif32@src-537c58760dafe7fcc8a1d9bbcf00b6f6/tools/sdk/esp32s3/include/bt/esp_ble_mesh/api/models/include -I/home/franstein/.platformio/packages/framework-arduinoespressif32@src-537c58760dafe7fcc8a1d9bbcf00b6f6/tools/sdk/esp32s3/include/bt/esp_ble_mesh/api -I/home/franstein/.platformio/packages/framework-arduinoespressif32@src-537c58760dafe7fcc8a1d9bbcf00b6f6/tools/sdk/esp32s3/include/cbor/port/include -I/home/franstein/.platformio/packages/framework-arduinoespressif32@src-537c58760dafe7fcc8a1d9bbcf00b6f6/tools/sdk/esp32s3/include/unity/include -I/home/franstein/.platformio/packages/framework-arduinoespressif32@src-537c58760dafe7fcc8a1d9bbcf00b6f6/tools/sdk/esp32s3/include/unity/unity/src -I/home/franstein/.platformio/packages/framework-arduinoespressif32@src-537c58760dafe7fcc8a1d9bbcf00b6f6/tools/sdk/esp32s3/include/cmock/CMock/src -I/home/franstein/.platformio/packages/framework-arduinoespressif32@src-537c58760dafe7fcc8a1d9bbcf00b6f6/tools/sdk/esp32s3/include/coap/port/include -I/home/franstein/.platformio/packages/framework-arduinoespressif32@src-537c58760dafe7fcc8a1d9bbcf00b6f6/tools/sdk/esp32s3/include/coap/libcoap/include -I/home/franstein/.platformio/packages/framework-arduinoespressif32@src-537c58760dafe7fcc8a1d9bbcf00b6f6/tools/sdk/esp32s3/include/nghttp/port/include -I/home/franstein/.platformio/packages/framework-arduinoespressif32@src-537c58760dafe7fcc8a1d9bbcf00b6f6/tools/sdk/esp32s3/include/nghttp/nghttp2/lib/includes -I/home/franstein/.platformio/packages/framework-arduinoespressif32@src-537c58760dafe7fcc8a1d9bbcf00b6f6/tools/sdk/esp32s3/include/esp-tls -I/home/franstein/.platformio/packages/framework-arduinoespressif32@src-537c58760dafe7fcc8a1d9bbcf00b6f6/tools/sdk/esp32s3/include/esp-tls/esp-tls-crypto -I/home/franstein/.platformio/packages/framework-arduinoespressif32@src-537c58760dafe7fcc8a1d9bbcf00b6f6/tools/sdk/esp32s3/include/esp_adc_cal/include -I/home/franstein/.platformio/packages/framework-arduinoespressif32@src-537c58760dafe7fcc8a1d9bbcf00b6f6/tools/sdk/esp32s3/include/esp_hid/include -I/home/franstein/.platformio/packages/framework-arduinoespressif32@src-537c58760dafe7fcc8a1d9bbcf00b6f6/tools/sdk/esp32s3/include/tcp_transport/include -I/home/franstein/.platformio/packages/framework-arduinoespressif32@src-537c58760dafe7fcc8a1d9bbcf00b6f6/tools/sdk/esp32s3/include/esp_http_client/include -I/home/franstein/.platformio/packages/framework-arduinoespressif32@src-537c58760dafe7fcc8a1d9bbcf00b6f6/tools/sdk/esp32s3/include/esp_http_server/include -I/home/franstein/.platformio/packages/framework-arduinoespressif32@src-537c58760dafe7fcc8a1d9bbcf00b6f6/tools/sdk/esp32s3/include/esp_https_ota/include -I/home/franstein/.platformio/packages/framework-arduinoespressif32@src-537c58760dafe7fcc8a1d9bbcf00b6f6/tools/sdk/esp32s3/include/esp_https_server/include -I/home/franstein/.platformio/packages/framework-arduinoespressif32@src-537c58760dafe7fcc8a1d9bbcf00b6f6/tools/sdk/esp32s3/include/esp_lcd/include -I/home/franstein/.platformio/packages/framework-arduinoespressif32@src-537c58760dafe7fcc8a1d9bbcf00b6f6/tools/sdk/esp32s3/include/esp_lcd/interface -I/home/franstein/.platformio/packages/framework-arduinoespressif32@src-537c58760dafe7fcc8a1d9bbcf00b6f6/tools/sdk/esp32s3/include/protobuf-c/protobuf-c -I/home/franstein/.platformio/packages/framework-arduinoespressif32@src-537c58760dafe7fcc8a1d9bbcf00b6f6/tools/sdk/esp32s3/include/protocomm/include/common -I/home/franstein/.platformio/packages/framework-arduinoespressif32@src-537c58760dafe7fcc8a1d9bbcf00b6f6/tools/sdk/esp32s3/include/protocomm/include/security -I/home/franstein/.platformio/packages/framework-arduinoespressif32@src-537c58760dafe7fcc8a1d9bbcf00b6f6/tools/sdk/esp32s3/include/protocomm/include/transports -I/home/franstein/.platformio/packages/framework-arduinoespressif32@src-537c58760dafe7fcc8a1d9bbcf00b6f6/tools/sdk/esp32s3/include/mdns/include -I/home/franstein/.platformio/packages/framework-arduinoespressif32@src-537c58760dafe7fcc8a1d9bbcf00b6f6/tools/sdk/esp32s3/include/esp_local_ctrl/include -I/home/franstein/.platformio/packages/framework-arduinoespressif32@src-537c58760dafe7fcc8a1d9bbcf00b6f6/tools/sdk/esp32s3/include/sdmmc/include -I/home/franstein/.platformio/packages/framework-arduinoespressif32@src-537c58760dafe7fcc8a1d9bbcf00b6f6/tools/sdk/esp32s3/include/esp_serial_slave_link/include -I/home/franstein/.platformio/packages/framework-arduinoespressif32@src-537c58760dafe7fcc8a1d9bbcf00b6f6/tools/sdk/esp32s3/include/esp_websocket_client/include -I/home/franstein/.platformio/packages/framework-arduinoespressif32@src-537c58760dafe7fcc8a1d9bbcf00b6f6/tools/sdk/esp32s3/include/expat/expat/expat/lib -I/home/franstein/.platformio/packages/framework-arduinoespressif32@src-537c58760dafe7fcc8a1d9bbcf00b6f6/tools/sdk/esp32s3/include/expat/port/include -I/home/franstein/.platformio/packages/framework-arduinoespressif32@src-537c58760dafe7fcc8a1d9bbcf00b6f6/tools/sdk/esp32s3/include/wear_levelling/include -I/home/franstein/.platformio/packages/framework-arduinoespressif32@src-537c58760dafe7fcc8a1d9bbcf00b6f6/tools/sdk/esp32s3/include/fatfs/diskio -I/home/franstein/.platformio/packages/framework-arduinoespressif32@src-537c58760dafe7fcc8a1d9bbcf00b6f6/tools/sdk/esp32s3/include/fatfs/vfs -I/home/franstein/.platformio/packages/framework-arduinoespressif32@src-537c58760dafe7fcc8a1d9bbcf00b6f6/tools/sdk/esp32s3/include/fatfs/src -I/home/franstein/.platformio/packages/framework-arduinoespressif32@src-537c58760dafe7fcc8a1d9bbcf00b6f6/tools/sdk/esp32s3/include/freemodbus/common/include -I/home/franstein/.platformio/packages/framework-arduinoespressif32@src-537c58760dafe7fcc8a1d9bbcf00b6f6/tools/sdk/esp32s3/include/idf_test/include -I/home/franstein/.platformio/packages/framework-arduinoespressif32@src-537c58760dafe7fcc8a1d9bbcf00b6f6/tools/sdk/esp32s3/include/idf_test/include/esp32s3 -I/home/franstein/.platformio/packages/framework-arduinoespressif32@src-537c58760dafe7fcc8a1d9bbcf00b6f6/tools/sdk/esp32s3/include/jsmn/include -I/home/franstein/.platformio/packages/framework-arduinoespressif32@src-537c58760dafe7fcc8a1d9bbcf00b6f6/tools/sdk/esp32s3/include/json/cJSON -I/home/franstein/.platformio/packages/framework-arduinoespressif32@src-537c58760dafe7fcc8a1d9bbcf00b6f6/tools/sdk/esp32s3/include/libsodium/libsodium/src/libsodium/include -I/home/franstein/.platformio/packages/framework-arduinoespressif32@src-537c58760dafe7fcc8a1d9bbcf00b6f6/tools/sdk/esp32s3/include/libsodium/port_include -I/home/franstein/.platformio/packages/framework-arduinoespressif32@src-537c58760dafe7fcc8a1d9bbcf00b6f6/tools/sdk/esp32s3/include/mqtt/esp-mqtt/include -I/home/franstein/.platformio/packages/framework-arduinoespressif32@src-537c58760dafe7fcc8a1d9bbcf00b6f6/tools/sdk/esp32s3/include/openssl/include -I/home/franstein/.platformio/packages/framework-arduinoespressif32@src-537c58760dafe7fcc8a1d9bbcf00b6f6/tools/sdk/esp32s3/include/perfmon/include -I/home/franstein/.platformio/packages/framework-arduinoespressif32@src-537c58760dafe7fcc8a1d9bbcf00b6f6/tools/sdk/esp32s3/include/spiffs/include -I/home/franstein/.platformio/packages/framework-arduinoespressif32@src-537c58760dafe7fcc8a1d9bbcf00b6f6/tools/sdk/esp32s3/include/usb/include -I/home/franstein/.platformio/packages/framework-arduinoespressif32@src-537c58760dafe7fcc8a1d9bbcf00b6f6/tools/sdk/esp32s3/include/ulp/include -I/home/franstein/.platformio/packages/framework-arduinoespressif32@src-537c58760dafe7fcc8a1d9bbcf00b6f6/tools/sdk/esp32s3/include/wifi_provisioning/include -I/home/franstein/.platformio/packages/framework-arduinoespressif32@src-537c58760dafe7fcc8a1d9bbcf00b6f6/tools/sdk/esp32s3/include/rmaker_common/include -I/home/franstein/.platformio/packages/framework-arduinoespressif32@src-537c58760dafe7fcc8a1d9bbcf00b6f6/tools/sdk/esp32s3/include/json_parser/upstream/include -I/home/franstein/.platformio/packages/framework-arduinoespressif32@src-537c58760dafe7fcc8a1d9bbcf00b6f6/tools/sdk/esp32s3/include/json_parser/upstream -I/home/franstein/.platformio/packages/framework-arduinoespressif32@src-537c58760dafe7fcc8a1d9bbcf00b6f6/tools/sdk/esp32s3/include/json_generator/upstream -I/home/franstein/.platformio/packages/framework-arduinoespressif32@src-537c58760dafe7fcc8a1d9bbcf00b6f6/tools/sdk/esp32s3/include/esp_schedule/include -I/home/franstein/.platformio/packages/framework-arduinoespressif32@src-537c58760dafe7fcc8a1d9bbcf00b6f6/tools/sdk/esp32s3/include/esp_rainmaker/include -I/home/franstein/.platformio/packages/framework-arduinoespressif32@src-537c58760dafe7fcc8a1d9bbcf00b6f6/tools/sdk/esp32s3/include/gpio_button/button/include -I/home/franstein/.platformio/packages/framework-arduinoespressif32@src-537c58760dafe7fcc8a1d9bbcf00b6f6/tools/sdk/esp32s3/include/qrcode/include -I/home/franstein/.platformio/packages/framework-arduinoespressif32@src-537c58760dafe7fcc8a1d9bbcf00b6f6/tools/sdk/esp32s3/include/ws2812_led -I/home/franstein/.platformio/packages/framework-arduinoespressif32@src-537c58760dafe7fcc8a1d9bbcf00b6f6/tools/sdk/esp32s3/include/esp_diagnostics/include -I/home/franstein/.platformio/packages/framework-arduinoespressif32@src-537c58760dafe7fcc8a1d9bbcf00b6f6/tools/sdk/esp32s3/include/rtc_store/include -I/home/franstein/.platformio/packages/framework-arduinoespressif32@src-537c58760dafe7fcc8a1d9bbcf00b6f6/tools/sdk/esp32s3/include/esp_insights/include -I/home/franstein/.platformio/packages/framework-arduinoespressif32@src-537c58760dafe7fcc8a1d9bbcf00b6f6/tools/sdk/esp32s3/include/esp-dsp/modules/dotprod/include -I/home/franstein/.platformio/packages/framework-arduinoespressif32@src-537c58760dafe7fcc8a1d9bbcf00b6f6/tools/sdk/esp32s3/include/esp-dsp/modules/support/include -I/home/franstein/.platformio/packages/framework-arduinoespressif32@src-537c58760dafe7fcc8a1d9bbcf00b6f6/tools/sdk/esp32s3/include/esp-dsp/modules/windows/include -I/home/franstein/.platformio/packages/framework-arduinoespressif32@src-537c58760dafe7fcc8a1d9bbcf00b6f6/tools/sdk/esp32s3/include/esp-dsp/modules/windows/hann/include -I/home/franstein/.platformio/packages/framework-arduinoespressif32@src-537c58760dafe7fcc8a1d9bbcf00b6f6/tools/sdk/esp32s3/include/esp-dsp/modules/windows/blackman/include -I/home/franstein/.platformio/packages/framework-arduinoespressif32@src-537c58760dafe7fcc8a1d9bbcf00b6f6/tools/sdk/esp32s3/include/esp-dsp/modules/windows/blackman_harris/include -I/home/franstein/.platformio/packages/framework-arduinoespressif32@src-537c58760dafe7fcc8a1d9bbcf00b6f6/tools/sdk/esp32s3/include/esp-dsp/modules/windows/blackman_nuttall/include -I/home/franstein/.platformio/packages/framework-arduinoespressif32@src-537c58760dafe7fcc8a1d9bbcf00b6f6/tools/sdk/esp32s3/include/esp-dsp/modules/windows/nuttall/include -I/home/franstein/.platformio/packages/framework-arduinoespressif32@src-537c58760dafe7fcc8a1d9bbcf00b6f6/tools/sdk/esp32s3/include/esp-dsp/modules/windows/flat_top/include -I/home/franstein/.platformio/packages/framework-arduinoespressif32@src-537c58760dafe7fcc8a1d9bbcf00b6f6/tools/sdk/esp32s3/include/esp-dsp/modules/iir/include -I/home/franstein/.platformio/packages/framework-arduinoespressif32@src-537c58760dafe7fcc8a1d9bbcf00b6f6/tools/sdk/esp32s3/include/esp-dsp/modules/fir/include -I/home/franstein/.platformio/packages/framework-arduinoespressif32@src-537c58760dafe7fcc8a1d9bbcf00b6f6/tools/sdk/esp32s3/include/esp-dsp/modules/math/include -I/home/franstein/.platformio/packages/framework-arduinoespressif32@src-537c58760dafe7fcc8a1d9bbcf00b6f6/tools/sdk/esp32s3/include/esp-dsp/modules/math/add/include -I/home/franstein/.platformio/packages/framework-arduinoespressif32@src-537c58760dafe7fcc8a1d9bbcf00b6f6/tools/sdk/esp32s3/include/esp-dsp/modules/math/sub/include -I/home/franstein/.platformio/packages/framework-arduinoespressif32@src-537c58760dafe7fcc8a1d9bbcf00b6f6/tools/sdk/esp32s3/include/esp-dsp/modules/math/mul/include -I/home/franstein/.platformio/packages/framework-arduinoespressif32@src-537c58760dafe7fcc8a1d9bbcf00b6f6/tools/sdk/esp32s3/include/esp-dsp/modules/math/addc/include -I/home/franstein/.platformio/packages/framework-arduinoespressif32@src-537c58760dafe7fcc8a1d9bbcf00b6f6/tools/sdk/esp32s3/include/esp-dsp/modules/math/mulc/include -I/home/franstein/.platformio/packages/framework-arduinoespressif32@src-537c58760dafe7fcc8a1d9bbcf00b6f6/tools/sdk/esp32s3/include/esp-dsp/modules/math/sqrt/include -I/home/franstein/.platformio/packages/framework-arduinoespressif32@src-537c58760dafe7fcc8a1d9bbcf00b6f6/tools/sdk/esp32s3/include/esp-dsp/modules/matrix/include -I/home/franstein/.platformio/packages/framework-arduinoespressif32@src-537c58760dafe7fcc8a1d9bbcf00b6f6/tools/sdk/esp32s3/include/esp-dsp/modules/fft/include -I/home/franstein/.platformio/packages/framework-arduinoespressif32@src-537c58760dafe7fcc8a1d9bbcf00b6f6/tools/sdk/esp32s3/include/esp-dsp/modules/dct/include -I/home/franstein/.platformio/packages/framework-arduinoespressif32@src-537c58760dafe7fcc8a1d9bbcf00b6f6/tools/sdk/esp32s3/include/esp-dsp/modules/conv/include -I/home/franstein/.platformio/packages/framework-arduinoespressif32@src-537c58760dafe7fcc8a1d9bbcf00b6f6/tools/sdk/esp32s3/include/esp-dsp/modules/common/include -I/home/franstein/.platformio/packages/framework-arduinoespressif32@src-537c58760dafe7fcc8a1d9bbcf00b6f6/tools/sdk/esp32s3/include/esp-dsp/modules/kalman/ekf/include -I/home/franstein/.platformio/packages/framework-arduinoespressif32@src-537c58760dafe7fcc8a1d9bbcf00b6f6/tools/sdk/esp32s3/include/esp-dsp/modules/kalman/ekf_imu13states/include -I/home/franstein/.platformio/packages/framework-arduinoespressif32@src-537c58760dafe7fcc8a1d9bbcf00b6f6/tools/sdk/esp32s3/include/freertos/include/freertos -I/home/franstein/.platformio/packages/framework-arduinoespressif32@src-537c58760dafe7fcc8a1d9bbcf00b6f6/tools/sdk/esp32s3/include/arduino_tinyusb/tinyusb/src -I/home/franstein/.platformio/packages/framework-arduinoespressif32@src-537c58760dafe7fcc8a1d9bbcf00b6f6/tools/sdk/esp32s3/include/arduino_tinyusb/include -I/home/franstein/.platformio/packages/framework-arduinoespressif32@src-537c58760dafe7fcc8a1d9bbcf00b6f6/tools/sdk/esp32s3/include/esp_littlefs/include -I/home/franstein/.platformio/packages/framework-arduinoespressif32@src-537c58760dafe7fcc8a1d9bbcf00b6f6/tools/sdk/esp32s3/include/esp-dl/include -I/home/franstein/.platformio/packages/framework-arduinoespressif32@src-537c58760dafe7fcc8a1d9bbcf00b6f6/tools/sdk/esp32s3/include/esp-dl/include/tool -I/home/franstein/.platformio/packages/framework-arduinoespressif32@src-537c58760dafe7fcc8a1d9bbcf00b6f6/tools/sdk/esp32s3/include/esp-dl/include/typedef -I/home/franstein/.platformio/packages/framework-arduinoespressif32@src-537c58760dafe7fcc8a1d9bbcf00b6f6/tools/sdk/esp32s3/include/esp-dl/include/image -I/home/franstein/.platformio/packages/framework-arduinoespressif32@src-537c58760dafe7fcc8a1d9bbcf00b6f6/tools/sdk/esp32s3/include/esp-dl/include/math -I/home/franstein/.platformio/packages/framework-arduinoespressif32@src-537c58760dafe7fcc8a1d9bbcf00b6f6/tools/sdk/esp32s3/include/esp-dl/include/nn -I/home/franstein/.platformio/packages/framework-arduinoespressif32@src-537c58760dafe7fcc8a1d9bbcf00b6f6/tools/sdk/esp32s3/include/esp-dl/include/layer -I/home/franstein/.platformio/packages/framework-arduinoespressif32@src-537c58760dafe7fcc8a1d9bbcf00b6f6/tools/sdk/esp32s3/include/esp-dl/include/detect -I/home/franstein/.platformio/packages/framework-arduinoespressif32@src-537c58760dafe7fcc8a1d9bbcf00b6f6/tools/sdk/esp32s3/include/esp-dl/include/model_zoo -I/home/franstein/.platformio/packages/framework-arduinoespressif32@src-537c58760dafe7fcc8a1d9bbcf00b6f6/tools/sdk/esp32s3/include/esp-sr/src/include -I/home/franstein/.platformio/packages/framework-arduinoespressif32@src-537c58760dafe7fcc8a1d9bbcf00b6f6/tools/sdk/esp32s3/include/esp-sr/esp-tts/esp_tts_chinese/include -I/home/franstein/.platformio/packages/framework-arduinoespressif32@src-537c58760dafe7fcc8a1d9bbcf00b6f6/tools/sdk/esp32s3/include/esp-sr/include/esp32s3 -I/home/franstein/.platformio/packages/framework-arduinoespressif32@src-537c58760dafe7fcc8a1d9bbcf00b6f6/tools/sdk/esp32s3/include/esp32-camera/driver/include -I/home/franstein/.platformio/packages/framework-arduinoespressif32@src-537c58760dafe7fcc8a1d9bbcf00b6f6/tools/sdk/esp32s3/include/esp32-camera/conversions/include -I/home/franstein/.platformio/packages/framework-arduinoespressif32@src-537c58760dafe7fcc8a1d9bbcf00b6f6/tools/sdk/esp32s3/include/fb_gfx/include -I/home/franstein/.platformio/packages/framework-arduinoespressif32@src-537c58760dafe7fcc8a1d9bbcf00b6f6/tools/sdk/esp32s3/qio_opi/include -I/home/franstein/.platformio/packages/framework-arduinoespressif32@src-537c58760dafe7fcc8a1d9bbcf00b6f6/cores/esp32 -I/home/franstein/.platformio/packages/framework-arduinoespressif32@src-537c58760dafe7fcc8a1d9bbcf00b6f6/variants/esp32s3 /home/franstein/.platformio/packages/framework-arduinoespressif32@src-537c58760dafe7fcc8a1d9bbcf00b6f6/cores/esp32/base64.cpp
xtensa-esp32s3-elf-g++ -o .pio/build/esp32/FrameworkArduino/cbuf.cpp.o -c -std=gnu++11 -fexceptions -fno-rtti -Os -mlongcalls -ffunction-sections -fdata-sections -Wno-error=unused-function -Wno-error=unused-variable -Wno-error=deprecated-declarations -Wno-unused-parameter -Wno-sign-compare -ggdb -freorder-blocks -Wwrite-strings -fstack-protector -fstrict-volatile-bitfields -Wno-error=unused-but-set-variable -fno-jump-tables -fno-tree-switch-conversion -MMD -DPLATFORMIO=60107 -DBOARD_HAS_PSRAM -DARDUINO_USB_MODE=1 -DARDUINO_USB_CDC_ON_BOOT=1 -DHAVE_CONFIG_H -DMBEDTLS_CONFIG_FILE=\"mbedtls/esp_config.h\" -DUNITY_INCLUDE_CONFIG_H -DWITH_POSIX -D_GNU_SOURCE -DIDF_VER=\"v4.4.3\" -DESP_PLATFORM -D_POSIX_READER_WRITER_LOCKS -DARDUINO_ARCH_ESP32 -DESP32 -DF_CPU=240000000L -DARDUINO=10812 -DARDUINO_VARIANT=\"esp32s3\" "-DARDUINO_BOARD=\"LILYGO T3-S3\"" -DARDUINO_PARTITION_default -I/home/franstein/.platformio/packages/framework-arduinoespressif32@src-537c58760dafe7fcc8a1d9bbcf00b6f6/tools/sdk/esp32s3/include/newlib/platform_include -I/home/franstein/.platformio/packages/framework-arduinoespressif32@src-537c58760dafe7fcc8a1d9bbcf00b6f6/tools/sdk/esp32s3/include/freertos/include -I/home/franstein/.platformio/packages/framework-arduinoespressif32@src-537c58760dafe7fcc8a1d9bbcf00b6f6/tools/sdk/esp32s3/include/freertos/include/esp_additions/freertos -I/home/franstein/.platformio/packages/framework-arduinoespressif32@src-537c58760dafe7fcc8a1d9bbcf00b6f6/tools/sdk/esp32s3/include/freertos/port/xtensa/include -I/home/franstein/.platformio/packages/framework-arduinoespressif32@src-537c58760dafe7fcc8a1d9bbcf00b6f6/tools/sdk/esp32s3/include/freertos/include/esp_additions -I/home/franstein/.platformio/packages/framework-arduinoespressif32@src-537c58760dafe7fcc8a1d9bbcf00b6f6/tools/sdk/esp32s3/include/esp_hw_support/include -I/home/franstein/.platformio/packages/framework-arduinoespressif32@src-537c58760dafe7fcc8a1d9bbcf00b6f6/tools/sdk/esp32s3/include/esp_hw_support/include/soc -I/home/franstein/.platformio/packages/framework-arduinoespressif32@src-537c58760dafe7fcc8a1d9bbcf00b6f6/tools/sdk/esp32s3/include/esp_hw_support/include/soc/esp32s3 -I/home/franstein/.platformio/packages/framework-arduinoespressif32@src-537c58760dafe7fcc8a1d9bbcf00b6f6/tools/sdk/esp32s3/include/esp_hw_support/port/esp32s3 -I/home/franstein/.platformio/packages/framework-arduinoespressif32@src-537c58760dafe7fcc8a1d9bbcf00b6f6/tools/sdk/esp32s3/include/esp_hw_support/port/esp32s3/private_include -I/home/franstein/.platformio/packages/framework-arduinoespressif32@src-537c58760dafe7fcc8a1d9bbcf00b6f6/tools/sdk/esp32s3/include/heap/include -I/home/franstein/.platformio/packages/framework-arduinoespressif32@src-537c58760dafe7fcc8a1d9bbcf00b6f6/tools/sdk/esp32s3/include/log/include -I/home/franstein/.platformio/packages/framework-arduinoespressif32@src-537c58760dafe7fcc8a1d9bbcf00b6f6/tools/sdk/esp32s3/include/lwip/include/apps -I/home/franstein/.platformio/packages/framework-arduinoespressif32@src-537c58760dafe7fcc8a1d9bbcf00b6f6/tools/sdk/esp32s3/include/lwip/include/apps/sntp -I/home/franstein/.platformio/packages/framework-arduinoespressif32@src-537c58760dafe7fcc8a1d9bbcf00b6f6/tools/sdk/esp32s3/include/lwip/lwip/src/include -I/home/franstein/.platformio/packages/framework-arduinoespressif32@src-537c58760dafe7fcc8a1d9bbcf00b6f6/tools/sdk/esp32s3/include/lwip/port/esp32/include -I/home/franstein/.platformio/packages/framework-arduinoespressif32@src-537c58760dafe7fcc8a1d9bbcf00b6f6/tools/sdk/esp32s3/include/lwip/port/esp32/include/arch -I/home/franstein/.platformio/packages/framework-arduinoespressif32@src-537c58760dafe7fcc8a1d9bbcf00b6f6/tools/sdk/esp32s3/include/soc/include -I/home/franstein/.platformio/packages/framework-arduinoespressif32@src-537c58760dafe7fcc8a1d9bbcf00b6f6/tools/sdk/esp32s3/include/soc/esp32s3 -I/home/franstein/.platformio/packages/framework-arduinoespressif32@src-537c58760dafe7fcc8a1d9bbcf00b6f6/tools/sdk/esp32s3/include/soc/esp32s3/include -I/home/franstein/.platformio/packages/framework-arduinoespressif32@src-537c58760dafe7fcc8a1d9bbcf00b6f6/tools/sdk/esp32s3/include/hal/esp32s3/include -I/home/franstein/.platformio/packages/framework-arduinoespressif32@src-537c58760dafe7fcc8a1d9bbcf00b6f6/tools/sdk/esp32s3/include/hal/include -I/home/franstein/.platformio/packages/framework-arduinoespressif32@src-537c58760dafe7fcc8a1d9bbcf00b6f6/tools/sdk/esp32s3/include/hal/platform_port/include -I/home/franstein/.platformio/packages/framework-arduinoespressif32@src-537c58760dafe7fcc8a1d9bbcf00b6f6/tools/sdk/esp32s3/include/esp_rom/include -I/home/franstein/.platformio/packages/framework-arduinoespressif32@src-537c58760dafe7fcc8a1d9bbcf00b6f6/tools/sdk/esp32s3/include/esp_rom/include/esp32s3 -I/home/franstein/.platformio/packages/framework-arduinoespressif32@src-537c58760dafe7fcc8a1d9bbcf00b6f6/tools/sdk/esp32s3/include/esp_rom/esp32s3 -I/home/franstein/.platformio/packages/framework-arduinoespressif32@src-537c58760dafe7fcc8a1d9bbcf00b6f6/tools/sdk/esp32s3/include/esp_common/include -I/home/franstein/.platformio/packages/framework-arduinoespressif32@src-537c58760dafe7fcc8a1d9bbcf00b6f6/tools/sdk/esp32s3/include/esp_system/include -I/home/franstein/.platformio/packages/framework-arduinoespressif32@src-537c58760dafe7fcc8a1d9bbcf00b6f6/tools/sdk/esp32s3/include/esp_system/port/soc -I/home/franstein/.platformio/packages/framework-arduinoespressif32@src-537c58760dafe7fcc8a1d9bbcf00b6f6/tools/sdk/esp32s3/include/esp_system/port/public_compat -I/home/franstein/.platformio/packages/framework-arduinoespressif32@src-537c58760dafe7fcc8a1d9bbcf00b6f6/tools/sdk/esp32s3/include/xtensa/include -I/home/franstein/.platformio/packages/framework-arduinoespressif32@src-537c58760dafe7fcc8a1d9bbcf00b6f6/tools/sdk/esp32s3/include/xtensa/esp32s3/include -I/home/franstein/.platformio/packages/framework-arduinoespressif32@src-537c58760dafe7fcc8a1d9bbcf00b6f6/tools/sdk/esp32s3/include/driver/include -I/home/franstein/.platformio/packages/framework-arduinoespressif32@src-537c58760dafe7fcc8a1d9bbcf00b6f6/tools/sdk/esp32s3/include/driver/esp32s3/include -I/home/franstein/.platformio/packages/framework-arduinoespressif32@src-537c58760dafe7fcc8a1d9bbcf00b6f6/tools/sdk/esp32s3/include/esp_pm/include -I/home/franstein/.platformio/packages/framework-arduinoespressif32@src-537c58760dafe7fcc8a1d9bbcf00b6f6/tools/sdk/esp32s3/include/esp_ringbuf/include -I/home/franstein/.platformio/packages/framework-arduinoespressif32@src-537c58760dafe7fcc8a1d9bbcf00b6f6/tools/sdk/esp32s3/include/efuse/include -I/home/franstein/.platformio/packages/framework-arduinoespressif32@src-537c58760dafe7fcc8a1d9bbcf00b6f6/tools/sdk/esp32s3/include/efuse/esp32s3/include -I/home/franstein/.platformio/packages/framework-arduinoespressif32@src-537c58760dafe7fcc8a1d9bbcf00b6f6/tools/sdk/esp32s3/include/vfs/include -I/home/franstein/.platformio/packages/framework-arduinoespressif32@src-537c58760dafe7fcc8a1d9bbcf00b6f6/tools/sdk/esp32s3/include/esp_wifi/include -I/home/franstein/.platformio/packages/framework-arduinoespressif32@src-537c58760dafe7fcc8a1d9bbcf00b6f6/tools/sdk/esp32s3/include/esp_event/include -I/home/franstein/.platformio/packages/framework-arduinoespressif32@src-537c58760dafe7fcc8a1d9bbcf00b6f6/tools/sdk/esp32s3/include/esp_netif/include -I/home/franstein/.platformio/packages/framework-arduinoespressif32@src-537c58760dafe7fcc8a1d9bbcf00b6f6/tools/sdk/esp32s3/include/esp_eth/include -I/home/franstein/.platformio/packages/framework-arduinoespressif32@src-537c58760dafe7fcc8a1d9bbcf00b6f6/tools/sdk/esp32s3/include/tcpip_adapter/include -I/home/franstein/.platformio/packages/framework-arduinoespressif32@src-537c58760dafe7fcc8a1d9bbcf00b6f6/tools/sdk/esp32s3/include/esp_phy/include -I/home/franstein/.platformio/packages/framework-arduinoespressif32@src-537c58760dafe7fcc8a1d9bbcf00b6f6/tools/sdk/esp32s3/include/esp_phy/esp32s3/include -I/home/franstein/.platformio/packages/framework-arduinoespressif32@src-537c58760dafe7fcc8a1d9bbcf00b6f6/tools/sdk/esp32s3/include/esp_ipc/include -I/home/franstein/.platformio/packages/framework-arduinoespressif32@src-537c58760dafe7fcc8a1d9bbcf00b6f6/tools/sdk/esp32s3/include/app_trace/include -I/home/franstein/.platformio/packages/framework-arduinoespressif32@src-537c58760dafe7fcc8a1d9bbcf00b6f6/tools/sdk/esp32s3/include/esp_timer/include -I/home/franstein/.platformio/packages/framework-arduinoespressif32@src-537c58760dafe7fcc8a1d9bbcf00b6f6/tools/sdk/esp32s3/include/mbedtls/port/include -I/home/franstein/.platformio/packages/framework-arduinoespressif32@src-537c58760dafe7fcc8a1d9bbcf00b6f6/tools/sdk/esp32s3/include/mbedtls/mbedtls/include -I/home/franstein/.platformio/packages/framework-arduinoespressif32@src-537c58760dafe7fcc8a1d9bbcf00b6f6/tools/sdk/esp32s3/include/mbedtls/esp_crt_bundle/include -I/home/franstein/.platformio/packages/framework-arduinoespressif32@src-537c58760dafe7fcc8a1d9bbcf00b6f6/tools/sdk/esp32s3/include/app_update/include -I/home/franstein/.platformio/packages/framework-arduinoespressif32@src-537c58760dafe7fcc8a1d9bbcf00b6f6/tools/sdk/esp32s3/include/spi_flash/include -I/home/franstein/.platformio/packages/framework-arduinoespressif32@src-537c58760dafe7fcc8a1d9bbcf00b6f6/tools/sdk/esp32s3/include/bootloader_support/include -I/home/franstein/.platformio/packages/framework-arduinoespressif32@src-537c58760dafe7fcc8a1d9bbcf00b6f6/tools/sdk/esp32s3/include/nvs_flash/include -I/home/franstein/.platformio/packages/framework-arduinoespressif32@src-537c58760dafe7fcc8a1d9bbcf00b6f6/tools/sdk/esp32s3/include/pthread/include -I/home/franstein/.platformio/packages/framework-arduinoespressif32@src-537c58760dafe7fcc8a1d9bbcf00b6f6/tools/sdk/esp32s3/include/esp_gdbstub/include -I/home/franstein/.platformio/packages/framework-arduinoespressif32@src-537c58760dafe7fcc8a1d9bbcf00b6f6/tools/sdk/esp32s3/include/esp_gdbstub/xtensa -I/home/franstein/.platformio/packages/framework-arduinoespressif32@src-537c58760dafe7fcc8a1d9bbcf00b6f6/tools/sdk/esp32s3/include/esp_gdbstub/esp32s3 -I/home/franstein/.platformio/packages/framework-arduinoespressif32@src-537c58760dafe7fcc8a1d9bbcf00b6f6/tools/sdk/esp32s3/include/espcoredump/include -I/home/franstein/.platformio/packages/framework-arduinoespressif32@src-537c58760dafe7fcc8a1d9bbcf00b6f6/tools/sdk/esp32s3/include/espcoredump/include/port/xtensa -I/home/franstein/.platformio/packages/framework-arduinoespressif32@src-537c58760dafe7fcc8a1d9bbcf00b6f6/tools/sdk/esp32s3/include/wpa_supplicant/include -I/home/franstein/.platformio/packages/framework-arduinoespressif32@src-537c58760dafe7fcc8a1d9bbcf00b6f6/tools/sdk/esp32s3/include/wpa_supplicant/port/include -I/home/franstein/.platformio/packages/framework-arduinoespressif32@src-537c58760dafe7fcc8a1d9bbcf00b6f6/tools/sdk/esp32s3/include/wpa_supplicant/esp_supplicant/include -I/home/franstein/.platformio/packages/framework-arduinoespressif32@src-537c58760dafe7fcc8a1d9bbcf00b6f6/tools/sdk/esp32s3/include/ieee802154/include -I/home/franstein/.platformio/packages/framework-arduinoespressif32@src-537c58760dafe7fcc8a1d9bbcf00b6f6/tools/sdk/esp32s3/include/console -I/home/franstein/.platformio/packages/framework-arduinoespressif32@src-537c58760dafe7fcc8a1d9bbcf00b6f6/tools/sdk/esp32s3/include/asio/asio/asio/include -I/home/franstein/.platformio/packages/framework-arduinoespressif32@src-537c58760dafe7fcc8a1d9bbcf00b6f6/tools/sdk/esp32s3/include/asio/port/include -I/home/franstein/.platformio/packages/framework-arduinoespressif32@src-537c58760dafe7fcc8a1d9bbcf00b6f6/tools/sdk/esp32s3/include/bt/common/osi/include -I/home/franstein/.platformio/packages/framework-arduinoespressif32@src-537c58760dafe7fcc8a1d9bbcf00b6f6/tools/sdk/esp32s3/include/bt/include/esp32s3/include -I/home/franstein/.platformio/packages/framework-arduinoespressif32@src-537c58760dafe7fcc8a1d9bbcf00b6f6/tools/sdk/esp32s3/include/bt/common/api/include/api -I/home/franstein/.platformio/packages/framework-arduinoespressif32@src-537c58760dafe7fcc8a1d9bbcf00b6f6/tools/sdk/esp32s3/include/bt/common/btc/profile/esp/blufi/include -I/home/franstein/.platformio/packages/framework-arduinoespressif32@src-537c58760dafe7fcc8a1d9bbcf00b6f6/tools/sdk/esp32s3/include/bt/common/btc/profile/esp/include -I/home/franstein/.platformio/packages/framework-arduinoespressif32@src-537c58760dafe7fcc8a1d9bbcf00b6f6/tools/sdk/esp32s3/include/bt/host/bluedroid/api/include/api -I/home/franstein/.platformio/packages/framework-arduinoespressif32@src-537c58760dafe7fcc8a1d9bbcf00b6f6/tools/sdk/esp32s3/include/bt/esp_ble_mesh/mesh_common/include -I/home/franstein/.platformio/packages/framework-arduinoespressif32@src-537c58760dafe7fcc8a1d9bbcf00b6f6/tools/sdk/esp32s3/include/bt/esp_ble_mesh/mesh_common/tinycrypt/include -I/home/franstein/.platformio/packages/framework-arduinoespressif32@src-537c58760dafe7fcc8a1d9bbcf00b6f6/tools/sdk/esp32s3/include/bt/esp_ble_mesh/mesh_core -I/home/franstein/.platformio/packages/framework-arduinoespressif32@src-537c58760dafe7fcc8a1d9bbcf00b6f6/tools/sdk/esp32s3/include/bt/esp_ble_mesh/mesh_core/include -I/home/franstein/.platformio/packages/framework-arduinoespressif32@src-537c58760dafe7fcc8a1d9bbcf00b6f6/tools/sdk/esp32s3/include/bt/esp_ble_mesh/mesh_core/storage -I/home/franstein/.platformio/packages/framework-arduinoespressif32@src-537c58760dafe7fcc8a1d9bbcf00b6f6/tools/sdk/esp32s3/include/bt/esp_ble_mesh/btc/include -I/home/franstein/.platformio/packages/framework-arduinoespressif32@src-537c58760dafe7fcc8a1d9bbcf00b6f6/tools/sdk/esp32s3/include/bt/esp_ble_mesh/mesh_models/common/include -I/home/franstein/.platformio/packages/framework-arduinoespressif32@src-537c58760dafe7fcc8a1d9bbcf00b6f6/tools/sdk/esp32s3/include/bt/esp_ble_mesh/mesh_models/client/include -I/home/franstein/.platformio/packages/framework-arduinoespressif32@src-537c58760dafe7fcc8a1d9bbcf00b6f6/tools/sdk/esp32s3/include/bt/esp_ble_mesh/mesh_models/server/include -I/home/franstein/.platformio/packages/framework-arduinoespressif32@src-537c58760dafe7fcc8a1d9bbcf00b6f6/tools/sdk/esp32s3/include/bt/esp_ble_mesh/api/core/include -I/home/franstein/.platformio/packages/framework-arduinoespressif32@src-537c58760dafe7fcc8a1d9bbcf00b6f6/tools/sdk/esp32s3/include/bt/esp_ble_mesh/api/models/include -I/home/franstein/.platformio/packages/framework-arduinoespressif32@src-537c58760dafe7fcc8a1d9bbcf00b6f6/tools/sdk/esp32s3/include/bt/esp_ble_mesh/api -I/home/franstein/.platformio/packages/framework-arduinoespressif32@src-537c58760dafe7fcc8a1d9bbcf00b6f6/tools/sdk/esp32s3/include/cbor/port/include -I/home/franstein/.platformio/packages/framework-arduinoespressif32@src-537c58760dafe7fcc8a1d9bbcf00b6f6/tools/sdk/esp32s3/include/unity/include -I/home/franstein/.platformio/packages/framework-arduinoespressif32@src-537c58760dafe7fcc8a1d9bbcf00b6f6/tools/sdk/esp32s3/include/unity/unity/src -I/home/franstein/.platformio/packages/framework-arduinoespressif32@src-537c58760dafe7fcc8a1d9bbcf00b6f6/tools/sdk/esp32s3/include/cmock/CMock/src -I/home/franstein/.platformio/packages/framework-arduinoespressif32@src-537c58760dafe7fcc8a1d9bbcf00b6f6/tools/sdk/esp32s3/include/coap/port/include -I/home/franstein/.platformio/packages/framework-arduinoespressif32@src-537c58760dafe7fcc8a1d9bbcf00b6f6/tools/sdk/esp32s3/include/coap/libcoap/include -I/home/franstein/.platformio/packages/framework-arduinoespressif32@src-537c58760dafe7fcc8a1d9bbcf00b6f6/tools/sdk/esp32s3/include/nghttp/port/include -I/home/franstein/.platformio/packages/framework-arduinoespressif32@src-537c58760dafe7fcc8a1d9bbcf00b6f6/tools/sdk/esp32s3/include/nghttp/nghttp2/lib/includes -I/home/franstein/.platformio/packages/framework-arduinoespressif32@src-537c58760dafe7fcc8a1d9bbcf00b6f6/tools/sdk/esp32s3/include/esp-tls -I/home/franstein/.platformio/packages/framework-arduinoespressif32@src-537c58760dafe7fcc8a1d9bbcf00b6f6/tools/sdk/esp32s3/include/esp-tls/esp-tls-crypto -I/home/franstein/.platformio/packages/framework-arduinoespressif32@src-537c58760dafe7fcc8a1d9bbcf00b6f6/tools/sdk/esp32s3/include/esp_adc_cal/include -I/home/franstein/.platformio/packages/framework-arduinoespressif32@src-537c58760dafe7fcc8a1d9bbcf00b6f6/tools/sdk/esp32s3/include/esp_hid/include -I/home/franstein/.platformio/packages/framework-arduinoespressif32@src-537c58760dafe7fcc8a1d9bbcf00b6f6/tools/sdk/esp32s3/include/tcp_transport/include -I/home/franstein/.platformio/packages/framework-arduinoespressif32@src-537c58760dafe7fcc8a1d9bbcf00b6f6/tools/sdk/esp32s3/include/esp_http_client/include -I/home/franstein/.platformio/packages/framework-arduinoespressif32@src-537c58760dafe7fcc8a1d9bbcf00b6f6/tools/sdk/esp32s3/include/esp_http_server/include -I/home/franstein/.platformio/packages/framework-arduinoespressif32@src-537c58760dafe7fcc8a1d9bbcf00b6f6/tools/sdk/esp32s3/include/esp_https_ota/include -I/home/franstein/.platformio/packages/framework-arduinoespressif32@src-537c58760dafe7fcc8a1d9bbcf00b6f6/tools/sdk/esp32s3/include/esp_https_server/include -I/home/franstein/.platformio/packages/framework-arduinoespressif32@src-537c58760dafe7fcc8a1d9bbcf00b6f6/tools/sdk/esp32s3/include/esp_lcd/include -I/home/franstein/.platformio/packages/framework-arduinoespressif32@src-537c58760dafe7fcc8a1d9bbcf00b6f6/tools/sdk/esp32s3/include/esp_lcd/interface -I/home/franstein/.platformio/packages/framework-arduinoespressif32@src-537c58760dafe7fcc8a1d9bbcf00b6f6/tools/sdk/esp32s3/include/protobuf-c/protobuf-c -I/home/franstein/.platformio/packages/framework-arduinoespressif32@src-537c58760dafe7fcc8a1d9bbcf00b6f6/tools/sdk/esp32s3/include/protocomm/include/common -I/home/franstein/.platformio/packages/framework-arduinoespressif32@src-537c58760dafe7fcc8a1d9bbcf00b6f6/tools/sdk/esp32s3/include/protocomm/include/security -I/home/franstein/.platformio/packages/framework-arduinoespressif32@src-537c58760dafe7fcc8a1d9bbcf00b6f6/tools/sdk/esp32s3/include/protocomm/include/transports -I/home/franstein/.platformio/packages/framework-arduinoespressif32@src-537c58760dafe7fcc8a1d9bbcf00b6f6/tools/sdk/esp32s3/include/mdns/include -I/home/franstein/.platformio/packages/framework-arduinoespressif32@src-537c58760dafe7fcc8a1d9bbcf00b6f6/tools/sdk/esp32s3/include/esp_local_ctrl/include -I/home/franstein/.platformio/packages/framework-arduinoespressif32@src-537c58760dafe7fcc8a1d9bbcf00b6f6/tools/sdk/esp32s3/include/sdmmc/include -I/home/franstein/.platformio/packages/framework-arduinoespressif32@src-537c58760dafe7fcc8a1d9bbcf00b6f6/tools/sdk/esp32s3/include/esp_serial_slave_link/include -I/home/franstein/.platformio/packages/framework-arduinoespressif32@src-537c58760dafe7fcc8a1d9bbcf00b6f6/tools/sdk/esp32s3/include/esp_websocket_client/include -I/home/franstein/.platformio/packages/framework-arduinoespressif32@src-537c58760dafe7fcc8a1d9bbcf00b6f6/tools/sdk/esp32s3/include/expat/expat/expat/lib -I/home/franstein/.platformio/packages/framework-arduinoespressif32@src-537c58760dafe7fcc8a1d9bbcf00b6f6/tools/sdk/esp32s3/include/expat/port/include -I/home/franstein/.platformio/packages/framework-arduinoespressif32@src-537c58760dafe7fcc8a1d9bbcf00b6f6/tools/sdk/esp32s3/include/wear_levelling/include -I/home/franstein/.platformio/packages/framework-arduinoespressif32@src-537c58760dafe7fcc8a1d9bbcf00b6f6/tools/sdk/esp32s3/include/fatfs/diskio -I/home/franstein/.platformio/packages/framework-arduinoespressif32@src-537c58760dafe7fcc8a1d9bbcf00b6f6/tools/sdk/esp32s3/include/fatfs/vfs -I/home/franstein/.platformio/packages/framework-arduinoespressif32@src-537c58760dafe7fcc8a1d9bbcf00b6f6/tools/sdk/esp32s3/include/fatfs/src -I/home/franstein/.platformio/packages/framework-arduinoespressif32@src-537c58760dafe7fcc8a1d9bbcf00b6f6/tools/sdk/esp32s3/include/freemodbus/common/include -I/home/franstein/.platformio/packages/framework-arduinoespressif32@src-537c58760dafe7fcc8a1d9bbcf00b6f6/tools/sdk/esp32s3/include/idf_test/include -I/home/franstein/.platformio/packages/framework-arduinoespressif32@src-537c58760dafe7fcc8a1d9bbcf00b6f6/tools/sdk/esp32s3/include/idf_test/include/esp32s3 -I/home/franstein/.platformio/packages/framework-arduinoespressif32@src-537c58760dafe7fcc8a1d9bbcf00b6f6/tools/sdk/esp32s3/include/jsmn/include -I/home/franstein/.platformio/packages/framework-arduinoespressif32@src-537c58760dafe7fcc8a1d9bbcf00b6f6/tools/sdk/esp32s3/include/json/cJSON -I/home/franstein/.platformio/packages/framework-arduinoespressif32@src-537c58760dafe7fcc8a1d9bbcf00b6f6/tools/sdk/esp32s3/include/libsodium/libsodium/src/libsodium/include -I/home/franstein/.platformio/packages/framework-arduinoespressif32@src-537c58760dafe7fcc8a1d9bbcf00b6f6/tools/sdk/esp32s3/include/libsodium/port_include -I/home/franstein/.platformio/packages/framework-arduinoespressif32@src-537c58760dafe7fcc8a1d9bbcf00b6f6/tools/sdk/esp32s3/include/mqtt/esp-mqtt/include -I/home/franstein/.platformio/packages/framework-arduinoespressif32@src-537c58760dafe7fcc8a1d9bbcf00b6f6/tools/sdk/esp32s3/include/openssl/include -I/home/franstein/.platformio/packages/framework-arduinoespressif32@src-537c58760dafe7fcc8a1d9bbcf00b6f6/tools/sdk/esp32s3/include/perfmon/include -I/home/franstein/.platformio/packages/framework-arduinoespressif32@src-537c58760dafe7fcc8a1d9bbcf00b6f6/tools/sdk/esp32s3/include/spiffs/include -I/home/franstein/.platformio/packages/framework-arduinoespressif32@src-537c58760dafe7fcc8a1d9bbcf00b6f6/tools/sdk/esp32s3/include/usb/include -I/home/franstein/.platformio/packages/framework-arduinoespressif32@src-537c58760dafe7fcc8a1d9bbcf00b6f6/tools/sdk/esp32s3/include/ulp/include -I/home/franstein/.platformio/packages/framework-arduinoespressif32@src-537c58760dafe7fcc8a1d9bbcf00b6f6/tools/sdk/esp32s3/include/wifi_provisioning/include -I/home/franstein/.platformio/packages/framework-arduinoespressif32@src-537c58760dafe7fcc8a1d9bbcf00b6f6/tools/sdk/esp32s3/include/rmaker_common/include -I/home/franstein/.platformio/packages/framework-arduinoespressif32@src-537c58760dafe7fcc8a1d9bbcf00b6f6/tools/sdk/esp32s3/include/json_parser/upstream/include -I/home/franstein/.platformio/packages/framework-arduinoespressif32@src-537c58760dafe7fcc8a1d9bbcf00b6f6/tools/sdk/esp32s3/include/json_parser/upstream -I/home/franstein/.platformio/packages/framework-arduinoespressif32@src-537c58760dafe7fcc8a1d9bbcf00b6f6/tools/sdk/esp32s3/include/json_generator/upstream -I/home/franstein/.platformio/packages/framework-arduinoespressif32@src-537c58760dafe7fcc8a1d9bbcf00b6f6/tools/sdk/esp32s3/include/esp_schedule/include -I/home/franstein/.platformio/packages/framework-arduinoespressif32@src-537c58760dafe7fcc8a1d9bbcf00b6f6/tools/sdk/esp32s3/include/esp_rainmaker/include -I/home/franstein/.platformio/packages/framework-arduinoespressif32@src-537c58760dafe7fcc8a1d9bbcf00b6f6/tools/sdk/esp32s3/include/gpio_button/button/include -I/home/franstein/.platformio/packages/framework-arduinoespressif32@src-537c58760dafe7fcc8a1d9bbcf00b6f6/tools/sdk/esp32s3/include/qrcode/include -I/home/franstein/.platformio/packages/framework-arduinoespressif32@src-537c58760dafe7fcc8a1d9bbcf00b6f6/tools/sdk/esp32s3/include/ws2812_led -I/home/franstein/.platformio/packages/framework-arduinoespressif32@src-537c58760dafe7fcc8a1d9bbcf00b6f6/tools/sdk/esp32s3/include/esp_diagnostics/include -I/home/franstein/.platformio/packages/framework-arduinoespressif32@src-537c58760dafe7fcc8a1d9bbcf00b6f6/tools/sdk/esp32s3/include/rtc_store/include -I/home/franstein/.platformio/packages/framework-arduinoespressif32@src-537c58760dafe7fcc8a1d9bbcf00b6f6/tools/sdk/esp32s3/include/esp_insights/include -I/home/franstein/.platformio/packages/framework-arduinoespressif32@src-537c58760dafe7fcc8a1d9bbcf00b6f6/tools/sdk/esp32s3/include/esp-dsp/modules/dotprod/include -I/home/franstein/.platformio/packages/framework-arduinoespressif32@src-537c58760dafe7fcc8a1d9bbcf00b6f6/tools/sdk/esp32s3/include/esp-dsp/modules/support/include -I/home/franstein/.platformio/packages/framework-arduinoespressif32@src-537c58760dafe7fcc8a1d9bbcf00b6f6/tools/sdk/esp32s3/include/esp-dsp/modules/windows/include -I/home/franstein/.platformio/packages/framework-arduinoespressif32@src-537c58760dafe7fcc8a1d9bbcf00b6f6/tools/sdk/esp32s3/include/esp-dsp/modules/windows/hann/include -I/home/franstein/.platformio/packages/framework-arduinoespressif32@src-537c58760dafe7fcc8a1d9bbcf00b6f6/tools/sdk/esp32s3/include/esp-dsp/modules/windows/blackman/include -I/home/franstein/.platformio/packages/framework-arduinoespressif32@src-537c58760dafe7fcc8a1d9bbcf00b6f6/tools/sdk/esp32s3/include/esp-dsp/modules/windows/blackman_harris/include -I/home/franstein/.platformio/packages/framework-arduinoespressif32@src-537c58760dafe7fcc8a1d9bbcf00b6f6/tools/sdk/esp32s3/include/esp-dsp/modules/windows/blackman_nuttall/include -I/home/franstein/.platformio/packages/framework-arduinoespressif32@src-537c58760dafe7fcc8a1d9bbcf00b6f6/tools/sdk/esp32s3/include/esp-dsp/modules/windows/nuttall/include -I/home/franstein/.platformio/packages/framework-arduinoespressif32@src-537c58760dafe7fcc8a1d9bbcf00b6f6/tools/sdk/esp32s3/include/esp-dsp/modules/windows/flat_top/include -I/home/franstein/.platformio/packages/framework-arduinoespressif32@src-537c58760dafe7fcc8a1d9bbcf00b6f6/tools/sdk/esp32s3/include/esp-dsp/modules/iir/include -I/home/franstein/.platformio/packages/framework-arduinoespressif32@src-537c58760dafe7fcc8a1d9bbcf00b6f6/tools/sdk/esp32s3/include/esp-dsp/modules/fir/include -I/home/franstein/.platformio/packages/framework-arduinoespressif32@src-537c58760dafe7fcc8a1d9bbcf00b6f6/tools/sdk/esp32s3/include/esp-dsp/modules/math/include -I/home/franstein/.platformio/packages/framework-arduinoespressif32@src-537c58760dafe7fcc8a1d9bbcf00b6f6/tools/sdk/esp32s3/include/esp-dsp/modules/math/add/include -I/home/franstein/.platformio/packages/framework-arduinoespressif32@src-537c58760dafe7fcc8a1d9bbcf00b6f6/tools/sdk/esp32s3/include/esp-dsp/modules/math/sub/include -I/home/franstein/.platformio/packages/framework-arduinoespressif32@src-537c58760dafe7fcc8a1d9bbcf00b6f6/tools/sdk/esp32s3/include/esp-dsp/modules/math/mul/include -I/home/franstein/.platformio/packages/framework-arduinoespressif32@src-537c58760dafe7fcc8a1d9bbcf00b6f6/tools/sdk/esp32s3/include/esp-dsp/modules/math/addc/include -I/home/franstein/.platformio/packages/framework-arduinoespressif32@src-537c58760dafe7fcc8a1d9bbcf00b6f6/tools/sdk/esp32s3/include/esp-dsp/modules/math/mulc/include -I/home/franstein/.platformio/packages/framework-arduinoespressif32@src-537c58760dafe7fcc8a1d9bbcf00b6f6/tools/sdk/esp32s3/include/esp-dsp/modules/math/sqrt/include -I/home/franstein/.platformio/packages/framework-arduinoespressif32@src-537c58760dafe7fcc8a1d9bbcf00b6f6/tools/sdk/esp32s3/include/esp-dsp/modules/matrix/include -I/home/franstein/.platformio/packages/framework-arduinoespressif32@src-537c58760dafe7fcc8a1d9bbcf00b6f6/tools/sdk/esp32s3/include/esp-dsp/modules/fft/include -I/home/franstein/.platformio/packages/framework-arduinoespressif32@src-537c58760dafe7fcc8a1d9bbcf00b6f6/tools/sdk/esp32s3/include/esp-dsp/modules/dct/include -I/home/franstein/.platformio/packages/framework-arduinoespressif32@src-537c58760dafe7fcc8a1d9bbcf00b6f6/tools/sdk/esp32s3/include/esp-dsp/modules/conv/include -I/home/franstein/.platformio/packages/framework-arduinoespressif32@src-537c58760dafe7fcc8a1d9bbcf00b6f6/tools/sdk/esp32s3/include/esp-dsp/modules/common/include -I/home/franstein/.platformio/packages/framework-arduinoespressif32@src-537c58760dafe7fcc8a1d9bbcf00b6f6/tools/sdk/esp32s3/include/esp-dsp/modules/kalman/ekf/include -I/home/franstein/.platformio/packages/framework-arduinoespressif32@src-537c58760dafe7fcc8a1d9bbcf00b6f6/tools/sdk/esp32s3/include/esp-dsp/modules/kalman/ekf_imu13states/include -I/home/franstein/.platformio/packages/framework-arduinoespressif32@src-537c58760dafe7fcc8a1d9bbcf00b6f6/tools/sdk/esp32s3/include/freertos/include/freertos -I/home/franstein/.platformio/packages/framework-arduinoespressif32@src-537c58760dafe7fcc8a1d9bbcf00b6f6/tools/sdk/esp32s3/include/arduino_tinyusb/tinyusb/src -I/home/franstein/.platformio/packages/framework-arduinoespressif32@src-537c58760dafe7fcc8a1d9bbcf00b6f6/tools/sdk/esp32s3/include/arduino_tinyusb/include -I/home/franstein/.platformio/packages/framework-arduinoespressif32@src-537c58760dafe7fcc8a1d9bbcf00b6f6/tools/sdk/esp32s3/include/esp_littlefs/include -I/home/franstein/.platformio/packages/framework-arduinoespressif32@src-537c58760dafe7fcc8a1d9bbcf00b6f6/tools/sdk/esp32s3/include/esp-dl/include -I/home/franstein/.platformio/packages/framework-arduinoespressif32@src-537c58760dafe7fcc8a1d9bbcf00b6f6/tools/sdk/esp32s3/include/esp-dl/include/tool -I/home/franstein/.platformio/packages/framework-arduinoespressif32@src-537c58760dafe7fcc8a1d9bbcf00b6f6/tools/sdk/esp32s3/include/esp-dl/include/typedef -I/home/franstein/.platformio/packages/framework-arduinoespressif32@src-537c58760dafe7fcc8a1d9bbcf00b6f6/tools/sdk/esp32s3/include/esp-dl/include/image -I/home/franstein/.platformio/packages/framework-arduinoespressif32@src-537c58760dafe7fcc8a1d9bbcf00b6f6/tools/sdk/esp32s3/include/esp-dl/include/math -I/home/franstein/.platformio/packages/framework-arduinoespressif32@src-537c58760dafe7fcc8a1d9bbcf00b6f6/tools/sdk/esp32s3/include/esp-dl/include/nn -I/home/franstein/.platformio/packages/framework-arduinoespressif32@src-537c58760dafe7fcc8a1d9bbcf00b6f6/tools/sdk/esp32s3/include/esp-dl/include/layer -I/home/franstein/.platformio/packages/framework-arduinoespressif32@src-537c58760dafe7fcc8a1d9bbcf00b6f6/tools/sdk/esp32s3/include/esp-dl/include/detect -I/home/franstein/.platformio/packages/framework-arduinoespressif32@src-537c58760dafe7fcc8a1d9bbcf00b6f6/tools/sdk/esp32s3/include/esp-dl/include/model_zoo -I/home/franstein/.platformio/packages/framework-arduinoespressif32@src-537c58760dafe7fcc8a1d9bbcf00b6f6/tools/sdk/esp32s3/include/esp-sr/src/include -I/home/franstein/.platformio/packages/framework-arduinoespressif32@src-537c58760dafe7fcc8a1d9bbcf00b6f6/tools/sdk/esp32s3/include/esp-sr/esp-tts/esp_tts_chinese/include -I/home/franstein/.platformio/packages/framework-arduinoespressif32@src-537c58760dafe7fcc8a1d9bbcf00b6f6/tools/sdk/esp32s3/include/esp-sr/include/esp32s3 -I/home/franstein/.platformio/packages/framework-arduinoespressif32@src-537c58760dafe7fcc8a1d9bbcf00b6f6/tools/sdk/esp32s3/include/esp32-camera/driver/include -I/home/franstein/.platformio/packages/framework-arduinoespressif32@src-537c58760dafe7fcc8a1d9bbcf00b6f6/tools/sdk/esp32s3/include/esp32-camera/conversions/include -I/home/franstein/.platformio/packages/framework-arduinoespressif32@src-537c58760dafe7fcc8a1d9bbcf00b6f6/tools/sdk/esp32s3/include/fb_gfx/include -I/home/franstein/.platformio/packages/framework-arduinoespressif32@src-537c58760dafe7fcc8a1d9bbcf00b6f6/tools/sdk/esp32s3/qio_opi/include -I/home/franstein/.platformio/packages/framework-arduinoespressif32@src-537c58760dafe7fcc8a1d9bbcf00b6f6/cores/esp32 -I/home/franstein/.platformio/packages/framework-arduinoespressif32@src-537c58760dafe7fcc8a1d9bbcf00b6f6/variants/esp32s3 /home/franstein/.platformio/packages/framework-arduinoespressif32@src-537c58760dafe7fcc8a1d9bbcf00b6f6/cores/esp32/cbuf.cpp
xtensa-esp32s3-elf-gcc -o .pio/build/esp32/FrameworkArduino/esp32-hal-adc.c.o -c -std=gnu99 -Wno-old-style-declaration -Os -mlongcalls -ffunction-sections -fdata-sections -Wno-error=unused-function -Wno-error=unused-variable -Wno-error=deprecated-declarations -Wno-unused-parameter -Wno-sign-compare -ggdb -freorder-blocks -Wwrite-strings -fstack-protector -fstrict-volatile-bitfields -Wno-error=unused-but-set-variable -fno-jump-tables -fno-tree-switch-conversion -MMD -DPLATFORMIO=60107 -DBOARD_HAS_PSRAM -DARDUINO_USB_MODE=1 -DARDUINO_USB_CDC_ON_BOOT=1 -DHAVE_CONFIG_H -DMBEDTLS_CONFIG_FILE=\"mbedtls/esp_config.h\" -DUNITY_INCLUDE_CONFIG_H -DWITH_POSIX -D_GNU_SOURCE -DIDF_VER=\"v4.4.3\" -DESP_PLATFORM -D_POSIX_READER_WRITER_LOCKS -DARDUINO_ARCH_ESP32 -DESP32 -DF_CPU=240000000L -DARDUINO=10812 -DARDUINO_VARIANT=\"esp32s3\" "-DARDUINO_BOARD=\"LILYGO T3-S3\"" -DARDUINO_PARTITION_default -I/home/franstein/.platformio/packages/framework-arduinoespressif32@src-537c58760dafe7fcc8a1d9bbcf00b6f6/tools/sdk/esp32s3/include/newlib/platform_include -I/home/franstein/.platformio/packages/framework-arduinoespressif32@src-537c58760dafe7fcc8a1d9bbcf00b6f6/tools/sdk/esp32s3/include/freertos/include -I/home/franstein/.platformio/packages/framework-arduinoespressif32@src-537c58760dafe7fcc8a1d9bbcf00b6f6/tools/sdk/esp32s3/include/freertos/include/esp_additions/freertos -I/home/franstein/.platformio/packages/framework-arduinoespressif32@src-537c58760dafe7fcc8a1d9bbcf00b6f6/tools/sdk/esp32s3/include/freertos/port/xtensa/include -I/home/franstein/.platformio/packages/framework-arduinoespressif32@src-537c58760dafe7fcc8a1d9bbcf00b6f6/tools/sdk/esp32s3/include/freertos/include/esp_additions -I/home/franstein/.platformio/packages/framework-arduinoespressif32@src-537c58760dafe7fcc8a1d9bbcf00b6f6/tools/sdk/esp32s3/include/esp_hw_support/include -I/home/franstein/.platformio/packages/framework-arduinoespressif32@src-537c58760dafe7fcc8a1d9bbcf00b6f6/tools/sdk/esp32s3/include/esp_hw_support/include/soc -I/home/franstein/.platformio/packages/framework-arduinoespressif32@src-537c58760dafe7fcc8a1d9bbcf00b6f6/tools/sdk/esp32s3/include/esp_hw_support/include/soc/esp32s3 -I/home/franstein/.platformio/packages/framework-arduinoespressif32@src-537c58760dafe7fcc8a1d9bbcf00b6f6/tools/sdk/esp32s3/include/esp_hw_support/port/esp32s3 -I/home/franstein/.platformio/packages/framework-arduinoespressif32@src-537c58760dafe7fcc8a1d9bbcf00b6f6/tools/sdk/esp32s3/include/esp_hw_support/port/esp32s3/private_include -I/home/franstein/.platformio/packages/framework-arduinoespressif32@src-537c58760dafe7fcc8a1d9bbcf00b6f6/tools/sdk/esp32s3/include/heap/include -I/home/franstein/.platformio/packages/framework-arduinoespressif32@src-537c58760dafe7fcc8a1d9bbcf00b6f6/tools/sdk/esp32s3/include/log/include -I/home/franstein/.platformio/packages/framework-arduinoespressif32@src-537c58760dafe7fcc8a1d9bbcf00b6f6/tools/sdk/esp32s3/include/lwip/include/apps -I/home/franstein/.platformio/packages/framework-arduinoespressif32@src-537c58760dafe7fcc8a1d9bbcf00b6f6/tools/sdk/esp32s3/include/lwip/include/apps/sntp -I/home/franstein/.platformio/packages/framework-arduinoespressif32@src-537c58760dafe7fcc8a1d9bbcf00b6f6/tools/sdk/esp32s3/include/lwip/lwip/src/include -I/home/franstein/.platformio/packages/framework-arduinoespressif32@src-537c58760dafe7fcc8a1d9bbcf00b6f6/tools/sdk/esp32s3/include/lwip/port/esp32/include -I/home/franstein/.platformio/packages/framework-arduinoespressif32@src-537c58760dafe7fcc8a1d9bbcf00b6f6/tools/sdk/esp32s3/include/lwip/port/esp32/include/arch -I/home/franstein/.platformio/packages/framework-arduinoespressif32@src-537c58760dafe7fcc8a1d9bbcf00b6f6/tools/sdk/esp32s3/include/soc/include -I/home/franstein/.platformio/packages/framework-arduinoespressif32@src-537c58760dafe7fcc8a1d9bbcf00b6f6/tools/sdk/esp32s3/include/soc/esp32s3 -I/home/franstein/.platformio/packages/framework-arduinoespressif32@src-537c58760dafe7fcc8a1d9bbcf00b6f6/tools/sdk/esp32s3/include/soc/esp32s3/include -I/home/franstein/.platformio/packages/framework-arduinoespressif32@src-537c58760dafe7fcc8a1d9bbcf00b6f6/tools/sdk/esp32s3/include/hal/esp32s3/include -I/home/franstein/.platformio/packages/framework-arduinoespressif32@src-537c58760dafe7fcc8a1d9bbcf00b6f6/tools/sdk/esp32s3/include/hal/include -I/home/franstein/.platformio/packages/framework-arduinoespressif32@src-537c58760dafe7fcc8a1d9bbcf00b6f6/tools/sdk/esp32s3/include/hal/platform_port/include -I/home/franstein/.platformio/packages/framework-arduinoespressif32@src-537c58760dafe7fcc8a1d9bbcf00b6f6/tools/sdk/esp32s3/include/esp_rom/include -I/home/franstein/.platformio/packages/framework-arduinoespressif32@src-537c58760dafe7fcc8a1d9bbcf00b6f6/tools/sdk/esp32s3/include/esp_rom/include/esp32s3 -I/home/franstein/.platformio/packages/framework-arduinoespressif32@src-537c58760dafe7fcc8a1d9bbcf00b6f6/tools/sdk/esp32s3/include/esp_rom/esp32s3 -I/home/franstein/.platformio/packages/framework-arduinoespressif32@src-537c58760dafe7fcc8a1d9bbcf00b6f6/tools/sdk/esp32s3/include/esp_common/include -I/home/franstein/.platformio/packages/framework-arduinoespressif32@src-537c58760dafe7fcc8a1d9bbcf00b6f6/tools/sdk/esp32s3/include/esp_system/include -I/home/franstein/.platformio/packages/framework-arduinoespressif32@src-537c58760dafe7fcc8a1d9bbcf00b6f6/tools/sdk/esp32s3/include/esp_system/port/soc -I/home/franstein/.platformio/packages/framework-arduinoespressif32@src-537c58760dafe7fcc8a1d9bbcf00b6f6/tools/sdk/esp32s3/include/esp_system/port/public_compat -I/home/franstein/.platformio/packages/framework-arduinoespressif32@src-537c58760dafe7fcc8a1d9bbcf00b6f6/tools/sdk/esp32s3/include/xtensa/include -I/home/franstein/.platformio/packages/framework-arduinoespressif32@src-537c58760dafe7fcc8a1d9bbcf00b6f6/tools/sdk/esp32s3/include/xtensa/esp32s3/include -I/home/franstein/.platformio/packages/framework-arduinoespressif32@src-537c58760dafe7fcc8a1d9bbcf00b6f6/tools/sdk/esp32s3/include/driver/include -I/home/franstein/.platformio/packages/framework-arduinoespressif32@src-537c58760dafe7fcc8a1d9bbcf00b6f6/tools/sdk/esp32s3/include/driver/esp32s3/include -I/home/franstein/.platformio/packages/framework-arduinoespressif32@src-537c58760dafe7fcc8a1d9bbcf00b6f6/tools/sdk/esp32s3/include/esp_pm/include -I/home/franstein/.platformio/packages/framework-arduinoespressif32@src-537c58760dafe7fcc8a1d9bbcf00b6f6/tools/sdk/esp32s3/include/esp_ringbuf/include -I/home/franstein/.platformio/packages/framework-arduinoespressif32@src-537c58760dafe7fcc8a1d9bbcf00b6f6/tools/sdk/esp32s3/include/efuse/include -I/home/franstein/.platformio/packages/framework-arduinoespressif32@src-537c58760dafe7fcc8a1d9bbcf00b6f6/tools/sdk/esp32s3/include/efuse/esp32s3/include -I/home/franstein/.platformio/packages/framework-arduinoespressif32@src-537c58760dafe7fcc8a1d9bbcf00b6f6/tools/sdk/esp32s3/include/vfs/include -I/home/franstein/.platformio/packages/framework-arduinoespressif32@src-537c58760dafe7fcc8a1d9bbcf00b6f6/tools/sdk/esp32s3/include/esp_wifi/include -I/home/franstein/.platformio/packages/framework-arduinoespressif32@src-537c58760dafe7fcc8a1d9bbcf00b6f6/tools/sdk/esp32s3/include/esp_event/include -I/home/franstein/.platformio/packages/framework-arduinoespressif32@src-537c58760dafe7fcc8a1d9bbcf00b6f6/tools/sdk/esp32s3/include/esp_netif/include -I/home/franstein/.platformio/packages/framework-arduinoespressif32@src-537c58760dafe7fcc8a1d9bbcf00b6f6/tools/sdk/esp32s3/include/esp_eth/include -I/home/franstein/.platformio/packages/framework-arduinoespressif32@src-537c58760dafe7fcc8a1d9bbcf00b6f6/tools/sdk/esp32s3/include/tcpip_adapter/include -I/home/franstein/.platformio/packages/framework-arduinoespressif32@src-537c58760dafe7fcc8a1d9bbcf00b6f6/tools/sdk/esp32s3/include/esp_phy/include -I/home/franstein/.platformio/packages/framework-arduinoespressif32@src-537c58760dafe7fcc8a1d9bbcf00b6f6/tools/sdk/esp32s3/include/esp_phy/esp32s3/include -I/home/franstein/.platformio/packages/framework-arduinoespressif32@src-537c58760dafe7fcc8a1d9bbcf00b6f6/tools/sdk/esp32s3/include/esp_ipc/include -I/home/franstein/.platformio/packages/framework-arduinoespressif32@src-537c58760dafe7fcc8a1d9bbcf00b6f6/tools/sdk/esp32s3/include/app_trace/include -I/home/franstein/.platformio/packages/framework-arduinoespressif32@src-537c58760dafe7fcc8a1d9bbcf00b6f6/tools/sdk/esp32s3/include/esp_timer/include -I/home/franstein/.platformio/packages/framework-arduinoespressif32@src-537c58760dafe7fcc8a1d9bbcf00b6f6/tools/sdk/esp32s3/include/mbedtls/port/include -I/home/franstein/.platformio/packages/framework-arduinoespressif32@src-537c58760dafe7fcc8a1d9bbcf00b6f6/tools/sdk/esp32s3/include/mbedtls/mbedtls/include -I/home/franstein/.platformio/packages/framework-arduinoespressif32@src-537c58760dafe7fcc8a1d9bbcf00b6f6/tools/sdk/esp32s3/include/mbedtls/esp_crt_bundle/include -I/home/franstein/.platformio/packages/framework-arduinoespressif32@src-537c58760dafe7fcc8a1d9bbcf00b6f6/tools/sdk/esp32s3/include/app_update/include -I/home/franstein/.platformio/packages/framework-arduinoespressif32@src-537c58760dafe7fcc8a1d9bbcf00b6f6/tools/sdk/esp32s3/include/spi_flash/include -I/home/franstein/.platformio/packages/framework-arduinoespressif32@src-537c58760dafe7fcc8a1d9bbcf00b6f6/tools/sdk/esp32s3/include/bootloader_support/include -I/home/franstein/.platformio/packages/framework-arduinoespressif32@src-537c58760dafe7fcc8a1d9bbcf00b6f6/tools/sdk/esp32s3/include/nvs_flash/include -I/home/franstein/.platformio/packages/framework-arduinoespressif32@src-537c58760dafe7fcc8a1d9bbcf00b6f6/tools/sdk/esp32s3/include/pthread/include -I/home/franstein/.platformio/packages/framework-arduinoespressif32@src-537c58760dafe7fcc8a1d9bbcf00b6f6/tools/sdk/esp32s3/include/esp_gdbstub/include -I/home/franstein/.platformio/packages/framework-arduinoespressif32@src-537c58760dafe7fcc8a1d9bbcf00b6f6/tools/sdk/esp32s3/include/esp_gdbstub/xtensa -I/home/franstein/.platformio/packages/framework-arduinoespressif32@src-537c58760dafe7fcc8a1d9bbcf00b6f6/tools/sdk/esp32s3/include/esp_gdbstub/esp32s3 -I/home/franstein/.platformio/packages/framework-arduinoespressif32@src-537c58760dafe7fcc8a1d9bbcf00b6f6/tools/sdk/esp32s3/include/espcoredump/include -I/home/franstein/.platformio/packages/framework-arduinoespressif32@src-537c58760dafe7fcc8a1d9bbcf00b6f6/tools/sdk/esp32s3/include/espcoredump/include/port/xtensa -I/home/franstein/.platformio/packages/framework-arduinoespressif32@src-537c58760dafe7fcc8a1d9bbcf00b6f6/tools/sdk/esp32s3/include/wpa_supplicant/include -I/home/franstein/.platformio/packages/framework-arduinoespressif32@src-537c58760dafe7fcc8a1d9bbcf00b6f6/tools/sdk/esp32s3/include/wpa_supplicant/port/include -I/home/franstein/.platformio/packages/framework-arduinoespressif32@src-537c58760dafe7fcc8a1d9bbcf00b6f6/tools/sdk/esp32s3/include/wpa_supplicant/esp_supplicant/include -I/home/franstein/.platformio/packages/framework-arduinoespressif32@src-537c58760dafe7fcc8a1d9bbcf00b6f6/tools/sdk/esp32s3/include/ieee802154/include -I/home/franstein/.platformio/packages/framework-arduinoespressif32@src-537c58760dafe7fcc8a1d9bbcf00b6f6/tools/sdk/esp32s3/include/console -I/home/franstein/.platformio/packages/framework-arduinoespressif32@src-537c58760dafe7fcc8a1d9bbcf00b6f6/tools/sdk/esp32s3/include/asio/asio/asio/include -I/home/franstein/.platformio/packages/framework-arduinoespressif32@src-537c58760dafe7fcc8a1d9bbcf00b6f6/tools/sdk/esp32s3/include/asio/port/include -I/home/franstein/.platformio/packages/framework-arduinoespressif32@src-537c58760dafe7fcc8a1d9bbcf00b6f6/tools/sdk/esp32s3/include/bt/common/osi/include -I/home/franstein/.platformio/packages/framework-arduinoespressif32@src-537c58760dafe7fcc8a1d9bbcf00b6f6/tools/sdk/esp32s3/include/bt/include/esp32s3/include -I/home/franstein/.platformio/packages/framework-arduinoespressif32@src-537c58760dafe7fcc8a1d9bbcf00b6f6/tools/sdk/esp32s3/include/bt/common/api/include/api -I/home/franstein/.platformio/packages/framework-arduinoespressif32@src-537c58760dafe7fcc8a1d9bbcf00b6f6/tools/sdk/esp32s3/include/bt/common/btc/profile/esp/blufi/include -I/home/franstein/.platformio/packages/framework-arduinoespressif32@src-537c58760dafe7fcc8a1d9bbcf00b6f6/tools/sdk/esp32s3/include/bt/common/btc/profile/esp/include -I/home/franstein/.platformio/packages/framework-arduinoespressif32@src-537c58760dafe7fcc8a1d9bbcf00b6f6/tools/sdk/esp32s3/include/bt/host/bluedroid/api/include/api -I/home/franstein/.platformio/packages/framework-arduinoespressif32@src-537c58760dafe7fcc8a1d9bbcf00b6f6/tools/sdk/esp32s3/include/bt/esp_ble_mesh/mesh_common/include -I/home/franstein/.platformio/packages/framework-arduinoespressif32@src-537c58760dafe7fcc8a1d9bbcf00b6f6/tools/sdk/esp32s3/include/bt/esp_ble_mesh/mesh_common/tinycrypt/include -I/home/franstein/.platformio/packages/framework-arduinoespressif32@src-537c58760dafe7fcc8a1d9bbcf00b6f6/tools/sdk/esp32s3/include/bt/esp_ble_mesh/mesh_core -I/home/franstein/.platformio/packages/framework-arduinoespressif32@src-537c58760dafe7fcc8a1d9bbcf00b6f6/tools/sdk/esp32s3/include/bt/esp_ble_mesh/mesh_core/include -I/home/franstein/.platformio/packages/framework-arduinoespressif32@src-537c58760dafe7fcc8a1d9bbcf00b6f6/tools/sdk/esp32s3/include/bt/esp_ble_mesh/mesh_core/storage -I/home/franstein/.platformio/packages/framework-arduinoespressif32@src-537c58760dafe7fcc8a1d9bbcf00b6f6/tools/sdk/esp32s3/include/bt/esp_ble_mesh/btc/include -I/home/franstein/.platformio/packages/framework-arduinoespressif32@src-537c58760dafe7fcc8a1d9bbcf00b6f6/tools/sdk/esp32s3/include/bt/esp_ble_mesh/mesh_models/common/include -I/home/franstein/.platformio/packages/framework-arduinoespressif32@src-537c58760dafe7fcc8a1d9bbcf00b6f6/tools/sdk/esp32s3/include/bt/esp_ble_mesh/mesh_models/client/include -I/home/franstein/.platformio/packages/framework-arduinoespressif32@src-537c58760dafe7fcc8a1d9bbcf00b6f6/tools/sdk/esp32s3/include/bt/esp_ble_mesh/mesh_models/server/include -I/home/franstein/.platformio/packages/framework-arduinoespressif32@src-537c58760dafe7fcc8a1d9bbcf00b6f6/tools/sdk/esp32s3/include/bt/esp_ble_mesh/api/core/include -I/home/franstein/.platformio/packages/framework-arduinoespressif32@src-537c58760dafe7fcc8a1d9bbcf00b6f6/tools/sdk/esp32s3/include/bt/esp_ble_mesh/api/models/include -I/home/franstein/.platformio/packages/framework-arduinoespressif32@src-537c58760dafe7fcc8a1d9bbcf00b6f6/tools/sdk/esp32s3/include/bt/esp_ble_mesh/api -I/home/franstein/.platformio/packages/framework-arduinoespressif32@src-537c58760dafe7fcc8a1d9bbcf00b6f6/tools/sdk/esp32s3/include/cbor/port/include -I/home/franstein/.platformio/packages/framework-arduinoespressif32@src-537c58760dafe7fcc8a1d9bbcf00b6f6/tools/sdk/esp32s3/include/unity/include -I/home/franstein/.platformio/packages/framework-arduinoespressif32@src-537c58760dafe7fcc8a1d9bbcf00b6f6/tools/sdk/esp32s3/include/unity/unity/src -I/home/franstein/.platformio/packages/framework-arduinoespressif32@src-537c58760dafe7fcc8a1d9bbcf00b6f6/tools/sdk/esp32s3/include/cmock/CMock/src -I/home/franstein/.platformio/packages/framework-arduinoespressif32@src-537c58760dafe7fcc8a1d9bbcf00b6f6/tools/sdk/esp32s3/include/coap/port/include -I/home/franstein/.platformio/packages/framework-arduinoespressif32@src-537c58760dafe7fcc8a1d9bbcf00b6f6/tools/sdk/esp32s3/include/coap/libcoap/include -I/home/franstein/.platformio/packages/framework-arduinoespressif32@src-537c58760dafe7fcc8a1d9bbcf00b6f6/tools/sdk/esp32s3/include/nghttp/port/include -I/home/franstein/.platformio/packages/framework-arduinoespressif32@src-537c58760dafe7fcc8a1d9bbcf00b6f6/tools/sdk/esp32s3/include/nghttp/nghttp2/lib/includes -I/home/franstein/.platformio/packages/framework-arduinoespressif32@src-537c58760dafe7fcc8a1d9bbcf00b6f6/tools/sdk/esp32s3/include/esp-tls -I/home/franstein/.platformio/packages/framework-arduinoespressif32@src-537c58760dafe7fcc8a1d9bbcf00b6f6/tools/sdk/esp32s3/include/esp-tls/esp-tls-crypto -I/home/franstein/.platformio/packages/framework-arduinoespressif32@src-537c58760dafe7fcc8a1d9bbcf00b6f6/tools/sdk/esp32s3/include/esp_adc_cal/include -I/home/franstein/.platformio/packages/framework-arduinoespressif32@src-537c58760dafe7fcc8a1d9bbcf00b6f6/tools/sdk/esp32s3/include/esp_hid/include -I/home/franstein/.platformio/packages/framework-arduinoespressif32@src-537c58760dafe7fcc8a1d9bbcf00b6f6/tools/sdk/esp32s3/include/tcp_transport/include -I/home/franstein/.platformio/packages/framework-arduinoespressif32@src-537c58760dafe7fcc8a1d9bbcf00b6f6/tools/sdk/esp32s3/include/esp_http_client/include -I/home/franstein/.platformio/packages/framework-arduinoespressif32@src-537c58760dafe7fcc8a1d9bbcf00b6f6/tools/sdk/esp32s3/include/esp_http_server/include -I/home/franstein/.platformio/packages/framework-arduinoespressif32@src-537c58760dafe7fcc8a1d9bbcf00b6f6/tools/sdk/esp32s3/include/esp_https_ota/include -I/home/franstein/.platformio/packages/framework-arduinoespressif32@src-537c58760dafe7fcc8a1d9bbcf00b6f6/tools/sdk/esp32s3/include/esp_https_server/include -I/home/franstein/.platformio/packages/framework-arduinoespressif32@src-537c58760dafe7fcc8a1d9bbcf00b6f6/tools/sdk/esp32s3/include/esp_lcd/include -I/home/franstein/.platformio/packages/framework-arduinoespressif32@src-537c58760dafe7fcc8a1d9bbcf00b6f6/tools/sdk/esp32s3/include/esp_lcd/interface -I/home/franstein/.platformio/packages/framework-arduinoespressif32@src-537c58760dafe7fcc8a1d9bbcf00b6f6/tools/sdk/esp32s3/include/protobuf-c/protobuf-c -I/home/franstein/.platformio/packages/framework-arduinoespressif32@src-537c58760dafe7fcc8a1d9bbcf00b6f6/tools/sdk/esp32s3/include/protocomm/include/common -I/home/franstein/.platformio/packages/framework-arduinoespressif32@src-537c58760dafe7fcc8a1d9bbcf00b6f6/tools/sdk/esp32s3/include/protocomm/include/security -I/home/franstein/.platformio/packages/framework-arduinoespressif32@src-537c58760dafe7fcc8a1d9bbcf00b6f6/tools/sdk/esp32s3/include/protocomm/include/transports -I/home/franstein/.platformio/packages/framework-arduinoespressif32@src-537c58760dafe7fcc8a1d9bbcf00b6f6/tools/sdk/esp32s3/include/mdns/include -I/home/franstein/.platformio/packages/framework-arduinoespressif32@src-537c58760dafe7fcc8a1d9bbcf00b6f6/tools/sdk/esp32s3/include/esp_local_ctrl/include -I/home/franstein/.platformio/packages/framework-arduinoespressif32@src-537c58760dafe7fcc8a1d9bbcf00b6f6/tools/sdk/esp32s3/include/sdmmc/include -I/home/franstein/.platformio/packages/framework-arduinoespressif32@src-537c58760dafe7fcc8a1d9bbcf00b6f6/tools/sdk/esp32s3/include/esp_serial_slave_link/include -I/home/franstein/.platformio/packages/framework-arduinoespressif32@src-537c58760dafe7fcc8a1d9bbcf00b6f6/tools/sdk/esp32s3/include/esp_websocket_client/include -I/home/franstein/.platformio/packages/framework-arduinoespressif32@src-537c58760dafe7fcc8a1d9bbcf00b6f6/tools/sdk/esp32s3/include/expat/expat/expat/lib -I/home/franstein/.platformio/packages/framework-arduinoespressif32@src-537c58760dafe7fcc8a1d9bbcf00b6f6/tools/sdk/esp32s3/include/expat/port/include -I/home/franstein/.platformio/packages/framework-arduinoespressif32@src-537c58760dafe7fcc8a1d9bbcf00b6f6/tools/sdk/esp32s3/include/wear_levelling/include -I/home/franstein/.platformio/packages/framework-arduinoespressif32@src-537c58760dafe7fcc8a1d9bbcf00b6f6/tools/sdk/esp32s3/include/fatfs/diskio -I/home/franstein/.platformio/packages/framework-arduinoespressif32@src-537c58760dafe7fcc8a1d9bbcf00b6f6/tools/sdk/esp32s3/include/fatfs/vfs -I/home/franstein/.platformio/packages/framework-arduinoespressif32@src-537c58760dafe7fcc8a1d9bbcf00b6f6/tools/sdk/esp32s3/include/fatfs/src -I/home/franstein/.platformio/packages/framework-arduinoespressif32@src-537c58760dafe7fcc8a1d9bbcf00b6f6/tools/sdk/esp32s3/include/freemodbus/common/include -I/home/franstein/.platformio/packages/framework-arduinoespressif32@src-537c58760dafe7fcc8a1d9bbcf00b6f6/tools/sdk/esp32s3/include/idf_test/include -I/home/franstein/.platformio/packages/framework-arduinoespressif32@src-537c58760dafe7fcc8a1d9bbcf00b6f6/tools/sdk/esp32s3/include/idf_test/include/esp32s3 -I/home/franstein/.platformio/packages/framework-arduinoespressif32@src-537c58760dafe7fcc8a1d9bbcf00b6f6/tools/sdk/esp32s3/include/jsmn/include -I/home/franstein/.platformio/packages/framework-arduinoespressif32@src-537c58760dafe7fcc8a1d9bbcf00b6f6/tools/sdk/esp32s3/include/json/cJSON -I/home/franstein/.platformio/packages/framework-arduinoespressif32@src-537c58760dafe7fcc8a1d9bbcf00b6f6/tools/sdk/esp32s3/include/libsodium/libsodium/src/libsodium/include -I/home/franstein/.platformio/packages/framework-arduinoespressif32@src-537c58760dafe7fcc8a1d9bbcf00b6f6/tools/sdk/esp32s3/include/libsodium/port_include -I/home/franstein/.platformio/packages/framework-arduinoespressif32@src-537c58760dafe7fcc8a1d9bbcf00b6f6/tools/sdk/esp32s3/include/mqtt/esp-mqtt/include -I/home/franstein/.platformio/packages/framework-arduinoespressif32@src-537c58760dafe7fcc8a1d9bbcf00b6f6/tools/sdk/esp32s3/include/openssl/include -I/home/franstein/.platformio/packages/framework-arduinoespressif32@src-537c58760dafe7fcc8a1d9bbcf00b6f6/tools/sdk/esp32s3/include/perfmon/include -I/home/franstein/.platformio/packages/framework-arduinoespressif32@src-537c58760dafe7fcc8a1d9bbcf00b6f6/tools/sdk/esp32s3/include/spiffs/include -I/home/franstein/.platformio/packages/framework-arduinoespressif32@src-537c58760dafe7fcc8a1d9bbcf00b6f6/tools/sdk/esp32s3/include/usb/include -I/home/franstein/.platformio/packages/framework-arduinoespressif32@src-537c58760dafe7fcc8a1d9bbcf00b6f6/tools/sdk/esp32s3/include/ulp/include -I/home/franstein/.platformio/packages/framework-arduinoespressif32@src-537c58760dafe7fcc8a1d9bbcf00b6f6/tools/sdk/esp32s3/include/wifi_provisioning/include -I/home/franstein/.platformio/packages/framework-arduinoespressif32@src-537c58760dafe7fcc8a1d9bbcf00b6f6/tools/sdk/esp32s3/include/rmaker_common/include -I/home/franstein/.platformio/packages/framework-arduinoespressif32@src-537c58760dafe7fcc8a1d9bbcf00b6f6/tools/sdk/esp32s3/include/json_parser/upstream/include -I/home/franstein/.platformio/packages/framework-arduinoespressif32@src-537c58760dafe7fcc8a1d9bbcf00b6f6/tools/sdk/esp32s3/include/json_parser/upstream -I/home/franstein/.platformio/packages/framework-arduinoespressif32@src-537c58760dafe7fcc8a1d9bbcf00b6f6/tools/sdk/esp32s3/include/json_generator/upstream -I/home/franstein/.platformio/packages/framework-arduinoespressif32@src-537c58760dafe7fcc8a1d9bbcf00b6f6/tools/sdk/esp32s3/include/esp_schedule/include -I/home/franstein/.platformio/packages/framework-arduinoespressif32@src-537c58760dafe7fcc8a1d9bbcf00b6f6/tools/sdk/esp32s3/include/esp_rainmaker/include -I/home/franstein/.platformio/packages/framework-arduinoespressif32@src-537c58760dafe7fcc8a1d9bbcf00b6f6/tools/sdk/esp32s3/include/gpio_button/button/include -I/home/franstein/.platformio/packages/framework-arduinoespressif32@src-537c58760dafe7fcc8a1d9bbcf00b6f6/tools/sdk/esp32s3/include/qrcode/include -I/home/franstein/.platformio/packages/framework-arduinoespressif32@src-537c58760dafe7fcc8a1d9bbcf00b6f6/tools/sdk/esp32s3/include/ws2812_led -I/home/franstein/.platformio/packages/framework-arduinoespressif32@src-537c58760dafe7fcc8a1d9bbcf00b6f6/tools/sdk/esp32s3/include/esp_diagnostics/include -I/home/franstein/.platformio/packages/framework-arduinoespressif32@src-537c58760dafe7fcc8a1d9bbcf00b6f6/tools/sdk/esp32s3/include/rtc_store/include -I/home/franstein/.platformio/packages/framework-arduinoespressif32@src-537c58760dafe7fcc8a1d9bbcf00b6f6/tools/sdk/esp32s3/include/esp_insights/include -I/home/franstein/.platformio/packages/framework-arduinoespressif32@src-537c58760dafe7fcc8a1d9bbcf00b6f6/tools/sdk/esp32s3/include/esp-dsp/modules/dotprod/include -I/home/franstein/.platformio/packages/framework-arduinoespressif32@src-537c58760dafe7fcc8a1d9bbcf00b6f6/tools/sdk/esp32s3/include/esp-dsp/modules/support/include -I/home/franstein/.platformio/packages/framework-arduinoespressif32@src-537c58760dafe7fcc8a1d9bbcf00b6f6/tools/sdk/esp32s3/include/esp-dsp/modules/windows/include -I/home/franstein/.platformio/packages/framework-arduinoespressif32@src-537c58760dafe7fcc8a1d9bbcf00b6f6/tools/sdk/esp32s3/include/esp-dsp/modules/windows/hann/include -I/home/franstein/.platformio/packages/framework-arduinoespressif32@src-537c58760dafe7fcc8a1d9bbcf00b6f6/tools/sdk/esp32s3/include/esp-dsp/modules/windows/blackman/include -I/home/franstein/.platformio/packages/framework-arduinoespressif32@src-537c58760dafe7fcc8a1d9bbcf00b6f6/tools/sdk/esp32s3/include/esp-dsp/modules/windows/blackman_harris/include -I/home/franstein/.platformio/packages/framework-arduinoespressif32@src-537c58760dafe7fcc8a1d9bbcf00b6f6/tools/sdk/esp32s3/include/esp-dsp/modules/windows/blackman_nuttall/include -I/home/franstein/.platformio/packages/framework-arduinoespressif32@src-537c58760dafe7fcc8a1d9bbcf00b6f6/tools/sdk/esp32s3/include/esp-dsp/modules/windows/nuttall/include -I/home/franstein/.platformio/packages/framework-arduinoespressif32@src-537c58760dafe7fcc8a1d9bbcf00b6f6/tools/sdk/esp32s3/include/esp-dsp/modules/windows/flat_top/include -I/home/franstein/.platformio/packages/framework-arduinoespressif32@src-537c58760dafe7fcc8a1d9bbcf00b6f6/tools/sdk/esp32s3/include/esp-dsp/modules/iir/include -I/home/franstein/.platformio/packages/framework-arduinoespressif32@src-537c58760dafe7fcc8a1d9bbcf00b6f6/tools/sdk/esp32s3/include/esp-dsp/modules/fir/include -I/home/franstein/.platformio/packages/framework-arduinoespressif32@src-537c58760dafe7fcc8a1d9bbcf00b6f6/tools/sdk/esp32s3/include/esp-dsp/modules/math/include -I/home/franstein/.platformio/packages/framework-arduinoespressif32@src-537c58760dafe7fcc8a1d9bbcf00b6f6/tools/sdk/esp32s3/include/esp-dsp/modules/math/add/include -I/home/franstein/.platformio/packages/framework-arduinoespressif32@src-537c58760dafe7fcc8a1d9bbcf00b6f6/tools/sdk/esp32s3/include/esp-dsp/modules/math/sub/include -I/home/franstein/.platformio/packages/framework-arduinoespressif32@src-537c58760dafe7fcc8a1d9bbcf00b6f6/tools/sdk/esp32s3/include/esp-dsp/modules/math/mul/include -I/home/franstein/.platformio/packages/framework-arduinoespressif32@src-537c58760dafe7fcc8a1d9bbcf00b6f6/tools/sdk/esp32s3/include/esp-dsp/modules/math/addc/include -I/home/franstein/.platformio/packages/framework-arduinoespressif32@src-537c58760dafe7fcc8a1d9bbcf00b6f6/tools/sdk/esp32s3/include/esp-dsp/modules/math/mulc/include -I/home/franstein/.platformio/packages/framework-arduinoespressif32@src-537c58760dafe7fcc8a1d9bbcf00b6f6/tools/sdk/esp32s3/include/esp-dsp/modules/math/sqrt/include -I/home/franstein/.platformio/packages/framework-arduinoespressif32@src-537c58760dafe7fcc8a1d9bbcf00b6f6/tools/sdk/esp32s3/include/esp-dsp/modules/matrix/include -I/home/franstein/.platformio/packages/framework-arduinoespressif32@src-537c58760dafe7fcc8a1d9bbcf00b6f6/tools/sdk/esp32s3/include/esp-dsp/modules/fft/include -I/home/franstein/.platformio/packages/framework-arduinoespressif32@src-537c58760dafe7fcc8a1d9bbcf00b6f6/tools/sdk/esp32s3/include/esp-dsp/modules/dct/include -I/home/franstein/.platformio/packages/framework-arduinoespressif32@src-537c58760dafe7fcc8a1d9bbcf00b6f6/tools/sdk/esp32s3/include/esp-dsp/modules/conv/include -I/home/franstein/.platformio/packages/framework-arduinoespressif32@src-537c58760dafe7fcc8a1d9bbcf00b6f6/tools/sdk/esp32s3/include/esp-dsp/modules/common/include -I/home/franstein/.platformio/packages/framework-arduinoespressif32@src-537c58760dafe7fcc8a1d9bbcf00b6f6/tools/sdk/esp32s3/include/esp-dsp/modules/kalman/ekf/include -I/home/franstein/.platformio/packages/framework-arduinoespressif32@src-537c58760dafe7fcc8a1d9bbcf00b6f6/tools/sdk/esp32s3/include/esp-dsp/modules/kalman/ekf_imu13states/include -I/home/franstein/.platformio/packages/framework-arduinoespressif32@src-537c58760dafe7fcc8a1d9bbcf00b6f6/tools/sdk/esp32s3/include/freertos/include/freertos -I/home/franstein/.platformio/packages/framework-arduinoespressif32@src-537c58760dafe7fcc8a1d9bbcf00b6f6/tools/sdk/esp32s3/include/arduino_tinyusb/tinyusb/src -I/home/franstein/.platformio/packages/framework-arduinoespressif32@src-537c58760dafe7fcc8a1d9bbcf00b6f6/tools/sdk/esp32s3/include/arduino_tinyusb/include -I/home/franstein/.platformio/packages/framework-arduinoespressif32@src-537c58760dafe7fcc8a1d9bbcf00b6f6/tools/sdk/esp32s3/include/esp_littlefs/include -I/home/franstein/.platformio/packages/framework-arduinoespressif32@src-537c58760dafe7fcc8a1d9bbcf00b6f6/tools/sdk/esp32s3/include/esp-dl/include -I/home/franstein/.platformio/packages/framework-arduinoespressif32@src-537c58760dafe7fcc8a1d9bbcf00b6f6/tools/sdk/esp32s3/include/esp-dl/include/tool -I/home/franstein/.platformio/packages/framework-arduinoespressif32@src-537c58760dafe7fcc8a1d9bbcf00b6f6/tools/sdk/esp32s3/include/esp-dl/include/typedef -I/home/franstein/.platformio/packages/framework-arduinoespressif32@src-537c58760dafe7fcc8a1d9bbcf00b6f6/tools/sdk/esp32s3/include/esp-dl/include/image -I/home/franstein/.platformio/packages/framework-arduinoespressif32@src-537c58760dafe7fcc8a1d9bbcf00b6f6/tools/sdk/esp32s3/include/esp-dl/include/math -I/home/franstein/.platformio/packages/framework-arduinoespressif32@src-537c58760dafe7fcc8a1d9bbcf00b6f6/tools/sdk/esp32s3/include/esp-dl/include/nn -I/home/franstein/.platformio/packages/framework-arduinoespressif32@src-537c58760dafe7fcc8a1d9bbcf00b6f6/tools/sdk/esp32s3/include/esp-dl/include/layer -I/home/franstein/.platformio/packages/framework-arduinoespressif32@src-537c58760dafe7fcc8a1d9bbcf00b6f6/tools/sdk/esp32s3/include/esp-dl/include/detect -I/home/franstein/.platformio/packages/framework-arduinoespressif32@src-537c58760dafe7fcc8a1d9bbcf00b6f6/tools/sdk/esp32s3/include/esp-dl/include/model_zoo -I/home/franstein/.platformio/packages/framework-arduinoespressif32@src-537c58760dafe7fcc8a1d9bbcf00b6f6/tools/sdk/esp32s3/include/esp-sr/src/include -I/home/franstein/.platformio/packages/framework-arduinoespressif32@src-537c58760dafe7fcc8a1d9bbcf00b6f6/tools/sdk/esp32s3/include/esp-sr/esp-tts/esp_tts_chinese/include -I/home/franstein/.platformio/packages/framework-arduinoespressif32@src-537c58760dafe7fcc8a1d9bbcf00b6f6/tools/sdk/esp32s3/include/esp-sr/include/esp32s3 -I/home/franstein/.platformio/packages/framework-arduinoespressif32@src-537c58760dafe7fcc8a1d9bbcf00b6f6/tools/sdk/esp32s3/include/esp32-camera/driver/include -I/home/franstein/.platformio/packages/framework-arduinoespressif32@src-537c58760dafe7fcc8a1d9bbcf00b6f6/tools/sdk/esp32s3/include/esp32-camera/conversions/include -I/home/franstein/.platformio/packages/framework-arduinoespressif32@src-537c58760dafe7fcc8a1d9bbcf00b6f6/tools/sdk/esp32s3/include/fb_gfx/include -I/home/franstein/.platformio/packages/framework-arduinoespressif32@src-537c58760dafe7fcc8a1d9bbcf00b6f6/tools/sdk/esp32s3/qio_opi/include -I/home/franstein/.platformio/packages/framework-arduinoespressif32@src-537c58760dafe7fcc8a1d9bbcf00b6f6/cores/esp32 -I/home/franstein/.platformio/packages/framework-arduinoespressif32@src-537c58760dafe7fcc8a1d9bbcf00b6f6/variants/esp32s3 /home/franstein/.platformio/packages/framework-arduinoespressif32@src-537c58760dafe7fcc8a1d9bbcf00b6f6/cores/esp32/esp32-hal-adc.c
xtensa-esp32s3-elf-gcc -o .pio/build/esp32/FrameworkArduino/esp32-hal-bt.c.o -c -std=gnu99 -Wno-old-style-declaration -Os -mlongcalls -ffunction-sections -fdata-sections -Wno-error=unused-function -Wno-error=unused-variable -Wno-error=deprecated-declarations -Wno-unused-parameter -Wno-sign-compare -ggdb -freorder-blocks -Wwrite-strings -fstack-protector -fstrict-volatile-bitfields -Wno-error=unused-but-set-variable -fno-jump-tables -fno-tree-switch-conversion -MMD -DPLATFORMIO=60107 -DBOARD_HAS_PSRAM -DARDUINO_USB_MODE=1 -DARDUINO_USB_CDC_ON_BOOT=1 -DHAVE_CONFIG_H -DMBEDTLS_CONFIG_FILE=\"mbedtls/esp_config.h\" -DUNITY_INCLUDE_CONFIG_H -DWITH_POSIX -D_GNU_SOURCE -DIDF_VER=\"v4.4.3\" -DESP_PLATFORM -D_POSIX_READER_WRITER_LOCKS -DARDUINO_ARCH_ESP32 -DESP32 -DF_CPU=240000000L -DARDUINO=10812 -DARDUINO_VARIANT=\"esp32s3\" "-DARDUINO_BOARD=\"LILYGO T3-S3\"" -DARDUINO_PARTITION_default -I/home/franstein/.platformio/packages/framework-arduinoespressif32@src-537c58760dafe7fcc8a1d9bbcf00b6f6/tools/sdk/esp32s3/include/newlib/platform_include -I/home/franstein/.platformio/packages/framework-arduinoespressif32@src-537c58760dafe7fcc8a1d9bbcf00b6f6/tools/sdk/esp32s3/include/freertos/include -I/home/franstein/.platformio/packages/framework-arduinoespressif32@src-537c58760dafe7fcc8a1d9bbcf00b6f6/tools/sdk/esp32s3/include/freertos/include/esp_additions/freertos -I/home/franstein/.platformio/packages/framework-arduinoespressif32@src-537c58760dafe7fcc8a1d9bbcf00b6f6/tools/sdk/esp32s3/include/freertos/port/xtensa/include -I/home/franstein/.platformio/packages/framework-arduinoespressif32@src-537c58760dafe7fcc8a1d9bbcf00b6f6/tools/sdk/esp32s3/include/freertos/include/esp_additions -I/home/franstein/.platformio/packages/framework-arduinoespressif32@src-537c58760dafe7fcc8a1d9bbcf00b6f6/tools/sdk/esp32s3/include/esp_hw_support/include -I/home/franstein/.platformio/packages/framework-arduinoespressif32@src-537c58760dafe7fcc8a1d9bbcf00b6f6/tools/sdk/esp32s3/include/esp_hw_support/include/soc -I/home/franstein/.platformio/packages/framework-arduinoespressif32@src-537c58760dafe7fcc8a1d9bbcf00b6f6/tools/sdk/esp32s3/include/esp_hw_support/include/soc/esp32s3 -I/home/franstein/.platformio/packages/framework-arduinoespressif32@src-537c58760dafe7fcc8a1d9bbcf00b6f6/tools/sdk/esp32s3/include/esp_hw_support/port/esp32s3 -I/home/franstein/.platformio/packages/framework-arduinoespressif32@src-537c58760dafe7fcc8a1d9bbcf00b6f6/tools/sdk/esp32s3/include/esp_hw_support/port/esp32s3/private_include -I/home/franstein/.platformio/packages/framework-arduinoespressif32@src-537c58760dafe7fcc8a1d9bbcf00b6f6/tools/sdk/esp32s3/include/heap/include -I/home/franstein/.platformio/packages/framework-arduinoespressif32@src-537c58760dafe7fcc8a1d9bbcf00b6f6/tools/sdk/esp32s3/include/log/include -I/home/franstein/.platformio/packages/framework-arduinoespressif32@src-537c58760dafe7fcc8a1d9bbcf00b6f6/tools/sdk/esp32s3/include/lwip/include/apps -I/home/franstein/.platformio/packages/framework-arduinoespressif32@src-537c58760dafe7fcc8a1d9bbcf00b6f6/tools/sdk/esp32s3/include/lwip/include/apps/sntp -I/home/franstein/.platformio/packages/framework-arduinoespressif32@src-537c58760dafe7fcc8a1d9bbcf00b6f6/tools/sdk/esp32s3/include/lwip/lwip/src/include -I/home/franstein/.platformio/packages/framework-arduinoespressif32@src-537c58760dafe7fcc8a1d9bbcf00b6f6/tools/sdk/esp32s3/include/lwip/port/esp32/include -I/home/franstein/.platformio/packages/framework-arduinoespressif32@src-537c58760dafe7fcc8a1d9bbcf00b6f6/tools/sdk/esp32s3/include/lwip/port/esp32/include/arch -I/home/franstein/.platformio/packages/framework-arduinoespressif32@src-537c58760dafe7fcc8a1d9bbcf00b6f6/tools/sdk/esp32s3/include/soc/include -I/home/franstein/.platformio/packages/framework-arduinoespressif32@src-537c58760dafe7fcc8a1d9bbcf00b6f6/tools/sdk/esp32s3/include/soc/esp32s3 -I/home/franstein/.platformio/packages/framework-arduinoespressif32@src-537c58760dafe7fcc8a1d9bbcf00b6f6/tools/sdk/esp32s3/include/soc/esp32s3/include -I/home/franstein/.platformio/packages/framework-arduinoespressif32@src-537c58760dafe7fcc8a1d9bbcf00b6f6/tools/sdk/esp32s3/include/hal/esp32s3/include -I/home/franstein/.platformio/packages/framework-arduinoespressif32@src-537c58760dafe7fcc8a1d9bbcf00b6f6/tools/sdk/esp32s3/include/hal/include -I/home/franstein/.platformio/packages/framework-arduinoespressif32@src-537c58760dafe7fcc8a1d9bbcf00b6f6/tools/sdk/esp32s3/include/hal/platform_port/include -I/home/franstein/.platformio/packages/framework-arduinoespressif32@src-537c58760dafe7fcc8a1d9bbcf00b6f6/tools/sdk/esp32s3/include/esp_rom/include -I/home/franstein/.platformio/packages/framework-arduinoespressif32@src-537c58760dafe7fcc8a1d9bbcf00b6f6/tools/sdk/esp32s3/include/esp_rom/include/esp32s3 -I/home/franstein/.platformio/packages/framework-arduinoespressif32@src-537c58760dafe7fcc8a1d9bbcf00b6f6/tools/sdk/esp32s3/include/esp_rom/esp32s3 -I/home/franstein/.platformio/packages/framework-arduinoespressif32@src-537c58760dafe7fcc8a1d9bbcf00b6f6/tools/sdk/esp32s3/include/esp_common/include -I/home/franstein/.platformio/packages/framework-arduinoespressif32@src-537c58760dafe7fcc8a1d9bbcf00b6f6/tools/sdk/esp32s3/include/esp_system/include -I/home/franstein/.platformio/packages/framework-arduinoespressif32@src-537c58760dafe7fcc8a1d9bbcf00b6f6/tools/sdk/esp32s3/include/esp_system/port/soc -I/home/franstein/.platformio/packages/framework-arduinoespressif32@src-537c58760dafe7fcc8a1d9bbcf00b6f6/tools/sdk/esp32s3/include/esp_system/port/public_compat -I/home/franstein/.platformio/packages/framework-arduinoespressif32@src-537c58760dafe7fcc8a1d9bbcf00b6f6/tools/sdk/esp32s3/include/xtensa/include -I/home/franstein/.platformio/packages/framework-arduinoespressif32@src-537c58760dafe7fcc8a1d9bbcf00b6f6/tools/sdk/esp32s3/include/xtensa/esp32s3/include -I/home/franstein/.platformio/packages/framework-arduinoespressif32@src-537c58760dafe7fcc8a1d9bbcf00b6f6/tools/sdk/esp32s3/include/driver/include -I/home/franstein/.platformio/packages/framework-arduinoespressif32@src-537c58760dafe7fcc8a1d9bbcf00b6f6/tools/sdk/esp32s3/include/driver/esp32s3/include -I/home/franstein/.platformio/packages/framework-arduinoespressif32@src-537c58760dafe7fcc8a1d9bbcf00b6f6/tools/sdk/esp32s3/include/esp_pm/include -I/home/franstein/.platformio/packages/framework-arduinoespressif32@src-537c58760dafe7fcc8a1d9bbcf00b6f6/tools/sdk/esp32s3/include/esp_ringbuf/include -I/home/franstein/.platformio/packages/framework-arduinoespressif32@src-537c58760dafe7fcc8a1d9bbcf00b6f6/tools/sdk/esp32s3/include/efuse/include -I/home/franstein/.platformio/packages/framework-arduinoespressif32@src-537c58760dafe7fcc8a1d9bbcf00b6f6/tools/sdk/esp32s3/include/efuse/esp32s3/include -I/home/franstein/.platformio/packages/framework-arduinoespressif32@src-537c58760dafe7fcc8a1d9bbcf00b6f6/tools/sdk/esp32s3/include/vfs/include -I/home/franstein/.platformio/packages/framework-arduinoespressif32@src-537c58760dafe7fcc8a1d9bbcf00b6f6/tools/sdk/esp32s3/include/esp_wifi/include -I/home/franstein/.platformio/packages/framework-arduinoespressif32@src-537c58760dafe7fcc8a1d9bbcf00b6f6/tools/sdk/esp32s3/include/esp_event/include -I/home/franstein/.platformio/packages/framework-arduinoespressif32@src-537c58760dafe7fcc8a1d9bbcf00b6f6/tools/sdk/esp32s3/include/esp_netif/include -I/home/franstein/.platformio/packages/framework-arduinoespressif32@src-537c58760dafe7fcc8a1d9bbcf00b6f6/tools/sdk/esp32s3/include/esp_eth/include -I/home/franstein/.platformio/packages/framework-arduinoespressif32@src-537c58760dafe7fcc8a1d9bbcf00b6f6/tools/sdk/esp32s3/include/tcpip_adapter/include -I/home/franstein/.platformio/packages/framework-arduinoespressif32@src-537c58760dafe7fcc8a1d9bbcf00b6f6/tools/sdk/esp32s3/include/esp_phy/include -I/home/franstein/.platformio/packages/framework-arduinoespressif32@src-537c58760dafe7fcc8a1d9bbcf00b6f6/tools/sdk/esp32s3/include/esp_phy/esp32s3/include -I/home/franstein/.platformio/packages/framework-arduinoespressif32@src-537c58760dafe7fcc8a1d9bbcf00b6f6/tools/sdk/esp32s3/include/esp_ipc/include -I/home/franstein/.platformio/packages/framework-arduinoespressif32@src-537c58760dafe7fcc8a1d9bbcf00b6f6/tools/sdk/esp32s3/include/app_trace/include -I/home/franstein/.platformio/packages/framework-arduinoespressif32@src-537c58760dafe7fcc8a1d9bbcf00b6f6/tools/sdk/esp32s3/include/esp_timer/include -I/home/franstein/.platformio/packages/framework-arduinoespressif32@src-537c58760dafe7fcc8a1d9bbcf00b6f6/tools/sdk/esp32s3/include/mbedtls/port/include -I/home/franstein/.platformio/packages/framework-arduinoespressif32@src-537c58760dafe7fcc8a1d9bbcf00b6f6/tools/sdk/esp32s3/include/mbedtls/mbedtls/include -I/home/franstein/.platformio/packages/framework-arduinoespressif32@src-537c58760dafe7fcc8a1d9bbcf00b6f6/tools/sdk/esp32s3/include/mbedtls/esp_crt_bundle/include -I/home/franstein/.platformio/packages/framework-arduinoespressif32@src-537c58760dafe7fcc8a1d9bbcf00b6f6/tools/sdk/esp32s3/include/app_update/include -I/home/franstein/.platformio/packages/framework-arduinoespressif32@src-537c58760dafe7fcc8a1d9bbcf00b6f6/tools/sdk/esp32s3/include/spi_flash/include -I/home/franstein/.platformio/packages/framework-arduinoespressif32@src-537c58760dafe7fcc8a1d9bbcf00b6f6/tools/sdk/esp32s3/include/bootloader_support/include -I/home/franstein/.platformio/packages/framework-arduinoespressif32@src-537c58760dafe7fcc8a1d9bbcf00b6f6/tools/sdk/esp32s3/include/nvs_flash/include -I/home/franstein/.platformio/packages/framework-arduinoespressif32@src-537c58760dafe7fcc8a1d9bbcf00b6f6/tools/sdk/esp32s3/include/pthread/include -I/home/franstein/.platformio/packages/framework-arduinoespressif32@src-537c58760dafe7fcc8a1d9bbcf00b6f6/tools/sdk/esp32s3/include/esp_gdbstub/include -I/home/franstein/.platformio/packages/framework-arduinoespressif32@src-537c58760dafe7fcc8a1d9bbcf00b6f6/tools/sdk/esp32s3/include/esp_gdbstub/xtensa -I/home/franstein/.platformio/packages/framework-arduinoespressif32@src-537c58760dafe7fcc8a1d9bbcf00b6f6/tools/sdk/esp32s3/include/esp_gdbstub/esp32s3 -I/home/franstein/.platformio/packages/framework-arduinoespressif32@src-537c58760dafe7fcc8a1d9bbcf00b6f6/tools/sdk/esp32s3/include/espcoredump/include -I/home/franstein/.platformio/packages/framework-arduinoespressif32@src-537c58760dafe7fcc8a1d9bbcf00b6f6/tools/sdk/esp32s3/include/espcoredump/include/port/xtensa -I/home/franstein/.platformio/packages/framework-arduinoespressif32@src-537c58760dafe7fcc8a1d9bbcf00b6f6/tools/sdk/esp32s3/include/wpa_supplicant/include -I/home/franstein/.platformio/packages/framework-arduinoespressif32@src-537c58760dafe7fcc8a1d9bbcf00b6f6/tools/sdk/esp32s3/include/wpa_supplicant/port/include -I/home/franstein/.platformio/packages/framework-arduinoespressif32@src-537c58760dafe7fcc8a1d9bbcf00b6f6/tools/sdk/esp32s3/include/wpa_supplicant/esp_supplicant/include -I/home/franstein/.platformio/packages/framework-arduinoespressif32@src-537c58760dafe7fcc8a1d9bbcf00b6f6/tools/sdk/esp32s3/include/ieee802154/include -I/home/franstein/.platformio/packages/framework-arduinoespressif32@src-537c58760dafe7fcc8a1d9bbcf00b6f6/tools/sdk/esp32s3/include/console -I/home/franstein/.platformio/packages/framework-arduinoespressif32@src-537c58760dafe7fcc8a1d9bbcf00b6f6/tools/sdk/esp32s3/include/asio/asio/asio/include -I/home/franstein/.platformio/packages/framework-arduinoespressif32@src-537c58760dafe7fcc8a1d9bbcf00b6f6/tools/sdk/esp32s3/include/asio/port/include -I/home/franstein/.platformio/packages/framework-arduinoespressif32@src-537c58760dafe7fcc8a1d9bbcf00b6f6/tools/sdk/esp32s3/include/bt/common/osi/include -I/home/franstein/.platformio/packages/framework-arduinoespressif32@src-537c58760dafe7fcc8a1d9bbcf00b6f6/tools/sdk/esp32s3/include/bt/include/esp32s3/include -I/home/franstein/.platformio/packages/framework-arduinoespressif32@src-537c58760dafe7fcc8a1d9bbcf00b6f6/tools/sdk/esp32s3/include/bt/common/api/include/api -I/home/franstein/.platformio/packages/framework-arduinoespressif32@src-537c58760dafe7fcc8a1d9bbcf00b6f6/tools/sdk/esp32s3/include/bt/common/btc/profile/esp/blufi/include -I/home/franstein/.platformio/packages/framework-arduinoespressif32@src-537c58760dafe7fcc8a1d9bbcf00b6f6/tools/sdk/esp32s3/include/bt/common/btc/profile/esp/include -I/home/franstein/.platformio/packages/framework-arduinoespressif32@src-537c58760dafe7fcc8a1d9bbcf00b6f6/tools/sdk/esp32s3/include/bt/host/bluedroid/api/include/api -I/home/franstein/.platformio/packages/framework-arduinoespressif32@src-537c58760dafe7fcc8a1d9bbcf00b6f6/tools/sdk/esp32s3/include/bt/esp_ble_mesh/mesh_common/include -I/home/franstein/.platformio/packages/framework-arduinoespressif32@src-537c58760dafe7fcc8a1d9bbcf00b6f6/tools/sdk/esp32s3/include/bt/esp_ble_mesh/mesh_common/tinycrypt/include -I/home/franstein/.platformio/packages/framework-arduinoespressif32@src-537c58760dafe7fcc8a1d9bbcf00b6f6/tools/sdk/esp32s3/include/bt/esp_ble_mesh/mesh_core -I/home/franstein/.platformio/packages/framework-arduinoespressif32@src-537c58760dafe7fcc8a1d9bbcf00b6f6/tools/sdk/esp32s3/include/bt/esp_ble_mesh/mesh_core/include -I/home/franstein/.platformio/packages/framework-arduinoespressif32@src-537c58760dafe7fcc8a1d9bbcf00b6f6/tools/sdk/esp32s3/include/bt/esp_ble_mesh/mesh_core/storage -I/home/franstein/.platformio/packages/framework-arduinoespressif32@src-537c58760dafe7fcc8a1d9bbcf00b6f6/tools/sdk/esp32s3/include/bt/esp_ble_mesh/btc/include -I/home/franstein/.platformio/packages/framework-arduinoespressif32@src-537c58760dafe7fcc8a1d9bbcf00b6f6/tools/sdk/esp32s3/include/bt/esp_ble_mesh/mesh_models/common/include -I/home/franstein/.platformio/packages/framework-arduinoespressif32@src-537c58760dafe7fcc8a1d9bbcf00b6f6/tools/sdk/esp32s3/include/bt/esp_ble_mesh/mesh_models/client/include -I/home/franstein/.platformio/packages/framework-arduinoespressif32@src-537c58760dafe7fcc8a1d9bbcf00b6f6/tools/sdk/esp32s3/include/bt/esp_ble_mesh/mesh_models/server/include -I/home/franstein/.platformio/packages/framework-arduinoespressif32@src-537c58760dafe7fcc8a1d9bbcf00b6f6/tools/sdk/esp32s3/include/bt/esp_ble_mesh/api/core/include -I/home/franstein/.platformio/packages/framework-arduinoespressif32@src-537c58760dafe7fcc8a1d9bbcf00b6f6/tools/sdk/esp32s3/include/bt/esp_ble_mesh/api/models/include -I/home/franstein/.platformio/packages/framework-arduinoespressif32@src-537c58760dafe7fcc8a1d9bbcf00b6f6/tools/sdk/esp32s3/include/bt/esp_ble_mesh/api -I/home/franstein/.platformio/packages/framework-arduinoespressif32@src-537c58760dafe7fcc8a1d9bbcf00b6f6/tools/sdk/esp32s3/include/cbor/port/include -I/home/franstein/.platformio/packages/framework-arduinoespressif32@src-537c58760dafe7fcc8a1d9bbcf00b6f6/tools/sdk/esp32s3/include/unity/include -I/home/franstein/.platformio/packages/framework-arduinoespressif32@src-537c58760dafe7fcc8a1d9bbcf00b6f6/tools/sdk/esp32s3/include/unity/unity/src -I/home/franstein/.platformio/packages/framework-arduinoespressif32@src-537c58760dafe7fcc8a1d9bbcf00b6f6/tools/sdk/esp32s3/include/cmock/CMock/src -I/home/franstein/.platformio/packages/framework-arduinoespressif32@src-537c58760dafe7fcc8a1d9bbcf00b6f6/tools/sdk/esp32s3/include/coap/port/include -I/home/franstein/.platformio/packages/framework-arduinoespressif32@src-537c58760dafe7fcc8a1d9bbcf00b6f6/tools/sdk/esp32s3/include/coap/libcoap/include -I/home/franstein/.platformio/packages/framework-arduinoespressif32@src-537c58760dafe7fcc8a1d9bbcf00b6f6/tools/sdk/esp32s3/include/nghttp/port/include -I/home/franstein/.platformio/packages/framework-arduinoespressif32@src-537c58760dafe7fcc8a1d9bbcf00b6f6/tools/sdk/esp32s3/include/nghttp/nghttp2/lib/includes -I/home/franstein/.platformio/packages/framework-arduinoespressif32@src-537c58760dafe7fcc8a1d9bbcf00b6f6/tools/sdk/esp32s3/include/esp-tls -I/home/franstein/.platformio/packages/framework-arduinoespressif32@src-537c58760dafe7fcc8a1d9bbcf00b6f6/tools/sdk/esp32s3/include/esp-tls/esp-tls-crypto -I/home/franstein/.platformio/packages/framework-arduinoespressif32@src-537c58760dafe7fcc8a1d9bbcf00b6f6/tools/sdk/esp32s3/include/esp_adc_cal/include -I/home/franstein/.platformio/packages/framework-arduinoespressif32@src-537c58760dafe7fcc8a1d9bbcf00b6f6/tools/sdk/esp32s3/include/esp_hid/include -I/home/franstein/.platformio/packages/framework-arduinoespressif32@src-537c58760dafe7fcc8a1d9bbcf00b6f6/tools/sdk/esp32s3/include/tcp_transport/include -I/home/franstein/.platformio/packages/framework-arduinoespressif32@src-537c58760dafe7fcc8a1d9bbcf00b6f6/tools/sdk/esp32s3/include/esp_http_client/include -I/home/franstein/.platformio/packages/framework-arduinoespressif32@src-537c58760dafe7fcc8a1d9bbcf00b6f6/tools/sdk/esp32s3/include/esp_http_server/include -I/home/franstein/.platformio/packages/framework-arduinoespressif32@src-537c58760dafe7fcc8a1d9bbcf00b6f6/tools/sdk/esp32s3/include/esp_https_ota/include -I/home/franstein/.platformio/packages/framework-arduinoespressif32@src-537c58760dafe7fcc8a1d9bbcf00b6f6/tools/sdk/esp32s3/include/esp_https_server/include -I/home/franstein/.platformio/packages/framework-arduinoespressif32@src-537c58760dafe7fcc8a1d9bbcf00b6f6/tools/sdk/esp32s3/include/esp_lcd/include -I/home/franstein/.platformio/packages/framework-arduinoespressif32@src-537c58760dafe7fcc8a1d9bbcf00b6f6/tools/sdk/esp32s3/include/esp_lcd/interface -I/home/franstein/.platformio/packages/framework-arduinoespressif32@src-537c58760dafe7fcc8a1d9bbcf00b6f6/tools/sdk/esp32s3/include/protobuf-c/protobuf-c -I/home/franstein/.platformio/packages/framework-arduinoespressif32@src-537c58760dafe7fcc8a1d9bbcf00b6f6/tools/sdk/esp32s3/include/protocomm/include/common -I/home/franstein/.platformio/packages/framework-arduinoespressif32@src-537c58760dafe7fcc8a1d9bbcf00b6f6/tools/sdk/esp32s3/include/protocomm/include/security -I/home/franstein/.platformio/packages/framework-arduinoespressif32@src-537c58760dafe7fcc8a1d9bbcf00b6f6/tools/sdk/esp32s3/include/protocomm/include/transports -I/home/franstein/.platformio/packages/framework-arduinoespressif32@src-537c58760dafe7fcc8a1d9bbcf00b6f6/tools/sdk/esp32s3/include/mdns/include -I/home/franstein/.platformio/packages/framework-arduinoespressif32@src-537c58760dafe7fcc8a1d9bbcf00b6f6/tools/sdk/esp32s3/include/esp_local_ctrl/include -I/home/franstein/.platformio/packages/framework-arduinoespressif32@src-537c58760dafe7fcc8a1d9bbcf00b6f6/tools/sdk/esp32s3/include/sdmmc/include -I/home/franstein/.platformio/packages/framework-arduinoespressif32@src-537c58760dafe7fcc8a1d9bbcf00b6f6/tools/sdk/esp32s3/include/esp_serial_slave_link/include -I/home/franstein/.platformio/packages/framework-arduinoespressif32@src-537c58760dafe7fcc8a1d9bbcf00b6f6/tools/sdk/esp32s3/include/esp_websocket_client/include -I/home/franstein/.platformio/packages/framework-arduinoespressif32@src-537c58760dafe7fcc8a1d9bbcf00b6f6/tools/sdk/esp32s3/include/expat/expat/expat/lib -I/home/franstein/.platformio/packages/framework-arduinoespressif32@src-537c58760dafe7fcc8a1d9bbcf00b6f6/tools/sdk/esp32s3/include/expat/port/include -I/home/franstein/.platformio/packages/framework-arduinoespressif32@src-537c58760dafe7fcc8a1d9bbcf00b6f6/tools/sdk/esp32s3/include/wear_levelling/include -I/home/franstein/.platformio/packages/framework-arduinoespressif32@src-537c58760dafe7fcc8a1d9bbcf00b6f6/tools/sdk/esp32s3/include/fatfs/diskio -I/home/franstein/.platformio/packages/framework-arduinoespressif32@src-537c58760dafe7fcc8a1d9bbcf00b6f6/tools/sdk/esp32s3/include/fatfs/vfs -I/home/franstein/.platformio/packages/framework-arduinoespressif32@src-537c58760dafe7fcc8a1d9bbcf00b6f6/tools/sdk/esp32s3/include/fatfs/src -I/home/franstein/.platformio/packages/framework-arduinoespressif32@src-537c58760dafe7fcc8a1d9bbcf00b6f6/tools/sdk/esp32s3/include/freemodbus/common/include -I/home/franstein/.platformio/packages/framework-arduinoespressif32@src-537c58760dafe7fcc8a1d9bbcf00b6f6/tools/sdk/esp32s3/include/idf_test/include -I/home/franstein/.platformio/packages/framework-arduinoespressif32@src-537c58760dafe7fcc8a1d9bbcf00b6f6/tools/sdk/esp32s3/include/idf_test/include/esp32s3 -I/home/franstein/.platformio/packages/framework-arduinoespressif32@src-537c58760dafe7fcc8a1d9bbcf00b6f6/tools/sdk/esp32s3/include/jsmn/include -I/home/franstein/.platformio/packages/framework-arduinoespressif32@src-537c58760dafe7fcc8a1d9bbcf00b6f6/tools/sdk/esp32s3/include/json/cJSON -I/home/franstein/.platformio/packages/framework-arduinoespressif32@src-537c58760dafe7fcc8a1d9bbcf00b6f6/tools/sdk/esp32s3/include/libsodium/libsodium/src/libsodium/include -I/home/franstein/.platformio/packages/framework-arduinoespressif32@src-537c58760dafe7fcc8a1d9bbcf00b6f6/tools/sdk/esp32s3/include/libsodium/port_include -I/home/franstein/.platformio/packages/framework-arduinoespressif32@src-537c58760dafe7fcc8a1d9bbcf00b6f6/tools/sdk/esp32s3/include/mqtt/esp-mqtt/include -I/home/franstein/.platformio/packages/framework-arduinoespressif32@src-537c58760dafe7fcc8a1d9bbcf00b6f6/tools/sdk/esp32s3/include/openssl/include -I/home/franstein/.platformio/packages/framework-arduinoespressif32@src-537c58760dafe7fcc8a1d9bbcf00b6f6/tools/sdk/esp32s3/include/perfmon/include -I/home/franstein/.platformio/packages/framework-arduinoespressif32@src-537c58760dafe7fcc8a1d9bbcf00b6f6/tools/sdk/esp32s3/include/spiffs/include -I/home/franstein/.platformio/packages/framework-arduinoespressif32@src-537c58760dafe7fcc8a1d9bbcf00b6f6/tools/sdk/esp32s3/include/usb/include -I/home/franstein/.platformio/packages/framework-arduinoespressif32@src-537c58760dafe7fcc8a1d9bbcf00b6f6/tools/sdk/esp32s3/include/ulp/include -I/home/franstein/.platformio/packages/framework-arduinoespressif32@src-537c58760dafe7fcc8a1d9bbcf00b6f6/tools/sdk/esp32s3/include/wifi_provisioning/include -I/home/franstein/.platformio/packages/framework-arduinoespressif32@src-537c58760dafe7fcc8a1d9bbcf00b6f6/tools/sdk/esp32s3/include/rmaker_common/include -I/home/franstein/.platformio/packages/framework-arduinoespressif32@src-537c58760dafe7fcc8a1d9bbcf00b6f6/tools/sdk/esp32s3/include/json_parser/upstream/include -I/home/franstein/.platformio/packages/framework-arduinoespressif32@src-537c58760dafe7fcc8a1d9bbcf00b6f6/tools/sdk/esp32s3/include/json_parser/upstream -I/home/franstein/.platformio/packages/framework-arduinoespressif32@src-537c58760dafe7fcc8a1d9bbcf00b6f6/tools/sdk/esp32s3/include/json_generator/upstream -I/home/franstein/.platformio/packages/framework-arduinoespressif32@src-537c58760dafe7fcc8a1d9bbcf00b6f6/tools/sdk/esp32s3/include/esp_schedule/include -I/home/franstein/.platformio/packages/framework-arduinoespressif32@src-537c58760dafe7fcc8a1d9bbcf00b6f6/tools/sdk/esp32s3/include/esp_rainmaker/include -I/home/franstein/.platformio/packages/framework-arduinoespressif32@src-537c58760dafe7fcc8a1d9bbcf00b6f6/tools/sdk/esp32s3/include/gpio_button/button/include -I/home/franstein/.platformio/packages/framework-arduinoespressif32@src-537c58760dafe7fcc8a1d9bbcf00b6f6/tools/sdk/esp32s3/include/qrcode/include -I/home/franstein/.platformio/packages/framework-arduinoespressif32@src-537c58760dafe7fcc8a1d9bbcf00b6f6/tools/sdk/esp32s3/include/ws2812_led -I/home/franstein/.platformio/packages/framework-arduinoespressif32@src-537c58760dafe7fcc8a1d9bbcf00b6f6/tools/sdk/esp32s3/include/esp_diagnostics/include -I/home/franstein/.platformio/packages/framework-arduinoespressif32@src-537c58760dafe7fcc8a1d9bbcf00b6f6/tools/sdk/esp32s3/include/rtc_store/include -I/home/franstein/.platformio/packages/framework-arduinoespressif32@src-537c58760dafe7fcc8a1d9bbcf00b6f6/tools/sdk/esp32s3/include/esp_insights/include -I/home/franstein/.platformio/packages/framework-arduinoespressif32@src-537c58760dafe7fcc8a1d9bbcf00b6f6/tools/sdk/esp32s3/include/esp-dsp/modules/dotprod/include -I/home/franstein/.platformio/packages/framework-arduinoespressif32@src-537c58760dafe7fcc8a1d9bbcf00b6f6/tools/sdk/esp32s3/include/esp-dsp/modules/support/include -I/home/franstein/.platformio/packages/framework-arduinoespressif32@src-537c58760dafe7fcc8a1d9bbcf00b6f6/tools/sdk/esp32s3/include/esp-dsp/modules/windows/include -I/home/franstein/.platformio/packages/framework-arduinoespressif32@src-537c58760dafe7fcc8a1d9bbcf00b6f6/tools/sdk/esp32s3/include/esp-dsp/modules/windows/hann/include -I/home/franstein/.platformio/packages/framework-arduinoespressif32@src-537c58760dafe7fcc8a1d9bbcf00b6f6/tools/sdk/esp32s3/include/esp-dsp/modules/windows/blackman/include -I/home/franstein/.platformio/packages/framework-arduinoespressif32@src-537c58760dafe7fcc8a1d9bbcf00b6f6/tools/sdk/esp32s3/include/esp-dsp/modules/windows/blackman_harris/include -I/home/franstein/.platformio/packages/framework-arduinoespressif32@src-537c58760dafe7fcc8a1d9bbcf00b6f6/tools/sdk/esp32s3/include/esp-dsp/modules/windows/blackman_nuttall/include -I/home/franstein/.platformio/packages/framework-arduinoespressif32@src-537c58760dafe7fcc8a1d9bbcf00b6f6/tools/sdk/esp32s3/include/esp-dsp/modules/windows/nuttall/include -I/home/franstein/.platformio/packages/framework-arduinoespressif32@src-537c58760dafe7fcc8a1d9bbcf00b6f6/tools/sdk/esp32s3/include/esp-dsp/modules/windows/flat_top/include -I/home/franstein/.platformio/packages/framework-arduinoespressif32@src-537c58760dafe7fcc8a1d9bbcf00b6f6/tools/sdk/esp32s3/include/esp-dsp/modules/iir/include -I/home/franstein/.platformio/packages/framework-arduinoespressif32@src-537c58760dafe7fcc8a1d9bbcf00b6f6/tools/sdk/esp32s3/include/esp-dsp/modules/fir/include -I/home/franstein/.platformio/packages/framework-arduinoespressif32@src-537c58760dafe7fcc8a1d9bbcf00b6f6/tools/sdk/esp32s3/include/esp-dsp/modules/math/include -I/home/franstein/.platformio/packages/framework-arduinoespressif32@src-537c58760dafe7fcc8a1d9bbcf00b6f6/tools/sdk/esp32s3/include/esp-dsp/modules/math/add/include -I/home/franstein/.platformio/packages/framework-arduinoespressif32@src-537c58760dafe7fcc8a1d9bbcf00b6f6/tools/sdk/esp32s3/include/esp-dsp/modules/math/sub/include -I/home/franstein/.platformio/packages/framework-arduinoespressif32@src-537c58760dafe7fcc8a1d9bbcf00b6f6/tools/sdk/esp32s3/include/esp-dsp/modules/math/mul/include -I/home/franstein/.platformio/packages/framework-arduinoespressif32@src-537c58760dafe7fcc8a1d9bbcf00b6f6/tools/sdk/esp32s3/include/esp-dsp/modules/math/addc/include -I/home/franstein/.platformio/packages/framework-arduinoespressif32@src-537c58760dafe7fcc8a1d9bbcf00b6f6/tools/sdk/esp32s3/include/esp-dsp/modules/math/mulc/include -I/home/franstein/.platformio/packages/framework-arduinoespressif32@src-537c58760dafe7fcc8a1d9bbcf00b6f6/tools/sdk/esp32s3/include/esp-dsp/modules/math/sqrt/include -I/home/franstein/.platformio/packages/framework-arduinoespressif32@src-537c58760dafe7fcc8a1d9bbcf00b6f6/tools/sdk/esp32s3/include/esp-dsp/modules/matrix/include -I/home/franstein/.platformio/packages/framework-arduinoespressif32@src-537c58760dafe7fcc8a1d9bbcf00b6f6/tools/sdk/esp32s3/include/esp-dsp/modules/fft/include -I/home/franstein/.platformio/packages/framework-arduinoespressif32@src-537c58760dafe7fcc8a1d9bbcf00b6f6/tools/sdk/esp32s3/include/esp-dsp/modules/dct/include -I/home/franstein/.platformio/packages/framework-arduinoespressif32@src-537c58760dafe7fcc8a1d9bbcf00b6f6/tools/sdk/esp32s3/include/esp-dsp/modules/conv/include -I/home/franstein/.platformio/packages/framework-arduinoespressif32@src-537c58760dafe7fcc8a1d9bbcf00b6f6/tools/sdk/esp32s3/include/esp-dsp/modules/common/include -I/home/franstein/.platformio/packages/framework-arduinoespressif32@src-537c58760dafe7fcc8a1d9bbcf00b6f6/tools/sdk/esp32s3/include/esp-dsp/modules/kalman/ekf/include -I/home/franstein/.platformio/packages/framework-arduinoespressif32@src-537c58760dafe7fcc8a1d9bbcf00b6f6/tools/sdk/esp32s3/include/esp-dsp/modules/kalman/ekf_imu13states/include -I/home/franstein/.platformio/packages/framework-arduinoespressif32@src-537c58760dafe7fcc8a1d9bbcf00b6f6/tools/sdk/esp32s3/include/freertos/include/freertos -I/home/franstein/.platformio/packages/framework-arduinoespressif32@src-537c58760dafe7fcc8a1d9bbcf00b6f6/tools/sdk/esp32s3/include/arduino_tinyusb/tinyusb/src -I/home/franstein/.platformio/packages/framework-arduinoespressif32@src-537c58760dafe7fcc8a1d9bbcf00b6f6/tools/sdk/esp32s3/include/arduino_tinyusb/include -I/home/franstein/.platformio/packages/framework-arduinoespressif32@src-537c58760dafe7fcc8a1d9bbcf00b6f6/tools/sdk/esp32s3/include/esp_littlefs/include -I/home/franstein/.platformio/packages/framework-arduinoespressif32@src-537c58760dafe7fcc8a1d9bbcf00b6f6/tools/sdk/esp32s3/include/esp-dl/include -I/home/franstein/.platformio/packages/framework-arduinoespressif32@src-537c58760dafe7fcc8a1d9bbcf00b6f6/tools/sdk/esp32s3/include/esp-dl/include/tool -I/home/franstein/.platformio/packages/framework-arduinoespressif32@src-537c58760dafe7fcc8a1d9bbcf00b6f6/tools/sdk/esp32s3/include/esp-dl/include/typedef -I/home/franstein/.platformio/packages/framework-arduinoespressif32@src-537c58760dafe7fcc8a1d9bbcf00b6f6/tools/sdk/esp32s3/include/esp-dl/include/image -I/home/franstein/.platformio/packages/framework-arduinoespressif32@src-537c58760dafe7fcc8a1d9bbcf00b6f6/tools/sdk/esp32s3/include/esp-dl/include/math -I/home/franstein/.platformio/packages/framework-arduinoespressif32@src-537c58760dafe7fcc8a1d9bbcf00b6f6/tools/sdk/esp32s3/include/esp-dl/include/nn -I/home/franstein/.platformio/packages/framework-arduinoespressif32@src-537c58760dafe7fcc8a1d9bbcf00b6f6/tools/sdk/esp32s3/include/esp-dl/include/layer -I/home/franstein/.platformio/packages/framework-arduinoespressif32@src-537c58760dafe7fcc8a1d9bbcf00b6f6/tools/sdk/esp32s3/include/esp-dl/include/detect -I/home/franstein/.platformio/packages/framework-arduinoespressif32@src-537c58760dafe7fcc8a1d9bbcf00b6f6/tools/sdk/esp32s3/include/esp-dl/include/model_zoo -I/home/franstein/.platformio/packages/framework-arduinoespressif32@src-537c58760dafe7fcc8a1d9bbcf00b6f6/tools/sdk/esp32s3/include/esp-sr/src/include -I/home/franstein/.platformio/packages/framework-arduinoespressif32@src-537c58760dafe7fcc8a1d9bbcf00b6f6/tools/sdk/esp32s3/include/esp-sr/esp-tts/esp_tts_chinese/include -I/home/franstein/.platformio/packages/framework-arduinoespressif32@src-537c58760dafe7fcc8a1d9bbcf00b6f6/tools/sdk/esp32s3/include/esp-sr/include/esp32s3 -I/home/franstein/.platformio/packages/framework-arduinoespressif32@src-537c58760dafe7fcc8a1d9bbcf00b6f6/tools/sdk/esp32s3/include/esp32-camera/driver/include -I/home/franstein/.platformio/packages/framework-arduinoespressif32@src-537c58760dafe7fcc8a1d9bbcf00b6f6/tools/sdk/esp32s3/include/esp32-camera/conversions/include -I/home/franstein/.platformio/packages/framework-arduinoespressif32@src-537c58760dafe7fcc8a1d9bbcf00b6f6/tools/sdk/esp32s3/include/fb_gfx/include -I/home/franstein/.platformio/packages/framework-arduinoespressif32@src-537c58760dafe7fcc8a1d9bbcf00b6f6/tools/sdk/esp32s3/qio_opi/include -I/home/franstein/.platformio/packages/framework-arduinoespressif32@src-537c58760dafe7fcc8a1d9bbcf00b6f6/cores/esp32 -I/home/franstein/.platformio/packages/framework-arduinoespressif32@src-537c58760dafe7fcc8a1d9bbcf00b6f6/variants/esp32s3 /home/franstein/.platformio/packages/framework-arduinoespressif32@src-537c58760dafe7fcc8a1d9bbcf00b6f6/cores/esp32/esp32-hal-bt.c
xtensa-esp32s3-elf-gcc -o .pio/build/esp32/FrameworkArduino/esp32-hal-cpu.c.o -c -std=gnu99 -Wno-old-style-declaration -Os -mlongcalls -ffunction-sections -fdata-sections -Wno-error=unused-function -Wno-error=unused-variable -Wno-error=deprecated-declarations -Wno-unused-parameter -Wno-sign-compare -ggdb -freorder-blocks -Wwrite-strings -fstack-protector -fstrict-volatile-bitfields -Wno-error=unused-but-set-variable -fno-jump-tables -fno-tree-switch-conversion -MMD -DPLATFORMIO=60107 -DBOARD_HAS_PSRAM -DARDUINO_USB_MODE=1 -DARDUINO_USB_CDC_ON_BOOT=1 -DHAVE_CONFIG_H -DMBEDTLS_CONFIG_FILE=\"mbedtls/esp_config.h\" -DUNITY_INCLUDE_CONFIG_H -DWITH_POSIX -D_GNU_SOURCE -DIDF_VER=\"v4.4.3\" -DESP_PLATFORM -D_POSIX_READER_WRITER_LOCKS -DARDUINO_ARCH_ESP32 -DESP32 -DF_CPU=240000000L -DARDUINO=10812 -DARDUINO_VARIANT=\"esp32s3\" "-DARDUINO_BOARD=\"LILYGO T3-S3\"" -DARDUINO_PARTITION_default -I/home/franstein/.platformio/packages/framework-arduinoespressif32@src-537c58760dafe7fcc8a1d9bbcf00b6f6/tools/sdk/esp32s3/include/newlib/platform_include -I/home/franstein/.platformio/packages/framework-arduinoespressif32@src-537c58760dafe7fcc8a1d9bbcf00b6f6/tools/sdk/esp32s3/include/freertos/include -I/home/franstein/.platformio/packages/framework-arduinoespressif32@src-537c58760dafe7fcc8a1d9bbcf00b6f6/tools/sdk/esp32s3/include/freertos/include/esp_additions/freertos -I/home/franstein/.platformio/packages/framework-arduinoespressif32@src-537c58760dafe7fcc8a1d9bbcf00b6f6/tools/sdk/esp32s3/include/freertos/port/xtensa/include -I/home/franstein/.platformio/packages/framework-arduinoespressif32@src-537c58760dafe7fcc8a1d9bbcf00b6f6/tools/sdk/esp32s3/include/freertos/include/esp_additions -I/home/franstein/.platformio/packages/framework-arduinoespressif32@src-537c58760dafe7fcc8a1d9bbcf00b6f6/tools/sdk/esp32s3/include/esp_hw_support/include -I/home/franstein/.platformio/packages/framework-arduinoespressif32@src-537c58760dafe7fcc8a1d9bbcf00b6f6/tools/sdk/esp32s3/include/esp_hw_support/include/soc -I/home/franstein/.platformio/packages/framework-arduinoespressif32@src-537c58760dafe7fcc8a1d9bbcf00b6f6/tools/sdk/esp32s3/include/esp_hw_support/include/soc/esp32s3 -I/home/franstein/.platformio/packages/framework-arduinoespressif32@src-537c58760dafe7fcc8a1d9bbcf00b6f6/tools/sdk/esp32s3/include/esp_hw_support/port/esp32s3 -I/home/franstein/.platformio/packages/framework-arduinoespressif32@src-537c58760dafe7fcc8a1d9bbcf00b6f6/tools/sdk/esp32s3/include/esp_hw_support/port/esp32s3/private_include -I/home/franstein/.platformio/packages/framework-arduinoespressif32@src-537c58760dafe7fcc8a1d9bbcf00b6f6/tools/sdk/esp32s3/include/heap/include -I/home/franstein/.platformio/packages/framework-arduinoespressif32@src-537c58760dafe7fcc8a1d9bbcf00b6f6/tools/sdk/esp32s3/include/log/include -I/home/franstein/.platformio/packages/framework-arduinoespressif32@src-537c58760dafe7fcc8a1d9bbcf00b6f6/tools/sdk/esp32s3/include/lwip/include/apps -I/home/franstein/.platformio/packages/framework-arduinoespressif32@src-537c58760dafe7fcc8a1d9bbcf00b6f6/tools/sdk/esp32s3/include/lwip/include/apps/sntp -I/home/franstein/.platformio/packages/framework-arduinoespressif32@src-537c58760dafe7fcc8a1d9bbcf00b6f6/tools/sdk/esp32s3/include/lwip/lwip/src/include -I/home/franstein/.platformio/packages/framework-arduinoespressif32@src-537c58760dafe7fcc8a1d9bbcf00b6f6/tools/sdk/esp32s3/include/lwip/port/esp32/include -I/home/franstein/.platformio/packages/framework-arduinoespressif32@src-537c58760dafe7fcc8a1d9bbcf00b6f6/tools/sdk/esp32s3/include/lwip/port/esp32/include/arch -I/home/franstein/.platformio/packages/framework-arduinoespressif32@src-537c58760dafe7fcc8a1d9bbcf00b6f6/tools/sdk/esp32s3/include/soc/include -I/home/franstein/.platformio/packages/framework-arduinoespressif32@src-537c58760dafe7fcc8a1d9bbcf00b6f6/tools/sdk/esp32s3/include/soc/esp32s3 -I/home/franstein/.platformio/packages/framework-arduinoespressif32@src-537c58760dafe7fcc8a1d9bbcf00b6f6/tools/sdk/esp32s3/include/soc/esp32s3/include -I/home/franstein/.platformio/packages/framework-arduinoespressif32@src-537c58760dafe7fcc8a1d9bbcf00b6f6/tools/sdk/esp32s3/include/hal/esp32s3/include -I/home/franstein/.platformio/packages/framework-arduinoespressif32@src-537c58760dafe7fcc8a1d9bbcf00b6f6/tools/sdk/esp32s3/include/hal/include -I/home/franstein/.platformio/packages/framework-arduinoespressif32@src-537c58760dafe7fcc8a1d9bbcf00b6f6/tools/sdk/esp32s3/include/hal/platform_port/include -I/home/franstein/.platformio/packages/framework-arduinoespressif32@src-537c58760dafe7fcc8a1d9bbcf00b6f6/tools/sdk/esp32s3/include/esp_rom/include -I/home/franstein/.platformio/packages/framework-arduinoespressif32@src-537c58760dafe7fcc8a1d9bbcf00b6f6/tools/sdk/esp32s3/include/esp_rom/include/esp32s3 -I/home/franstein/.platformio/packages/framework-arduinoespressif32@src-537c58760dafe7fcc8a1d9bbcf00b6f6/tools/sdk/esp32s3/include/esp_rom/esp32s3 -I/home/franstein/.platformio/packages/framework-arduinoespressif32@src-537c58760dafe7fcc8a1d9bbcf00b6f6/tools/sdk/esp32s3/include/esp_common/include -I/home/franstein/.platformio/packages/framework-arduinoespressif32@src-537c58760dafe7fcc8a1d9bbcf00b6f6/tools/sdk/esp32s3/include/esp_system/include -I/home/franstein/.platformio/packages/framework-arduinoespressif32@src-537c58760dafe7fcc8a1d9bbcf00b6f6/tools/sdk/esp32s3/include/esp_system/port/soc -I/home/franstein/.platformio/packages/framework-arduinoespressif32@src-537c58760dafe7fcc8a1d9bbcf00b6f6/tools/sdk/esp32s3/include/esp_system/port/public_compat -I/home/franstein/.platformio/packages/framework-arduinoespressif32@src-537c58760dafe7fcc8a1d9bbcf00b6f6/tools/sdk/esp32s3/include/xtensa/include -I/home/franstein/.platformio/packages/framework-arduinoespressif32@src-537c58760dafe7fcc8a1d9bbcf00b6f6/tools/sdk/esp32s3/include/xtensa/esp32s3/include -I/home/franstein/.platformio/packages/framework-arduinoespressif32@src-537c58760dafe7fcc8a1d9bbcf00b6f6/tools/sdk/esp32s3/include/driver/include -I/home/franstein/.platformio/packages/framework-arduinoespressif32@src-537c58760dafe7fcc8a1d9bbcf00b6f6/tools/sdk/esp32s3/include/driver/esp32s3/include -I/home/franstein/.platformio/packages/framework-arduinoespressif32@src-537c58760dafe7fcc8a1d9bbcf00b6f6/tools/sdk/esp32s3/include/esp_pm/include -I/home/franstein/.platformio/packages/framework-arduinoespressif32@src-537c58760dafe7fcc8a1d9bbcf00b6f6/tools/sdk/esp32s3/include/esp_ringbuf/include -I/home/franstein/.platformio/packages/framework-arduinoespressif32@src-537c58760dafe7fcc8a1d9bbcf00b6f6/tools/sdk/esp32s3/include/efuse/include -I/home/franstein/.platformio/packages/framework-arduinoespressif32@src-537c58760dafe7fcc8a1d9bbcf00b6f6/tools/sdk/esp32s3/include/efuse/esp32s3/include -I/home/franstein/.platformio/packages/framework-arduinoespressif32@src-537c58760dafe7fcc8a1d9bbcf00b6f6/tools/sdk/esp32s3/include/vfs/include -I/home/franstein/.platformio/packages/framework-arduinoespressif32@src-537c58760dafe7fcc8a1d9bbcf00b6f6/tools/sdk/esp32s3/include/esp_wifi/include -I/home/franstein/.platformio/packages/framework-arduinoespressif32@src-537c58760dafe7fcc8a1d9bbcf00b6f6/tools/sdk/esp32s3/include/esp_event/include -I/home/franstein/.platformio/packages/framework-arduinoespressif32@src-537c58760dafe7fcc8a1d9bbcf00b6f6/tools/sdk/esp32s3/include/esp_netif/include -I/home/franstein/.platformio/packages/framework-arduinoespressif32@src-537c58760dafe7fcc8a1d9bbcf00b6f6/tools/sdk/esp32s3/include/esp_eth/include -I/home/franstein/.platformio/packages/framework-arduinoespressif32@src-537c58760dafe7fcc8a1d9bbcf00b6f6/tools/sdk/esp32s3/include/tcpip_adapter/include -I/home/franstein/.platformio/packages/framework-arduinoespressif32@src-537c58760dafe7fcc8a1d9bbcf00b6f6/tools/sdk/esp32s3/include/esp_phy/include -I/home/franstein/.platformio/packages/framework-arduinoespressif32@src-537c58760dafe7fcc8a1d9bbcf00b6f6/tools/sdk/esp32s3/include/esp_phy/esp32s3/include -I/home/franstein/.platformio/packages/framework-arduinoespressif32@src-537c58760dafe7fcc8a1d9bbcf00b6f6/tools/sdk/esp32s3/include/esp_ipc/include -I/home/franstein/.platformio/packages/framework-arduinoespressif32@src-537c58760dafe7fcc8a1d9bbcf00b6f6/tools/sdk/esp32s3/include/app_trace/include -I/home/franstein/.platformio/packages/framework-arduinoespressif32@src-537c58760dafe7fcc8a1d9bbcf00b6f6/tools/sdk/esp32s3/include/esp_timer/include -I/home/franstein/.platformio/packages/framework-arduinoespressif32@src-537c58760dafe7fcc8a1d9bbcf00b6f6/tools/sdk/esp32s3/include/mbedtls/port/include -I/home/franstein/.platformio/packages/framework-arduinoespressif32@src-537c58760dafe7fcc8a1d9bbcf00b6f6/tools/sdk/esp32s3/include/mbedtls/mbedtls/include -I/home/franstein/.platformio/packages/framework-arduinoespressif32@src-537c58760dafe7fcc8a1d9bbcf00b6f6/tools/sdk/esp32s3/include/mbedtls/esp_crt_bundle/include -I/home/franstein/.platformio/packages/framework-arduinoespressif32@src-537c58760dafe7fcc8a1d9bbcf00b6f6/tools/sdk/esp32s3/include/app_update/include -I/home/franstein/.platformio/packages/framework-arduinoespressif32@src-537c58760dafe7fcc8a1d9bbcf00b6f6/tools/sdk/esp32s3/include/spi_flash/include -I/home/franstein/.platformio/packages/framework-arduinoespressif32@src-537c58760dafe7fcc8a1d9bbcf00b6f6/tools/sdk/esp32s3/include/bootloader_support/include -I/home/franstein/.platformio/packages/framework-arduinoespressif32@src-537c58760dafe7fcc8a1d9bbcf00b6f6/tools/sdk/esp32s3/include/nvs_flash/include -I/home/franstein/.platformio/packages/framework-arduinoespressif32@src-537c58760dafe7fcc8a1d9bbcf00b6f6/tools/sdk/esp32s3/include/pthread/include -I/home/franstein/.platformio/packages/framework-arduinoespressif32@src-537c58760dafe7fcc8a1d9bbcf00b6f6/tools/sdk/esp32s3/include/esp_gdbstub/include -I/home/franstein/.platformio/packages/framework-arduinoespressif32@src-537c58760dafe7fcc8a1d9bbcf00b6f6/tools/sdk/esp32s3/include/esp_gdbstub/xtensa -I/home/franstein/.platformio/packages/framework-arduinoespressif32@src-537c58760dafe7fcc8a1d9bbcf00b6f6/tools/sdk/esp32s3/include/esp_gdbstub/esp32s3 -I/home/franstein/.platformio/packages/framework-arduinoespressif32@src-537c58760dafe7fcc8a1d9bbcf00b6f6/tools/sdk/esp32s3/include/espcoredump/include -I/home/franstein/.platformio/packages/framework-arduinoespressif32@src-537c58760dafe7fcc8a1d9bbcf00b6f6/tools/sdk/esp32s3/include/espcoredump/include/port/xtensa -I/home/franstein/.platformio/packages/framework-arduinoespressif32@src-537c58760dafe7fcc8a1d9bbcf00b6f6/tools/sdk/esp32s3/include/wpa_supplicant/include -I/home/franstein/.platformio/packages/framework-arduinoespressif32@src-537c58760dafe7fcc8a1d9bbcf00b6f6/tools/sdk/esp32s3/include/wpa_supplicant/port/include -I/home/franstein/.platformio/packages/framework-arduinoespressif32@src-537c58760dafe7fcc8a1d9bbcf00b6f6/tools/sdk/esp32s3/include/wpa_supplicant/esp_supplicant/include -I/home/franstein/.platformio/packages/framework-arduinoespressif32@src-537c58760dafe7fcc8a1d9bbcf00b6f6/tools/sdk/esp32s3/include/ieee802154/include -I/home/franstein/.platformio/packages/framework-arduinoespressif32@src-537c58760dafe7fcc8a1d9bbcf00b6f6/tools/sdk/esp32s3/include/console -I/home/franstein/.platformio/packages/framework-arduinoespressif32@src-537c58760dafe7fcc8a1d9bbcf00b6f6/tools/sdk/esp32s3/include/asio/asio/asio/include -I/home/franstein/.platformio/packages/framework-arduinoespressif32@src-537c58760dafe7fcc8a1d9bbcf00b6f6/tools/sdk/esp32s3/include/asio/port/include -I/home/franstein/.platformio/packages/framework-arduinoespressif32@src-537c58760dafe7fcc8a1d9bbcf00b6f6/tools/sdk/esp32s3/include/bt/common/osi/include -I/home/franstein/.platformio/packages/framework-arduinoespressif32@src-537c58760dafe7fcc8a1d9bbcf00b6f6/tools/sdk/esp32s3/include/bt/include/esp32s3/include -I/home/franstein/.platformio/packages/framework-arduinoespressif32@src-537c58760dafe7fcc8a1d9bbcf00b6f6/tools/sdk/esp32s3/include/bt/common/api/include/api -I/home/franstein/.platformio/packages/framework-arduinoespressif32@src-537c58760dafe7fcc8a1d9bbcf00b6f6/tools/sdk/esp32s3/include/bt/common/btc/profile/esp/blufi/include -I/home/franstein/.platformio/packages/framework-arduinoespressif32@src-537c58760dafe7fcc8a1d9bbcf00b6f6/tools/sdk/esp32s3/include/bt/common/btc/profile/esp/include -I/home/franstein/.platformio/packages/framework-arduinoespressif32@src-537c58760dafe7fcc8a1d9bbcf00b6f6/tools/sdk/esp32s3/include/bt/host/bluedroid/api/include/api -I/home/franstein/.platformio/packages/framework-arduinoespressif32@src-537c58760dafe7fcc8a1d9bbcf00b6f6/tools/sdk/esp32s3/include/bt/esp_ble_mesh/mesh_common/include -I/home/franstein/.platformio/packages/framework-arduinoespressif32@src-537c58760dafe7fcc8a1d9bbcf00b6f6/tools/sdk/esp32s3/include/bt/esp_ble_mesh/mesh_common/tinycrypt/include -I/home/franstein/.platformio/packages/framework-arduinoespressif32@src-537c58760dafe7fcc8a1d9bbcf00b6f6/tools/sdk/esp32s3/include/bt/esp_ble_mesh/mesh_core -I/home/franstein/.platformio/packages/framework-arduinoespressif32@src-537c58760dafe7fcc8a1d9bbcf00b6f6/tools/sdk/esp32s3/include/bt/esp_ble_mesh/mesh_core/include -I/home/franstein/.platformio/packages/framework-arduinoespressif32@src-537c58760dafe7fcc8a1d9bbcf00b6f6/tools/sdk/esp32s3/include/bt/esp_ble_mesh/mesh_core/storage -I/home/franstein/.platformio/packages/framework-arduinoespressif32@src-537c58760dafe7fcc8a1d9bbcf00b6f6/tools/sdk/esp32s3/include/bt/esp_ble_mesh/btc/include -I/home/franstein/.platformio/packages/framework-arduinoespressif32@src-537c58760dafe7fcc8a1d9bbcf00b6f6/tools/sdk/esp32s3/include/bt/esp_ble_mesh/mesh_models/common/include -I/home/franstein/.platformio/packages/framework-arduinoespressif32@src-537c58760dafe7fcc8a1d9bbcf00b6f6/tools/sdk/esp32s3/include/bt/esp_ble_mesh/mesh_models/client/include -I/home/franstein/.platformio/packages/framework-arduinoespressif32@src-537c58760dafe7fcc8a1d9bbcf00b6f6/tools/sdk/esp32s3/include/bt/esp_ble_mesh/mesh_models/server/include -I/home/franstein/.platformio/packages/framework-arduinoespressif32@src-537c58760dafe7fcc8a1d9bbcf00b6f6/tools/sdk/esp32s3/include/bt/esp_ble_mesh/api/core/include -I/home/franstein/.platformio/packages/framework-arduinoespressif32@src-537c58760dafe7fcc8a1d9bbcf00b6f6/tools/sdk/esp32s3/include/bt/esp_ble_mesh/api/models/include -I/home/franstein/.platformio/packages/framework-arduinoespressif32@src-537c58760dafe7fcc8a1d9bbcf00b6f6/tools/sdk/esp32s3/include/bt/esp_ble_mesh/api -I/home/franstein/.platformio/packages/framework-arduinoespressif32@src-537c58760dafe7fcc8a1d9bbcf00b6f6/tools/sdk/esp32s3/include/cbor/port/include -I/home/franstein/.platformio/packages/framework-arduinoespressif32@src-537c58760dafe7fcc8a1d9bbcf00b6f6/tools/sdk/esp32s3/include/unity/include -I/home/franstein/.platformio/packages/framework-arduinoespressif32@src-537c58760dafe7fcc8a1d9bbcf00b6f6/tools/sdk/esp32s3/include/unity/unity/src -I/home/franstein/.platformio/packages/framework-arduinoespressif32@src-537c58760dafe7fcc8a1d9bbcf00b6f6/tools/sdk/esp32s3/include/cmock/CMock/src -I/home/franstein/.platformio/packages/framework-arduinoespressif32@src-537c58760dafe7fcc8a1d9bbcf00b6f6/tools/sdk/esp32s3/include/coap/port/include -I/home/franstein/.platformio/packages/framework-arduinoespressif32@src-537c58760dafe7fcc8a1d9bbcf00b6f6/tools/sdk/esp32s3/include/coap/libcoap/include -I/home/franstein/.platformio/packages/framework-arduinoespressif32@src-537c58760dafe7fcc8a1d9bbcf00b6f6/tools/sdk/esp32s3/include/nghttp/port/include -I/home/franstein/.platformio/packages/framework-arduinoespressif32@src-537c58760dafe7fcc8a1d9bbcf00b6f6/tools/sdk/esp32s3/include/nghttp/nghttp2/lib/includes -I/home/franstein/.platformio/packages/framework-arduinoespressif32@src-537c58760dafe7fcc8a1d9bbcf00b6f6/tools/sdk/esp32s3/include/esp-tls -I/home/franstein/.platformio/packages/framework-arduinoespressif32@src-537c58760dafe7fcc8a1d9bbcf00b6f6/tools/sdk/esp32s3/include/esp-tls/esp-tls-crypto -I/home/franstein/.platformio/packages/framework-arduinoespressif32@src-537c58760dafe7fcc8a1d9bbcf00b6f6/tools/sdk/esp32s3/include/esp_adc_cal/include -I/home/franstein/.platformio/packages/framework-arduinoespressif32@src-537c58760dafe7fcc8a1d9bbcf00b6f6/tools/sdk/esp32s3/include/esp_hid/include -I/home/franstein/.platformio/packages/framework-arduinoespressif32@src-537c58760dafe7fcc8a1d9bbcf00b6f6/tools/sdk/esp32s3/include/tcp_transport/include -I/home/franstein/.platformio/packages/framework-arduinoespressif32@src-537c58760dafe7fcc8a1d9bbcf00b6f6/tools/sdk/esp32s3/include/esp_http_client/include -I/home/franstein/.platformio/packages/framework-arduinoespressif32@src-537c58760dafe7fcc8a1d9bbcf00b6f6/tools/sdk/esp32s3/include/esp_http_server/include -I/home/franstein/.platformio/packages/framework-arduinoespressif32@src-537c58760dafe7fcc8a1d9bbcf00b6f6/tools/sdk/esp32s3/include/esp_https_ota/include -I/home/franstein/.platformio/packages/framework-arduinoespressif32@src-537c58760dafe7fcc8a1d9bbcf00b6f6/tools/sdk/esp32s3/include/esp_https_server/include -I/home/franstein/.platformio/packages/framework-arduinoespressif32@src-537c58760dafe7fcc8a1d9bbcf00b6f6/tools/sdk/esp32s3/include/esp_lcd/include -I/home/franstein/.platformio/packages/framework-arduinoespressif32@src-537c58760dafe7fcc8a1d9bbcf00b6f6/tools/sdk/esp32s3/include/esp_lcd/interface -I/home/franstein/.platformio/packages/framework-arduinoespressif32@src-537c58760dafe7fcc8a1d9bbcf00b6f6/tools/sdk/esp32s3/include/protobuf-c/protobuf-c -I/home/franstein/.platformio/packages/framework-arduinoespressif32@src-537c58760dafe7fcc8a1d9bbcf00b6f6/tools/sdk/esp32s3/include/protocomm/include/common -I/home/franstein/.platformio/packages/framework-arduinoespressif32@src-537c58760dafe7fcc8a1d9bbcf00b6f6/tools/sdk/esp32s3/include/protocomm/include/security -I/home/franstein/.platformio/packages/framework-arduinoespressif32@src-537c58760dafe7fcc8a1d9bbcf00b6f6/tools/sdk/esp32s3/include/protocomm/include/transports -I/home/franstein/.platformio/packages/framework-arduinoespressif32@src-537c58760dafe7fcc8a1d9bbcf00b6f6/tools/sdk/esp32s3/include/mdns/include -I/home/franstein/.platformio/packages/framework-arduinoespressif32@src-537c58760dafe7fcc8a1d9bbcf00b6f6/tools/sdk/esp32s3/include/esp_local_ctrl/include -I/home/franstein/.platformio/packages/framework-arduinoespressif32@src-537c58760dafe7fcc8a1d9bbcf00b6f6/tools/sdk/esp32s3/include/sdmmc/include -I/home/franstein/.platformio/packages/framework-arduinoespressif32@src-537c58760dafe7fcc8a1d9bbcf00b6f6/tools/sdk/esp32s3/include/esp_serial_slave_link/include -I/home/franstein/.platformio/packages/framework-arduinoespressif32@src-537c58760dafe7fcc8a1d9bbcf00b6f6/tools/sdk/esp32s3/include/esp_websocket_client/include -I/home/franstein/.platformio/packages/framework-arduinoespressif32@src-537c58760dafe7fcc8a1d9bbcf00b6f6/tools/sdk/esp32s3/include/expat/expat/expat/lib -I/home/franstein/.platformio/packages/framework-arduinoespressif32@src-537c58760dafe7fcc8a1d9bbcf00b6f6/tools/sdk/esp32s3/include/expat/port/include -I/home/franstein/.platformio/packages/framework-arduinoespressif32@src-537c58760dafe7fcc8a1d9bbcf00b6f6/tools/sdk/esp32s3/include/wear_levelling/include -I/home/franstein/.platformio/packages/framework-arduinoespressif32@src-537c58760dafe7fcc8a1d9bbcf00b6f6/tools/sdk/esp32s3/include/fatfs/diskio -I/home/franstein/.platformio/packages/framework-arduinoespressif32@src-537c58760dafe7fcc8a1d9bbcf00b6f6/tools/sdk/esp32s3/include/fatfs/vfs -I/home/franstein/.platformio/packages/framework-arduinoespressif32@src-537c58760dafe7fcc8a1d9bbcf00b6f6/tools/sdk/esp32s3/include/fatfs/src -I/home/franstein/.platformio/packages/framework-arduinoespressif32@src-537c58760dafe7fcc8a1d9bbcf00b6f6/tools/sdk/esp32s3/include/freemodbus/common/include -I/home/franstein/.platformio/packages/framework-arduinoespressif32@src-537c58760dafe7fcc8a1d9bbcf00b6f6/tools/sdk/esp32s3/include/idf_test/include -I/home/franstein/.platformio/packages/framework-arduinoespressif32@src-537c58760dafe7fcc8a1d9bbcf00b6f6/tools/sdk/esp32s3/include/idf_test/include/esp32s3 -I/home/franstein/.platformio/packages/framework-arduinoespressif32@src-537c58760dafe7fcc8a1d9bbcf00b6f6/tools/sdk/esp32s3/include/jsmn/include -I/home/franstein/.platformio/packages/framework-arduinoespressif32@src-537c58760dafe7fcc8a1d9bbcf00b6f6/tools/sdk/esp32s3/include/json/cJSON -I/home/franstein/.platformio/packages/framework-arduinoespressif32@src-537c58760dafe7fcc8a1d9bbcf00b6f6/tools/sdk/esp32s3/include/libsodium/libsodium/src/libsodium/include -I/home/franstein/.platformio/packages/framework-arduinoespressif32@src-537c58760dafe7fcc8a1d9bbcf00b6f6/tools/sdk/esp32s3/include/libsodium/port_include -I/home/franstein/.platformio/packages/framework-arduinoespressif32@src-537c58760dafe7fcc8a1d9bbcf00b6f6/tools/sdk/esp32s3/include/mqtt/esp-mqtt/include -I/home/franstein/.platformio/packages/framework-arduinoespressif32@src-537c58760dafe7fcc8a1d9bbcf00b6f6/tools/sdk/esp32s3/include/openssl/include -I/home/franstein/.platformio/packages/framework-arduinoespressif32@src-537c58760dafe7fcc8a1d9bbcf00b6f6/tools/sdk/esp32s3/include/perfmon/include -I/home/franstein/.platformio/packages/framework-arduinoespressif32@src-537c58760dafe7fcc8a1d9bbcf00b6f6/tools/sdk/esp32s3/include/spiffs/include -I/home/franstein/.platformio/packages/framework-arduinoespressif32@src-537c58760dafe7fcc8a1d9bbcf00b6f6/tools/sdk/esp32s3/include/usb/include -I/home/franstein/.platformio/packages/framework-arduinoespressif32@src-537c58760dafe7fcc8a1d9bbcf00b6f6/tools/sdk/esp32s3/include/ulp/include -I/home/franstein/.platformio/packages/framework-arduinoespressif32@src-537c58760dafe7fcc8a1d9bbcf00b6f6/tools/sdk/esp32s3/include/wifi_provisioning/include -I/home/franstein/.platformio/packages/framework-arduinoespressif32@src-537c58760dafe7fcc8a1d9bbcf00b6f6/tools/sdk/esp32s3/include/rmaker_common/include -I/home/franstein/.platformio/packages/framework-arduinoespressif32@src-537c58760dafe7fcc8a1d9bbcf00b6f6/tools/sdk/esp32s3/include/json_parser/upstream/include -I/home/franstein/.platformio/packages/framework-arduinoespressif32@src-537c58760dafe7fcc8a1d9bbcf00b6f6/tools/sdk/esp32s3/include/json_parser/upstream -I/home/franstein/.platformio/packages/framework-arduinoespressif32@src-537c58760dafe7fcc8a1d9bbcf00b6f6/tools/sdk/esp32s3/include/json_generator/upstream -I/home/franstein/.platformio/packages/framework-arduinoespressif32@src-537c58760dafe7fcc8a1d9bbcf00b6f6/tools/sdk/esp32s3/include/esp_schedule/include -I/home/franstein/.platformio/packages/framework-arduinoespressif32@src-537c58760dafe7fcc8a1d9bbcf00b6f6/tools/sdk/esp32s3/include/esp_rainmaker/include -I/home/franstein/.platformio/packages/framework-arduinoespressif32@src-537c58760dafe7fcc8a1d9bbcf00b6f6/tools/sdk/esp32s3/include/gpio_button/button/include -I/home/franstein/.platformio/packages/framework-arduinoespressif32@src-537c58760dafe7fcc8a1d9bbcf00b6f6/tools/sdk/esp32s3/include/qrcode/include -I/home/franstein/.platformio/packages/framework-arduinoespressif32@src-537c58760dafe7fcc8a1d9bbcf00b6f6/tools/sdk/esp32s3/include/ws2812_led -I/home/franstein/.platformio/packages/framework-arduinoespressif32@src-537c58760dafe7fcc8a1d9bbcf00b6f6/tools/sdk/esp32s3/include/esp_diagnostics/include -I/home/franstein/.platformio/packages/framework-arduinoespressif32@src-537c58760dafe7fcc8a1d9bbcf00b6f6/tools/sdk/esp32s3/include/rtc_store/include -I/home/franstein/.platformio/packages/framework-arduinoespressif32@src-537c58760dafe7fcc8a1d9bbcf00b6f6/tools/sdk/esp32s3/include/esp_insights/include -I/home/franstein/.platformio/packages/framework-arduinoespressif32@src-537c58760dafe7fcc8a1d9bbcf00b6f6/tools/sdk/esp32s3/include/esp-dsp/modules/dotprod/include -I/home/franstein/.platformio/packages/framework-arduinoespressif32@src-537c58760dafe7fcc8a1d9bbcf00b6f6/tools/sdk/esp32s3/include/esp-dsp/modules/support/include -I/home/franstein/.platformio/packages/framework-arduinoespressif32@src-537c58760dafe7fcc8a1d9bbcf00b6f6/tools/sdk/esp32s3/include/esp-dsp/modules/windows/include -I/home/franstein/.platformio/packages/framework-arduinoespressif32@src-537c58760dafe7fcc8a1d9bbcf00b6f6/tools/sdk/esp32s3/include/esp-dsp/modules/windows/hann/include -I/home/franstein/.platformio/packages/framework-arduinoespressif32@src-537c58760dafe7fcc8a1d9bbcf00b6f6/tools/sdk/esp32s3/include/esp-dsp/modules/windows/blackman/include -I/home/franstein/.platformio/packages/framework-arduinoespressif32@src-537c58760dafe7fcc8a1d9bbcf00b6f6/tools/sdk/esp32s3/include/esp-dsp/modules/windows/blackman_harris/include -I/home/franstein/.platformio/packages/framework-arduinoespressif32@src-537c58760dafe7fcc8a1d9bbcf00b6f6/tools/sdk/esp32s3/include/esp-dsp/modules/windows/blackman_nuttall/include -I/home/franstein/.platformio/packages/framework-arduinoespressif32@src-537c58760dafe7fcc8a1d9bbcf00b6f6/tools/sdk/esp32s3/include/esp-dsp/modules/windows/nuttall/include -I/home/franstein/.platformio/packages/framework-arduinoespressif32@src-537c58760dafe7fcc8a1d9bbcf00b6f6/tools/sdk/esp32s3/include/esp-dsp/modules/windows/flat_top/include -I/home/franstein/.platformio/packages/framework-arduinoespressif32@src-537c58760dafe7fcc8a1d9bbcf00b6f6/tools/sdk/esp32s3/include/esp-dsp/modules/iir/include -I/home/franstein/.platformio/packages/framework-arduinoespressif32@src-537c58760dafe7fcc8a1d9bbcf00b6f6/tools/sdk/esp32s3/include/esp-dsp/modules/fir/include -I/home/franstein/.platformio/packages/framework-arduinoespressif32@src-537c58760dafe7fcc8a1d9bbcf00b6f6/tools/sdk/esp32s3/include/esp-dsp/modules/math/include -I/home/franstein/.platformio/packages/framework-arduinoespressif32@src-537c58760dafe7fcc8a1d9bbcf00b6f6/tools/sdk/esp32s3/include/esp-dsp/modules/math/add/include -I/home/franstein/.platformio/packages/framework-arduinoespressif32@src-537c58760dafe7fcc8a1d9bbcf00b6f6/tools/sdk/esp32s3/include/esp-dsp/modules/math/sub/include -I/home/franstein/.platformio/packages/framework-arduinoespressif32@src-537c58760dafe7fcc8a1d9bbcf00b6f6/tools/sdk/esp32s3/include/esp-dsp/modules/math/mul/include -I/home/franstein/.platformio/packages/framework-arduinoespressif32@src-537c58760dafe7fcc8a1d9bbcf00b6f6/tools/sdk/esp32s3/include/esp-dsp/modules/math/addc/include -I/home/franstein/.platformio/packages/framework-arduinoespressif32@src-537c58760dafe7fcc8a1d9bbcf00b6f6/tools/sdk/esp32s3/include/esp-dsp/modules/math/mulc/include -I/home/franstein/.platformio/packages/framework-arduinoespressif32@src-537c58760dafe7fcc8a1d9bbcf00b6f6/tools/sdk/esp32s3/include/esp-dsp/modules/math/sqrt/include -I/home/franstein/.platformio/packages/framework-arduinoespressif32@src-537c58760dafe7fcc8a1d9bbcf00b6f6/tools/sdk/esp32s3/include/esp-dsp/modules/matrix/include -I/home/franstein/.platformio/packages/framework-arduinoespressif32@src-537c58760dafe7fcc8a1d9bbcf00b6f6/tools/sdk/esp32s3/include/esp-dsp/modules/fft/include -I/home/franstein/.platformio/packages/framework-arduinoespressif32@src-537c58760dafe7fcc8a1d9bbcf00b6f6/tools/sdk/esp32s3/include/esp-dsp/modules/dct/include -I/home/franstein/.platformio/packages/framework-arduinoespressif32@src-537c58760dafe7fcc8a1d9bbcf00b6f6/tools/sdk/esp32s3/include/esp-dsp/modules/conv/include -I/home/franstein/.platformio/packages/framework-arduinoespressif32@src-537c58760dafe7fcc8a1d9bbcf00b6f6/tools/sdk/esp32s3/include/esp-dsp/modules/common/include -I/home/franstein/.platformio/packages/framework-arduinoespressif32@src-537c58760dafe7fcc8a1d9bbcf00b6f6/tools/sdk/esp32s3/include/esp-dsp/modules/kalman/ekf/include -I/home/franstein/.platformio/packages/framework-arduinoespressif32@src-537c58760dafe7fcc8a1d9bbcf00b6f6/tools/sdk/esp32s3/include/esp-dsp/modules/kalman/ekf_imu13states/include -I/home/franstein/.platformio/packages/framework-arduinoespressif32@src-537c58760dafe7fcc8a1d9bbcf00b6f6/tools/sdk/esp32s3/include/freertos/include/freertos -I/home/franstein/.platformio/packages/framework-arduinoespressif32@src-537c58760dafe7fcc8a1d9bbcf00b6f6/tools/sdk/esp32s3/include/arduino_tinyusb/tinyusb/src -I/home/franstein/.platformio/packages/framework-arduinoespressif32@src-537c58760dafe7fcc8a1d9bbcf00b6f6/tools/sdk/esp32s3/include/arduino_tinyusb/include -I/home/franstein/.platformio/packages/framework-arduinoespressif32@src-537c58760dafe7fcc8a1d9bbcf00b6f6/tools/sdk/esp32s3/include/esp_littlefs/include -I/home/franstein/.platformio/packages/framework-arduinoespressif32@src-537c58760dafe7fcc8a1d9bbcf00b6f6/tools/sdk/esp32s3/include/esp-dl/include -I/home/franstein/.platformio/packages/framework-arduinoespressif32@src-537c58760dafe7fcc8a1d9bbcf00b6f6/tools/sdk/esp32s3/include/esp-dl/include/tool -I/home/franstein/.platformio/packages/framework-arduinoespressif32@src-537c58760dafe7fcc8a1d9bbcf00b6f6/tools/sdk/esp32s3/include/esp-dl/include/typedef -I/home/franstein/.platformio/packages/framework-arduinoespressif32@src-537c58760dafe7fcc8a1d9bbcf00b6f6/tools/sdk/esp32s3/include/esp-dl/include/image -I/home/franstein/.platformio/packages/framework-arduinoespressif32@src-537c58760dafe7fcc8a1d9bbcf00b6f6/tools/sdk/esp32s3/include/esp-dl/include/math -I/home/franstein/.platformio/packages/framework-arduinoespressif32@src-537c58760dafe7fcc8a1d9bbcf00b6f6/tools/sdk/esp32s3/include/esp-dl/include/nn -I/home/franstein/.platformio/packages/framework-arduinoespressif32@src-537c58760dafe7fcc8a1d9bbcf00b6f6/tools/sdk/esp32s3/include/esp-dl/include/layer -I/home/franstein/.platformio/packages/framework-arduinoespressif32@src-537c58760dafe7fcc8a1d9bbcf00b6f6/tools/sdk/esp32s3/include/esp-dl/include/detect -I/home/franstein/.platformio/packages/framework-arduinoespressif32@src-537c58760dafe7fcc8a1d9bbcf00b6f6/tools/sdk/esp32s3/include/esp-dl/include/model_zoo -I/home/franstein/.platformio/packages/framework-arduinoespressif32@src-537c58760dafe7fcc8a1d9bbcf00b6f6/tools/sdk/esp32s3/include/esp-sr/src/include -I/home/franstein/.platformio/packages/framework-arduinoespressif32@src-537c58760dafe7fcc8a1d9bbcf00b6f6/tools/sdk/esp32s3/include/esp-sr/esp-tts/esp_tts_chinese/include -I/home/franstein/.platformio/packages/framework-arduinoespressif32@src-537c58760dafe7fcc8a1d9bbcf00b6f6/tools/sdk/esp32s3/include/esp-sr/include/esp32s3 -I/home/franstein/.platformio/packages/framework-arduinoespressif32@src-537c58760dafe7fcc8a1d9bbcf00b6f6/tools/sdk/esp32s3/include/esp32-camera/driver/include -I/home/franstein/.platformio/packages/framework-arduinoespressif32@src-537c58760dafe7fcc8a1d9bbcf00b6f6/tools/sdk/esp32s3/include/esp32-camera/conversions/include -I/home/franstein/.platformio/packages/framework-arduinoespressif32@src-537c58760dafe7fcc8a1d9bbcf00b6f6/tools/sdk/esp32s3/include/fb_gfx/include -I/home/franstein/.platformio/packages/framework-arduinoespressif32@src-537c58760dafe7fcc8a1d9bbcf00b6f6/tools/sdk/esp32s3/qio_opi/include -I/home/franstein/.platformio/packages/framework-arduinoespressif32@src-537c58760dafe7fcc8a1d9bbcf00b6f6/cores/esp32 -I/home/franstein/.platformio/packages/framework-arduinoespressif32@src-537c58760dafe7fcc8a1d9bbcf00b6f6/variants/esp32s3 /home/franstein/.platformio/packages/framework-arduinoespressif32@src-537c58760dafe7fcc8a1d9bbcf00b6f6/cores/esp32/esp32-hal-cpu.c
xtensa-esp32s3-elf-gcc -o .pio/build/esp32/FrameworkArduino/esp32-hal-dac.c.o -c -std=gnu99 -Wno-old-style-declaration -Os -mlongcalls -ffunction-sections -fdata-sections -Wno-error=unused-function -Wno-error=unused-variable -Wno-error=deprecated-declarations -Wno-unused-parameter -Wno-sign-compare -ggdb -freorder-blocks -Wwrite-strings -fstack-protector -fstrict-volatile-bitfields -Wno-error=unused-but-set-variable -fno-jump-tables -fno-tree-switch-conversion -MMD -DPLATFORMIO=60107 -DBOARD_HAS_PSRAM -DARDUINO_USB_MODE=1 -DARDUINO_USB_CDC_ON_BOOT=1 -DHAVE_CONFIG_H -DMBEDTLS_CONFIG_FILE=\"mbedtls/esp_config.h\" -DUNITY_INCLUDE_CONFIG_H -DWITH_POSIX -D_GNU_SOURCE -DIDF_VER=\"v4.4.3\" -DESP_PLATFORM -D_POSIX_READER_WRITER_LOCKS -DARDUINO_ARCH_ESP32 -DESP32 -DF_CPU=240000000L -DARDUINO=10812 -DARDUINO_VARIANT=\"esp32s3\" "-DARDUINO_BOARD=\"LILYGO T3-S3\"" -DARDUINO_PARTITION_default -I/home/franstein/.platformio/packages/framework-arduinoespressif32@src-537c58760dafe7fcc8a1d9bbcf00b6f6/tools/sdk/esp32s3/include/newlib/platform_include -I/home/franstein/.platformio/packages/framework-arduinoespressif32@src-537c58760dafe7fcc8a1d9bbcf00b6f6/tools/sdk/esp32s3/include/freertos/include -I/home/franstein/.platformio/packages/framework-arduinoespressif32@src-537c58760dafe7fcc8a1d9bbcf00b6f6/tools/sdk/esp32s3/include/freertos/include/esp_additions/freertos -I/home/franstein/.platformio/packages/framework-arduinoespressif32@src-537c58760dafe7fcc8a1d9bbcf00b6f6/tools/sdk/esp32s3/include/freertos/port/xtensa/include -I/home/franstein/.platformio/packages/framework-arduinoespressif32@src-537c58760dafe7fcc8a1d9bbcf00b6f6/tools/sdk/esp32s3/include/freertos/include/esp_additions -I/home/franstein/.platformio/packages/framework-arduinoespressif32@src-537c58760dafe7fcc8a1d9bbcf00b6f6/tools/sdk/esp32s3/include/esp_hw_support/include -I/home/franstein/.platformio/packages/framework-arduinoespressif32@src-537c58760dafe7fcc8a1d9bbcf00b6f6/tools/sdk/esp32s3/include/esp_hw_support/include/soc -I/home/franstein/.platformio/packages/framework-arduinoespressif32@src-537c58760dafe7fcc8a1d9bbcf00b6f6/tools/sdk/esp32s3/include/esp_hw_support/include/soc/esp32s3 -I/home/franstein/.platformio/packages/framework-arduinoespressif32@src-537c58760dafe7fcc8a1d9bbcf00b6f6/tools/sdk/esp32s3/include/esp_hw_support/port/esp32s3 -I/home/franstein/.platformio/packages/framework-arduinoespressif32@src-537c58760dafe7fcc8a1d9bbcf00b6f6/tools/sdk/esp32s3/include/esp_hw_support/port/esp32s3/private_include -I/home/franstein/.platformio/packages/framework-arduinoespressif32@src-537c58760dafe7fcc8a1d9bbcf00b6f6/tools/sdk/esp32s3/include/heap/include -I/home/franstein/.platformio/packages/framework-arduinoespressif32@src-537c58760dafe7fcc8a1d9bbcf00b6f6/tools/sdk/esp32s3/include/log/include -I/home/franstein/.platformio/packages/framework-arduinoespressif32@src-537c58760dafe7fcc8a1d9bbcf00b6f6/tools/sdk/esp32s3/include/lwip/include/apps -I/home/franstein/.platformio/packages/framework-arduinoespressif32@src-537c58760dafe7fcc8a1d9bbcf00b6f6/tools/sdk/esp32s3/include/lwip/include/apps/sntp -I/home/franstein/.platformio/packages/framework-arduinoespressif32@src-537c58760dafe7fcc8a1d9bbcf00b6f6/tools/sdk/esp32s3/include/lwip/lwip/src/include -I/home/franstein/.platformio/packages/framework-arduinoespressif32@src-537c58760dafe7fcc8a1d9bbcf00b6f6/tools/sdk/esp32s3/include/lwip/port/esp32/include -I/home/franstein/.platformio/packages/framework-arduinoespressif32@src-537c58760dafe7fcc8a1d9bbcf00b6f6/tools/sdk/esp32s3/include/lwip/port/esp32/include/arch -I/home/franstein/.platformio/packages/framework-arduinoespressif32@src-537c58760dafe7fcc8a1d9bbcf00b6f6/tools/sdk/esp32s3/include/soc/include -I/home/franstein/.platformio/packages/framework-arduinoespressif32@src-537c58760dafe7fcc8a1d9bbcf00b6f6/tools/sdk/esp32s3/include/soc/esp32s3 -I/home/franstein/.platformio/packages/framework-arduinoespressif32@src-537c58760dafe7fcc8a1d9bbcf00b6f6/tools/sdk/esp32s3/include/soc/esp32s3/include -I/home/franstein/.platformio/packages/framework-arduinoespressif32@src-537c58760dafe7fcc8a1d9bbcf00b6f6/tools/sdk/esp32s3/include/hal/esp32s3/include -I/home/franstein/.platformio/packages/framework-arduinoespressif32@src-537c58760dafe7fcc8a1d9bbcf00b6f6/tools/sdk/esp32s3/include/hal/include -I/home/franstein/.platformio/packages/framework-arduinoespressif32@src-537c58760dafe7fcc8a1d9bbcf00b6f6/tools/sdk/esp32s3/include/hal/platform_port/include -I/home/franstein/.platformio/packages/framework-arduinoespressif32@src-537c58760dafe7fcc8a1d9bbcf00b6f6/tools/sdk/esp32s3/include/esp_rom/include -I/home/franstein/.platformio/packages/framework-arduinoespressif32@src-537c58760dafe7fcc8a1d9bbcf00b6f6/tools/sdk/esp32s3/include/esp_rom/include/esp32s3 -I/home/franstein/.platformio/packages/framework-arduinoespressif32@src-537c58760dafe7fcc8a1d9bbcf00b6f6/tools/sdk/esp32s3/include/esp_rom/esp32s3 -I/home/franstein/.platformio/packages/framework-arduinoespressif32@src-537c58760dafe7fcc8a1d9bbcf00b6f6/tools/sdk/esp32s3/include/esp_common/include -I/home/franstein/.platformio/packages/framework-arduinoespressif32@src-537c58760dafe7fcc8a1d9bbcf00b6f6/tools/sdk/esp32s3/include/esp_system/include -I/home/franstein/.platformio/packages/framework-arduinoespressif32@src-537c58760dafe7fcc8a1d9bbcf00b6f6/tools/sdk/esp32s3/include/esp_system/port/soc -I/home/franstein/.platformio/packages/framework-arduinoespressif32@src-537c58760dafe7fcc8a1d9bbcf00b6f6/tools/sdk/esp32s3/include/esp_system/port/public_compat -I/home/franstein/.platformio/packages/framework-arduinoespressif32@src-537c58760dafe7fcc8a1d9bbcf00b6f6/tools/sdk/esp32s3/include/xtensa/include -I/home/franstein/.platformio/packages/framework-arduinoespressif32@src-537c58760dafe7fcc8a1d9bbcf00b6f6/tools/sdk/esp32s3/include/xtensa/esp32s3/include -I/home/franstein/.platformio/packages/framework-arduinoespressif32@src-537c58760dafe7fcc8a1d9bbcf00b6f6/tools/sdk/esp32s3/include/driver/include -I/home/franstein/.platformio/packages/framework-arduinoespressif32@src-537c58760dafe7fcc8a1d9bbcf00b6f6/tools/sdk/esp32s3/include/driver/esp32s3/include -I/home/franstein/.platformio/packages/framework-arduinoespressif32@src-537c58760dafe7fcc8a1d9bbcf00b6f6/tools/sdk/esp32s3/include/esp_pm/include -I/home/franstein/.platformio/packages/framework-arduinoespressif32@src-537c58760dafe7fcc8a1d9bbcf00b6f6/tools/sdk/esp32s3/include/esp_ringbuf/include -I/home/franstein/.platformio/packages/framework-arduinoespressif32@src-537c58760dafe7fcc8a1d9bbcf00b6f6/tools/sdk/esp32s3/include/efuse/include -I/home/franstein/.platformio/packages/framework-arduinoespressif32@src-537c58760dafe7fcc8a1d9bbcf00b6f6/tools/sdk/esp32s3/include/efuse/esp32s3/include -I/home/franstein/.platformio/packages/framework-arduinoespressif32@src-537c58760dafe7fcc8a1d9bbcf00b6f6/tools/sdk/esp32s3/include/vfs/include -I/home/franstein/.platformio/packages/framework-arduinoespressif32@src-537c58760dafe7fcc8a1d9bbcf00b6f6/tools/sdk/esp32s3/include/esp_wifi/include -I/home/franstein/.platformio/packages/framework-arduinoespressif32@src-537c58760dafe7fcc8a1d9bbcf00b6f6/tools/sdk/esp32s3/include/esp_event/include -I/home/franstein/.platformio/packages/framework-arduinoespressif32@src-537c58760dafe7fcc8a1d9bbcf00b6f6/tools/sdk/esp32s3/include/esp_netif/include -I/home/franstein/.platformio/packages/framework-arduinoespressif32@src-537c58760dafe7fcc8a1d9bbcf00b6f6/tools/sdk/esp32s3/include/esp_eth/include -I/home/franstein/.platformio/packages/framework-arduinoespressif32@src-537c58760dafe7fcc8a1d9bbcf00b6f6/tools/sdk/esp32s3/include/tcpip_adapter/include -I/home/franstein/.platformio/packages/framework-arduinoespressif32@src-537c58760dafe7fcc8a1d9bbcf00b6f6/tools/sdk/esp32s3/include/esp_phy/include -I/home/franstein/.platformio/packages/framework-arduinoespressif32@src-537c58760dafe7fcc8a1d9bbcf00b6f6/tools/sdk/esp32s3/include/esp_phy/esp32s3/include -I/home/franstein/.platformio/packages/framework-arduinoespressif32@src-537c58760dafe7fcc8a1d9bbcf00b6f6/tools/sdk/esp32s3/include/esp_ipc/include -I/home/franstein/.platformio/packages/framework-arduinoespressif32@src-537c58760dafe7fcc8a1d9bbcf00b6f6/tools/sdk/esp32s3/include/app_trace/include -I/home/franstein/.platformio/packages/framework-arduinoespressif32@src-537c58760dafe7fcc8a1d9bbcf00b6f6/tools/sdk/esp32s3/include/esp_timer/include -I/home/franstein/.platformio/packages/framework-arduinoespressif32@src-537c58760dafe7fcc8a1d9bbcf00b6f6/tools/sdk/esp32s3/include/mbedtls/port/include -I/home/franstein/.platformio/packages/framework-arduinoespressif32@src-537c58760dafe7fcc8a1d9bbcf00b6f6/tools/sdk/esp32s3/include/mbedtls/mbedtls/include -I/home/franstein/.platformio/packages/framework-arduinoespressif32@src-537c58760dafe7fcc8a1d9bbcf00b6f6/tools/sdk/esp32s3/include/mbedtls/esp_crt_bundle/include -I/home/franstein/.platformio/packages/framework-arduinoespressif32@src-537c58760dafe7fcc8a1d9bbcf00b6f6/tools/sdk/esp32s3/include/app_update/include -I/home/franstein/.platformio/packages/framework-arduinoespressif32@src-537c58760dafe7fcc8a1d9bbcf00b6f6/tools/sdk/esp32s3/include/spi_flash/include -I/home/franstein/.platformio/packages/framework-arduinoespressif32@src-537c58760dafe7fcc8a1d9bbcf00b6f6/tools/sdk/esp32s3/include/bootloader_support/include -I/home/franstein/.platformio/packages/framework-arduinoespressif32@src-537c58760dafe7fcc8a1d9bbcf00b6f6/tools/sdk/esp32s3/include/nvs_flash/include -I/home/franstein/.platformio/packages/framework-arduinoespressif32@src-537c58760dafe7fcc8a1d9bbcf00b6f6/tools/sdk/esp32s3/include/pthread/include -I/home/franstein/.platformio/packages/framework-arduinoespressif32@src-537c58760dafe7fcc8a1d9bbcf00b6f6/tools/sdk/esp32s3/include/esp_gdbstub/include -I/home/franstein/.platformio/packages/framework-arduinoespressif32@src-537c58760dafe7fcc8a1d9bbcf00b6f6/tools/sdk/esp32s3/include/esp_gdbstub/xtensa -I/home/franstein/.platformio/packages/framework-arduinoespressif32@src-537c58760dafe7fcc8a1d9bbcf00b6f6/tools/sdk/esp32s3/include/esp_gdbstub/esp32s3 -I/home/franstein/.platformio/packages/framework-arduinoespressif32@src-537c58760dafe7fcc8a1d9bbcf00b6f6/tools/sdk/esp32s3/include/espcoredump/include -I/home/franstein/.platformio/packages/framework-arduinoespressif32@src-537c58760dafe7fcc8a1d9bbcf00b6f6/tools/sdk/esp32s3/include/espcoredump/include/port/xtensa -I/home/franstein/.platformio/packages/framework-arduinoespressif32@src-537c58760dafe7fcc8a1d9bbcf00b6f6/tools/sdk/esp32s3/include/wpa_supplicant/include -I/home/franstein/.platformio/packages/framework-arduinoespressif32@src-537c58760dafe7fcc8a1d9bbcf00b6f6/tools/sdk/esp32s3/include/wpa_supplicant/port/include -I/home/franstein/.platformio/packages/framework-arduinoespressif32@src-537c58760dafe7fcc8a1d9bbcf00b6f6/tools/sdk/esp32s3/include/wpa_supplicant/esp_supplicant/include -I/home/franstein/.platformio/packages/framework-arduinoespressif32@src-537c58760dafe7fcc8a1d9bbcf00b6f6/tools/sdk/esp32s3/include/ieee802154/include -I/home/franstein/.platformio/packages/framework-arduinoespressif32@src-537c58760dafe7fcc8a1d9bbcf00b6f6/tools/sdk/esp32s3/include/console -I/home/franstein/.platformio/packages/framework-arduinoespressif32@src-537c58760dafe7fcc8a1d9bbcf00b6f6/tools/sdk/esp32s3/include/asio/asio/asio/include -I/home/franstein/.platformio/packages/framework-arduinoespressif32@src-537c58760dafe7fcc8a1d9bbcf00b6f6/tools/sdk/esp32s3/include/asio/port/include -I/home/franstein/.platformio/packages/framework-arduinoespressif32@src-537c58760dafe7fcc8a1d9bbcf00b6f6/tools/sdk/esp32s3/include/bt/common/osi/include -I/home/franstein/.platformio/packages/framework-arduinoespressif32@src-537c58760dafe7fcc8a1d9bbcf00b6f6/tools/sdk/esp32s3/include/bt/include/esp32s3/include -I/home/franstein/.platformio/packages/framework-arduinoespressif32@src-537c58760dafe7fcc8a1d9bbcf00b6f6/tools/sdk/esp32s3/include/bt/common/api/include/api -I/home/franstein/.platformio/packages/framework-arduinoespressif32@src-537c58760dafe7fcc8a1d9bbcf00b6f6/tools/sdk/esp32s3/include/bt/common/btc/profile/esp/blufi/include -I/home/franstein/.platformio/packages/framework-arduinoespressif32@src-537c58760dafe7fcc8a1d9bbcf00b6f6/tools/sdk/esp32s3/include/bt/common/btc/profile/esp/include -I/home/franstein/.platformio/packages/framework-arduinoespressif32@src-537c58760dafe7fcc8a1d9bbcf00b6f6/tools/sdk/esp32s3/include/bt/host/bluedroid/api/include/api -I/home/franstein/.platformio/packages/framework-arduinoespressif32@src-537c58760dafe7fcc8a1d9bbcf00b6f6/tools/sdk/esp32s3/include/bt/esp_ble_mesh/mesh_common/include -I/home/franstein/.platformio/packages/framework-arduinoespressif32@src-537c58760dafe7fcc8a1d9bbcf00b6f6/tools/sdk/esp32s3/include/bt/esp_ble_mesh/mesh_common/tinycrypt/include -I/home/franstein/.platformio/packages/framework-arduinoespressif32@src-537c58760dafe7fcc8a1d9bbcf00b6f6/tools/sdk/esp32s3/include/bt/esp_ble_mesh/mesh_core -I/home/franstein/.platformio/packages/framework-arduinoespressif32@src-537c58760dafe7fcc8a1d9bbcf00b6f6/tools/sdk/esp32s3/include/bt/esp_ble_mesh/mesh_core/include -I/home/franstein/.platformio/packages/framework-arduinoespressif32@src-537c58760dafe7fcc8a1d9bbcf00b6f6/tools/sdk/esp32s3/include/bt/esp_ble_mesh/mesh_core/storage -I/home/franstein/.platformio/packages/framework-arduinoespressif32@src-537c58760dafe7fcc8a1d9bbcf00b6f6/tools/sdk/esp32s3/include/bt/esp_ble_mesh/btc/include -I/home/franstein/.platformio/packages/framework-arduinoespressif32@src-537c58760dafe7fcc8a1d9bbcf00b6f6/tools/sdk/esp32s3/include/bt/esp_ble_mesh/mesh_models/common/include -I/home/franstein/.platformio/packages/framework-arduinoespressif32@src-537c58760dafe7fcc8a1d9bbcf00b6f6/tools/sdk/esp32s3/include/bt/esp_ble_mesh/mesh_models/client/include -I/home/franstein/.platformio/packages/framework-arduinoespressif32@src-537c58760dafe7fcc8a1d9bbcf00b6f6/tools/sdk/esp32s3/include/bt/esp_ble_mesh/mesh_models/server/include -I/home/franstein/.platformio/packages/framework-arduinoespressif32@src-537c58760dafe7fcc8a1d9bbcf00b6f6/tools/sdk/esp32s3/include/bt/esp_ble_mesh/api/core/include -I/home/franstein/.platformio/packages/framework-arduinoespressif32@src-537c58760dafe7fcc8a1d9bbcf00b6f6/tools/sdk/esp32s3/include/bt/esp_ble_mesh/api/models/include -I/home/franstein/.platformio/packages/framework-arduinoespressif32@src-537c58760dafe7fcc8a1d9bbcf00b6f6/tools/sdk/esp32s3/include/bt/esp_ble_mesh/api -I/home/franstein/.platformio/packages/framework-arduinoespressif32@src-537c58760dafe7fcc8a1d9bbcf00b6f6/tools/sdk/esp32s3/include/cbor/port/include -I/home/franstein/.platformio/packages/framework-arduinoespressif32@src-537c58760dafe7fcc8a1d9bbcf00b6f6/tools/sdk/esp32s3/include/unity/include -I/home/franstein/.platformio/packages/framework-arduinoespressif32@src-537c58760dafe7fcc8a1d9bbcf00b6f6/tools/sdk/esp32s3/include/unity/unity/src -I/home/franstein/.platformio/packages/framework-arduinoespressif32@src-537c58760dafe7fcc8a1d9bbcf00b6f6/tools/sdk/esp32s3/include/cmock/CMock/src -I/home/franstein/.platformio/packages/framework-arduinoespressif32@src-537c58760dafe7fcc8a1d9bbcf00b6f6/tools/sdk/esp32s3/include/coap/port/include -I/home/franstein/.platformio/packages/framework-arduinoespressif32@src-537c58760dafe7fcc8a1d9bbcf00b6f6/tools/sdk/esp32s3/include/coap/libcoap/include -I/home/franstein/.platformio/packages/framework-arduinoespressif32@src-537c58760dafe7fcc8a1d9bbcf00b6f6/tools/sdk/esp32s3/include/nghttp/port/include -I/home/franstein/.platformio/packages/framework-arduinoespressif32@src-537c58760dafe7fcc8a1d9bbcf00b6f6/tools/sdk/esp32s3/include/nghttp/nghttp2/lib/includes -I/home/franstein/.platformio/packages/framework-arduinoespressif32@src-537c58760dafe7fcc8a1d9bbcf00b6f6/tools/sdk/esp32s3/include/esp-tls -I/home/franstein/.platformio/packages/framework-arduinoespressif32@src-537c58760dafe7fcc8a1d9bbcf00b6f6/tools/sdk/esp32s3/include/esp-tls/esp-tls-crypto -I/home/franstein/.platformio/packages/framework-arduinoespressif32@src-537c58760dafe7fcc8a1d9bbcf00b6f6/tools/sdk/esp32s3/include/esp_adc_cal/include -I/home/franstein/.platformio/packages/framework-arduinoespressif32@src-537c58760dafe7fcc8a1d9bbcf00b6f6/tools/sdk/esp32s3/include/esp_hid/include -I/home/franstein/.platformio/packages/framework-arduinoespressif32@src-537c58760dafe7fcc8a1d9bbcf00b6f6/tools/sdk/esp32s3/include/tcp_transport/include -I/home/franstein/.platformio/packages/framework-arduinoespressif32@src-537c58760dafe7fcc8a1d9bbcf00b6f6/tools/sdk/esp32s3/include/esp_http_client/include -I/home/franstein/.platformio/packages/framework-arduinoespressif32@src-537c58760dafe7fcc8a1d9bbcf00b6f6/tools/sdk/esp32s3/include/esp_http_server/include -I/home/franstein/.platformio/packages/framework-arduinoespressif32@src-537c58760dafe7fcc8a1d9bbcf00b6f6/tools/sdk/esp32s3/include/esp_https_ota/include -I/home/franstein/.platformio/packages/framework-arduinoespressif32@src-537c58760dafe7fcc8a1d9bbcf00b6f6/tools/sdk/esp32s3/include/esp_https_server/include -I/home/franstein/.platformio/packages/framework-arduinoespressif32@src-537c58760dafe7fcc8a1d9bbcf00b6f6/tools/sdk/esp32s3/include/esp_lcd/include -I/home/franstein/.platformio/packages/framework-arduinoespressif32@src-537c58760dafe7fcc8a1d9bbcf00b6f6/tools/sdk/esp32s3/include/esp_lcd/interface -I/home/franstein/.platformio/packages/framework-arduinoespressif32@src-537c58760dafe7fcc8a1d9bbcf00b6f6/tools/sdk/esp32s3/include/protobuf-c/protobuf-c -I/home/franstein/.platformio/packages/framework-arduinoespressif32@src-537c58760dafe7fcc8a1d9bbcf00b6f6/tools/sdk/esp32s3/include/protocomm/include/common -I/home/franstein/.platformio/packages/framework-arduinoespressif32@src-537c58760dafe7fcc8a1d9bbcf00b6f6/tools/sdk/esp32s3/include/protocomm/include/security -I/home/franstein/.platformio/packages/framework-arduinoespressif32@src-537c58760dafe7fcc8a1d9bbcf00b6f6/tools/sdk/esp32s3/include/protocomm/include/transports -I/home/franstein/.platformio/packages/framework-arduinoespressif32@src-537c58760dafe7fcc8a1d9bbcf00b6f6/tools/sdk/esp32s3/include/mdns/include -I/home/franstein/.platformio/packages/framework-arduinoespressif32@src-537c58760dafe7fcc8a1d9bbcf00b6f6/tools/sdk/esp32s3/include/esp_local_ctrl/include -I/home/franstein/.platformio/packages/framework-arduinoespressif32@src-537c58760dafe7fcc8a1d9bbcf00b6f6/tools/sdk/esp32s3/include/sdmmc/include -I/home/franstein/.platformio/packages/framework-arduinoespressif32@src-537c58760dafe7fcc8a1d9bbcf00b6f6/tools/sdk/esp32s3/include/esp_serial_slave_link/include -I/home/franstein/.platformio/packages/framework-arduinoespressif32@src-537c58760dafe7fcc8a1d9bbcf00b6f6/tools/sdk/esp32s3/include/esp_websocket_client/include -I/home/franstein/.platformio/packages/framework-arduinoespressif32@src-537c58760dafe7fcc8a1d9bbcf00b6f6/tools/sdk/esp32s3/include/expat/expat/expat/lib -I/home/franstein/.platformio/packages/framework-arduinoespressif32@src-537c58760dafe7fcc8a1d9bbcf00b6f6/tools/sdk/esp32s3/include/expat/port/include -I/home/franstein/.platformio/packages/framework-arduinoespressif32@src-537c58760dafe7fcc8a1d9bbcf00b6f6/tools/sdk/esp32s3/include/wear_levelling/include -I/home/franstein/.platformio/packages/framework-arduinoespressif32@src-537c58760dafe7fcc8a1d9bbcf00b6f6/tools/sdk/esp32s3/include/fatfs/diskio -I/home/franstein/.platformio/packages/framework-arduinoespressif32@src-537c58760dafe7fcc8a1d9bbcf00b6f6/tools/sdk/esp32s3/include/fatfs/vfs -I/home/franstein/.platformio/packages/framework-arduinoespressif32@src-537c58760dafe7fcc8a1d9bbcf00b6f6/tools/sdk/esp32s3/include/fatfs/src -I/home/franstein/.platformio/packages/framework-arduinoespressif32@src-537c58760dafe7fcc8a1d9bbcf00b6f6/tools/sdk/esp32s3/include/freemodbus/common/include -I/home/franstein/.platformio/packages/framework-arduinoespressif32@src-537c58760dafe7fcc8a1d9bbcf00b6f6/tools/sdk/esp32s3/include/idf_test/include -I/home/franstein/.platformio/packages/framework-arduinoespressif32@src-537c58760dafe7fcc8a1d9bbcf00b6f6/tools/sdk/esp32s3/include/idf_test/include/esp32s3 -I/home/franstein/.platformio/packages/framework-arduinoespressif32@src-537c58760dafe7fcc8a1d9bbcf00b6f6/tools/sdk/esp32s3/include/jsmn/include -I/home/franstein/.platformio/packages/framework-arduinoespressif32@src-537c58760dafe7fcc8a1d9bbcf00b6f6/tools/sdk/esp32s3/include/json/cJSON -I/home/franstein/.platformio/packages/framework-arduinoespressif32@src-537c58760dafe7fcc8a1d9bbcf00b6f6/tools/sdk/esp32s3/include/libsodium/libsodium/src/libsodium/include -I/home/franstein/.platformio/packages/framework-arduinoespressif32@src-537c58760dafe7fcc8a1d9bbcf00b6f6/tools/sdk/esp32s3/include/libsodium/port_include -I/home/franstein/.platformio/packages/framework-arduinoespressif32@src-537c58760dafe7fcc8a1d9bbcf00b6f6/tools/sdk/esp32s3/include/mqtt/esp-mqtt/include -I/home/franstein/.platformio/packages/framework-arduinoespressif32@src-537c58760dafe7fcc8a1d9bbcf00b6f6/tools/sdk/esp32s3/include/openssl/include -I/home/franstein/.platformio/packages/framework-arduinoespressif32@src-537c58760dafe7fcc8a1d9bbcf00b6f6/tools/sdk/esp32s3/include/perfmon/include -I/home/franstein/.platformio/packages/framework-arduinoespressif32@src-537c58760dafe7fcc8a1d9bbcf00b6f6/tools/sdk/esp32s3/include/spiffs/include -I/home/franstein/.platformio/packages/framework-arduinoespressif32@src-537c58760dafe7fcc8a1d9bbcf00b6f6/tools/sdk/esp32s3/include/usb/include -I/home/franstein/.platformio/packages/framework-arduinoespressif32@src-537c58760dafe7fcc8a1d9bbcf00b6f6/tools/sdk/esp32s3/include/ulp/include -I/home/franstein/.platformio/packages/framework-arduinoespressif32@src-537c58760dafe7fcc8a1d9bbcf00b6f6/tools/sdk/esp32s3/include/wifi_provisioning/include -I/home/franstein/.platformio/packages/framework-arduinoespressif32@src-537c58760dafe7fcc8a1d9bbcf00b6f6/tools/sdk/esp32s3/include/rmaker_common/include -I/home/franstein/.platformio/packages/framework-arduinoespressif32@src-537c58760dafe7fcc8a1d9bbcf00b6f6/tools/sdk/esp32s3/include/json_parser/upstream/include -I/home/franstein/.platformio/packages/framework-arduinoespressif32@src-537c58760dafe7fcc8a1d9bbcf00b6f6/tools/sdk/esp32s3/include/json_parser/upstream -I/home/franstein/.platformio/packages/framework-arduinoespressif32@src-537c58760dafe7fcc8a1d9bbcf00b6f6/tools/sdk/esp32s3/include/json_generator/upstream -I/home/franstein/.platformio/packages/framework-arduinoespressif32@src-537c58760dafe7fcc8a1d9bbcf00b6f6/tools/sdk/esp32s3/include/esp_schedule/include -I/home/franstein/.platformio/packages/framework-arduinoespressif32@src-537c58760dafe7fcc8a1d9bbcf00b6f6/tools/sdk/esp32s3/include/esp_rainmaker/include -I/home/franstein/.platformio/packages/framework-arduinoespressif32@src-537c58760dafe7fcc8a1d9bbcf00b6f6/tools/sdk/esp32s3/include/gpio_button/button/include -I/home/franstein/.platformio/packages/framework-arduinoespressif32@src-537c58760dafe7fcc8a1d9bbcf00b6f6/tools/sdk/esp32s3/include/qrcode/include -I/home/franstein/.platformio/packages/framework-arduinoespressif32@src-537c58760dafe7fcc8a1d9bbcf00b6f6/tools/sdk/esp32s3/include/ws2812_led -I/home/franstein/.platformio/packages/framework-arduinoespressif32@src-537c58760dafe7fcc8a1d9bbcf00b6f6/tools/sdk/esp32s3/include/esp_diagnostics/include -I/home/franstein/.platformio/packages/framework-arduinoespressif32@src-537c58760dafe7fcc8a1d9bbcf00b6f6/tools/sdk/esp32s3/include/rtc_store/include -I/home/franstein/.platformio/packages/framework-arduinoespressif32@src-537c58760dafe7fcc8a1d9bbcf00b6f6/tools/sdk/esp32s3/include/esp_insights/include -I/home/franstein/.platformio/packages/framework-arduinoespressif32@src-537c58760dafe7fcc8a1d9bbcf00b6f6/tools/sdk/esp32s3/include/esp-dsp/modules/dotprod/include -I/home/franstein/.platformio/packages/framework-arduinoespressif32@src-537c58760dafe7fcc8a1d9bbcf00b6f6/tools/sdk/esp32s3/include/esp-dsp/modules/support/include -I/home/franstein/.platformio/packages/framework-arduinoespressif32@src-537c58760dafe7fcc8a1d9bbcf00b6f6/tools/sdk/esp32s3/include/esp-dsp/modules/windows/include -I/home/franstein/.platformio/packages/framework-arduinoespressif32@src-537c58760dafe7fcc8a1d9bbcf00b6f6/tools/sdk/esp32s3/include/esp-dsp/modules/windows/hann/include -I/home/franstein/.platformio/packages/framework-arduinoespressif32@src-537c58760dafe7fcc8a1d9bbcf00b6f6/tools/sdk/esp32s3/include/esp-dsp/modules/windows/blackman/include -I/home/franstein/.platformio/packages/framework-arduinoespressif32@src-537c58760dafe7fcc8a1d9bbcf00b6f6/tools/sdk/esp32s3/include/esp-dsp/modules/windows/blackman_harris/include -I/home/franstein/.platformio/packages/framework-arduinoespressif32@src-537c58760dafe7fcc8a1d9bbcf00b6f6/tools/sdk/esp32s3/include/esp-dsp/modules/windows/blackman_nuttall/include -I/home/franstein/.platformio/packages/framework-arduinoespressif32@src-537c58760dafe7fcc8a1d9bbcf00b6f6/tools/sdk/esp32s3/include/esp-dsp/modules/windows/nuttall/include -I/home/franstein/.platformio/packages/framework-arduinoespressif32@src-537c58760dafe7fcc8a1d9bbcf00b6f6/tools/sdk/esp32s3/include/esp-dsp/modules/windows/flat_top/include -I/home/franstein/.platformio/packages/framework-arduinoespressif32@src-537c58760dafe7fcc8a1d9bbcf00b6f6/tools/sdk/esp32s3/include/esp-dsp/modules/iir/include -I/home/franstein/.platformio/packages/framework-arduinoespressif32@src-537c58760dafe7fcc8a1d9bbcf00b6f6/tools/sdk/esp32s3/include/esp-dsp/modules/fir/include -I/home/franstein/.platformio/packages/framework-arduinoespressif32@src-537c58760dafe7fcc8a1d9bbcf00b6f6/tools/sdk/esp32s3/include/esp-dsp/modules/math/include -I/home/franstein/.platformio/packages/framework-arduinoespressif32@src-537c58760dafe7fcc8a1d9bbcf00b6f6/tools/sdk/esp32s3/include/esp-dsp/modules/math/add/include -I/home/franstein/.platformio/packages/framework-arduinoespressif32@src-537c58760dafe7fcc8a1d9bbcf00b6f6/tools/sdk/esp32s3/include/esp-dsp/modules/math/sub/include -I/home/franstein/.platformio/packages/framework-arduinoespressif32@src-537c58760dafe7fcc8a1d9bbcf00b6f6/tools/sdk/esp32s3/include/esp-dsp/modules/math/mul/include -I/home/franstein/.platformio/packages/framework-arduinoespressif32@src-537c58760dafe7fcc8a1d9bbcf00b6f6/tools/sdk/esp32s3/include/esp-dsp/modules/math/addc/include -I/home/franstein/.platformio/packages/framework-arduinoespressif32@src-537c58760dafe7fcc8a1d9bbcf00b6f6/tools/sdk/esp32s3/include/esp-dsp/modules/math/mulc/include -I/home/franstein/.platformio/packages/framework-arduinoespressif32@src-537c58760dafe7fcc8a1d9bbcf00b6f6/tools/sdk/esp32s3/include/esp-dsp/modules/math/sqrt/include -I/home/franstein/.platformio/packages/framework-arduinoespressif32@src-537c58760dafe7fcc8a1d9bbcf00b6f6/tools/sdk/esp32s3/include/esp-dsp/modules/matrix/include -I/home/franstein/.platformio/packages/framework-arduinoespressif32@src-537c58760dafe7fcc8a1d9bbcf00b6f6/tools/sdk/esp32s3/include/esp-dsp/modules/fft/include -I/home/franstein/.platformio/packages/framework-arduinoespressif32@src-537c58760dafe7fcc8a1d9bbcf00b6f6/tools/sdk/esp32s3/include/esp-dsp/modules/dct/include -I/home/franstein/.platformio/packages/framework-arduinoespressif32@src-537c58760dafe7fcc8a1d9bbcf00b6f6/tools/sdk/esp32s3/include/esp-dsp/modules/conv/include -I/home/franstein/.platformio/packages/framework-arduinoespressif32@src-537c58760dafe7fcc8a1d9bbcf00b6f6/tools/sdk/esp32s3/include/esp-dsp/modules/common/include -I/home/franstein/.platformio/packages/framework-arduinoespressif32@src-537c58760dafe7fcc8a1d9bbcf00b6f6/tools/sdk/esp32s3/include/esp-dsp/modules/kalman/ekf/include -I/home/franstein/.platformio/packages/framework-arduinoespressif32@src-537c58760dafe7fcc8a1d9bbcf00b6f6/tools/sdk/esp32s3/include/esp-dsp/modules/kalman/ekf_imu13states/include -I/home/franstein/.platformio/packages/framework-arduinoespressif32@src-537c58760dafe7fcc8a1d9bbcf00b6f6/tools/sdk/esp32s3/include/freertos/include/freertos -I/home/franstein/.platformio/packages/framework-arduinoespressif32@src-537c58760dafe7fcc8a1d9bbcf00b6f6/tools/sdk/esp32s3/include/arduino_tinyusb/tinyusb/src -I/home/franstein/.platformio/packages/framework-arduinoespressif32@src-537c58760dafe7fcc8a1d9bbcf00b6f6/tools/sdk/esp32s3/include/arduino_tinyusb/include -I/home/franstein/.platformio/packages/framework-arduinoespressif32@src-537c58760dafe7fcc8a1d9bbcf00b6f6/tools/sdk/esp32s3/include/esp_littlefs/include -I/home/franstein/.platformio/packages/framework-arduinoespressif32@src-537c58760dafe7fcc8a1d9bbcf00b6f6/tools/sdk/esp32s3/include/esp-dl/include -I/home/franstein/.platformio/packages/framework-arduinoespressif32@src-537c58760dafe7fcc8a1d9bbcf00b6f6/tools/sdk/esp32s3/include/esp-dl/include/tool -I/home/franstein/.platformio/packages/framework-arduinoespressif32@src-537c58760dafe7fcc8a1d9bbcf00b6f6/tools/sdk/esp32s3/include/esp-dl/include/typedef -I/home/franstein/.platformio/packages/framework-arduinoespressif32@src-537c58760dafe7fcc8a1d9bbcf00b6f6/tools/sdk/esp32s3/include/esp-dl/include/image -I/home/franstein/.platformio/packages/framework-arduinoespressif32@src-537c58760dafe7fcc8a1d9bbcf00b6f6/tools/sdk/esp32s3/include/esp-dl/include/math -I/home/franstein/.platformio/packages/framework-arduinoespressif32@src-537c58760dafe7fcc8a1d9bbcf00b6f6/tools/sdk/esp32s3/include/esp-dl/include/nn -I/home/franstein/.platformio/packages/framework-arduinoespressif32@src-537c58760dafe7fcc8a1d9bbcf00b6f6/tools/sdk/esp32s3/include/esp-dl/include/layer -I/home/franstein/.platformio/packages/framework-arduinoespressif32@src-537c58760dafe7fcc8a1d9bbcf00b6f6/tools/sdk/esp32s3/include/esp-dl/include/detect -I/home/franstein/.platformio/packages/framework-arduinoespressif32@src-537c58760dafe7fcc8a1d9bbcf00b6f6/tools/sdk/esp32s3/include/esp-dl/include/model_zoo -I/home/franstein/.platformio/packages/framework-arduinoespressif32@src-537c58760dafe7fcc8a1d9bbcf00b6f6/tools/sdk/esp32s3/include/esp-sr/src/include -I/home/franstein/.platformio/packages/framework-arduinoespressif32@src-537c58760dafe7fcc8a1d9bbcf00b6f6/tools/sdk/esp32s3/include/esp-sr/esp-tts/esp_tts_chinese/include -I/home/franstein/.platformio/packages/framework-arduinoespressif32@src-537c58760dafe7fcc8a1d9bbcf00b6f6/tools/sdk/esp32s3/include/esp-sr/include/esp32s3 -I/home/franstein/.platformio/packages/framework-arduinoespressif32@src-537c58760dafe7fcc8a1d9bbcf00b6f6/tools/sdk/esp32s3/include/esp32-camera/driver/include -I/home/franstein/.platformio/packages/framework-arduinoespressif32@src-537c58760dafe7fcc8a1d9bbcf00b6f6/tools/sdk/esp32s3/include/esp32-camera/conversions/include -I/home/franstein/.platformio/packages/framework-arduinoespressif32@src-537c58760dafe7fcc8a1d9bbcf00b6f6/tools/sdk/esp32s3/include/fb_gfx/include -I/home/franstein/.platformio/packages/framework-arduinoespressif32@src-537c58760dafe7fcc8a1d9bbcf00b6f6/tools/sdk/esp32s3/qio_opi/include -I/home/franstein/.platformio/packages/framework-arduinoespressif32@src-537c58760dafe7fcc8a1d9bbcf00b6f6/cores/esp32 -I/home/franstein/.platformio/packages/framework-arduinoespressif32@src-537c58760dafe7fcc8a1d9bbcf00b6f6/variants/esp32s3 /home/franstein/.platformio/packages/framework-arduinoespressif32@src-537c58760dafe7fcc8a1d9bbcf00b6f6/cores/esp32/esp32-hal-dac.c
xtensa-esp32s3-elf-gcc -o .pio/build/esp32/FrameworkArduino/esp32-hal-gpio.c.o -c -std=gnu99 -Wno-old-style-declaration -Os -mlongcalls -ffunction-sections -fdata-sections -Wno-error=unused-function -Wno-error=unused-variable -Wno-error=deprecated-declarations -Wno-unused-parameter -Wno-sign-compare -ggdb -freorder-blocks -Wwrite-strings -fstack-protector -fstrict-volatile-bitfields -Wno-error=unused-but-set-variable -fno-jump-tables -fno-tree-switch-conversion -MMD -DPLATFORMIO=60107 -DBOARD_HAS_PSRAM -DARDUINO_USB_MODE=1 -DARDUINO_USB_CDC_ON_BOOT=1 -DHAVE_CONFIG_H -DMBEDTLS_CONFIG_FILE=\"mbedtls/esp_config.h\" -DUNITY_INCLUDE_CONFIG_H -DWITH_POSIX -D_GNU_SOURCE -DIDF_VER=\"v4.4.3\" -DESP_PLATFORM -D_POSIX_READER_WRITER_LOCKS -DARDUINO_ARCH_ESP32 -DESP32 -DF_CPU=240000000L -DARDUINO=10812 -DARDUINO_VARIANT=\"esp32s3\" "-DARDUINO_BOARD=\"LILYGO T3-S3\"" -DARDUINO_PARTITION_default -I/home/franstein/.platformio/packages/framework-arduinoespressif32@src-537c58760dafe7fcc8a1d9bbcf00b6f6/tools/sdk/esp32s3/include/newlib/platform_include -I/home/franstein/.platformio/packages/framework-arduinoespressif32@src-537c58760dafe7fcc8a1d9bbcf00b6f6/tools/sdk/esp32s3/include/freertos/include -I/home/franstein/.platformio/packages/framework-arduinoespressif32@src-537c58760dafe7fcc8a1d9bbcf00b6f6/tools/sdk/esp32s3/include/freertos/include/esp_additions/freertos -I/home/franstein/.platformio/packages/framework-arduinoespressif32@src-537c58760dafe7fcc8a1d9bbcf00b6f6/tools/sdk/esp32s3/include/freertos/port/xtensa/include -I/home/franstein/.platformio/packages/framework-arduinoespressif32@src-537c58760dafe7fcc8a1d9bbcf00b6f6/tools/sdk/esp32s3/include/freertos/include/esp_additions -I/home/franstein/.platformio/packages/framework-arduinoespressif32@src-537c58760dafe7fcc8a1d9bbcf00b6f6/tools/sdk/esp32s3/include/esp_hw_support/include -I/home/franstein/.platformio/packages/framework-arduinoespressif32@src-537c58760dafe7fcc8a1d9bbcf00b6f6/tools/sdk/esp32s3/include/esp_hw_support/include/soc -I/home/franstein/.platformio/packages/framework-arduinoespressif32@src-537c58760dafe7fcc8a1d9bbcf00b6f6/tools/sdk/esp32s3/include/esp_hw_support/include/soc/esp32s3 -I/home/franstein/.platformio/packages/framework-arduinoespressif32@src-537c58760dafe7fcc8a1d9bbcf00b6f6/tools/sdk/esp32s3/include/esp_hw_support/port/esp32s3 -I/home/franstein/.platformio/packages/framework-arduinoespressif32@src-537c58760dafe7fcc8a1d9bbcf00b6f6/tools/sdk/esp32s3/include/esp_hw_support/port/esp32s3/private_include -I/home/franstein/.platformio/packages/framework-arduinoespressif32@src-537c58760dafe7fcc8a1d9bbcf00b6f6/tools/sdk/esp32s3/include/heap/include -I/home/franstein/.platformio/packages/framework-arduinoespressif32@src-537c58760dafe7fcc8a1d9bbcf00b6f6/tools/sdk/esp32s3/include/log/include -I/home/franstein/.platformio/packages/framework-arduinoespressif32@src-537c58760dafe7fcc8a1d9bbcf00b6f6/tools/sdk/esp32s3/include/lwip/include/apps -I/home/franstein/.platformio/packages/framework-arduinoespressif32@src-537c58760dafe7fcc8a1d9bbcf00b6f6/tools/sdk/esp32s3/include/lwip/include/apps/sntp -I/home/franstein/.platformio/packages/framework-arduinoespressif32@src-537c58760dafe7fcc8a1d9bbcf00b6f6/tools/sdk/esp32s3/include/lwip/lwip/src/include -I/home/franstein/.platformio/packages/framework-arduinoespressif32@src-537c58760dafe7fcc8a1d9bbcf00b6f6/tools/sdk/esp32s3/include/lwip/port/esp32/include -I/home/franstein/.platformio/packages/framework-arduinoespressif32@src-537c58760dafe7fcc8a1d9bbcf00b6f6/tools/sdk/esp32s3/include/lwip/port/esp32/include/arch -I/home/franstein/.platformio/packages/framework-arduinoespressif32@src-537c58760dafe7fcc8a1d9bbcf00b6f6/tools/sdk/esp32s3/include/soc/include -I/home/franstein/.platformio/packages/framework-arduinoespressif32@src-537c58760dafe7fcc8a1d9bbcf00b6f6/tools/sdk/esp32s3/include/soc/esp32s3 -I/home/franstein/.platformio/packages/framework-arduinoespressif32@src-537c58760dafe7fcc8a1d9bbcf00b6f6/tools/sdk/esp32s3/include/soc/esp32s3/include -I/home/franstein/.platformio/packages/framework-arduinoespressif32@src-537c58760dafe7fcc8a1d9bbcf00b6f6/tools/sdk/esp32s3/include/hal/esp32s3/include -I/home/franstein/.platformio/packages/framework-arduinoespressif32@src-537c58760dafe7fcc8a1d9bbcf00b6f6/tools/sdk/esp32s3/include/hal/include -I/home/franstein/.platformio/packages/framework-arduinoespressif32@src-537c58760dafe7fcc8a1d9bbcf00b6f6/tools/sdk/esp32s3/include/hal/platform_port/include -I/home/franstein/.platformio/packages/framework-arduinoespressif32@src-537c58760dafe7fcc8a1d9bbcf00b6f6/tools/sdk/esp32s3/include/esp_rom/include -I/home/franstein/.platformio/packages/framework-arduinoespressif32@src-537c58760dafe7fcc8a1d9bbcf00b6f6/tools/sdk/esp32s3/include/esp_rom/include/esp32s3 -I/home/franstein/.platformio/packages/framework-arduinoespressif32@src-537c58760dafe7fcc8a1d9bbcf00b6f6/tools/sdk/esp32s3/include/esp_rom/esp32s3 -I/home/franstein/.platformio/packages/framework-arduinoespressif32@src-537c58760dafe7fcc8a1d9bbcf00b6f6/tools/sdk/esp32s3/include/esp_common/include -I/home/franstein/.platformio/packages/framework-arduinoespressif32@src-537c58760dafe7fcc8a1d9bbcf00b6f6/tools/sdk/esp32s3/include/esp_system/include -I/home/franstein/.platformio/packages/framework-arduinoespressif32@src-537c58760dafe7fcc8a1d9bbcf00b6f6/tools/sdk/esp32s3/include/esp_system/port/soc -I/home/franstein/.platformio/packages/framework-arduinoespressif32@src-537c58760dafe7fcc8a1d9bbcf00b6f6/tools/sdk/esp32s3/include/esp_system/port/public_compat -I/home/franstein/.platformio/packages/framework-arduinoespressif32@src-537c58760dafe7fcc8a1d9bbcf00b6f6/tools/sdk/esp32s3/include/xtensa/include -I/home/franstein/.platformio/packages/framework-arduinoespressif32@src-537c58760dafe7fcc8a1d9bbcf00b6f6/tools/sdk/esp32s3/include/xtensa/esp32s3/include -I/home/franstein/.platformio/packages/framework-arduinoespressif32@src-537c58760dafe7fcc8a1d9bbcf00b6f6/tools/sdk/esp32s3/include/driver/include -I/home/franstein/.platformio/packages/framework-arduinoespressif32@src-537c58760dafe7fcc8a1d9bbcf00b6f6/tools/sdk/esp32s3/include/driver/esp32s3/include -I/home/franstein/.platformio/packages/framework-arduinoespressif32@src-537c58760dafe7fcc8a1d9bbcf00b6f6/tools/sdk/esp32s3/include/esp_pm/include -I/home/franstein/.platformio/packages/framework-arduinoespressif32@src-537c58760dafe7fcc8a1d9bbcf00b6f6/tools/sdk/esp32s3/include/esp_ringbuf/include -I/home/franstein/.platformio/packages/framework-arduinoespressif32@src-537c58760dafe7fcc8a1d9bbcf00b6f6/tools/sdk/esp32s3/include/efuse/include -I/home/franstein/.platformio/packages/framework-arduinoespressif32@src-537c58760dafe7fcc8a1d9bbcf00b6f6/tools/sdk/esp32s3/include/efuse/esp32s3/include -I/home/franstein/.platformio/packages/framework-arduinoespressif32@src-537c58760dafe7fcc8a1d9bbcf00b6f6/tools/sdk/esp32s3/include/vfs/include -I/home/franstein/.platformio/packages/framework-arduinoespressif32@src-537c58760dafe7fcc8a1d9bbcf00b6f6/tools/sdk/esp32s3/include/esp_wifi/include -I/home/franstein/.platformio/packages/framework-arduinoespressif32@src-537c58760dafe7fcc8a1d9bbcf00b6f6/tools/sdk/esp32s3/include/esp_event/include -I/home/franstein/.platformio/packages/framework-arduinoespressif32@src-537c58760dafe7fcc8a1d9bbcf00b6f6/tools/sdk/esp32s3/include/esp_netif/include -I/home/franstein/.platformio/packages/framework-arduinoespressif32@src-537c58760dafe7fcc8a1d9bbcf00b6f6/tools/sdk/esp32s3/include/esp_eth/include -I/home/franstein/.platformio/packages/framework-arduinoespressif32@src-537c58760dafe7fcc8a1d9bbcf00b6f6/tools/sdk/esp32s3/include/tcpip_adapter/include -I/home/franstein/.platformio/packages/framework-arduinoespressif32@src-537c58760dafe7fcc8a1d9bbcf00b6f6/tools/sdk/esp32s3/include/esp_phy/include -I/home/franstein/.platformio/packages/framework-arduinoespressif32@src-537c58760dafe7fcc8a1d9bbcf00b6f6/tools/sdk/esp32s3/include/esp_phy/esp32s3/include -I/home/franstein/.platformio/packages/framework-arduinoespressif32@src-537c58760dafe7fcc8a1d9bbcf00b6f6/tools/sdk/esp32s3/include/esp_ipc/include -I/home/franstein/.platformio/packages/framework-arduinoespressif32@src-537c58760dafe7fcc8a1d9bbcf00b6f6/tools/sdk/esp32s3/include/app_trace/include -I/home/franstein/.platformio/packages/framework-arduinoespressif32@src-537c58760dafe7fcc8a1d9bbcf00b6f6/tools/sdk/esp32s3/include/esp_timer/include -I/home/franstein/.platformio/packages/framework-arduinoespressif32@src-537c58760dafe7fcc8a1d9bbcf00b6f6/tools/sdk/esp32s3/include/mbedtls/port/include -I/home/franstein/.platformio/packages/framework-arduinoespressif32@src-537c58760dafe7fcc8a1d9bbcf00b6f6/tools/sdk/esp32s3/include/mbedtls/mbedtls/include -I/home/franstein/.platformio/packages/framework-arduinoespressif32@src-537c58760dafe7fcc8a1d9bbcf00b6f6/tools/sdk/esp32s3/include/mbedtls/esp_crt_bundle/include -I/home/franstein/.platformio/packages/framework-arduinoespressif32@src-537c58760dafe7fcc8a1d9bbcf00b6f6/tools/sdk/esp32s3/include/app_update/include -I/home/franstein/.platformio/packages/framework-arduinoespressif32@src-537c58760dafe7fcc8a1d9bbcf00b6f6/tools/sdk/esp32s3/include/spi_flash/include -I/home/franstein/.platformio/packages/framework-arduinoespressif32@src-537c58760dafe7fcc8a1d9bbcf00b6f6/tools/sdk/esp32s3/include/bootloader_support/include -I/home/franstein/.platformio/packages/framework-arduinoespressif32@src-537c58760dafe7fcc8a1d9bbcf00b6f6/tools/sdk/esp32s3/include/nvs_flash/include -I/home/franstein/.platformio/packages/framework-arduinoespressif32@src-537c58760dafe7fcc8a1d9bbcf00b6f6/tools/sdk/esp32s3/include/pthread/include -I/home/franstein/.platformio/packages/framework-arduinoespressif32@src-537c58760dafe7fcc8a1d9bbcf00b6f6/tools/sdk/esp32s3/include/esp_gdbstub/include -I/home/franstein/.platformio/packages/framework-arduinoespressif32@src-537c58760dafe7fcc8a1d9bbcf00b6f6/tools/sdk/esp32s3/include/esp_gdbstub/xtensa -I/home/franstein/.platformio/packages/framework-arduinoespressif32@src-537c58760dafe7fcc8a1d9bbcf00b6f6/tools/sdk/esp32s3/include/esp_gdbstub/esp32s3 -I/home/franstein/.platformio/packages/framework-arduinoespressif32@src-537c58760dafe7fcc8a1d9bbcf00b6f6/tools/sdk/esp32s3/include/espcoredump/include -I/home/franstein/.platformio/packages/framework-arduinoespressif32@src-537c58760dafe7fcc8a1d9bbcf00b6f6/tools/sdk/esp32s3/include/espcoredump/include/port/xtensa -I/home/franstein/.platformio/packages/framework-arduinoespressif32@src-537c58760dafe7fcc8a1d9bbcf00b6f6/tools/sdk/esp32s3/include/wpa_supplicant/include -I/home/franstein/.platformio/packages/framework-arduinoespressif32@src-537c58760dafe7fcc8a1d9bbcf00b6f6/tools/sdk/esp32s3/include/wpa_supplicant/port/include -I/home/franstein/.platformio/packages/framework-arduinoespressif32@src-537c58760dafe7fcc8a1d9bbcf00b6f6/tools/sdk/esp32s3/include/wpa_supplicant/esp_supplicant/include -I/home/franstein/.platformio/packages/framework-arduinoespressif32@src-537c58760dafe7fcc8a1d9bbcf00b6f6/tools/sdk/esp32s3/include/ieee802154/include -I/home/franstein/.platformio/packages/framework-arduinoespressif32@src-537c58760dafe7fcc8a1d9bbcf00b6f6/tools/sdk/esp32s3/include/console -I/home/franstein/.platformio/packages/framework-arduinoespressif32@src-537c58760dafe7fcc8a1d9bbcf00b6f6/tools/sdk/esp32s3/include/asio/asio/asio/include -I/home/franstein/.platformio/packages/framework-arduinoespressif32@src-537c58760dafe7fcc8a1d9bbcf00b6f6/tools/sdk/esp32s3/include/asio/port/include -I/home/franstein/.platformio/packages/framework-arduinoespressif32@src-537c58760dafe7fcc8a1d9bbcf00b6f6/tools/sdk/esp32s3/include/bt/common/osi/include -I/home/franstein/.platformio/packages/framework-arduinoespressif32@src-537c58760dafe7fcc8a1d9bbcf00b6f6/tools/sdk/esp32s3/include/bt/include/esp32s3/include -I/home/franstein/.platformio/packages/framework-arduinoespressif32@src-537c58760dafe7fcc8a1d9bbcf00b6f6/tools/sdk/esp32s3/include/bt/common/api/include/api -I/home/franstein/.platformio/packages/framework-arduinoespressif32@src-537c58760dafe7fcc8a1d9bbcf00b6f6/tools/sdk/esp32s3/include/bt/common/btc/profile/esp/blufi/include -I/home/franstein/.platformio/packages/framework-arduinoespressif32@src-537c58760dafe7fcc8a1d9bbcf00b6f6/tools/sdk/esp32s3/include/bt/common/btc/profile/esp/include -I/home/franstein/.platformio/packages/framework-arduinoespressif32@src-537c58760dafe7fcc8a1d9bbcf00b6f6/tools/sdk/esp32s3/include/bt/host/bluedroid/api/include/api -I/home/franstein/.platformio/packages/framework-arduinoespressif32@src-537c58760dafe7fcc8a1d9bbcf00b6f6/tools/sdk/esp32s3/include/bt/esp_ble_mesh/mesh_common/include -I/home/franstein/.platformio/packages/framework-arduinoespressif32@src-537c58760dafe7fcc8a1d9bbcf00b6f6/tools/sdk/esp32s3/include/bt/esp_ble_mesh/mesh_common/tinycrypt/include -I/home/franstein/.platformio/packages/framework-arduinoespressif32@src-537c58760dafe7fcc8a1d9bbcf00b6f6/tools/sdk/esp32s3/include/bt/esp_ble_mesh/mesh_core -I/home/franstein/.platformio/packages/framework-arduinoespressif32@src-537c58760dafe7fcc8a1d9bbcf00b6f6/tools/sdk/esp32s3/include/bt/esp_ble_mesh/mesh_core/include -I/home/franstein/.platformio/packages/framework-arduinoespressif32@src-537c58760dafe7fcc8a1d9bbcf00b6f6/tools/sdk/esp32s3/include/bt/esp_ble_mesh/mesh_core/storage -I/home/franstein/.platformio/packages/framework-arduinoespressif32@src-537c58760dafe7fcc8a1d9bbcf00b6f6/tools/sdk/esp32s3/include/bt/esp_ble_mesh/btc/include -I/home/franstein/.platformio/packages/framework-arduinoespressif32@src-537c58760dafe7fcc8a1d9bbcf00b6f6/tools/sdk/esp32s3/include/bt/esp_ble_mesh/mesh_models/common/include -I/home/franstein/.platformio/packages/framework-arduinoespressif32@src-537c58760dafe7fcc8a1d9bbcf00b6f6/tools/sdk/esp32s3/include/bt/esp_ble_mesh/mesh_models/client/include -I/home/franstein/.platformio/packages/framework-arduinoespressif32@src-537c58760dafe7fcc8a1d9bbcf00b6f6/tools/sdk/esp32s3/include/bt/esp_ble_mesh/mesh_models/server/include -I/home/franstein/.platformio/packages/framework-arduinoespressif32@src-537c58760dafe7fcc8a1d9bbcf00b6f6/tools/sdk/esp32s3/include/bt/esp_ble_mesh/api/core/include -I/home/franstein/.platformio/packages/framework-arduinoespressif32@src-537c58760dafe7fcc8a1d9bbcf00b6f6/tools/sdk/esp32s3/include/bt/esp_ble_mesh/api/models/include -I/home/franstein/.platformio/packages/framework-arduinoespressif32@src-537c58760dafe7fcc8a1d9bbcf00b6f6/tools/sdk/esp32s3/include/bt/esp_ble_mesh/api -I/home/franstein/.platformio/packages/framework-arduinoespressif32@src-537c58760dafe7fcc8a1d9bbcf00b6f6/tools/sdk/esp32s3/include/cbor/port/include -I/home/franstein/.platformio/packages/framework-arduinoespressif32@src-537c58760dafe7fcc8a1d9bbcf00b6f6/tools/sdk/esp32s3/include/unity/include -I/home/franstein/.platformio/packages/framework-arduinoespressif32@src-537c58760dafe7fcc8a1d9bbcf00b6f6/tools/sdk/esp32s3/include/unity/unity/src -I/home/franstein/.platformio/packages/framework-arduinoespressif32@src-537c58760dafe7fcc8a1d9bbcf00b6f6/tools/sdk/esp32s3/include/cmock/CMock/src -I/home/franstein/.platformio/packages/framework-arduinoespressif32@src-537c58760dafe7fcc8a1d9bbcf00b6f6/tools/sdk/esp32s3/include/coap/port/include -I/home/franstein/.platformio/packages/framework-arduinoespressif32@src-537c58760dafe7fcc8a1d9bbcf00b6f6/tools/sdk/esp32s3/include/coap/libcoap/include -I/home/franstein/.platformio/packages/framework-arduinoespressif32@src-537c58760dafe7fcc8a1d9bbcf00b6f6/tools/sdk/esp32s3/include/nghttp/port/include -I/home/franstein/.platformio/packages/framework-arduinoespressif32@src-537c58760dafe7fcc8a1d9bbcf00b6f6/tools/sdk/esp32s3/include/nghttp/nghttp2/lib/includes -I/home/franstein/.platformio/packages/framework-arduinoespressif32@src-537c58760dafe7fcc8a1d9bbcf00b6f6/tools/sdk/esp32s3/include/esp-tls -I/home/franstein/.platformio/packages/framework-arduinoespressif32@src-537c58760dafe7fcc8a1d9bbcf00b6f6/tools/sdk/esp32s3/include/esp-tls/esp-tls-crypto -I/home/franstein/.platformio/packages/framework-arduinoespressif32@src-537c58760dafe7fcc8a1d9bbcf00b6f6/tools/sdk/esp32s3/include/esp_adc_cal/include -I/home/franstein/.platformio/packages/framework-arduinoespressif32@src-537c58760dafe7fcc8a1d9bbcf00b6f6/tools/sdk/esp32s3/include/esp_hid/include -I/home/franstein/.platformio/packages/framework-arduinoespressif32@src-537c58760dafe7fcc8a1d9bbcf00b6f6/tools/sdk/esp32s3/include/tcp_transport/include -I/home/franstein/.platformio/packages/framework-arduinoespressif32@src-537c58760dafe7fcc8a1d9bbcf00b6f6/tools/sdk/esp32s3/include/esp_http_client/include -I/home/franstein/.platformio/packages/framework-arduinoespressif32@src-537c58760dafe7fcc8a1d9bbcf00b6f6/tools/sdk/esp32s3/include/esp_http_server/include -I/home/franstein/.platformio/packages/framework-arduinoespressif32@src-537c58760dafe7fcc8a1d9bbcf00b6f6/tools/sdk/esp32s3/include/esp_https_ota/include -I/home/franstein/.platformio/packages/framework-arduinoespressif32@src-537c58760dafe7fcc8a1d9bbcf00b6f6/tools/sdk/esp32s3/include/esp_https_server/include -I/home/franstein/.platformio/packages/framework-arduinoespressif32@src-537c58760dafe7fcc8a1d9bbcf00b6f6/tools/sdk/esp32s3/include/esp_lcd/include -I/home/franstein/.platformio/packages/framework-arduinoespressif32@src-537c58760dafe7fcc8a1d9bbcf00b6f6/tools/sdk/esp32s3/include/esp_lcd/interface -I/home/franstein/.platformio/packages/framework-arduinoespressif32@src-537c58760dafe7fcc8a1d9bbcf00b6f6/tools/sdk/esp32s3/include/protobuf-c/protobuf-c -I/home/franstein/.platformio/packages/framework-arduinoespressif32@src-537c58760dafe7fcc8a1d9bbcf00b6f6/tools/sdk/esp32s3/include/protocomm/include/common -I/home/franstein/.platformio/packages/framework-arduinoespressif32@src-537c58760dafe7fcc8a1d9bbcf00b6f6/tools/sdk/esp32s3/include/protocomm/include/security -I/home/franstein/.platformio/packages/framework-arduinoespressif32@src-537c58760dafe7fcc8a1d9bbcf00b6f6/tools/sdk/esp32s3/include/protocomm/include/transports -I/home/franstein/.platformio/packages/framework-arduinoespressif32@src-537c58760dafe7fcc8a1d9bbcf00b6f6/tools/sdk/esp32s3/include/mdns/include -I/home/franstein/.platformio/packages/framework-arduinoespressif32@src-537c58760dafe7fcc8a1d9bbcf00b6f6/tools/sdk/esp32s3/include/esp_local_ctrl/include -I/home/franstein/.platformio/packages/framework-arduinoespressif32@src-537c58760dafe7fcc8a1d9bbcf00b6f6/tools/sdk/esp32s3/include/sdmmc/include -I/home/franstein/.platformio/packages/framework-arduinoespressif32@src-537c58760dafe7fcc8a1d9bbcf00b6f6/tools/sdk/esp32s3/include/esp_serial_slave_link/include -I/home/franstein/.platformio/packages/framework-arduinoespressif32@src-537c58760dafe7fcc8a1d9bbcf00b6f6/tools/sdk/esp32s3/include/esp_websocket_client/include -I/home/franstein/.platformio/packages/framework-arduinoespressif32@src-537c58760dafe7fcc8a1d9bbcf00b6f6/tools/sdk/esp32s3/include/expat/expat/expat/lib -I/home/franstein/.platformio/packages/framework-arduinoespressif32@src-537c58760dafe7fcc8a1d9bbcf00b6f6/tools/sdk/esp32s3/include/expat/port/include -I/home/franstein/.platformio/packages/framework-arduinoespressif32@src-537c58760dafe7fcc8a1d9bbcf00b6f6/tools/sdk/esp32s3/include/wear_levelling/include -I/home/franstein/.platformio/packages/framework-arduinoespressif32@src-537c58760dafe7fcc8a1d9bbcf00b6f6/tools/sdk/esp32s3/include/fatfs/diskio -I/home/franstein/.platformio/packages/framework-arduinoespressif32@src-537c58760dafe7fcc8a1d9bbcf00b6f6/tools/sdk/esp32s3/include/fatfs/vfs -I/home/franstein/.platformio/packages/framework-arduinoespressif32@src-537c58760dafe7fcc8a1d9bbcf00b6f6/tools/sdk/esp32s3/include/fatfs/src -I/home/franstein/.platformio/packages/framework-arduinoespressif32@src-537c58760dafe7fcc8a1d9bbcf00b6f6/tools/sdk/esp32s3/include/freemodbus/common/include -I/home/franstein/.platformio/packages/framework-arduinoespressif32@src-537c58760dafe7fcc8a1d9bbcf00b6f6/tools/sdk/esp32s3/include/idf_test/include -I/home/franstein/.platformio/packages/framework-arduinoespressif32@src-537c58760dafe7fcc8a1d9bbcf00b6f6/tools/sdk/esp32s3/include/idf_test/include/esp32s3 -I/home/franstein/.platformio/packages/framework-arduinoespressif32@src-537c58760dafe7fcc8a1d9bbcf00b6f6/tools/sdk/esp32s3/include/jsmn/include -I/home/franstein/.platformio/packages/framework-arduinoespressif32@src-537c58760dafe7fcc8a1d9bbcf00b6f6/tools/sdk/esp32s3/include/json/cJSON -I/home/franstein/.platformio/packages/framework-arduinoespressif32@src-537c58760dafe7fcc8a1d9bbcf00b6f6/tools/sdk/esp32s3/include/libsodium/libsodium/src/libsodium/include -I/home/franstein/.platformio/packages/framework-arduinoespressif32@src-537c58760dafe7fcc8a1d9bbcf00b6f6/tools/sdk/esp32s3/include/libsodium/port_include -I/home/franstein/.platformio/packages/framework-arduinoespressif32@src-537c58760dafe7fcc8a1d9bbcf00b6f6/tools/sdk/esp32s3/include/mqtt/esp-mqtt/include -I/home/franstein/.platformio/packages/framework-arduinoespressif32@src-537c58760dafe7fcc8a1d9bbcf00b6f6/tools/sdk/esp32s3/include/openssl/include -I/home/franstein/.platformio/packages/framework-arduinoespressif32@src-537c58760dafe7fcc8a1d9bbcf00b6f6/tools/sdk/esp32s3/include/perfmon/include -I/home/franstein/.platformio/packages/framework-arduinoespressif32@src-537c58760dafe7fcc8a1d9bbcf00b6f6/tools/sdk/esp32s3/include/spiffs/include -I/home/franstein/.platformio/packages/framework-arduinoespressif32@src-537c58760dafe7fcc8a1d9bbcf00b6f6/tools/sdk/esp32s3/include/usb/include -I/home/franstein/.platformio/packages/framework-arduinoespressif32@src-537c58760dafe7fcc8a1d9bbcf00b6f6/tools/sdk/esp32s3/include/ulp/include -I/home/franstein/.platformio/packages/framework-arduinoespressif32@src-537c58760dafe7fcc8a1d9bbcf00b6f6/tools/sdk/esp32s3/include/wifi_provisioning/include -I/home/franstein/.platformio/packages/framework-arduinoespressif32@src-537c58760dafe7fcc8a1d9bbcf00b6f6/tools/sdk/esp32s3/include/rmaker_common/include -I/home/franstein/.platformio/packages/framework-arduinoespressif32@src-537c58760dafe7fcc8a1d9bbcf00b6f6/tools/sdk/esp32s3/include/json_parser/upstream/include -I/home/franstein/.platformio/packages/framework-arduinoespressif32@src-537c58760dafe7fcc8a1d9bbcf00b6f6/tools/sdk/esp32s3/include/json_parser/upstream -I/home/franstein/.platformio/packages/framework-arduinoespressif32@src-537c58760dafe7fcc8a1d9bbcf00b6f6/tools/sdk/esp32s3/include/json_generator/upstream -I/home/franstein/.platformio/packages/framework-arduinoespressif32@src-537c58760dafe7fcc8a1d9bbcf00b6f6/tools/sdk/esp32s3/include/esp_schedule/include -I/home/franstein/.platformio/packages/framework-arduinoespressif32@src-537c58760dafe7fcc8a1d9bbcf00b6f6/tools/sdk/esp32s3/include/esp_rainmaker/include -I/home/franstein/.platformio/packages/framework-arduinoespressif32@src-537c58760dafe7fcc8a1d9bbcf00b6f6/tools/sdk/esp32s3/include/gpio_button/button/include -I/home/franstein/.platformio/packages/framework-arduinoespressif32@src-537c58760dafe7fcc8a1d9bbcf00b6f6/tools/sdk/esp32s3/include/qrcode/include -I/home/franstein/.platformio/packages/framework-arduinoespressif32@src-537c58760dafe7fcc8a1d9bbcf00b6f6/tools/sdk/esp32s3/include/ws2812_led -I/home/franstein/.platformio/packages/framework-arduinoespressif32@src-537c58760dafe7fcc8a1d9bbcf00b6f6/tools/sdk/esp32s3/include/esp_diagnostics/include -I/home/franstein/.platformio/packages/framework-arduinoespressif32@src-537c58760dafe7fcc8a1d9bbcf00b6f6/tools/sdk/esp32s3/include/rtc_store/include -I/home/franstein/.platformio/packages/framework-arduinoespressif32@src-537c58760dafe7fcc8a1d9bbcf00b6f6/tools/sdk/esp32s3/include/esp_insights/include -I/home/franstein/.platformio/packages/framework-arduinoespressif32@src-537c58760dafe7fcc8a1d9bbcf00b6f6/tools/sdk/esp32s3/include/esp-dsp/modules/dotprod/include -I/home/franstein/.platformio/packages/framework-arduinoespressif32@src-537c58760dafe7fcc8a1d9bbcf00b6f6/tools/sdk/esp32s3/include/esp-dsp/modules/support/include -I/home/franstein/.platformio/packages/framework-arduinoespressif32@src-537c58760dafe7fcc8a1d9bbcf00b6f6/tools/sdk/esp32s3/include/esp-dsp/modules/windows/include -I/home/franstein/.platformio/packages/framework-arduinoespressif32@src-537c58760dafe7fcc8a1d9bbcf00b6f6/tools/sdk/esp32s3/include/esp-dsp/modules/windows/hann/include -I/home/franstein/.platformio/packages/framework-arduinoespressif32@src-537c58760dafe7fcc8a1d9bbcf00b6f6/tools/sdk/esp32s3/include/esp-dsp/modules/windows/blackman/include -I/home/franstein/.platformio/packages/framework-arduinoespressif32@src-537c58760dafe7fcc8a1d9bbcf00b6f6/tools/sdk/esp32s3/include/esp-dsp/modules/windows/blackman_harris/include -I/home/franstein/.platformio/packages/framework-arduinoespressif32@src-537c58760dafe7fcc8a1d9bbcf00b6f6/tools/sdk/esp32s3/include/esp-dsp/modules/windows/blackman_nuttall/include -I/home/franstein/.platformio/packages/framework-arduinoespressif32@src-537c58760dafe7fcc8a1d9bbcf00b6f6/tools/sdk/esp32s3/include/esp-dsp/modules/windows/nuttall/include -I/home/franstein/.platformio/packages/framework-arduinoespressif32@src-537c58760dafe7fcc8a1d9bbcf00b6f6/tools/sdk/esp32s3/include/esp-dsp/modules/windows/flat_top/include -I/home/franstein/.platformio/packages/framework-arduinoespressif32@src-537c58760dafe7fcc8a1d9bbcf00b6f6/tools/sdk/esp32s3/include/esp-dsp/modules/iir/include -I/home/franstein/.platformio/packages/framework-arduinoespressif32@src-537c58760dafe7fcc8a1d9bbcf00b6f6/tools/sdk/esp32s3/include/esp-dsp/modules/fir/include -I/home/franstein/.platformio/packages/framework-arduinoespressif32@src-537c58760dafe7fcc8a1d9bbcf00b6f6/tools/sdk/esp32s3/include/esp-dsp/modules/math/include -I/home/franstein/.platformio/packages/framework-arduinoespressif32@src-537c58760dafe7fcc8a1d9bbcf00b6f6/tools/sdk/esp32s3/include/esp-dsp/modules/math/add/include -I/home/franstein/.platformio/packages/framework-arduinoespressif32@src-537c58760dafe7fcc8a1d9bbcf00b6f6/tools/sdk/esp32s3/include/esp-dsp/modules/math/sub/include -I/home/franstein/.platformio/packages/framework-arduinoespressif32@src-537c58760dafe7fcc8a1d9bbcf00b6f6/tools/sdk/esp32s3/include/esp-dsp/modules/math/mul/include -I/home/franstein/.platformio/packages/framework-arduinoespressif32@src-537c58760dafe7fcc8a1d9bbcf00b6f6/tools/sdk/esp32s3/include/esp-dsp/modules/math/addc/include -I/home/franstein/.platformio/packages/framework-arduinoespressif32@src-537c58760dafe7fcc8a1d9bbcf00b6f6/tools/sdk/esp32s3/include/esp-dsp/modules/math/mulc/include -I/home/franstein/.platformio/packages/framework-arduinoespressif32@src-537c58760dafe7fcc8a1d9bbcf00b6f6/tools/sdk/esp32s3/include/esp-dsp/modules/math/sqrt/include -I/home/franstein/.platformio/packages/framework-arduinoespressif32@src-537c58760dafe7fcc8a1d9bbcf00b6f6/tools/sdk/esp32s3/include/esp-dsp/modules/matrix/include -I/home/franstein/.platformio/packages/framework-arduinoespressif32@src-537c58760dafe7fcc8a1d9bbcf00b6f6/tools/sdk/esp32s3/include/esp-dsp/modules/fft/include -I/home/franstein/.platformio/packages/framework-arduinoespressif32@src-537c58760dafe7fcc8a1d9bbcf00b6f6/tools/sdk/esp32s3/include/esp-dsp/modules/dct/include -I/home/franstein/.platformio/packages/framework-arduinoespressif32@src-537c58760dafe7fcc8a1d9bbcf00b6f6/tools/sdk/esp32s3/include/esp-dsp/modules/conv/include -I/home/franstein/.platformio/packages/framework-arduinoespressif32@src-537c58760dafe7fcc8a1d9bbcf00b6f6/tools/sdk/esp32s3/include/esp-dsp/modules/common/include -I/home/franstein/.platformio/packages/framework-arduinoespressif32@src-537c58760dafe7fcc8a1d9bbcf00b6f6/tools/sdk/esp32s3/include/esp-dsp/modules/kalman/ekf/include -I/home/franstein/.platformio/packages/framework-arduinoespressif32@src-537c58760dafe7fcc8a1d9bbcf00b6f6/tools/sdk/esp32s3/include/esp-dsp/modules/kalman/ekf_imu13states/include -I/home/franstein/.platformio/packages/framework-arduinoespressif32@src-537c58760dafe7fcc8a1d9bbcf00b6f6/tools/sdk/esp32s3/include/freertos/include/freertos -I/home/franstein/.platformio/packages/framework-arduinoespressif32@src-537c58760dafe7fcc8a1d9bbcf00b6f6/tools/sdk/esp32s3/include/arduino_tinyusb/tinyusb/src -I/home/franstein/.platformio/packages/framework-arduinoespressif32@src-537c58760dafe7fcc8a1d9bbcf00b6f6/tools/sdk/esp32s3/include/arduino_tinyusb/include -I/home/franstein/.platformio/packages/framework-arduinoespressif32@src-537c58760dafe7fcc8a1d9bbcf00b6f6/tools/sdk/esp32s3/include/esp_littlefs/include -I/home/franstein/.platformio/packages/framework-arduinoespressif32@src-537c58760dafe7fcc8a1d9bbcf00b6f6/tools/sdk/esp32s3/include/esp-dl/include -I/home/franstein/.platformio/packages/framework-arduinoespressif32@src-537c58760dafe7fcc8a1d9bbcf00b6f6/tools/sdk/esp32s3/include/esp-dl/include/tool -I/home/franstein/.platformio/packages/framework-arduinoespressif32@src-537c58760dafe7fcc8a1d9bbcf00b6f6/tools/sdk/esp32s3/include/esp-dl/include/typedef -I/home/franstein/.platformio/packages/framework-arduinoespressif32@src-537c58760dafe7fcc8a1d9bbcf00b6f6/tools/sdk/esp32s3/include/esp-dl/include/image -I/home/franstein/.platformio/packages/framework-arduinoespressif32@src-537c58760dafe7fcc8a1d9bbcf00b6f6/tools/sdk/esp32s3/include/esp-dl/include/math -I/home/franstein/.platformio/packages/framework-arduinoespressif32@src-537c58760dafe7fcc8a1d9bbcf00b6f6/tools/sdk/esp32s3/include/esp-dl/include/nn -I/home/franstein/.platformio/packages/framework-arduinoespressif32@src-537c58760dafe7fcc8a1d9bbcf00b6f6/tools/sdk/esp32s3/include/esp-dl/include/layer -I/home/franstein/.platformio/packages/framework-arduinoespressif32@src-537c58760dafe7fcc8a1d9bbcf00b6f6/tools/sdk/esp32s3/include/esp-dl/include/detect -I/home/franstein/.platformio/packages/framework-arduinoespressif32@src-537c58760dafe7fcc8a1d9bbcf00b6f6/tools/sdk/esp32s3/include/esp-dl/include/model_zoo -I/home/franstein/.platformio/packages/framework-arduinoespressif32@src-537c58760dafe7fcc8a1d9bbcf00b6f6/tools/sdk/esp32s3/include/esp-sr/src/include -I/home/franstein/.platformio/packages/framework-arduinoespressif32@src-537c58760dafe7fcc8a1d9bbcf00b6f6/tools/sdk/esp32s3/include/esp-sr/esp-tts/esp_tts_chinese/include -I/home/franstein/.platformio/packages/framework-arduinoespressif32@src-537c58760dafe7fcc8a1d9bbcf00b6f6/tools/sdk/esp32s3/include/esp-sr/include/esp32s3 -I/home/franstein/.platformio/packages/framework-arduinoespressif32@src-537c58760dafe7fcc8a1d9bbcf00b6f6/tools/sdk/esp32s3/include/esp32-camera/driver/include -I/home/franstein/.platformio/packages/framework-arduinoespressif32@src-537c58760dafe7fcc8a1d9bbcf00b6f6/tools/sdk/esp32s3/include/esp32-camera/conversions/include -I/home/franstein/.platformio/packages/framework-arduinoespressif32@src-537c58760dafe7fcc8a1d9bbcf00b6f6/tools/sdk/esp32s3/include/fb_gfx/include -I/home/franstein/.platformio/packages/framework-arduinoespressif32@src-537c58760dafe7fcc8a1d9bbcf00b6f6/tools/sdk/esp32s3/qio_opi/include -I/home/franstein/.platformio/packages/framework-arduinoespressif32@src-537c58760dafe7fcc8a1d9bbcf00b6f6/cores/esp32 -I/home/franstein/.platformio/packages/framework-arduinoespressif32@src-537c58760dafe7fcc8a1d9bbcf00b6f6/variants/esp32s3 /home/franstein/.platformio/packages/framework-arduinoespressif32@src-537c58760dafe7fcc8a1d9bbcf00b6f6/cores/esp32/esp32-hal-gpio.c
xtensa-esp32s3-elf-gcc -o .pio/build/esp32/FrameworkArduino/esp32-hal-i2c-slave.c.o -c -std=gnu99 -Wno-old-style-declaration -Os -mlongcalls -ffunction-sections -fdata-sections -Wno-error=unused-function -Wno-error=unused-variable -Wno-error=deprecated-declarations -Wno-unused-parameter -Wno-sign-compare -ggdb -freorder-blocks -Wwrite-strings -fstack-protector -fstrict-volatile-bitfields -Wno-error=unused-but-set-variable -fno-jump-tables -fno-tree-switch-conversion -MMD -DPLATFORMIO=60107 -DBOARD_HAS_PSRAM -DARDUINO_USB_MODE=1 -DARDUINO_USB_CDC_ON_BOOT=1 -DHAVE_CONFIG_H -DMBEDTLS_CONFIG_FILE=\"mbedtls/esp_config.h\" -DUNITY_INCLUDE_CONFIG_H -DWITH_POSIX -D_GNU_SOURCE -DIDF_VER=\"v4.4.3\" -DESP_PLATFORM -D_POSIX_READER_WRITER_LOCKS -DARDUINO_ARCH_ESP32 -DESP32 -DF_CPU=240000000L -DARDUINO=10812 -DARDUINO_VARIANT=\"esp32s3\" "-DARDUINO_BOARD=\"LILYGO T3-S3\"" -DARDUINO_PARTITION_default -I/home/franstein/.platformio/packages/framework-arduinoespressif32@src-537c58760dafe7fcc8a1d9bbcf00b6f6/tools/sdk/esp32s3/include/newlib/platform_include -I/home/franstein/.platformio/packages/framework-arduinoespressif32@src-537c58760dafe7fcc8a1d9bbcf00b6f6/tools/sdk/esp32s3/include/freertos/include -I/home/franstein/.platformio/packages/framework-arduinoespressif32@src-537c58760dafe7fcc8a1d9bbcf00b6f6/tools/sdk/esp32s3/include/freertos/include/esp_additions/freertos -I/home/franstein/.platformio/packages/framework-arduinoespressif32@src-537c58760dafe7fcc8a1d9bbcf00b6f6/tools/sdk/esp32s3/include/freertos/port/xtensa/include -I/home/franstein/.platformio/packages/framework-arduinoespressif32@src-537c58760dafe7fcc8a1d9bbcf00b6f6/tools/sdk/esp32s3/include/freertos/include/esp_additions -I/home/franstein/.platformio/packages/framework-arduinoespressif32@src-537c58760dafe7fcc8a1d9bbcf00b6f6/tools/sdk/esp32s3/include/esp_hw_support/include -I/home/franstein/.platformio/packages/framework-arduinoespressif32@src-537c58760dafe7fcc8a1d9bbcf00b6f6/tools/sdk/esp32s3/include/esp_hw_support/include/soc -I/home/franstein/.platformio/packages/framework-arduinoespressif32@src-537c58760dafe7fcc8a1d9bbcf00b6f6/tools/sdk/esp32s3/include/esp_hw_support/include/soc/esp32s3 -I/home/franstein/.platformio/packages/framework-arduinoespressif32@src-537c58760dafe7fcc8a1d9bbcf00b6f6/tools/sdk/esp32s3/include/esp_hw_support/port/esp32s3 -I/home/franstein/.platformio/packages/framework-arduinoespressif32@src-537c58760dafe7fcc8a1d9bbcf00b6f6/tools/sdk/esp32s3/include/esp_hw_support/port/esp32s3/private_include -I/home/franstein/.platformio/packages/framework-arduinoespressif32@src-537c58760dafe7fcc8a1d9bbcf00b6f6/tools/sdk/esp32s3/include/heap/include -I/home/franstein/.platformio/packages/framework-arduinoespressif32@src-537c58760dafe7fcc8a1d9bbcf00b6f6/tools/sdk/esp32s3/include/log/include -I/home/franstein/.platformio/packages/framework-arduinoespressif32@src-537c58760dafe7fcc8a1d9bbcf00b6f6/tools/sdk/esp32s3/include/lwip/include/apps -I/home/franstein/.platformio/packages/framework-arduinoespressif32@src-537c58760dafe7fcc8a1d9bbcf00b6f6/tools/sdk/esp32s3/include/lwip/include/apps/sntp -I/home/franstein/.platformio/packages/framework-arduinoespressif32@src-537c58760dafe7fcc8a1d9bbcf00b6f6/tools/sdk/esp32s3/include/lwip/lwip/src/include -I/home/franstein/.platformio/packages/framework-arduinoespressif32@src-537c58760dafe7fcc8a1d9bbcf00b6f6/tools/sdk/esp32s3/include/lwip/port/esp32/include -I/home/franstein/.platformio/packages/framework-arduinoespressif32@src-537c58760dafe7fcc8a1d9bbcf00b6f6/tools/sdk/esp32s3/include/lwip/port/esp32/include/arch -I/home/franstein/.platformio/packages/framework-arduinoespressif32@src-537c58760dafe7fcc8a1d9bbcf00b6f6/tools/sdk/esp32s3/include/soc/include -I/home/franstein/.platformio/packages/framework-arduinoespressif32@src-537c58760dafe7fcc8a1d9bbcf00b6f6/tools/sdk/esp32s3/include/soc/esp32s3 -I/home/franstein/.platformio/packages/framework-arduinoespressif32@src-537c58760dafe7fcc8a1d9bbcf00b6f6/tools/sdk/esp32s3/include/soc/esp32s3/include -I/home/franstein/.platformio/packages/framework-arduinoespressif32@src-537c58760dafe7fcc8a1d9bbcf00b6f6/tools/sdk/esp32s3/include/hal/esp32s3/include -I/home/franstein/.platformio/packages/framework-arduinoespressif32@src-537c58760dafe7fcc8a1d9bbcf00b6f6/tools/sdk/esp32s3/include/hal/include -I/home/franstein/.platformio/packages/framework-arduinoespressif32@src-537c58760dafe7fcc8a1d9bbcf00b6f6/tools/sdk/esp32s3/include/hal/platform_port/include -I/home/franstein/.platformio/packages/framework-arduinoespressif32@src-537c58760dafe7fcc8a1d9bbcf00b6f6/tools/sdk/esp32s3/include/esp_rom/include -I/home/franstein/.platformio/packages/framework-arduinoespressif32@src-537c58760dafe7fcc8a1d9bbcf00b6f6/tools/sdk/esp32s3/include/esp_rom/include/esp32s3 -I/home/franstein/.platformio/packages/framework-arduinoespressif32@src-537c58760dafe7fcc8a1d9bbcf00b6f6/tools/sdk/esp32s3/include/esp_rom/esp32s3 -I/home/franstein/.platformio/packages/framework-arduinoespressif32@src-537c58760dafe7fcc8a1d9bbcf00b6f6/tools/sdk/esp32s3/include/esp_common/include -I/home/franstein/.platformio/packages/framework-arduinoespressif32@src-537c58760dafe7fcc8a1d9bbcf00b6f6/tools/sdk/esp32s3/include/esp_system/include -I/home/franstein/.platformio/packages/framework-arduinoespressif32@src-537c58760dafe7fcc8a1d9bbcf00b6f6/tools/sdk/esp32s3/include/esp_system/port/soc -I/home/franstein/.platformio/packages/framework-arduinoespressif32@src-537c58760dafe7fcc8a1d9bbcf00b6f6/tools/sdk/esp32s3/include/esp_system/port/public_compat -I/home/franstein/.platformio/packages/framework-arduinoespressif32@src-537c58760dafe7fcc8a1d9bbcf00b6f6/tools/sdk/esp32s3/include/xtensa/include -I/home/franstein/.platformio/packages/framework-arduinoespressif32@src-537c58760dafe7fcc8a1d9bbcf00b6f6/tools/sdk/esp32s3/include/xtensa/esp32s3/include -I/home/franstein/.platformio/packages/framework-arduinoespressif32@src-537c58760dafe7fcc8a1d9bbcf00b6f6/tools/sdk/esp32s3/include/driver/include -I/home/franstein/.platformio/packages/framework-arduinoespressif32@src-537c58760dafe7fcc8a1d9bbcf00b6f6/tools/sdk/esp32s3/include/driver/esp32s3/include -I/home/franstein/.platformio/packages/framework-arduinoespressif32@src-537c58760dafe7fcc8a1d9bbcf00b6f6/tools/sdk/esp32s3/include/esp_pm/include -I/home/franstein/.platformio/packages/framework-arduinoespressif32@src-537c58760dafe7fcc8a1d9bbcf00b6f6/tools/sdk/esp32s3/include/esp_ringbuf/include -I/home/franstein/.platformio/packages/framework-arduinoespressif32@src-537c58760dafe7fcc8a1d9bbcf00b6f6/tools/sdk/esp32s3/include/efuse/include -I/home/franstein/.platformio/packages/framework-arduinoespressif32@src-537c58760dafe7fcc8a1d9bbcf00b6f6/tools/sdk/esp32s3/include/efuse/esp32s3/include -I/home/franstein/.platformio/packages/framework-arduinoespressif32@src-537c58760dafe7fcc8a1d9bbcf00b6f6/tools/sdk/esp32s3/include/vfs/include -I/home/franstein/.platformio/packages/framework-arduinoespressif32@src-537c58760dafe7fcc8a1d9bbcf00b6f6/tools/sdk/esp32s3/include/esp_wifi/include -I/home/franstein/.platformio/packages/framework-arduinoespressif32@src-537c58760dafe7fcc8a1d9bbcf00b6f6/tools/sdk/esp32s3/include/esp_event/include -I/home/franstein/.platformio/packages/framework-arduinoespressif32@src-537c58760dafe7fcc8a1d9bbcf00b6f6/tools/sdk/esp32s3/include/esp_netif/include -I/home/franstein/.platformio/packages/framework-arduinoespressif32@src-537c58760dafe7fcc8a1d9bbcf00b6f6/tools/sdk/esp32s3/include/esp_eth/include -I/home/franstein/.platformio/packages/framework-arduinoespressif32@src-537c58760dafe7fcc8a1d9bbcf00b6f6/tools/sdk/esp32s3/include/tcpip_adapter/include -I/home/franstein/.platformio/packages/framework-arduinoespressif32@src-537c58760dafe7fcc8a1d9bbcf00b6f6/tools/sdk/esp32s3/include/esp_phy/include -I/home/franstein/.platformio/packages/framework-arduinoespressif32@src-537c58760dafe7fcc8a1d9bbcf00b6f6/tools/sdk/esp32s3/include/esp_phy/esp32s3/include -I/home/franstein/.platformio/packages/framework-arduinoespressif32@src-537c58760dafe7fcc8a1d9bbcf00b6f6/tools/sdk/esp32s3/include/esp_ipc/include -I/home/franstein/.platformio/packages/framework-arduinoespressif32@src-537c58760dafe7fcc8a1d9bbcf00b6f6/tools/sdk/esp32s3/include/app_trace/include -I/home/franstein/.platformio/packages/framework-arduinoespressif32@src-537c58760dafe7fcc8a1d9bbcf00b6f6/tools/sdk/esp32s3/include/esp_timer/include -I/home/franstein/.platformio/packages/framework-arduinoespressif32@src-537c58760dafe7fcc8a1d9bbcf00b6f6/tools/sdk/esp32s3/include/mbedtls/port/include -I/home/franstein/.platformio/packages/framework-arduinoespressif32@src-537c58760dafe7fcc8a1d9bbcf00b6f6/tools/sdk/esp32s3/include/mbedtls/mbedtls/include -I/home/franstein/.platformio/packages/framework-arduinoespressif32@src-537c58760dafe7fcc8a1d9bbcf00b6f6/tools/sdk/esp32s3/include/mbedtls/esp_crt_bundle/include -I/home/franstein/.platformio/packages/framework-arduinoespressif32@src-537c58760dafe7fcc8a1d9bbcf00b6f6/tools/sdk/esp32s3/include/app_update/include -I/home/franstein/.platformio/packages/framework-arduinoespressif32@src-537c58760dafe7fcc8a1d9bbcf00b6f6/tools/sdk/esp32s3/include/spi_flash/include -I/home/franstein/.platformio/packages/framework-arduinoespressif32@src-537c58760dafe7fcc8a1d9bbcf00b6f6/tools/sdk/esp32s3/include/bootloader_support/include -I/home/franstein/.platformio/packages/framework-arduinoespressif32@src-537c58760dafe7fcc8a1d9bbcf00b6f6/tools/sdk/esp32s3/include/nvs_flash/include -I/home/franstein/.platformio/packages/framework-arduinoespressif32@src-537c58760dafe7fcc8a1d9bbcf00b6f6/tools/sdk/esp32s3/include/pthread/include -I/home/franstein/.platformio/packages/framework-arduinoespressif32@src-537c58760dafe7fcc8a1d9bbcf00b6f6/tools/sdk/esp32s3/include/esp_gdbstub/include -I/home/franstein/.platformio/packages/framework-arduinoespressif32@src-537c58760dafe7fcc8a1d9bbcf00b6f6/tools/sdk/esp32s3/include/esp_gdbstub/xtensa -I/home/franstein/.platformio/packages/framework-arduinoespressif32@src-537c58760dafe7fcc8a1d9bbcf00b6f6/tools/sdk/esp32s3/include/esp_gdbstub/esp32s3 -I/home/franstein/.platformio/packages/framework-arduinoespressif32@src-537c58760dafe7fcc8a1d9bbcf00b6f6/tools/sdk/esp32s3/include/espcoredump/include -I/home/franstein/.platformio/packages/framework-arduinoespressif32@src-537c58760dafe7fcc8a1d9bbcf00b6f6/tools/sdk/esp32s3/include/espcoredump/include/port/xtensa -I/home/franstein/.platformio/packages/framework-arduinoespressif32@src-537c58760dafe7fcc8a1d9bbcf00b6f6/tools/sdk/esp32s3/include/wpa_supplicant/include -I/home/franstein/.platformio/packages/framework-arduinoespressif32@src-537c58760dafe7fcc8a1d9bbcf00b6f6/tools/sdk/esp32s3/include/wpa_supplicant/port/include -I/home/franstein/.platformio/packages/framework-arduinoespressif32@src-537c58760dafe7fcc8a1d9bbcf00b6f6/tools/sdk/esp32s3/include/wpa_supplicant/esp_supplicant/include -I/home/franstein/.platformio/packages/framework-arduinoespressif32@src-537c58760dafe7fcc8a1d9bbcf00b6f6/tools/sdk/esp32s3/include/ieee802154/include -I/home/franstein/.platformio/packages/framework-arduinoespressif32@src-537c58760dafe7fcc8a1d9bbcf00b6f6/tools/sdk/esp32s3/include/console -I/home/franstein/.platformio/packages/framework-arduinoespressif32@src-537c58760dafe7fcc8a1d9bbcf00b6f6/tools/sdk/esp32s3/include/asio/asio/asio/include -I/home/franstein/.platformio/packages/framework-arduinoespressif32@src-537c58760dafe7fcc8a1d9bbcf00b6f6/tools/sdk/esp32s3/include/asio/port/include -I/home/franstein/.platformio/packages/framework-arduinoespressif32@src-537c58760dafe7fcc8a1d9bbcf00b6f6/tools/sdk/esp32s3/include/bt/common/osi/include -I/home/franstein/.platformio/packages/framework-arduinoespressif32@src-537c58760dafe7fcc8a1d9bbcf00b6f6/tools/sdk/esp32s3/include/bt/include/esp32s3/include -I/home/franstein/.platformio/packages/framework-arduinoespressif32@src-537c58760dafe7fcc8a1d9bbcf00b6f6/tools/sdk/esp32s3/include/bt/common/api/include/api -I/home/franstein/.platformio/packages/framework-arduinoespressif32@src-537c58760dafe7fcc8a1d9bbcf00b6f6/tools/sdk/esp32s3/include/bt/common/btc/profile/esp/blufi/include -I/home/franstein/.platformio/packages/framework-arduinoespressif32@src-537c58760dafe7fcc8a1d9bbcf00b6f6/tools/sdk/esp32s3/include/bt/common/btc/profile/esp/include -I/home/franstein/.platformio/packages/framework-arduinoespressif32@src-537c58760dafe7fcc8a1d9bbcf00b6f6/tools/sdk/esp32s3/include/bt/host/bluedroid/api/include/api -I/home/franstein/.platformio/packages/framework-arduinoespressif32@src-537c58760dafe7fcc8a1d9bbcf00b6f6/tools/sdk/esp32s3/include/bt/esp_ble_mesh/mesh_common/include -I/home/franstein/.platformio/packages/framework-arduinoespressif32@src-537c58760dafe7fcc8a1d9bbcf00b6f6/tools/sdk/esp32s3/include/bt/esp_ble_mesh/mesh_common/tinycrypt/include -I/home/franstein/.platformio/packages/framework-arduinoespressif32@src-537c58760dafe7fcc8a1d9bbcf00b6f6/tools/sdk/esp32s3/include/bt/esp_ble_mesh/mesh_core -I/home/franstein/.platformio/packages/framework-arduinoespressif32@src-537c58760dafe7fcc8a1d9bbcf00b6f6/tools/sdk/esp32s3/include/bt/esp_ble_mesh/mesh_core/include -I/home/franstein/.platformio/packages/framework-arduinoespressif32@src-537c58760dafe7fcc8a1d9bbcf00b6f6/tools/sdk/esp32s3/include/bt/esp_ble_mesh/mesh_core/storage -I/home/franstein/.platformio/packages/framework-arduinoespressif32@src-537c58760dafe7fcc8a1d9bbcf00b6f6/tools/sdk/esp32s3/include/bt/esp_ble_mesh/btc/include -I/home/franstein/.platformio/packages/framework-arduinoespressif32@src-537c58760dafe7fcc8a1d9bbcf00b6f6/tools/sdk/esp32s3/include/bt/esp_ble_mesh/mesh_models/common/include -I/home/franstein/.platformio/packages/framework-arduinoespressif32@src-537c58760dafe7fcc8a1d9bbcf00b6f6/tools/sdk/esp32s3/include/bt/esp_ble_mesh/mesh_models/client/include -I/home/franstein/.platformio/packages/framework-arduinoespressif32@src-537c58760dafe7fcc8a1d9bbcf00b6f6/tools/sdk/esp32s3/include/bt/esp_ble_mesh/mesh_models/server/include -I/home/franstein/.platformio/packages/framework-arduinoespressif32@src-537c58760dafe7fcc8a1d9bbcf00b6f6/tools/sdk/esp32s3/include/bt/esp_ble_mesh/api/core/include -I/home/franstein/.platformio/packages/framework-arduinoespressif32@src-537c58760dafe7fcc8a1d9bbcf00b6f6/tools/sdk/esp32s3/include/bt/esp_ble_mesh/api/models/include -I/home/franstein/.platformio/packages/framework-arduinoespressif32@src-537c58760dafe7fcc8a1d9bbcf00b6f6/tools/sdk/esp32s3/include/bt/esp_ble_mesh/api -I/home/franstein/.platformio/packages/framework-arduinoespressif32@src-537c58760dafe7fcc8a1d9bbcf00b6f6/tools/sdk/esp32s3/include/cbor/port/include -I/home/franstein/.platformio/packages/framework-arduinoespressif32@src-537c58760dafe7fcc8a1d9bbcf00b6f6/tools/sdk/esp32s3/include/unity/include -I/home/franstein/.platformio/packages/framework-arduinoespressif32@src-537c58760dafe7fcc8a1d9bbcf00b6f6/tools/sdk/esp32s3/include/unity/unity/src -I/home/franstein/.platformio/packages/framework-arduinoespressif32@src-537c58760dafe7fcc8a1d9bbcf00b6f6/tools/sdk/esp32s3/include/cmock/CMock/src -I/home/franstein/.platformio/packages/framework-arduinoespressif32@src-537c58760dafe7fcc8a1d9bbcf00b6f6/tools/sdk/esp32s3/include/coap/port/include -I/home/franstein/.platformio/packages/framework-arduinoespressif32@src-537c58760dafe7fcc8a1d9bbcf00b6f6/tools/sdk/esp32s3/include/coap/libcoap/include -I/home/franstein/.platformio/packages/framework-arduinoespressif32@src-537c58760dafe7fcc8a1d9bbcf00b6f6/tools/sdk/esp32s3/include/nghttp/port/include -I/home/franstein/.platformio/packages/framework-arduinoespressif32@src-537c58760dafe7fcc8a1d9bbcf00b6f6/tools/sdk/esp32s3/include/nghttp/nghttp2/lib/includes -I/home/franstein/.platformio/packages/framework-arduinoespressif32@src-537c58760dafe7fcc8a1d9bbcf00b6f6/tools/sdk/esp32s3/include/esp-tls -I/home/franstein/.platformio/packages/framework-arduinoespressif32@src-537c58760dafe7fcc8a1d9bbcf00b6f6/tools/sdk/esp32s3/include/esp-tls/esp-tls-crypto -I/home/franstein/.platformio/packages/framework-arduinoespressif32@src-537c58760dafe7fcc8a1d9bbcf00b6f6/tools/sdk/esp32s3/include/esp_adc_cal/include -I/home/franstein/.platformio/packages/framework-arduinoespressif32@src-537c58760dafe7fcc8a1d9bbcf00b6f6/tools/sdk/esp32s3/include/esp_hid/include -I/home/franstein/.platformio/packages/framework-arduinoespressif32@src-537c58760dafe7fcc8a1d9bbcf00b6f6/tools/sdk/esp32s3/include/tcp_transport/include -I/home/franstein/.platformio/packages/framework-arduinoespressif32@src-537c58760dafe7fcc8a1d9bbcf00b6f6/tools/sdk/esp32s3/include/esp_http_client/include -I/home/franstein/.platformio/packages/framework-arduinoespressif32@src-537c58760dafe7fcc8a1d9bbcf00b6f6/tools/sdk/esp32s3/include/esp_http_server/include -I/home/franstein/.platformio/packages/framework-arduinoespressif32@src-537c58760dafe7fcc8a1d9bbcf00b6f6/tools/sdk/esp32s3/include/esp_https_ota/include -I/home/franstein/.platformio/packages/framework-arduinoespressif32@src-537c58760dafe7fcc8a1d9bbcf00b6f6/tools/sdk/esp32s3/include/esp_https_server/include -I/home/franstein/.platformio/packages/framework-arduinoespressif32@src-537c58760dafe7fcc8a1d9bbcf00b6f6/tools/sdk/esp32s3/include/esp_lcd/include -I/home/franstein/.platformio/packages/framework-arduinoespressif32@src-537c58760dafe7fcc8a1d9bbcf00b6f6/tools/sdk/esp32s3/include/esp_lcd/interface -I/home/franstein/.platformio/packages/framework-arduinoespressif32@src-537c58760dafe7fcc8a1d9bbcf00b6f6/tools/sdk/esp32s3/include/protobuf-c/protobuf-c -I/home/franstein/.platformio/packages/framework-arduinoespressif32@src-537c58760dafe7fcc8a1d9bbcf00b6f6/tools/sdk/esp32s3/include/protocomm/include/common -I/home/franstein/.platformio/packages/framework-arduinoespressif32@src-537c58760dafe7fcc8a1d9bbcf00b6f6/tools/sdk/esp32s3/include/protocomm/include/security -I/home/franstein/.platformio/packages/framework-arduinoespressif32@src-537c58760dafe7fcc8a1d9bbcf00b6f6/tools/sdk/esp32s3/include/protocomm/include/transports -I/home/franstein/.platformio/packages/framework-arduinoespressif32@src-537c58760dafe7fcc8a1d9bbcf00b6f6/tools/sdk/esp32s3/include/mdns/include -I/home/franstein/.platformio/packages/framework-arduinoespressif32@src-537c58760dafe7fcc8a1d9bbcf00b6f6/tools/sdk/esp32s3/include/esp_local_ctrl/include -I/home/franstein/.platformio/packages/framework-arduinoespressif32@src-537c58760dafe7fcc8a1d9bbcf00b6f6/tools/sdk/esp32s3/include/sdmmc/include -I/home/franstein/.platformio/packages/framework-arduinoespressif32@src-537c58760dafe7fcc8a1d9bbcf00b6f6/tools/sdk/esp32s3/include/esp_serial_slave_link/include -I/home/franstein/.platformio/packages/framework-arduinoespressif32@src-537c58760dafe7fcc8a1d9bbcf00b6f6/tools/sdk/esp32s3/include/esp_websocket_client/include -I/home/franstein/.platformio/packages/framework-arduinoespressif32@src-537c58760dafe7fcc8a1d9bbcf00b6f6/tools/sdk/esp32s3/include/expat/expat/expat/lib -I/home/franstein/.platformio/packages/framework-arduinoespressif32@src-537c58760dafe7fcc8a1d9bbcf00b6f6/tools/sdk/esp32s3/include/expat/port/include -I/home/franstein/.platformio/packages/framework-arduinoespressif32@src-537c58760dafe7fcc8a1d9bbcf00b6f6/tools/sdk/esp32s3/include/wear_levelling/include -I/home/franstein/.platformio/packages/framework-arduinoespressif32@src-537c58760dafe7fcc8a1d9bbcf00b6f6/tools/sdk/esp32s3/include/fatfs/diskio -I/home/franstein/.platformio/packages/framework-arduinoespressif32@src-537c58760dafe7fcc8a1d9bbcf00b6f6/tools/sdk/esp32s3/include/fatfs/vfs -I/home/franstein/.platformio/packages/framework-arduinoespressif32@src-537c58760dafe7fcc8a1d9bbcf00b6f6/tools/sdk/esp32s3/include/fatfs/src -I/home/franstein/.platformio/packages/framework-arduinoespressif32@src-537c58760dafe7fcc8a1d9bbcf00b6f6/tools/sdk/esp32s3/include/freemodbus/common/include -I/home/franstein/.platformio/packages/framework-arduinoespressif32@src-537c58760dafe7fcc8a1d9bbcf00b6f6/tools/sdk/esp32s3/include/idf_test/include -I/home/franstein/.platformio/packages/framework-arduinoespressif32@src-537c58760dafe7fcc8a1d9bbcf00b6f6/tools/sdk/esp32s3/include/idf_test/include/esp32s3 -I/home/franstein/.platformio/packages/framework-arduinoespressif32@src-537c58760dafe7fcc8a1d9bbcf00b6f6/tools/sdk/esp32s3/include/jsmn/include -I/home/franstein/.platformio/packages/framework-arduinoespressif32@src-537c58760dafe7fcc8a1d9bbcf00b6f6/tools/sdk/esp32s3/include/json/cJSON -I/home/franstein/.platformio/packages/framework-arduinoespressif32@src-537c58760dafe7fcc8a1d9bbcf00b6f6/tools/sdk/esp32s3/include/libsodium/libsodium/src/libsodium/include -I/home/franstein/.platformio/packages/framework-arduinoespressif32@src-537c58760dafe7fcc8a1d9bbcf00b6f6/tools/sdk/esp32s3/include/libsodium/port_include -I/home/franstein/.platformio/packages/framework-arduinoespressif32@src-537c58760dafe7fcc8a1d9bbcf00b6f6/tools/sdk/esp32s3/include/mqtt/esp-mqtt/include -I/home/franstein/.platformio/packages/framework-arduinoespressif32@src-537c58760dafe7fcc8a1d9bbcf00b6f6/tools/sdk/esp32s3/include/openssl/include -I/home/franstein/.platformio/packages/framework-arduinoespressif32@src-537c58760dafe7fcc8a1d9bbcf00b6f6/tools/sdk/esp32s3/include/perfmon/include -I/home/franstein/.platformio/packages/framework-arduinoespressif32@src-537c58760dafe7fcc8a1d9bbcf00b6f6/tools/sdk/esp32s3/include/spiffs/include -I/home/franstein/.platformio/packages/framework-arduinoespressif32@src-537c58760dafe7fcc8a1d9bbcf00b6f6/tools/sdk/esp32s3/include/usb/include -I/home/franstein/.platformio/packages/framework-arduinoespressif32@src-537c58760dafe7fcc8a1d9bbcf00b6f6/tools/sdk/esp32s3/include/ulp/include -I/home/franstein/.platformio/packages/framework-arduinoespressif32@src-537c58760dafe7fcc8a1d9bbcf00b6f6/tools/sdk/esp32s3/include/wifi_provisioning/include -I/home/franstein/.platformio/packages/framework-arduinoespressif32@src-537c58760dafe7fcc8a1d9bbcf00b6f6/tools/sdk/esp32s3/include/rmaker_common/include -I/home/franstein/.platformio/packages/framework-arduinoespressif32@src-537c58760dafe7fcc8a1d9bbcf00b6f6/tools/sdk/esp32s3/include/json_parser/upstream/include -I/home/franstein/.platformio/packages/framework-arduinoespressif32@src-537c58760dafe7fcc8a1d9bbcf00b6f6/tools/sdk/esp32s3/include/json_parser/upstream -I/home/franstein/.platformio/packages/framework-arduinoespressif32@src-537c58760dafe7fcc8a1d9bbcf00b6f6/tools/sdk/esp32s3/include/json_generator/upstream -I/home/franstein/.platformio/packages/framework-arduinoespressif32@src-537c58760dafe7fcc8a1d9bbcf00b6f6/tools/sdk/esp32s3/include/esp_schedule/include -I/home/franstein/.platformio/packages/framework-arduinoespressif32@src-537c58760dafe7fcc8a1d9bbcf00b6f6/tools/sdk/esp32s3/include/esp_rainmaker/include -I/home/franstein/.platformio/packages/framework-arduinoespressif32@src-537c58760dafe7fcc8a1d9bbcf00b6f6/tools/sdk/esp32s3/include/gpio_button/button/include -I/home/franstein/.platformio/packages/framework-arduinoespressif32@src-537c58760dafe7fcc8a1d9bbcf00b6f6/tools/sdk/esp32s3/include/qrcode/include -I/home/franstein/.platformio/packages/framework-arduinoespressif32@src-537c58760dafe7fcc8a1d9bbcf00b6f6/tools/sdk/esp32s3/include/ws2812_led -I/home/franstein/.platformio/packages/framework-arduinoespressif32@src-537c58760dafe7fcc8a1d9bbcf00b6f6/tools/sdk/esp32s3/include/esp_diagnostics/include -I/home/franstein/.platformio/packages/framework-arduinoespressif32@src-537c58760dafe7fcc8a1d9bbcf00b6f6/tools/sdk/esp32s3/include/rtc_store/include -I/home/franstein/.platformio/packages/framework-arduinoespressif32@src-537c58760dafe7fcc8a1d9bbcf00b6f6/tools/sdk/esp32s3/include/esp_insights/include -I/home/franstein/.platformio/packages/framework-arduinoespressif32@src-537c58760dafe7fcc8a1d9bbcf00b6f6/tools/sdk/esp32s3/include/esp-dsp/modules/dotprod/include -I/home/franstein/.platformio/packages/framework-arduinoespressif32@src-537c58760dafe7fcc8a1d9bbcf00b6f6/tools/sdk/esp32s3/include/esp-dsp/modules/support/include -I/home/franstein/.platformio/packages/framework-arduinoespressif32@src-537c58760dafe7fcc8a1d9bbcf00b6f6/tools/sdk/esp32s3/include/esp-dsp/modules/windows/include -I/home/franstein/.platformio/packages/framework-arduinoespressif32@src-537c58760dafe7fcc8a1d9bbcf00b6f6/tools/sdk/esp32s3/include/esp-dsp/modules/windows/hann/include -I/home/franstein/.platformio/packages/framework-arduinoespressif32@src-537c58760dafe7fcc8a1d9bbcf00b6f6/tools/sdk/esp32s3/include/esp-dsp/modules/windows/blackman/include -I/home/franstein/.platformio/packages/framework-arduinoespressif32@src-537c58760dafe7fcc8a1d9bbcf00b6f6/tools/sdk/esp32s3/include/esp-dsp/modules/windows/blackman_harris/include -I/home/franstein/.platformio/packages/framework-arduinoespressif32@src-537c58760dafe7fcc8a1d9bbcf00b6f6/tools/sdk/esp32s3/include/esp-dsp/modules/windows/blackman_nuttall/include -I/home/franstein/.platformio/packages/framework-arduinoespressif32@src-537c58760dafe7fcc8a1d9bbcf00b6f6/tools/sdk/esp32s3/include/esp-dsp/modules/windows/nuttall/include -I/home/franstein/.platformio/packages/framework-arduinoespressif32@src-537c58760dafe7fcc8a1d9bbcf00b6f6/tools/sdk/esp32s3/include/esp-dsp/modules/windows/flat_top/include -I/home/franstein/.platformio/packages/framework-arduinoespressif32@src-537c58760dafe7fcc8a1d9bbcf00b6f6/tools/sdk/esp32s3/include/esp-dsp/modules/iir/include -I/home/franstein/.platformio/packages/framework-arduinoespressif32@src-537c58760dafe7fcc8a1d9bbcf00b6f6/tools/sdk/esp32s3/include/esp-dsp/modules/fir/include -I/home/franstein/.platformio/packages/framework-arduinoespressif32@src-537c58760dafe7fcc8a1d9bbcf00b6f6/tools/sdk/esp32s3/include/esp-dsp/modules/math/include -I/home/franstein/.platformio/packages/framework-arduinoespressif32@src-537c58760dafe7fcc8a1d9bbcf00b6f6/tools/sdk/esp32s3/include/esp-dsp/modules/math/add/include -I/home/franstein/.platformio/packages/framework-arduinoespressif32@src-537c58760dafe7fcc8a1d9bbcf00b6f6/tools/sdk/esp32s3/include/esp-dsp/modules/math/sub/include -I/home/franstein/.platformio/packages/framework-arduinoespressif32@src-537c58760dafe7fcc8a1d9bbcf00b6f6/tools/sdk/esp32s3/include/esp-dsp/modules/math/mul/include -I/home/franstein/.platformio/packages/framework-arduinoespressif32@src-537c58760dafe7fcc8a1d9bbcf00b6f6/tools/sdk/esp32s3/include/esp-dsp/modules/math/addc/include -I/home/franstein/.platformio/packages/framework-arduinoespressif32@src-537c58760dafe7fcc8a1d9bbcf00b6f6/tools/sdk/esp32s3/include/esp-dsp/modules/math/mulc/include -I/home/franstein/.platformio/packages/framework-arduinoespressif32@src-537c58760dafe7fcc8a1d9bbcf00b6f6/tools/sdk/esp32s3/include/esp-dsp/modules/math/sqrt/include -I/home/franstein/.platformio/packages/framework-arduinoespressif32@src-537c58760dafe7fcc8a1d9bbcf00b6f6/tools/sdk/esp32s3/include/esp-dsp/modules/matrix/include -I/home/franstein/.platformio/packages/framework-arduinoespressif32@src-537c58760dafe7fcc8a1d9bbcf00b6f6/tools/sdk/esp32s3/include/esp-dsp/modules/fft/include -I/home/franstein/.platformio/packages/framework-arduinoespressif32@src-537c58760dafe7fcc8a1d9bbcf00b6f6/tools/sdk/esp32s3/include/esp-dsp/modules/dct/include -I/home/franstein/.platformio/packages/framework-arduinoespressif32@src-537c58760dafe7fcc8a1d9bbcf00b6f6/tools/sdk/esp32s3/include/esp-dsp/modules/conv/include -I/home/franstein/.platformio/packages/framework-arduinoespressif32@src-537c58760dafe7fcc8a1d9bbcf00b6f6/tools/sdk/esp32s3/include/esp-dsp/modules/common/include -I/home/franstein/.platformio/packages/framework-arduinoespressif32@src-537c58760dafe7fcc8a1d9bbcf00b6f6/tools/sdk/esp32s3/include/esp-dsp/modules/kalman/ekf/include -I/home/franstein/.platformio/packages/framework-arduinoespressif32@src-537c58760dafe7fcc8a1d9bbcf00b6f6/tools/sdk/esp32s3/include/esp-dsp/modules/kalman/ekf_imu13states/include -I/home/franstein/.platformio/packages/framework-arduinoespressif32@src-537c58760dafe7fcc8a1d9bbcf00b6f6/tools/sdk/esp32s3/include/freertos/include/freertos -I/home/franstein/.platformio/packages/framework-arduinoespressif32@src-537c58760dafe7fcc8a1d9bbcf00b6f6/tools/sdk/esp32s3/include/arduino_tinyusb/tinyusb/src -I/home/franstein/.platformio/packages/framework-arduinoespressif32@src-537c58760dafe7fcc8a1d9bbcf00b6f6/tools/sdk/esp32s3/include/arduino_tinyusb/include -I/home/franstein/.platformio/packages/framework-arduinoespressif32@src-537c58760dafe7fcc8a1d9bbcf00b6f6/tools/sdk/esp32s3/include/esp_littlefs/include -I/home/franstein/.platformio/packages/framework-arduinoespressif32@src-537c58760dafe7fcc8a1d9bbcf00b6f6/tools/sdk/esp32s3/include/esp-dl/include -I/home/franstein/.platformio/packages/framework-arduinoespressif32@src-537c58760dafe7fcc8a1d9bbcf00b6f6/tools/sdk/esp32s3/include/esp-dl/include/tool -I/home/franstein/.platformio/packages/framework-arduinoespressif32@src-537c58760dafe7fcc8a1d9bbcf00b6f6/tools/sdk/esp32s3/include/esp-dl/include/typedef -I/home/franstein/.platformio/packages/framework-arduinoespressif32@src-537c58760dafe7fcc8a1d9bbcf00b6f6/tools/sdk/esp32s3/include/esp-dl/include/image -I/home/franstein/.platformio/packages/framework-arduinoespressif32@src-537c58760dafe7fcc8a1d9bbcf00b6f6/tools/sdk/esp32s3/include/esp-dl/include/math -I/home/franstein/.platformio/packages/framework-arduinoespressif32@src-537c58760dafe7fcc8a1d9bbcf00b6f6/tools/sdk/esp32s3/include/esp-dl/include/nn -I/home/franstein/.platformio/packages/framework-arduinoespressif32@src-537c58760dafe7fcc8a1d9bbcf00b6f6/tools/sdk/esp32s3/include/esp-dl/include/layer -I/home/franstein/.platformio/packages/framework-arduinoespressif32@src-537c58760dafe7fcc8a1d9bbcf00b6f6/tools/sdk/esp32s3/include/esp-dl/include/detect -I/home/franstein/.platformio/packages/framework-arduinoespressif32@src-537c58760dafe7fcc8a1d9bbcf00b6f6/tools/sdk/esp32s3/include/esp-dl/include/model_zoo -I/home/franstein/.platformio/packages/framework-arduinoespressif32@src-537c58760dafe7fcc8a1d9bbcf00b6f6/tools/sdk/esp32s3/include/esp-sr/src/include -I/home/franstein/.platformio/packages/framework-arduinoespressif32@src-537c58760dafe7fcc8a1d9bbcf00b6f6/tools/sdk/esp32s3/include/esp-sr/esp-tts/esp_tts_chinese/include -I/home/franstein/.platformio/packages/framework-arduinoespressif32@src-537c58760dafe7fcc8a1d9bbcf00b6f6/tools/sdk/esp32s3/include/esp-sr/include/esp32s3 -I/home/franstein/.platformio/packages/framework-arduinoespressif32@src-537c58760dafe7fcc8a1d9bbcf00b6f6/tools/sdk/esp32s3/include/esp32-camera/driver/include -I/home/franstein/.platformio/packages/framework-arduinoespressif32@src-537c58760dafe7fcc8a1d9bbcf00b6f6/tools/sdk/esp32s3/include/esp32-camera/conversions/include -I/home/franstein/.platformio/packages/framework-arduinoespressif32@src-537c58760dafe7fcc8a1d9bbcf00b6f6/tools/sdk/esp32s3/include/fb_gfx/include -I/home/franstein/.platformio/packages/framework-arduinoespressif32@src-537c58760dafe7fcc8a1d9bbcf00b6f6/tools/sdk/esp32s3/qio_opi/include -I/home/franstein/.platformio/packages/framework-arduinoespressif32@src-537c58760dafe7fcc8a1d9bbcf00b6f6/cores/esp32 -I/home/franstein/.platformio/packages/framework-arduinoespressif32@src-537c58760dafe7fcc8a1d9bbcf00b6f6/variants/esp32s3 /home/franstein/.platformio/packages/framework-arduinoespressif32@src-537c58760dafe7fcc8a1d9bbcf00b6f6/cores/esp32/esp32-hal-i2c-slave.c
xtensa-esp32s3-elf-gcc -o .pio/build/esp32/FrameworkArduino/esp32-hal-i2c.c.o -c -std=gnu99 -Wno-old-style-declaration -Os -mlongcalls -ffunction-sections -fdata-sections -Wno-error=unused-function -Wno-error=unused-variable -Wno-error=deprecated-declarations -Wno-unused-parameter -Wno-sign-compare -ggdb -freorder-blocks -Wwrite-strings -fstack-protector -fstrict-volatile-bitfields -Wno-error=unused-but-set-variable -fno-jump-tables -fno-tree-switch-conversion -MMD -DPLATFORMIO=60107 -DBOARD_HAS_PSRAM -DARDUINO_USB_MODE=1 -DARDUINO_USB_CDC_ON_BOOT=1 -DHAVE_CONFIG_H -DMBEDTLS_CONFIG_FILE=\"mbedtls/esp_config.h\" -DUNITY_INCLUDE_CONFIG_H -DWITH_POSIX -D_GNU_SOURCE -DIDF_VER=\"v4.4.3\" -DESP_PLATFORM -D_POSIX_READER_WRITER_LOCKS -DARDUINO_ARCH_ESP32 -DESP32 -DF_CPU=240000000L -DARDUINO=10812 -DARDUINO_VARIANT=\"esp32s3\" "-DARDUINO_BOARD=\"LILYGO T3-S3\"" -DARDUINO_PARTITION_default -I/home/franstein/.platformio/packages/framework-arduinoespressif32@src-537c58760dafe7fcc8a1d9bbcf00b6f6/tools/sdk/esp32s3/include/newlib/platform_include -I/home/franstein/.platformio/packages/framework-arduinoespressif32@src-537c58760dafe7fcc8a1d9bbcf00b6f6/tools/sdk/esp32s3/include/freertos/include -I/home/franstein/.platformio/packages/framework-arduinoespressif32@src-537c58760dafe7fcc8a1d9bbcf00b6f6/tools/sdk/esp32s3/include/freertos/include/esp_additions/freertos -I/home/franstein/.platformio/packages/framework-arduinoespressif32@src-537c58760dafe7fcc8a1d9bbcf00b6f6/tools/sdk/esp32s3/include/freertos/port/xtensa/include -I/home/franstein/.platformio/packages/framework-arduinoespressif32@src-537c58760dafe7fcc8a1d9bbcf00b6f6/tools/sdk/esp32s3/include/freertos/include/esp_additions -I/home/franstein/.platformio/packages/framework-arduinoespressif32@src-537c58760dafe7fcc8a1d9bbcf00b6f6/tools/sdk/esp32s3/include/esp_hw_support/include -I/home/franstein/.platformio/packages/framework-arduinoespressif32@src-537c58760dafe7fcc8a1d9bbcf00b6f6/tools/sdk/esp32s3/include/esp_hw_support/include/soc -I/home/franstein/.platformio/packages/framework-arduinoespressif32@src-537c58760dafe7fcc8a1d9bbcf00b6f6/tools/sdk/esp32s3/include/esp_hw_support/include/soc/esp32s3 -I/home/franstein/.platformio/packages/framework-arduinoespressif32@src-537c58760dafe7fcc8a1d9bbcf00b6f6/tools/sdk/esp32s3/include/esp_hw_support/port/esp32s3 -I/home/franstein/.platformio/packages/framework-arduinoespressif32@src-537c58760dafe7fcc8a1d9bbcf00b6f6/tools/sdk/esp32s3/include/esp_hw_support/port/esp32s3/private_include -I/home/franstein/.platformio/packages/framework-arduinoespressif32@src-537c58760dafe7fcc8a1d9bbcf00b6f6/tools/sdk/esp32s3/include/heap/include -I/home/franstein/.platformio/packages/framework-arduinoespressif32@src-537c58760dafe7fcc8a1d9bbcf00b6f6/tools/sdk/esp32s3/include/log/include -I/home/franstein/.platformio/packages/framework-arduinoespressif32@src-537c58760dafe7fcc8a1d9bbcf00b6f6/tools/sdk/esp32s3/include/lwip/include/apps -I/home/franstein/.platformio/packages/framework-arduinoespressif32@src-537c58760dafe7fcc8a1d9bbcf00b6f6/tools/sdk/esp32s3/include/lwip/include/apps/sntp -I/home/franstein/.platformio/packages/framework-arduinoespressif32@src-537c58760dafe7fcc8a1d9bbcf00b6f6/tools/sdk/esp32s3/include/lwip/lwip/src/include -I/home/franstein/.platformio/packages/framework-arduinoespressif32@src-537c58760dafe7fcc8a1d9bbcf00b6f6/tools/sdk/esp32s3/include/lwip/port/esp32/include -I/home/franstein/.platformio/packages/framework-arduinoespressif32@src-537c58760dafe7fcc8a1d9bbcf00b6f6/tools/sdk/esp32s3/include/lwip/port/esp32/include/arch -I/home/franstein/.platformio/packages/framework-arduinoespressif32@src-537c58760dafe7fcc8a1d9bbcf00b6f6/tools/sdk/esp32s3/include/soc/include -I/home/franstein/.platformio/packages/framework-arduinoespressif32@src-537c58760dafe7fcc8a1d9bbcf00b6f6/tools/sdk/esp32s3/include/soc/esp32s3 -I/home/franstein/.platformio/packages/framework-arduinoespressif32@src-537c58760dafe7fcc8a1d9bbcf00b6f6/tools/sdk/esp32s3/include/soc/esp32s3/include -I/home/franstein/.platformio/packages/framework-arduinoespressif32@src-537c58760dafe7fcc8a1d9bbcf00b6f6/tools/sdk/esp32s3/include/hal/esp32s3/include -I/home/franstein/.platformio/packages/framework-arduinoespressif32@src-537c58760dafe7fcc8a1d9bbcf00b6f6/tools/sdk/esp32s3/include/hal/include -I/home/franstein/.platformio/packages/framework-arduinoespressif32@src-537c58760dafe7fcc8a1d9bbcf00b6f6/tools/sdk/esp32s3/include/hal/platform_port/include -I/home/franstein/.platformio/packages/framework-arduinoespressif32@src-537c58760dafe7fcc8a1d9bbcf00b6f6/tools/sdk/esp32s3/include/esp_rom/include -I/home/franstein/.platformio/packages/framework-arduinoespressif32@src-537c58760dafe7fcc8a1d9bbcf00b6f6/tools/sdk/esp32s3/include/esp_rom/include/esp32s3 -I/home/franstein/.platformio/packages/framework-arduinoespressif32@src-537c58760dafe7fcc8a1d9bbcf00b6f6/tools/sdk/esp32s3/include/esp_rom/esp32s3 -I/home/franstein/.platformio/packages/framework-arduinoespressif32@src-537c58760dafe7fcc8a1d9bbcf00b6f6/tools/sdk/esp32s3/include/esp_common/include -I/home/franstein/.platformio/packages/framework-arduinoespressif32@src-537c58760dafe7fcc8a1d9bbcf00b6f6/tools/sdk/esp32s3/include/esp_system/include -I/home/franstein/.platformio/packages/framework-arduinoespressif32@src-537c58760dafe7fcc8a1d9bbcf00b6f6/tools/sdk/esp32s3/include/esp_system/port/soc -I/home/franstein/.platformio/packages/framework-arduinoespressif32@src-537c58760dafe7fcc8a1d9bbcf00b6f6/tools/sdk/esp32s3/include/esp_system/port/public_compat -I/home/franstein/.platformio/packages/framework-arduinoespressif32@src-537c58760dafe7fcc8a1d9bbcf00b6f6/tools/sdk/esp32s3/include/xtensa/include -I/home/franstein/.platformio/packages/framework-arduinoespressif32@src-537c58760dafe7fcc8a1d9bbcf00b6f6/tools/sdk/esp32s3/include/xtensa/esp32s3/include -I/home/franstein/.platformio/packages/framework-arduinoespressif32@src-537c58760dafe7fcc8a1d9bbcf00b6f6/tools/sdk/esp32s3/include/driver/include -I/home/franstein/.platformio/packages/framework-arduinoespressif32@src-537c58760dafe7fcc8a1d9bbcf00b6f6/tools/sdk/esp32s3/include/driver/esp32s3/include -I/home/franstein/.platformio/packages/framework-arduinoespressif32@src-537c58760dafe7fcc8a1d9bbcf00b6f6/tools/sdk/esp32s3/include/esp_pm/include -I/home/franstein/.platformio/packages/framework-arduinoespressif32@src-537c58760dafe7fcc8a1d9bbcf00b6f6/tools/sdk/esp32s3/include/esp_ringbuf/include -I/home/franstein/.platformio/packages/framework-arduinoespressif32@src-537c58760dafe7fcc8a1d9bbcf00b6f6/tools/sdk/esp32s3/include/efuse/include -I/home/franstein/.platformio/packages/framework-arduinoespressif32@src-537c58760dafe7fcc8a1d9bbcf00b6f6/tools/sdk/esp32s3/include/efuse/esp32s3/include -I/home/franstein/.platformio/packages/framework-arduinoespressif32@src-537c58760dafe7fcc8a1d9bbcf00b6f6/tools/sdk/esp32s3/include/vfs/include -I/home/franstein/.platformio/packages/framework-arduinoespressif32@src-537c58760dafe7fcc8a1d9bbcf00b6f6/tools/sdk/esp32s3/include/esp_wifi/include -I/home/franstein/.platformio/packages/framework-arduinoespressif32@src-537c58760dafe7fcc8a1d9bbcf00b6f6/tools/sdk/esp32s3/include/esp_event/include -I/home/franstein/.platformio/packages/framework-arduinoespressif32@src-537c58760dafe7fcc8a1d9bbcf00b6f6/tools/sdk/esp32s3/include/esp_netif/include -I/home/franstein/.platformio/packages/framework-arduinoespressif32@src-537c58760dafe7fcc8a1d9bbcf00b6f6/tools/sdk/esp32s3/include/esp_eth/include -I/home/franstein/.platformio/packages/framework-arduinoespressif32@src-537c58760dafe7fcc8a1d9bbcf00b6f6/tools/sdk/esp32s3/include/tcpip_adapter/include -I/home/franstein/.platformio/packages/framework-arduinoespressif32@src-537c58760dafe7fcc8a1d9bbcf00b6f6/tools/sdk/esp32s3/include/esp_phy/include -I/home/franstein/.platformio/packages/framework-arduinoespressif32@src-537c58760dafe7fcc8a1d9bbcf00b6f6/tools/sdk/esp32s3/include/esp_phy/esp32s3/include -I/home/franstein/.platformio/packages/framework-arduinoespressif32@src-537c58760dafe7fcc8a1d9bbcf00b6f6/tools/sdk/esp32s3/include/esp_ipc/include -I/home/franstein/.platformio/packages/framework-arduinoespressif32@src-537c58760dafe7fcc8a1d9bbcf00b6f6/tools/sdk/esp32s3/include/app_trace/include -I/home/franstein/.platformio/packages/framework-arduinoespressif32@src-537c58760dafe7fcc8a1d9bbcf00b6f6/tools/sdk/esp32s3/include/esp_timer/include -I/home/franstein/.platformio/packages/framework-arduinoespressif32@src-537c58760dafe7fcc8a1d9bbcf00b6f6/tools/sdk/esp32s3/include/mbedtls/port/include -I/home/franstein/.platformio/packages/framework-arduinoespressif32@src-537c58760dafe7fcc8a1d9bbcf00b6f6/tools/sdk/esp32s3/include/mbedtls/mbedtls/include -I/home/franstein/.platformio/packages/framework-arduinoespressif32@src-537c58760dafe7fcc8a1d9bbcf00b6f6/tools/sdk/esp32s3/include/mbedtls/esp_crt_bundle/include -I/home/franstein/.platformio/packages/framework-arduinoespressif32@src-537c58760dafe7fcc8a1d9bbcf00b6f6/tools/sdk/esp32s3/include/app_update/include -I/home/franstein/.platformio/packages/framework-arduinoespressif32@src-537c58760dafe7fcc8a1d9bbcf00b6f6/tools/sdk/esp32s3/include/spi_flash/include -I/home/franstein/.platformio/packages/framework-arduinoespressif32@src-537c58760dafe7fcc8a1d9bbcf00b6f6/tools/sdk/esp32s3/include/bootloader_support/include -I/home/franstein/.platformio/packages/framework-arduinoespressif32@src-537c58760dafe7fcc8a1d9bbcf00b6f6/tools/sdk/esp32s3/include/nvs_flash/include -I/home/franstein/.platformio/packages/framework-arduinoespressif32@src-537c58760dafe7fcc8a1d9bbcf00b6f6/tools/sdk/esp32s3/include/pthread/include -I/home/franstein/.platformio/packages/framework-arduinoespressif32@src-537c58760dafe7fcc8a1d9bbcf00b6f6/tools/sdk/esp32s3/include/esp_gdbstub/include -I/home/franstein/.platformio/packages/framework-arduinoespressif32@src-537c58760dafe7fcc8a1d9bbcf00b6f6/tools/sdk/esp32s3/include/esp_gdbstub/xtensa -I/home/franstein/.platformio/packages/framework-arduinoespressif32@src-537c58760dafe7fcc8a1d9bbcf00b6f6/tools/sdk/esp32s3/include/esp_gdbstub/esp32s3 -I/home/franstein/.platformio/packages/framework-arduinoespressif32@src-537c58760dafe7fcc8a1d9bbcf00b6f6/tools/sdk/esp32s3/include/espcoredump/include -I/home/franstein/.platformio/packages/framework-arduinoespressif32@src-537c58760dafe7fcc8a1d9bbcf00b6f6/tools/sdk/esp32s3/include/espcoredump/include/port/xtensa -I/home/franstein/.platformio/packages/framework-arduinoespressif32@src-537c58760dafe7fcc8a1d9bbcf00b6f6/tools/sdk/esp32s3/include/wpa_supplicant/include -I/home/franstein/.platformio/packages/framework-arduinoespressif32@src-537c58760dafe7fcc8a1d9bbcf00b6f6/tools/sdk/esp32s3/include/wpa_supplicant/port/include -I/home/franstein/.platformio/packages/framework-arduinoespressif32@src-537c58760dafe7fcc8a1d9bbcf00b6f6/tools/sdk/esp32s3/include/wpa_supplicant/esp_supplicant/include -I/home/franstein/.platformio/packages/framework-arduinoespressif32@src-537c58760dafe7fcc8a1d9bbcf00b6f6/tools/sdk/esp32s3/include/ieee802154/include -I/home/franstein/.platformio/packages/framework-arduinoespressif32@src-537c58760dafe7fcc8a1d9bbcf00b6f6/tools/sdk/esp32s3/include/console -I/home/franstein/.platformio/packages/framework-arduinoespressif32@src-537c58760dafe7fcc8a1d9bbcf00b6f6/tools/sdk/esp32s3/include/asio/asio/asio/include -I/home/franstein/.platformio/packages/framework-arduinoespressif32@src-537c58760dafe7fcc8a1d9bbcf00b6f6/tools/sdk/esp32s3/include/asio/port/include -I/home/franstein/.platformio/packages/framework-arduinoespressif32@src-537c58760dafe7fcc8a1d9bbcf00b6f6/tools/sdk/esp32s3/include/bt/common/osi/include -I/home/franstein/.platformio/packages/framework-arduinoespressif32@src-537c58760dafe7fcc8a1d9bbcf00b6f6/tools/sdk/esp32s3/include/bt/include/esp32s3/include -I/home/franstein/.platformio/packages/framework-arduinoespressif32@src-537c58760dafe7fcc8a1d9bbcf00b6f6/tools/sdk/esp32s3/include/bt/common/api/include/api -I/home/franstein/.platformio/packages/framework-arduinoespressif32@src-537c58760dafe7fcc8a1d9bbcf00b6f6/tools/sdk/esp32s3/include/bt/common/btc/profile/esp/blufi/include -I/home/franstein/.platformio/packages/framework-arduinoespressif32@src-537c58760dafe7fcc8a1d9bbcf00b6f6/tools/sdk/esp32s3/include/bt/common/btc/profile/esp/include -I/home/franstein/.platformio/packages/framework-arduinoespressif32@src-537c58760dafe7fcc8a1d9bbcf00b6f6/tools/sdk/esp32s3/include/bt/host/bluedroid/api/include/api -I/home/franstein/.platformio/packages/framework-arduinoespressif32@src-537c58760dafe7fcc8a1d9bbcf00b6f6/tools/sdk/esp32s3/include/bt/esp_ble_mesh/mesh_common/include -I/home/franstein/.platformio/packages/framework-arduinoespressif32@src-537c58760dafe7fcc8a1d9bbcf00b6f6/tools/sdk/esp32s3/include/bt/esp_ble_mesh/mesh_common/tinycrypt/include -I/home/franstein/.platformio/packages/framework-arduinoespressif32@src-537c58760dafe7fcc8a1d9bbcf00b6f6/tools/sdk/esp32s3/include/bt/esp_ble_mesh/mesh_core -I/home/franstein/.platformio/packages/framework-arduinoespressif32@src-537c58760dafe7fcc8a1d9bbcf00b6f6/tools/sdk/esp32s3/include/bt/esp_ble_mesh/mesh_core/include -I/home/franstein/.platformio/packages/framework-arduinoespressif32@src-537c58760dafe7fcc8a1d9bbcf00b6f6/tools/sdk/esp32s3/include/bt/esp_ble_mesh/mesh_core/storage -I/home/franstein/.platformio/packages/framework-arduinoespressif32@src-537c58760dafe7fcc8a1d9bbcf00b6f6/tools/sdk/esp32s3/include/bt/esp_ble_mesh/btc/include -I/home/franstein/.platformio/packages/framework-arduinoespressif32@src-537c58760dafe7fcc8a1d9bbcf00b6f6/tools/sdk/esp32s3/include/bt/esp_ble_mesh/mesh_models/common/include -I/home/franstein/.platformio/packages/framework-arduinoespressif32@src-537c58760dafe7fcc8a1d9bbcf00b6f6/tools/sdk/esp32s3/include/bt/esp_ble_mesh/mesh_models/client/include -I/home/franstein/.platformio/packages/framework-arduinoespressif32@src-537c58760dafe7fcc8a1d9bbcf00b6f6/tools/sdk/esp32s3/include/bt/esp_ble_mesh/mesh_models/server/include -I/home/franstein/.platformio/packages/framework-arduinoespressif32@src-537c58760dafe7fcc8a1d9bbcf00b6f6/tools/sdk/esp32s3/include/bt/esp_ble_mesh/api/core/include -I/home/franstein/.platformio/packages/framework-arduinoespressif32@src-537c58760dafe7fcc8a1d9bbcf00b6f6/tools/sdk/esp32s3/include/bt/esp_ble_mesh/api/models/include -I/home/franstein/.platformio/packages/framework-arduinoespressif32@src-537c58760dafe7fcc8a1d9bbcf00b6f6/tools/sdk/esp32s3/include/bt/esp_ble_mesh/api -I/home/franstein/.platformio/packages/framework-arduinoespressif32@src-537c58760dafe7fcc8a1d9bbcf00b6f6/tools/sdk/esp32s3/include/cbor/port/include -I/home/franstein/.platformio/packages/framework-arduinoespressif32@src-537c58760dafe7fcc8a1d9bbcf00b6f6/tools/sdk/esp32s3/include/unity/include -I/home/franstein/.platformio/packages/framework-arduinoespressif32@src-537c58760dafe7fcc8a1d9bbcf00b6f6/tools/sdk/esp32s3/include/unity/unity/src -I/home/franstein/.platformio/packages/framework-arduinoespressif32@src-537c58760dafe7fcc8a1d9bbcf00b6f6/tools/sdk/esp32s3/include/cmock/CMock/src -I/home/franstein/.platformio/packages/framework-arduinoespressif32@src-537c58760dafe7fcc8a1d9bbcf00b6f6/tools/sdk/esp32s3/include/coap/port/include -I/home/franstein/.platformio/packages/framework-arduinoespressif32@src-537c58760dafe7fcc8a1d9bbcf00b6f6/tools/sdk/esp32s3/include/coap/libcoap/include -I/home/franstein/.platformio/packages/framework-arduinoespressif32@src-537c58760dafe7fcc8a1d9bbcf00b6f6/tools/sdk/esp32s3/include/nghttp/port/include -I/home/franstein/.platformio/packages/framework-arduinoespressif32@src-537c58760dafe7fcc8a1d9bbcf00b6f6/tools/sdk/esp32s3/include/nghttp/nghttp2/lib/includes -I/home/franstein/.platformio/packages/framework-arduinoespressif32@src-537c58760dafe7fcc8a1d9bbcf00b6f6/tools/sdk/esp32s3/include/esp-tls -I/home/franstein/.platformio/packages/framework-arduinoespressif32@src-537c58760dafe7fcc8a1d9bbcf00b6f6/tools/sdk/esp32s3/include/esp-tls/esp-tls-crypto -I/home/franstein/.platformio/packages/framework-arduinoespressif32@src-537c58760dafe7fcc8a1d9bbcf00b6f6/tools/sdk/esp32s3/include/esp_adc_cal/include -I/home/franstein/.platformio/packages/framework-arduinoespressif32@src-537c58760dafe7fcc8a1d9bbcf00b6f6/tools/sdk/esp32s3/include/esp_hid/include -I/home/franstein/.platformio/packages/framework-arduinoespressif32@src-537c58760dafe7fcc8a1d9bbcf00b6f6/tools/sdk/esp32s3/include/tcp_transport/include -I/home/franstein/.platformio/packages/framework-arduinoespressif32@src-537c58760dafe7fcc8a1d9bbcf00b6f6/tools/sdk/esp32s3/include/esp_http_client/include -I/home/franstein/.platformio/packages/framework-arduinoespressif32@src-537c58760dafe7fcc8a1d9bbcf00b6f6/tools/sdk/esp32s3/include/esp_http_server/include -I/home/franstein/.platformio/packages/framework-arduinoespressif32@src-537c58760dafe7fcc8a1d9bbcf00b6f6/tools/sdk/esp32s3/include/esp_https_ota/include -I/home/franstein/.platformio/packages/framework-arduinoespressif32@src-537c58760dafe7fcc8a1d9bbcf00b6f6/tools/sdk/esp32s3/include/esp_https_server/include -I/home/franstein/.platformio/packages/framework-arduinoespressif32@src-537c58760dafe7fcc8a1d9bbcf00b6f6/tools/sdk/esp32s3/include/esp_lcd/include -I/home/franstein/.platformio/packages/framework-arduinoespressif32@src-537c58760dafe7fcc8a1d9bbcf00b6f6/tools/sdk/esp32s3/include/esp_lcd/interface -I/home/franstein/.platformio/packages/framework-arduinoespressif32@src-537c58760dafe7fcc8a1d9bbcf00b6f6/tools/sdk/esp32s3/include/protobuf-c/protobuf-c -I/home/franstein/.platformio/packages/framework-arduinoespressif32@src-537c58760dafe7fcc8a1d9bbcf00b6f6/tools/sdk/esp32s3/include/protocomm/include/common -I/home/franstein/.platformio/packages/framework-arduinoespressif32@src-537c58760dafe7fcc8a1d9bbcf00b6f6/tools/sdk/esp32s3/include/protocomm/include/security -I/home/franstein/.platformio/packages/framework-arduinoespressif32@src-537c58760dafe7fcc8a1d9bbcf00b6f6/tools/sdk/esp32s3/include/protocomm/include/transports -I/home/franstein/.platformio/packages/framework-arduinoespressif32@src-537c58760dafe7fcc8a1d9bbcf00b6f6/tools/sdk/esp32s3/include/mdns/include -I/home/franstein/.platformio/packages/framework-arduinoespressif32@src-537c58760dafe7fcc8a1d9bbcf00b6f6/tools/sdk/esp32s3/include/esp_local_ctrl/include -I/home/franstein/.platformio/packages/framework-arduinoespressif32@src-537c58760dafe7fcc8a1d9bbcf00b6f6/tools/sdk/esp32s3/include/sdmmc/include -I/home/franstein/.platformio/packages/framework-arduinoespressif32@src-537c58760dafe7fcc8a1d9bbcf00b6f6/tools/sdk/esp32s3/include/esp_serial_slave_link/include -I/home/franstein/.platformio/packages/framework-arduinoespressif32@src-537c58760dafe7fcc8a1d9bbcf00b6f6/tools/sdk/esp32s3/include/esp_websocket_client/include -I/home/franstein/.platformio/packages/framework-arduinoespressif32@src-537c58760dafe7fcc8a1d9bbcf00b6f6/tools/sdk/esp32s3/include/expat/expat/expat/lib -I/home/franstein/.platformio/packages/framework-arduinoespressif32@src-537c58760dafe7fcc8a1d9bbcf00b6f6/tools/sdk/esp32s3/include/expat/port/include -I/home/franstein/.platformio/packages/framework-arduinoespressif32@src-537c58760dafe7fcc8a1d9bbcf00b6f6/tools/sdk/esp32s3/include/wear_levelling/include -I/home/franstein/.platformio/packages/framework-arduinoespressif32@src-537c58760dafe7fcc8a1d9bbcf00b6f6/tools/sdk/esp32s3/include/fatfs/diskio -I/home/franstein/.platformio/packages/framework-arduinoespressif32@src-537c58760dafe7fcc8a1d9bbcf00b6f6/tools/sdk/esp32s3/include/fatfs/vfs -I/home/franstein/.platformio/packages/framework-arduinoespressif32@src-537c58760dafe7fcc8a1d9bbcf00b6f6/tools/sdk/esp32s3/include/fatfs/src -I/home/franstein/.platformio/packages/framework-arduinoespressif32@src-537c58760dafe7fcc8a1d9bbcf00b6f6/tools/sdk/esp32s3/include/freemodbus/common/include -I/home/franstein/.platformio/packages/framework-arduinoespressif32@src-537c58760dafe7fcc8a1d9bbcf00b6f6/tools/sdk/esp32s3/include/idf_test/include -I/home/franstein/.platformio/packages/framework-arduinoespressif32@src-537c58760dafe7fcc8a1d9bbcf00b6f6/tools/sdk/esp32s3/include/idf_test/include/esp32s3 -I/home/franstein/.platformio/packages/framework-arduinoespressif32@src-537c58760dafe7fcc8a1d9bbcf00b6f6/tools/sdk/esp32s3/include/jsmn/include -I/home/franstein/.platformio/packages/framework-arduinoespressif32@src-537c58760dafe7fcc8a1d9bbcf00b6f6/tools/sdk/esp32s3/include/json/cJSON -I/home/franstein/.platformio/packages/framework-arduinoespressif32@src-537c58760dafe7fcc8a1d9bbcf00b6f6/tools/sdk/esp32s3/include/libsodium/libsodium/src/libsodium/include -I/home/franstein/.platformio/packages/framework-arduinoespressif32@src-537c58760dafe7fcc8a1d9bbcf00b6f6/tools/sdk/esp32s3/include/libsodium/port_include -I/home/franstein/.platformio/packages/framework-arduinoespressif32@src-537c58760dafe7fcc8a1d9bbcf00b6f6/tools/sdk/esp32s3/include/mqtt/esp-mqtt/include -I/home/franstein/.platformio/packages/framework-arduinoespressif32@src-537c58760dafe7fcc8a1d9bbcf00b6f6/tools/sdk/esp32s3/include/openssl/include -I/home/franstein/.platformio/packages/framework-arduinoespressif32@src-537c58760dafe7fcc8a1d9bbcf00b6f6/tools/sdk/esp32s3/include/perfmon/include -I/home/franstein/.platformio/packages/framework-arduinoespressif32@src-537c58760dafe7fcc8a1d9bbcf00b6f6/tools/sdk/esp32s3/include/spiffs/include -I/home/franstein/.platformio/packages/framework-arduinoespressif32@src-537c58760dafe7fcc8a1d9bbcf00b6f6/tools/sdk/esp32s3/include/usb/include -I/home/franstein/.platformio/packages/framework-arduinoespressif32@src-537c58760dafe7fcc8a1d9bbcf00b6f6/tools/sdk/esp32s3/include/ulp/include -I/home/franstein/.platformio/packages/framework-arduinoespressif32@src-537c58760dafe7fcc8a1d9bbcf00b6f6/tools/sdk/esp32s3/include/wifi_provisioning/include -I/home/franstein/.platformio/packages/framework-arduinoespressif32@src-537c58760dafe7fcc8a1d9bbcf00b6f6/tools/sdk/esp32s3/include/rmaker_common/include -I/home/franstein/.platformio/packages/framework-arduinoespressif32@src-537c58760dafe7fcc8a1d9bbcf00b6f6/tools/sdk/esp32s3/include/json_parser/upstream/include -I/home/franstein/.platformio/packages/framework-arduinoespressif32@src-537c58760dafe7fcc8a1d9bbcf00b6f6/tools/sdk/esp32s3/include/json_parser/upstream -I/home/franstein/.platformio/packages/framework-arduinoespressif32@src-537c58760dafe7fcc8a1d9bbcf00b6f6/tools/sdk/esp32s3/include/json_generator/upstream -I/home/franstein/.platformio/packages/framework-arduinoespressif32@src-537c58760dafe7fcc8a1d9bbcf00b6f6/tools/sdk/esp32s3/include/esp_schedule/include -I/home/franstein/.platformio/packages/framework-arduinoespressif32@src-537c58760dafe7fcc8a1d9bbcf00b6f6/tools/sdk/esp32s3/include/esp_rainmaker/include -I/home/franstein/.platformio/packages/framework-arduinoespressif32@src-537c58760dafe7fcc8a1d9bbcf00b6f6/tools/sdk/esp32s3/include/gpio_button/button/include -I/home/franstein/.platformio/packages/framework-arduinoespressif32@src-537c58760dafe7fcc8a1d9bbcf00b6f6/tools/sdk/esp32s3/include/qrcode/include -I/home/franstein/.platformio/packages/framework-arduinoespressif32@src-537c58760dafe7fcc8a1d9bbcf00b6f6/tools/sdk/esp32s3/include/ws2812_led -I/home/franstein/.platformio/packages/framework-arduinoespressif32@src-537c58760dafe7fcc8a1d9bbcf00b6f6/tools/sdk/esp32s3/include/esp_diagnostics/include -I/home/franstein/.platformio/packages/framework-arduinoespressif32@src-537c58760dafe7fcc8a1d9bbcf00b6f6/tools/sdk/esp32s3/include/rtc_store/include -I/home/franstein/.platformio/packages/framework-arduinoespressif32@src-537c58760dafe7fcc8a1d9bbcf00b6f6/tools/sdk/esp32s3/include/esp_insights/include -I/home/franstein/.platformio/packages/framework-arduinoespressif32@src-537c58760dafe7fcc8a1d9bbcf00b6f6/tools/sdk/esp32s3/include/esp-dsp/modules/dotprod/include -I/home/franstein/.platformio/packages/framework-arduinoespressif32@src-537c58760dafe7fcc8a1d9bbcf00b6f6/tools/sdk/esp32s3/include/esp-dsp/modules/support/include -I/home/franstein/.platformio/packages/framework-arduinoespressif32@src-537c58760dafe7fcc8a1d9bbcf00b6f6/tools/sdk/esp32s3/include/esp-dsp/modules/windows/include -I/home/franstein/.platformio/packages/framework-arduinoespressif32@src-537c58760dafe7fcc8a1d9bbcf00b6f6/tools/sdk/esp32s3/include/esp-dsp/modules/windows/hann/include -I/home/franstein/.platformio/packages/framework-arduinoespressif32@src-537c58760dafe7fcc8a1d9bbcf00b6f6/tools/sdk/esp32s3/include/esp-dsp/modules/windows/blackman/include -I/home/franstein/.platformio/packages/framework-arduinoespressif32@src-537c58760dafe7fcc8a1d9bbcf00b6f6/tools/sdk/esp32s3/include/esp-dsp/modules/windows/blackman_harris/include -I/home/franstein/.platformio/packages/framework-arduinoespressif32@src-537c58760dafe7fcc8a1d9bbcf00b6f6/tools/sdk/esp32s3/include/esp-dsp/modules/windows/blackman_nuttall/include -I/home/franstein/.platformio/packages/framework-arduinoespressif32@src-537c58760dafe7fcc8a1d9bbcf00b6f6/tools/sdk/esp32s3/include/esp-dsp/modules/windows/nuttall/include -I/home/franstein/.platformio/packages/framework-arduinoespressif32@src-537c58760dafe7fcc8a1d9bbcf00b6f6/tools/sdk/esp32s3/include/esp-dsp/modules/windows/flat_top/include -I/home/franstein/.platformio/packages/framework-arduinoespressif32@src-537c58760dafe7fcc8a1d9bbcf00b6f6/tools/sdk/esp32s3/include/esp-dsp/modules/iir/include -I/home/franstein/.platformio/packages/framework-arduinoespressif32@src-537c58760dafe7fcc8a1d9bbcf00b6f6/tools/sdk/esp32s3/include/esp-dsp/modules/fir/include -I/home/franstein/.platformio/packages/framework-arduinoespressif32@src-537c58760dafe7fcc8a1d9bbcf00b6f6/tools/sdk/esp32s3/include/esp-dsp/modules/math/include -I/home/franstein/.platformio/packages/framework-arduinoespressif32@src-537c58760dafe7fcc8a1d9bbcf00b6f6/tools/sdk/esp32s3/include/esp-dsp/modules/math/add/include -I/home/franstein/.platformio/packages/framework-arduinoespressif32@src-537c58760dafe7fcc8a1d9bbcf00b6f6/tools/sdk/esp32s3/include/esp-dsp/modules/math/sub/include -I/home/franstein/.platformio/packages/framework-arduinoespressif32@src-537c58760dafe7fcc8a1d9bbcf00b6f6/tools/sdk/esp32s3/include/esp-dsp/modules/math/mul/include -I/home/franstein/.platformio/packages/framework-arduinoespressif32@src-537c58760dafe7fcc8a1d9bbcf00b6f6/tools/sdk/esp32s3/include/esp-dsp/modules/math/addc/include -I/home/franstein/.platformio/packages/framework-arduinoespressif32@src-537c58760dafe7fcc8a1d9bbcf00b6f6/tools/sdk/esp32s3/include/esp-dsp/modules/math/mulc/include -I/home/franstein/.platformio/packages/framework-arduinoespressif32@src-537c58760dafe7fcc8a1d9bbcf00b6f6/tools/sdk/esp32s3/include/esp-dsp/modules/math/sqrt/include -I/home/franstein/.platformio/packages/framework-arduinoespressif32@src-537c58760dafe7fcc8a1d9bbcf00b6f6/tools/sdk/esp32s3/include/esp-dsp/modules/matrix/include -I/home/franstein/.platformio/packages/framework-arduinoespressif32@src-537c58760dafe7fcc8a1d9bbcf00b6f6/tools/sdk/esp32s3/include/esp-dsp/modules/fft/include -I/home/franstein/.platformio/packages/framework-arduinoespressif32@src-537c58760dafe7fcc8a1d9bbcf00b6f6/tools/sdk/esp32s3/include/esp-dsp/modules/dct/include -I/home/franstein/.platformio/packages/framework-arduinoespressif32@src-537c58760dafe7fcc8a1d9bbcf00b6f6/tools/sdk/esp32s3/include/esp-dsp/modules/conv/include -I/home/franstein/.platformio/packages/framework-arduinoespressif32@src-537c58760dafe7fcc8a1d9bbcf00b6f6/tools/sdk/esp32s3/include/esp-dsp/modules/common/include -I/home/franstein/.platformio/packages/framework-arduinoespressif32@src-537c58760dafe7fcc8a1d9bbcf00b6f6/tools/sdk/esp32s3/include/esp-dsp/modules/kalman/ekf/include -I/home/franstein/.platformio/packages/framework-arduinoespressif32@src-537c58760dafe7fcc8a1d9bbcf00b6f6/tools/sdk/esp32s3/include/esp-dsp/modules/kalman/ekf_imu13states/include -I/home/franstein/.platformio/packages/framework-arduinoespressif32@src-537c58760dafe7fcc8a1d9bbcf00b6f6/tools/sdk/esp32s3/include/freertos/include/freertos -I/home/franstein/.platformio/packages/framework-arduinoespressif32@src-537c58760dafe7fcc8a1d9bbcf00b6f6/tools/sdk/esp32s3/include/arduino_tinyusb/tinyusb/src -I/home/franstein/.platformio/packages/framework-arduinoespressif32@src-537c58760dafe7fcc8a1d9bbcf00b6f6/tools/sdk/esp32s3/include/arduino_tinyusb/include -I/home/franstein/.platformio/packages/framework-arduinoespressif32@src-537c58760dafe7fcc8a1d9bbcf00b6f6/tools/sdk/esp32s3/include/esp_littlefs/include -I/home/franstein/.platformio/packages/framework-arduinoespressif32@src-537c58760dafe7fcc8a1d9bbcf00b6f6/tools/sdk/esp32s3/include/esp-dl/include -I/home/franstein/.platformio/packages/framework-arduinoespressif32@src-537c58760dafe7fcc8a1d9bbcf00b6f6/tools/sdk/esp32s3/include/esp-dl/include/tool -I/home/franstein/.platformio/packages/framework-arduinoespressif32@src-537c58760dafe7fcc8a1d9bbcf00b6f6/tools/sdk/esp32s3/include/esp-dl/include/typedef -I/home/franstein/.platformio/packages/framework-arduinoespressif32@src-537c58760dafe7fcc8a1d9bbcf00b6f6/tools/sdk/esp32s3/include/esp-dl/include/image -I/home/franstein/.platformio/packages/framework-arduinoespressif32@src-537c58760dafe7fcc8a1d9bbcf00b6f6/tools/sdk/esp32s3/include/esp-dl/include/math -I/home/franstein/.platformio/packages/framework-arduinoespressif32@src-537c58760dafe7fcc8a1d9bbcf00b6f6/tools/sdk/esp32s3/include/esp-dl/include/nn -I/home/franstein/.platformio/packages/framework-arduinoespressif32@src-537c58760dafe7fcc8a1d9bbcf00b6f6/tools/sdk/esp32s3/include/esp-dl/include/layer -I/home/franstein/.platformio/packages/framework-arduinoespressif32@src-537c58760dafe7fcc8a1d9bbcf00b6f6/tools/sdk/esp32s3/include/esp-dl/include/detect -I/home/franstein/.platformio/packages/framework-arduinoespressif32@src-537c58760dafe7fcc8a1d9bbcf00b6f6/tools/sdk/esp32s3/include/esp-dl/include/model_zoo -I/home/franstein/.platformio/packages/framework-arduinoespressif32@src-537c58760dafe7fcc8a1d9bbcf00b6f6/tools/sdk/esp32s3/include/esp-sr/src/include -I/home/franstein/.platformio/packages/framework-arduinoespressif32@src-537c58760dafe7fcc8a1d9bbcf00b6f6/tools/sdk/esp32s3/include/esp-sr/esp-tts/esp_tts_chinese/include -I/home/franstein/.platformio/packages/framework-arduinoespressif32@src-537c58760dafe7fcc8a1d9bbcf00b6f6/tools/sdk/esp32s3/include/esp-sr/include/esp32s3 -I/home/franstein/.platformio/packages/framework-arduinoespressif32@src-537c58760dafe7fcc8a1d9bbcf00b6f6/tools/sdk/esp32s3/include/esp32-camera/driver/include -I/home/franstein/.platformio/packages/framework-arduinoespressif32@src-537c58760dafe7fcc8a1d9bbcf00b6f6/tools/sdk/esp32s3/include/esp32-camera/conversions/include -I/home/franstein/.platformio/packages/framework-arduinoespressif32@src-537c58760dafe7fcc8a1d9bbcf00b6f6/tools/sdk/esp32s3/include/fb_gfx/include -I/home/franstein/.platformio/packages/framework-arduinoespressif32@src-537c58760dafe7fcc8a1d9bbcf00b6f6/tools/sdk/esp32s3/qio_opi/include -I/home/franstein/.platformio/packages/framework-arduinoespressif32@src-537c58760dafe7fcc8a1d9bbcf00b6f6/cores/esp32 -I/home/franstein/.platformio/packages/framework-arduinoespressif32@src-537c58760dafe7fcc8a1d9bbcf00b6f6/variants/esp32s3 /home/franstein/.platformio/packages/framework-arduinoespressif32@src-537c58760dafe7fcc8a1d9bbcf00b6f6/cores/esp32/esp32-hal-i2c.c
xtensa-esp32s3-elf-gcc -o .pio/build/esp32/FrameworkArduino/esp32-hal-ledc.c.o -c -std=gnu99 -Wno-old-style-declaration -Os -mlongcalls -ffunction-sections -fdata-sections -Wno-error=unused-function -Wno-error=unused-variable -Wno-error=deprecated-declarations -Wno-unused-parameter -Wno-sign-compare -ggdb -freorder-blocks -Wwrite-strings -fstack-protector -fstrict-volatile-bitfields -Wno-error=unused-but-set-variable -fno-jump-tables -fno-tree-switch-conversion -MMD -DPLATFORMIO=60107 -DBOARD_HAS_PSRAM -DARDUINO_USB_MODE=1 -DARDUINO_USB_CDC_ON_BOOT=1 -DHAVE_CONFIG_H -DMBEDTLS_CONFIG_FILE=\"mbedtls/esp_config.h\" -DUNITY_INCLUDE_CONFIG_H -DWITH_POSIX -D_GNU_SOURCE -DIDF_VER=\"v4.4.3\" -DESP_PLATFORM -D_POSIX_READER_WRITER_LOCKS -DARDUINO_ARCH_ESP32 -DESP32 -DF_CPU=240000000L -DARDUINO=10812 -DARDUINO_VARIANT=\"esp32s3\" "-DARDUINO_BOARD=\"LILYGO T3-S3\"" -DARDUINO_PARTITION_default -I/home/franstein/.platformio/packages/framework-arduinoespressif32@src-537c58760dafe7fcc8a1d9bbcf00b6f6/tools/sdk/esp32s3/include/newlib/platform_include -I/home/franstein/.platformio/packages/framework-arduinoespressif32@src-537c58760dafe7fcc8a1d9bbcf00b6f6/tools/sdk/esp32s3/include/freertos/include -I/home/franstein/.platformio/packages/framework-arduinoespressif32@src-537c58760dafe7fcc8a1d9bbcf00b6f6/tools/sdk/esp32s3/include/freertos/include/esp_additions/freertos -I/home/franstein/.platformio/packages/framework-arduinoespressif32@src-537c58760dafe7fcc8a1d9bbcf00b6f6/tools/sdk/esp32s3/include/freertos/port/xtensa/include -I/home/franstein/.platformio/packages/framework-arduinoespressif32@src-537c58760dafe7fcc8a1d9bbcf00b6f6/tools/sdk/esp32s3/include/freertos/include/esp_additions -I/home/franstein/.platformio/packages/framework-arduinoespressif32@src-537c58760dafe7fcc8a1d9bbcf00b6f6/tools/sdk/esp32s3/include/esp_hw_support/include -I/home/franstein/.platformio/packages/framework-arduinoespressif32@src-537c58760dafe7fcc8a1d9bbcf00b6f6/tools/sdk/esp32s3/include/esp_hw_support/include/soc -I/home/franstein/.platformio/packages/framework-arduinoespressif32@src-537c58760dafe7fcc8a1d9bbcf00b6f6/tools/sdk/esp32s3/include/esp_hw_support/include/soc/esp32s3 -I/home/franstein/.platformio/packages/framework-arduinoespressif32@src-537c58760dafe7fcc8a1d9bbcf00b6f6/tools/sdk/esp32s3/include/esp_hw_support/port/esp32s3 -I/home/franstein/.platformio/packages/framework-arduinoespressif32@src-537c58760dafe7fcc8a1d9bbcf00b6f6/tools/sdk/esp32s3/include/esp_hw_support/port/esp32s3/private_include -I/home/franstein/.platformio/packages/framework-arduinoespressif32@src-537c58760dafe7fcc8a1d9bbcf00b6f6/tools/sdk/esp32s3/include/heap/include -I/home/franstein/.platformio/packages/framework-arduinoespressif32@src-537c58760dafe7fcc8a1d9bbcf00b6f6/tools/sdk/esp32s3/include/log/include -I/home/franstein/.platformio/packages/framework-arduinoespressif32@src-537c58760dafe7fcc8a1d9bbcf00b6f6/tools/sdk/esp32s3/include/lwip/include/apps -I/home/franstein/.platformio/packages/framework-arduinoespressif32@src-537c58760dafe7fcc8a1d9bbcf00b6f6/tools/sdk/esp32s3/include/lwip/include/apps/sntp -I/home/franstein/.platformio/packages/framework-arduinoespressif32@src-537c58760dafe7fcc8a1d9bbcf00b6f6/tools/sdk/esp32s3/include/lwip/lwip/src/include -I/home/franstein/.platformio/packages/framework-arduinoespressif32@src-537c58760dafe7fcc8a1d9bbcf00b6f6/tools/sdk/esp32s3/include/lwip/port/esp32/include -I/home/franstein/.platformio/packages/framework-arduinoespressif32@src-537c58760dafe7fcc8a1d9bbcf00b6f6/tools/sdk/esp32s3/include/lwip/port/esp32/include/arch -I/home/franstein/.platformio/packages/framework-arduinoespressif32@src-537c58760dafe7fcc8a1d9bbcf00b6f6/tools/sdk/esp32s3/include/soc/include -I/home/franstein/.platformio/packages/framework-arduinoespressif32@src-537c58760dafe7fcc8a1d9bbcf00b6f6/tools/sdk/esp32s3/include/soc/esp32s3 -I/home/franstein/.platformio/packages/framework-arduinoespressif32@src-537c58760dafe7fcc8a1d9bbcf00b6f6/tools/sdk/esp32s3/include/soc/esp32s3/include -I/home/franstein/.platformio/packages/framework-arduinoespressif32@src-537c58760dafe7fcc8a1d9bbcf00b6f6/tools/sdk/esp32s3/include/hal/esp32s3/include -I/home/franstein/.platformio/packages/framework-arduinoespressif32@src-537c58760dafe7fcc8a1d9bbcf00b6f6/tools/sdk/esp32s3/include/hal/include -I/home/franstein/.platformio/packages/framework-arduinoespressif32@src-537c58760dafe7fcc8a1d9bbcf00b6f6/tools/sdk/esp32s3/include/hal/platform_port/include -I/home/franstein/.platformio/packages/framework-arduinoespressif32@src-537c58760dafe7fcc8a1d9bbcf00b6f6/tools/sdk/esp32s3/include/esp_rom/include -I/home/franstein/.platformio/packages/framework-arduinoespressif32@src-537c58760dafe7fcc8a1d9bbcf00b6f6/tools/sdk/esp32s3/include/esp_rom/include/esp32s3 -I/home/franstein/.platformio/packages/framework-arduinoespressif32@src-537c58760dafe7fcc8a1d9bbcf00b6f6/tools/sdk/esp32s3/include/esp_rom/esp32s3 -I/home/franstein/.platformio/packages/framework-arduinoespressif32@src-537c58760dafe7fcc8a1d9bbcf00b6f6/tools/sdk/esp32s3/include/esp_common/include -I/home/franstein/.platformio/packages/framework-arduinoespressif32@src-537c58760dafe7fcc8a1d9bbcf00b6f6/tools/sdk/esp32s3/include/esp_system/include -I/home/franstein/.platformio/packages/framework-arduinoespressif32@src-537c58760dafe7fcc8a1d9bbcf00b6f6/tools/sdk/esp32s3/include/esp_system/port/soc -I/home/franstein/.platformio/packages/framework-arduinoespressif32@src-537c58760dafe7fcc8a1d9bbcf00b6f6/tools/sdk/esp32s3/include/esp_system/port/public_compat -I/home/franstein/.platformio/packages/framework-arduinoespressif32@src-537c58760dafe7fcc8a1d9bbcf00b6f6/tools/sdk/esp32s3/include/xtensa/include -I/home/franstein/.platformio/packages/framework-arduinoespressif32@src-537c58760dafe7fcc8a1d9bbcf00b6f6/tools/sdk/esp32s3/include/xtensa/esp32s3/include -I/home/franstein/.platformio/packages/framework-arduinoespressif32@src-537c58760dafe7fcc8a1d9bbcf00b6f6/tools/sdk/esp32s3/include/driver/include -I/home/franstein/.platformio/packages/framework-arduinoespressif32@src-537c58760dafe7fcc8a1d9bbcf00b6f6/tools/sdk/esp32s3/include/driver/esp32s3/include -I/home/franstein/.platformio/packages/framework-arduinoespressif32@src-537c58760dafe7fcc8a1d9bbcf00b6f6/tools/sdk/esp32s3/include/esp_pm/include -I/home/franstein/.platformio/packages/framework-arduinoespressif32@src-537c58760dafe7fcc8a1d9bbcf00b6f6/tools/sdk/esp32s3/include/esp_ringbuf/include -I/home/franstein/.platformio/packages/framework-arduinoespressif32@src-537c58760dafe7fcc8a1d9bbcf00b6f6/tools/sdk/esp32s3/include/efuse/include -I/home/franstein/.platformio/packages/framework-arduinoespressif32@src-537c58760dafe7fcc8a1d9bbcf00b6f6/tools/sdk/esp32s3/include/efuse/esp32s3/include -I/home/franstein/.platformio/packages/framework-arduinoespressif32@src-537c58760dafe7fcc8a1d9bbcf00b6f6/tools/sdk/esp32s3/include/vfs/include -I/home/franstein/.platformio/packages/framework-arduinoespressif32@src-537c58760dafe7fcc8a1d9bbcf00b6f6/tools/sdk/esp32s3/include/esp_wifi/include -I/home/franstein/.platformio/packages/framework-arduinoespressif32@src-537c58760dafe7fcc8a1d9bbcf00b6f6/tools/sdk/esp32s3/include/esp_event/include -I/home/franstein/.platformio/packages/framework-arduinoespressif32@src-537c58760dafe7fcc8a1d9bbcf00b6f6/tools/sdk/esp32s3/include/esp_netif/include -I/home/franstein/.platformio/packages/framework-arduinoespressif32@src-537c58760dafe7fcc8a1d9bbcf00b6f6/tools/sdk/esp32s3/include/esp_eth/include -I/home/franstein/.platformio/packages/framework-arduinoespressif32@src-537c58760dafe7fcc8a1d9bbcf00b6f6/tools/sdk/esp32s3/include/tcpip_adapter/include -I/home/franstein/.platformio/packages/framework-arduinoespressif32@src-537c58760dafe7fcc8a1d9bbcf00b6f6/tools/sdk/esp32s3/include/esp_phy/include -I/home/franstein/.platformio/packages/framework-arduinoespressif32@src-537c58760dafe7fcc8a1d9bbcf00b6f6/tools/sdk/esp32s3/include/esp_phy/esp32s3/include -I/home/franstein/.platformio/packages/framework-arduinoespressif32@src-537c58760dafe7fcc8a1d9bbcf00b6f6/tools/sdk/esp32s3/include/esp_ipc/include -I/home/franstein/.platformio/packages/framework-arduinoespressif32@src-537c58760dafe7fcc8a1d9bbcf00b6f6/tools/sdk/esp32s3/include/app_trace/include -I/home/franstein/.platformio/packages/framework-arduinoespressif32@src-537c58760dafe7fcc8a1d9bbcf00b6f6/tools/sdk/esp32s3/include/esp_timer/include -I/home/franstein/.platformio/packages/framework-arduinoespressif32@src-537c58760dafe7fcc8a1d9bbcf00b6f6/tools/sdk/esp32s3/include/mbedtls/port/include -I/home/franstein/.platformio/packages/framework-arduinoespressif32@src-537c58760dafe7fcc8a1d9bbcf00b6f6/tools/sdk/esp32s3/include/mbedtls/mbedtls/include -I/home/franstein/.platformio/packages/framework-arduinoespressif32@src-537c58760dafe7fcc8a1d9bbcf00b6f6/tools/sdk/esp32s3/include/mbedtls/esp_crt_bundle/include -I/home/franstein/.platformio/packages/framework-arduinoespressif32@src-537c58760dafe7fcc8a1d9bbcf00b6f6/tools/sdk/esp32s3/include/app_update/include -I/home/franstein/.platformio/packages/framework-arduinoespressif32@src-537c58760dafe7fcc8a1d9bbcf00b6f6/tools/sdk/esp32s3/include/spi_flash/include -I/home/franstein/.platformio/packages/framework-arduinoespressif32@src-537c58760dafe7fcc8a1d9bbcf00b6f6/tools/sdk/esp32s3/include/bootloader_support/include -I/home/franstein/.platformio/packages/framework-arduinoespressif32@src-537c58760dafe7fcc8a1d9bbcf00b6f6/tools/sdk/esp32s3/include/nvs_flash/include -I/home/franstein/.platformio/packages/framework-arduinoespressif32@src-537c58760dafe7fcc8a1d9bbcf00b6f6/tools/sdk/esp32s3/include/pthread/include -I/home/franstein/.platformio/packages/framework-arduinoespressif32@src-537c58760dafe7fcc8a1d9bbcf00b6f6/tools/sdk/esp32s3/include/esp_gdbstub/include -I/home/franstein/.platformio/packages/framework-arduinoespressif32@src-537c58760dafe7fcc8a1d9bbcf00b6f6/tools/sdk/esp32s3/include/esp_gdbstub/xtensa -I/home/franstein/.platformio/packages/framework-arduinoespressif32@src-537c58760dafe7fcc8a1d9bbcf00b6f6/tools/sdk/esp32s3/include/esp_gdbstub/esp32s3 -I/home/franstein/.platformio/packages/framework-arduinoespressif32@src-537c58760dafe7fcc8a1d9bbcf00b6f6/tools/sdk/esp32s3/include/espcoredump/include -I/home/franstein/.platformio/packages/framework-arduinoespressif32@src-537c58760dafe7fcc8a1d9bbcf00b6f6/tools/sdk/esp32s3/include/espcoredump/include/port/xtensa -I/home/franstein/.platformio/packages/framework-arduinoespressif32@src-537c58760dafe7fcc8a1d9bbcf00b6f6/tools/sdk/esp32s3/include/wpa_supplicant/include -I/home/franstein/.platformio/packages/framework-arduinoespressif32@src-537c58760dafe7fcc8a1d9bbcf00b6f6/tools/sdk/esp32s3/include/wpa_supplicant/port/include -I/home/franstein/.platformio/packages/framework-arduinoespressif32@src-537c58760dafe7fcc8a1d9bbcf00b6f6/tools/sdk/esp32s3/include/wpa_supplicant/esp_supplicant/include -I/home/franstein/.platformio/packages/framework-arduinoespressif32@src-537c58760dafe7fcc8a1d9bbcf00b6f6/tools/sdk/esp32s3/include/ieee802154/include -I/home/franstein/.platformio/packages/framework-arduinoespressif32@src-537c58760dafe7fcc8a1d9bbcf00b6f6/tools/sdk/esp32s3/include/console -I/home/franstein/.platformio/packages/framework-arduinoespressif32@src-537c58760dafe7fcc8a1d9bbcf00b6f6/tools/sdk/esp32s3/include/asio/asio/asio/include -I/home/franstein/.platformio/packages/framework-arduinoespressif32@src-537c58760dafe7fcc8a1d9bbcf00b6f6/tools/sdk/esp32s3/include/asio/port/include -I/home/franstein/.platformio/packages/framework-arduinoespressif32@src-537c58760dafe7fcc8a1d9bbcf00b6f6/tools/sdk/esp32s3/include/bt/common/osi/include -I/home/franstein/.platformio/packages/framework-arduinoespressif32@src-537c58760dafe7fcc8a1d9bbcf00b6f6/tools/sdk/esp32s3/include/bt/include/esp32s3/include -I/home/franstein/.platformio/packages/framework-arduinoespressif32@src-537c58760dafe7fcc8a1d9bbcf00b6f6/tools/sdk/esp32s3/include/bt/common/api/include/api -I/home/franstein/.platformio/packages/framework-arduinoespressif32@src-537c58760dafe7fcc8a1d9bbcf00b6f6/tools/sdk/esp32s3/include/bt/common/btc/profile/esp/blufi/include -I/home/franstein/.platformio/packages/framework-arduinoespressif32@src-537c58760dafe7fcc8a1d9bbcf00b6f6/tools/sdk/esp32s3/include/bt/common/btc/profile/esp/include -I/home/franstein/.platformio/packages/framework-arduinoespressif32@src-537c58760dafe7fcc8a1d9bbcf00b6f6/tools/sdk/esp32s3/include/bt/host/bluedroid/api/include/api -I/home/franstein/.platformio/packages/framework-arduinoespressif32@src-537c58760dafe7fcc8a1d9bbcf00b6f6/tools/sdk/esp32s3/include/bt/esp_ble_mesh/mesh_common/include -I/home/franstein/.platformio/packages/framework-arduinoespressif32@src-537c58760dafe7fcc8a1d9bbcf00b6f6/tools/sdk/esp32s3/include/bt/esp_ble_mesh/mesh_common/tinycrypt/include -I/home/franstein/.platformio/packages/framework-arduinoespressif32@src-537c58760dafe7fcc8a1d9bbcf00b6f6/tools/sdk/esp32s3/include/bt/esp_ble_mesh/mesh_core -I/home/franstein/.platformio/packages/framework-arduinoespressif32@src-537c58760dafe7fcc8a1d9bbcf00b6f6/tools/sdk/esp32s3/include/bt/esp_ble_mesh/mesh_core/include -I/home/franstein/.platformio/packages/framework-arduinoespressif32@src-537c58760dafe7fcc8a1d9bbcf00b6f6/tools/sdk/esp32s3/include/bt/esp_ble_mesh/mesh_core/storage -I/home/franstein/.platformio/packages/framework-arduinoespressif32@src-537c58760dafe7fcc8a1d9bbcf00b6f6/tools/sdk/esp32s3/include/bt/esp_ble_mesh/btc/include -I/home/franstein/.platformio/packages/framework-arduinoespressif32@src-537c58760dafe7fcc8a1d9bbcf00b6f6/tools/sdk/esp32s3/include/bt/esp_ble_mesh/mesh_models/common/include -I/home/franstein/.platformio/packages/framework-arduinoespressif32@src-537c58760dafe7fcc8a1d9bbcf00b6f6/tools/sdk/esp32s3/include/bt/esp_ble_mesh/mesh_models/client/include -I/home/franstein/.platformio/packages/framework-arduinoespressif32@src-537c58760dafe7fcc8a1d9bbcf00b6f6/tools/sdk/esp32s3/include/bt/esp_ble_mesh/mesh_models/server/include -I/home/franstein/.platformio/packages/framework-arduinoespressif32@src-537c58760dafe7fcc8a1d9bbcf00b6f6/tools/sdk/esp32s3/include/bt/esp_ble_mesh/api/core/include -I/home/franstein/.platformio/packages/framework-arduinoespressif32@src-537c58760dafe7fcc8a1d9bbcf00b6f6/tools/sdk/esp32s3/include/bt/esp_ble_mesh/api/models/include -I/home/franstein/.platformio/packages/framework-arduinoespressif32@src-537c58760dafe7fcc8a1d9bbcf00b6f6/tools/sdk/esp32s3/include/bt/esp_ble_mesh/api -I/home/franstein/.platformio/packages/framework-arduinoespressif32@src-537c58760dafe7fcc8a1d9bbcf00b6f6/tools/sdk/esp32s3/include/cbor/port/include -I/home/franstein/.platformio/packages/framework-arduinoespressif32@src-537c58760dafe7fcc8a1d9bbcf00b6f6/tools/sdk/esp32s3/include/unity/include -I/home/franstein/.platformio/packages/framework-arduinoespressif32@src-537c58760dafe7fcc8a1d9bbcf00b6f6/tools/sdk/esp32s3/include/unity/unity/src -I/home/franstein/.platformio/packages/framework-arduinoespressif32@src-537c58760dafe7fcc8a1d9bbcf00b6f6/tools/sdk/esp32s3/include/cmock/CMock/src -I/home/franstein/.platformio/packages/framework-arduinoespressif32@src-537c58760dafe7fcc8a1d9bbcf00b6f6/tools/sdk/esp32s3/include/coap/port/include -I/home/franstein/.platformio/packages/framework-arduinoespressif32@src-537c58760dafe7fcc8a1d9bbcf00b6f6/tools/sdk/esp32s3/include/coap/libcoap/include -I/home/franstein/.platformio/packages/framework-arduinoespressif32@src-537c58760dafe7fcc8a1d9bbcf00b6f6/tools/sdk/esp32s3/include/nghttp/port/include -I/home/franstein/.platformio/packages/framework-arduinoespressif32@src-537c58760dafe7fcc8a1d9bbcf00b6f6/tools/sdk/esp32s3/include/nghttp/nghttp2/lib/includes -I/home/franstein/.platformio/packages/framework-arduinoespressif32@src-537c58760dafe7fcc8a1d9bbcf00b6f6/tools/sdk/esp32s3/include/esp-tls -I/home/franstein/.platformio/packages/framework-arduinoespressif32@src-537c58760dafe7fcc8a1d9bbcf00b6f6/tools/sdk/esp32s3/include/esp-tls/esp-tls-crypto -I/home/franstein/.platformio/packages/framework-arduinoespressif32@src-537c58760dafe7fcc8a1d9bbcf00b6f6/tools/sdk/esp32s3/include/esp_adc_cal/include -I/home/franstein/.platformio/packages/framework-arduinoespressif32@src-537c58760dafe7fcc8a1d9bbcf00b6f6/tools/sdk/esp32s3/include/esp_hid/include -I/home/franstein/.platformio/packages/framework-arduinoespressif32@src-537c58760dafe7fcc8a1d9bbcf00b6f6/tools/sdk/esp32s3/include/tcp_transport/include -I/home/franstein/.platformio/packages/framework-arduinoespressif32@src-537c58760dafe7fcc8a1d9bbcf00b6f6/tools/sdk/esp32s3/include/esp_http_client/include -I/home/franstein/.platformio/packages/framework-arduinoespressif32@src-537c58760dafe7fcc8a1d9bbcf00b6f6/tools/sdk/esp32s3/include/esp_http_server/include -I/home/franstein/.platformio/packages/framework-arduinoespressif32@src-537c58760dafe7fcc8a1d9bbcf00b6f6/tools/sdk/esp32s3/include/esp_https_ota/include -I/home/franstein/.platformio/packages/framework-arduinoespressif32@src-537c58760dafe7fcc8a1d9bbcf00b6f6/tools/sdk/esp32s3/include/esp_https_server/include -I/home/franstein/.platformio/packages/framework-arduinoespressif32@src-537c58760dafe7fcc8a1d9bbcf00b6f6/tools/sdk/esp32s3/include/esp_lcd/include -I/home/franstein/.platformio/packages/framework-arduinoespressif32@src-537c58760dafe7fcc8a1d9bbcf00b6f6/tools/sdk/esp32s3/include/esp_lcd/interface -I/home/franstein/.platformio/packages/framework-arduinoespressif32@src-537c58760dafe7fcc8a1d9bbcf00b6f6/tools/sdk/esp32s3/include/protobuf-c/protobuf-c -I/home/franstein/.platformio/packages/framework-arduinoespressif32@src-537c58760dafe7fcc8a1d9bbcf00b6f6/tools/sdk/esp32s3/include/protocomm/include/common -I/home/franstein/.platformio/packages/framework-arduinoespressif32@src-537c58760dafe7fcc8a1d9bbcf00b6f6/tools/sdk/esp32s3/include/protocomm/include/security -I/home/franstein/.platformio/packages/framework-arduinoespressif32@src-537c58760dafe7fcc8a1d9bbcf00b6f6/tools/sdk/esp32s3/include/protocomm/include/transports -I/home/franstein/.platformio/packages/framework-arduinoespressif32@src-537c58760dafe7fcc8a1d9bbcf00b6f6/tools/sdk/esp32s3/include/mdns/include -I/home/franstein/.platformio/packages/framework-arduinoespressif32@src-537c58760dafe7fcc8a1d9bbcf00b6f6/tools/sdk/esp32s3/include/esp_local_ctrl/include -I/home/franstein/.platformio/packages/framework-arduinoespressif32@src-537c58760dafe7fcc8a1d9bbcf00b6f6/tools/sdk/esp32s3/include/sdmmc/include -I/home/franstein/.platformio/packages/framework-arduinoespressif32@src-537c58760dafe7fcc8a1d9bbcf00b6f6/tools/sdk/esp32s3/include/esp_serial_slave_link/include -I/home/franstein/.platformio/packages/framework-arduinoespressif32@src-537c58760dafe7fcc8a1d9bbcf00b6f6/tools/sdk/esp32s3/include/esp_websocket_client/include -I/home/franstein/.platformio/packages/framework-arduinoespressif32@src-537c58760dafe7fcc8a1d9bbcf00b6f6/tools/sdk/esp32s3/include/expat/expat/expat/lib -I/home/franstein/.platformio/packages/framework-arduinoespressif32@src-537c58760dafe7fcc8a1d9bbcf00b6f6/tools/sdk/esp32s3/include/expat/port/include -I/home/franstein/.platformio/packages/framework-arduinoespressif32@src-537c58760dafe7fcc8a1d9bbcf00b6f6/tools/sdk/esp32s3/include/wear_levelling/include -I/home/franstein/.platformio/packages/framework-arduinoespressif32@src-537c58760dafe7fcc8a1d9bbcf00b6f6/tools/sdk/esp32s3/include/fatfs/diskio -I/home/franstein/.platformio/packages/framework-arduinoespressif32@src-537c58760dafe7fcc8a1d9bbcf00b6f6/tools/sdk/esp32s3/include/fatfs/vfs -I/home/franstein/.platformio/packages/framework-arduinoespressif32@src-537c58760dafe7fcc8a1d9bbcf00b6f6/tools/sdk/esp32s3/include/fatfs/src -I/home/franstein/.platformio/packages/framework-arduinoespressif32@src-537c58760dafe7fcc8a1d9bbcf00b6f6/tools/sdk/esp32s3/include/freemodbus/common/include -I/home/franstein/.platformio/packages/framework-arduinoespressif32@src-537c58760dafe7fcc8a1d9bbcf00b6f6/tools/sdk/esp32s3/include/idf_test/include -I/home/franstein/.platformio/packages/framework-arduinoespressif32@src-537c58760dafe7fcc8a1d9bbcf00b6f6/tools/sdk/esp32s3/include/idf_test/include/esp32s3 -I/home/franstein/.platformio/packages/framework-arduinoespressif32@src-537c58760dafe7fcc8a1d9bbcf00b6f6/tools/sdk/esp32s3/include/jsmn/include -I/home/franstein/.platformio/packages/framework-arduinoespressif32@src-537c58760dafe7fcc8a1d9bbcf00b6f6/tools/sdk/esp32s3/include/json/cJSON -I/home/franstein/.platformio/packages/framework-arduinoespressif32@src-537c58760dafe7fcc8a1d9bbcf00b6f6/tools/sdk/esp32s3/include/libsodium/libsodium/src/libsodium/include -I/home/franstein/.platformio/packages/framework-arduinoespressif32@src-537c58760dafe7fcc8a1d9bbcf00b6f6/tools/sdk/esp32s3/include/libsodium/port_include -I/home/franstein/.platformio/packages/framework-arduinoespressif32@src-537c58760dafe7fcc8a1d9bbcf00b6f6/tools/sdk/esp32s3/include/mqtt/esp-mqtt/include -I/home/franstein/.platformio/packages/framework-arduinoespressif32@src-537c58760dafe7fcc8a1d9bbcf00b6f6/tools/sdk/esp32s3/include/openssl/include -I/home/franstein/.platformio/packages/framework-arduinoespressif32@src-537c58760dafe7fcc8a1d9bbcf00b6f6/tools/sdk/esp32s3/include/perfmon/include -I/home/franstein/.platformio/packages/framework-arduinoespressif32@src-537c58760dafe7fcc8a1d9bbcf00b6f6/tools/sdk/esp32s3/include/spiffs/include -I/home/franstein/.platformio/packages/framework-arduinoespressif32@src-537c58760dafe7fcc8a1d9bbcf00b6f6/tools/sdk/esp32s3/include/usb/include -I/home/franstein/.platformio/packages/framework-arduinoespressif32@src-537c58760dafe7fcc8a1d9bbcf00b6f6/tools/sdk/esp32s3/include/ulp/include -I/home/franstein/.platformio/packages/framework-arduinoespressif32@src-537c58760dafe7fcc8a1d9bbcf00b6f6/tools/sdk/esp32s3/include/wifi_provisioning/include -I/home/franstein/.platformio/packages/framework-arduinoespressif32@src-537c58760dafe7fcc8a1d9bbcf00b6f6/tools/sdk/esp32s3/include/rmaker_common/include -I/home/franstein/.platformio/packages/framework-arduinoespressif32@src-537c58760dafe7fcc8a1d9bbcf00b6f6/tools/sdk/esp32s3/include/json_parser/upstream/include -I/home/franstein/.platformio/packages/framework-arduinoespressif32@src-537c58760dafe7fcc8a1d9bbcf00b6f6/tools/sdk/esp32s3/include/json_parser/upstream -I/home/franstein/.platformio/packages/framework-arduinoespressif32@src-537c58760dafe7fcc8a1d9bbcf00b6f6/tools/sdk/esp32s3/include/json_generator/upstream -I/home/franstein/.platformio/packages/framework-arduinoespressif32@src-537c58760dafe7fcc8a1d9bbcf00b6f6/tools/sdk/esp32s3/include/esp_schedule/include -I/home/franstein/.platformio/packages/framework-arduinoespressif32@src-537c58760dafe7fcc8a1d9bbcf00b6f6/tools/sdk/esp32s3/include/esp_rainmaker/include -I/home/franstein/.platformio/packages/framework-arduinoespressif32@src-537c58760dafe7fcc8a1d9bbcf00b6f6/tools/sdk/esp32s3/include/gpio_button/button/include -I/home/franstein/.platformio/packages/framework-arduinoespressif32@src-537c58760dafe7fcc8a1d9bbcf00b6f6/tools/sdk/esp32s3/include/qrcode/include -I/home/franstein/.platformio/packages/framework-arduinoespressif32@src-537c58760dafe7fcc8a1d9bbcf00b6f6/tools/sdk/esp32s3/include/ws2812_led -I/home/franstein/.platformio/packages/framework-arduinoespressif32@src-537c58760dafe7fcc8a1d9bbcf00b6f6/tools/sdk/esp32s3/include/esp_diagnostics/include -I/home/franstein/.platformio/packages/framework-arduinoespressif32@src-537c58760dafe7fcc8a1d9bbcf00b6f6/tools/sdk/esp32s3/include/rtc_store/include -I/home/franstein/.platformio/packages/framework-arduinoespressif32@src-537c58760dafe7fcc8a1d9bbcf00b6f6/tools/sdk/esp32s3/include/esp_insights/include -I/home/franstein/.platformio/packages/framework-arduinoespressif32@src-537c58760dafe7fcc8a1d9bbcf00b6f6/tools/sdk/esp32s3/include/esp-dsp/modules/dotprod/include -I/home/franstein/.platformio/packages/framework-arduinoespressif32@src-537c58760dafe7fcc8a1d9bbcf00b6f6/tools/sdk/esp32s3/include/esp-dsp/modules/support/include -I/home/franstein/.platformio/packages/framework-arduinoespressif32@src-537c58760dafe7fcc8a1d9bbcf00b6f6/tools/sdk/esp32s3/include/esp-dsp/modules/windows/include -I/home/franstein/.platformio/packages/framework-arduinoespressif32@src-537c58760dafe7fcc8a1d9bbcf00b6f6/tools/sdk/esp32s3/include/esp-dsp/modules/windows/hann/include -I/home/franstein/.platformio/packages/framework-arduinoespressif32@src-537c58760dafe7fcc8a1d9bbcf00b6f6/tools/sdk/esp32s3/include/esp-dsp/modules/windows/blackman/include -I/home/franstein/.platformio/packages/framework-arduinoespressif32@src-537c58760dafe7fcc8a1d9bbcf00b6f6/tools/sdk/esp32s3/include/esp-dsp/modules/windows/blackman_harris/include -I/home/franstein/.platformio/packages/framework-arduinoespressif32@src-537c58760dafe7fcc8a1d9bbcf00b6f6/tools/sdk/esp32s3/include/esp-dsp/modules/windows/blackman_nuttall/include -I/home/franstein/.platformio/packages/framework-arduinoespressif32@src-537c58760dafe7fcc8a1d9bbcf00b6f6/tools/sdk/esp32s3/include/esp-dsp/modules/windows/nuttall/include -I/home/franstein/.platformio/packages/framework-arduinoespressif32@src-537c58760dafe7fcc8a1d9bbcf00b6f6/tools/sdk/esp32s3/include/esp-dsp/modules/windows/flat_top/include -I/home/franstein/.platformio/packages/framework-arduinoespressif32@src-537c58760dafe7fcc8a1d9bbcf00b6f6/tools/sdk/esp32s3/include/esp-dsp/modules/iir/include -I/home/franstein/.platformio/packages/framework-arduinoespressif32@src-537c58760dafe7fcc8a1d9bbcf00b6f6/tools/sdk/esp32s3/include/esp-dsp/modules/fir/include -I/home/franstein/.platformio/packages/framework-arduinoespressif32@src-537c58760dafe7fcc8a1d9bbcf00b6f6/tools/sdk/esp32s3/include/esp-dsp/modules/math/include -I/home/franstein/.platformio/packages/framework-arduinoespressif32@src-537c58760dafe7fcc8a1d9bbcf00b6f6/tools/sdk/esp32s3/include/esp-dsp/modules/math/add/include -I/home/franstein/.platformio/packages/framework-arduinoespressif32@src-537c58760dafe7fcc8a1d9bbcf00b6f6/tools/sdk/esp32s3/include/esp-dsp/modules/math/sub/include -I/home/franstein/.platformio/packages/framework-arduinoespressif32@src-537c58760dafe7fcc8a1d9bbcf00b6f6/tools/sdk/esp32s3/include/esp-dsp/modules/math/mul/include -I/home/franstein/.platformio/packages/framework-arduinoespressif32@src-537c58760dafe7fcc8a1d9bbcf00b6f6/tools/sdk/esp32s3/include/esp-dsp/modules/math/addc/include -I/home/franstein/.platformio/packages/framework-arduinoespressif32@src-537c58760dafe7fcc8a1d9bbcf00b6f6/tools/sdk/esp32s3/include/esp-dsp/modules/math/mulc/include -I/home/franstein/.platformio/packages/framework-arduinoespressif32@src-537c58760dafe7fcc8a1d9bbcf00b6f6/tools/sdk/esp32s3/include/esp-dsp/modules/math/sqrt/include -I/home/franstein/.platformio/packages/framework-arduinoespressif32@src-537c58760dafe7fcc8a1d9bbcf00b6f6/tools/sdk/esp32s3/include/esp-dsp/modules/matrix/include -I/home/franstein/.platformio/packages/framework-arduinoespressif32@src-537c58760dafe7fcc8a1d9bbcf00b6f6/tools/sdk/esp32s3/include/esp-dsp/modules/fft/include -I/home/franstein/.platformio/packages/framework-arduinoespressif32@src-537c58760dafe7fcc8a1d9bbcf00b6f6/tools/sdk/esp32s3/include/esp-dsp/modules/dct/include -I/home/franstein/.platformio/packages/framework-arduinoespressif32@src-537c58760dafe7fcc8a1d9bbcf00b6f6/tools/sdk/esp32s3/include/esp-dsp/modules/conv/include -I/home/franstein/.platformio/packages/framework-arduinoespressif32@src-537c58760dafe7fcc8a1d9bbcf00b6f6/tools/sdk/esp32s3/include/esp-dsp/modules/common/include -I/home/franstein/.platformio/packages/framework-arduinoespressif32@src-537c58760dafe7fcc8a1d9bbcf00b6f6/tools/sdk/esp32s3/include/esp-dsp/modules/kalman/ekf/include -I/home/franstein/.platformio/packages/framework-arduinoespressif32@src-537c58760dafe7fcc8a1d9bbcf00b6f6/tools/sdk/esp32s3/include/esp-dsp/modules/kalman/ekf_imu13states/include -I/home/franstein/.platformio/packages/framework-arduinoespressif32@src-537c58760dafe7fcc8a1d9bbcf00b6f6/tools/sdk/esp32s3/include/freertos/include/freertos -I/home/franstein/.platformio/packages/framework-arduinoespressif32@src-537c58760dafe7fcc8a1d9bbcf00b6f6/tools/sdk/esp32s3/include/arduino_tinyusb/tinyusb/src -I/home/franstein/.platformio/packages/framework-arduinoespressif32@src-537c58760dafe7fcc8a1d9bbcf00b6f6/tools/sdk/esp32s3/include/arduino_tinyusb/include -I/home/franstein/.platformio/packages/framework-arduinoespressif32@src-537c58760dafe7fcc8a1d9bbcf00b6f6/tools/sdk/esp32s3/include/esp_littlefs/include -I/home/franstein/.platformio/packages/framework-arduinoespressif32@src-537c58760dafe7fcc8a1d9bbcf00b6f6/tools/sdk/esp32s3/include/esp-dl/include -I/home/franstein/.platformio/packages/framework-arduinoespressif32@src-537c58760dafe7fcc8a1d9bbcf00b6f6/tools/sdk/esp32s3/include/esp-dl/include/tool -I/home/franstein/.platformio/packages/framework-arduinoespressif32@src-537c58760dafe7fcc8a1d9bbcf00b6f6/tools/sdk/esp32s3/include/esp-dl/include/typedef -I/home/franstein/.platformio/packages/framework-arduinoespressif32@src-537c58760dafe7fcc8a1d9bbcf00b6f6/tools/sdk/esp32s3/include/esp-dl/include/image -I/home/franstein/.platformio/packages/framework-arduinoespressif32@src-537c58760dafe7fcc8a1d9bbcf00b6f6/tools/sdk/esp32s3/include/esp-dl/include/math -I/home/franstein/.platformio/packages/framework-arduinoespressif32@src-537c58760dafe7fcc8a1d9bbcf00b6f6/tools/sdk/esp32s3/include/esp-dl/include/nn -I/home/franstein/.platformio/packages/framework-arduinoespressif32@src-537c58760dafe7fcc8a1d9bbcf00b6f6/tools/sdk/esp32s3/include/esp-dl/include/layer -I/home/franstein/.platformio/packages/framework-arduinoespressif32@src-537c58760dafe7fcc8a1d9bbcf00b6f6/tools/sdk/esp32s3/include/esp-dl/include/detect -I/home/franstein/.platformio/packages/framework-arduinoespressif32@src-537c58760dafe7fcc8a1d9bbcf00b6f6/tools/sdk/esp32s3/include/esp-dl/include/model_zoo -I/home/franstein/.platformio/packages/framework-arduinoespressif32@src-537c58760dafe7fcc8a1d9bbcf00b6f6/tools/sdk/esp32s3/include/esp-sr/src/include -I/home/franstein/.platformio/packages/framework-arduinoespressif32@src-537c58760dafe7fcc8a1d9bbcf00b6f6/tools/sdk/esp32s3/include/esp-sr/esp-tts/esp_tts_chinese/include -I/home/franstein/.platformio/packages/framework-arduinoespressif32@src-537c58760dafe7fcc8a1d9bbcf00b6f6/tools/sdk/esp32s3/include/esp-sr/include/esp32s3 -I/home/franstein/.platformio/packages/framework-arduinoespressif32@src-537c58760dafe7fcc8a1d9bbcf00b6f6/tools/sdk/esp32s3/include/esp32-camera/driver/include -I/home/franstein/.platformio/packages/framework-arduinoespressif32@src-537c58760dafe7fcc8a1d9bbcf00b6f6/tools/sdk/esp32s3/include/esp32-camera/conversions/include -I/home/franstein/.platformio/packages/framework-arduinoespressif32@src-537c58760dafe7fcc8a1d9bbcf00b6f6/tools/sdk/esp32s3/include/fb_gfx/include -I/home/franstein/.platformio/packages/framework-arduinoespressif32@src-537c58760dafe7fcc8a1d9bbcf00b6f6/tools/sdk/esp32s3/qio_opi/include -I/home/franstein/.platformio/packages/framework-arduinoespressif32@src-537c58760dafe7fcc8a1d9bbcf00b6f6/cores/esp32 -I/home/franstein/.platformio/packages/framework-arduinoespressif32@src-537c58760dafe7fcc8a1d9bbcf00b6f6/variants/esp32s3 /home/franstein/.platformio/packages/framework-arduinoespressif32@src-537c58760dafe7fcc8a1d9bbcf00b6f6/cores/esp32/esp32-hal-ledc.c
xtensa-esp32s3-elf-gcc -o .pio/build/esp32/FrameworkArduino/esp32-hal-matrix.c.o -c -std=gnu99 -Wno-old-style-declaration -Os -mlongcalls -ffunction-sections -fdata-sections -Wno-error=unused-function -Wno-error=unused-variable -Wno-error=deprecated-declarations -Wno-unused-parameter -Wno-sign-compare -ggdb -freorder-blocks -Wwrite-strings -fstack-protector -fstrict-volatile-bitfields -Wno-error=unused-but-set-variable -fno-jump-tables -fno-tree-switch-conversion -MMD -DPLATFORMIO=60107 -DBOARD_HAS_PSRAM -DARDUINO_USB_MODE=1 -DARDUINO_USB_CDC_ON_BOOT=1 -DHAVE_CONFIG_H -DMBEDTLS_CONFIG_FILE=\"mbedtls/esp_config.h\" -DUNITY_INCLUDE_CONFIG_H -DWITH_POSIX -D_GNU_SOURCE -DIDF_VER=\"v4.4.3\" -DESP_PLATFORM -D_POSIX_READER_WRITER_LOCKS -DARDUINO_ARCH_ESP32 -DESP32 -DF_CPU=240000000L -DARDUINO=10812 -DARDUINO_VARIANT=\"esp32s3\" "-DARDUINO_BOARD=\"LILYGO T3-S3\"" -DARDUINO_PARTITION_default -I/home/franstein/.platformio/packages/framework-arduinoespressif32@src-537c58760dafe7fcc8a1d9bbcf00b6f6/tools/sdk/esp32s3/include/newlib/platform_include -I/home/franstein/.platformio/packages/framework-arduinoespressif32@src-537c58760dafe7fcc8a1d9bbcf00b6f6/tools/sdk/esp32s3/include/freertos/include -I/home/franstein/.platformio/packages/framework-arduinoespressif32@src-537c58760dafe7fcc8a1d9bbcf00b6f6/tools/sdk/esp32s3/include/freertos/include/esp_additions/freertos -I/home/franstein/.platformio/packages/framework-arduinoespressif32@src-537c58760dafe7fcc8a1d9bbcf00b6f6/tools/sdk/esp32s3/include/freertos/port/xtensa/include -I/home/franstein/.platformio/packages/framework-arduinoespressif32@src-537c58760dafe7fcc8a1d9bbcf00b6f6/tools/sdk/esp32s3/include/freertos/include/esp_additions -I/home/franstein/.platformio/packages/framework-arduinoespressif32@src-537c58760dafe7fcc8a1d9bbcf00b6f6/tools/sdk/esp32s3/include/esp_hw_support/include -I/home/franstein/.platformio/packages/framework-arduinoespressif32@src-537c58760dafe7fcc8a1d9bbcf00b6f6/tools/sdk/esp32s3/include/esp_hw_support/include/soc -I/home/franstein/.platformio/packages/framework-arduinoespressif32@src-537c58760dafe7fcc8a1d9bbcf00b6f6/tools/sdk/esp32s3/include/esp_hw_support/include/soc/esp32s3 -I/home/franstein/.platformio/packages/framework-arduinoespressif32@src-537c58760dafe7fcc8a1d9bbcf00b6f6/tools/sdk/esp32s3/include/esp_hw_support/port/esp32s3 -I/home/franstein/.platformio/packages/framework-arduinoespressif32@src-537c58760dafe7fcc8a1d9bbcf00b6f6/tools/sdk/esp32s3/include/esp_hw_support/port/esp32s3/private_include -I/home/franstein/.platformio/packages/framework-arduinoespressif32@src-537c58760dafe7fcc8a1d9bbcf00b6f6/tools/sdk/esp32s3/include/heap/include -I/home/franstein/.platformio/packages/framework-arduinoespressif32@src-537c58760dafe7fcc8a1d9bbcf00b6f6/tools/sdk/esp32s3/include/log/include -I/home/franstein/.platformio/packages/framework-arduinoespressif32@src-537c58760dafe7fcc8a1d9bbcf00b6f6/tools/sdk/esp32s3/include/lwip/include/apps -I/home/franstein/.platformio/packages/framework-arduinoespressif32@src-537c58760dafe7fcc8a1d9bbcf00b6f6/tools/sdk/esp32s3/include/lwip/include/apps/sntp -I/home/franstein/.platformio/packages/framework-arduinoespressif32@src-537c58760dafe7fcc8a1d9bbcf00b6f6/tools/sdk/esp32s3/include/lwip/lwip/src/include -I/home/franstein/.platformio/packages/framework-arduinoespressif32@src-537c58760dafe7fcc8a1d9bbcf00b6f6/tools/sdk/esp32s3/include/lwip/port/esp32/include -I/home/franstein/.platformio/packages/framework-arduinoespressif32@src-537c58760dafe7fcc8a1d9bbcf00b6f6/tools/sdk/esp32s3/include/lwip/port/esp32/include/arch -I/home/franstein/.platformio/packages/framework-arduinoespressif32@src-537c58760dafe7fcc8a1d9bbcf00b6f6/tools/sdk/esp32s3/include/soc/include -I/home/franstein/.platformio/packages/framework-arduinoespressif32@src-537c58760dafe7fcc8a1d9bbcf00b6f6/tools/sdk/esp32s3/include/soc/esp32s3 -I/home/franstein/.platformio/packages/framework-arduinoespressif32@src-537c58760dafe7fcc8a1d9bbcf00b6f6/tools/sdk/esp32s3/include/soc/esp32s3/include -I/home/franstein/.platformio/packages/framework-arduinoespressif32@src-537c58760dafe7fcc8a1d9bbcf00b6f6/tools/sdk/esp32s3/include/hal/esp32s3/include -I/home/franstein/.platformio/packages/framework-arduinoespressif32@src-537c58760dafe7fcc8a1d9bbcf00b6f6/tools/sdk/esp32s3/include/hal/include -I/home/franstein/.platformio/packages/framework-arduinoespressif32@src-537c58760dafe7fcc8a1d9bbcf00b6f6/tools/sdk/esp32s3/include/hal/platform_port/include -I/home/franstein/.platformio/packages/framework-arduinoespressif32@src-537c58760dafe7fcc8a1d9bbcf00b6f6/tools/sdk/esp32s3/include/esp_rom/include -I/home/franstein/.platformio/packages/framework-arduinoespressif32@src-537c58760dafe7fcc8a1d9bbcf00b6f6/tools/sdk/esp32s3/include/esp_rom/include/esp32s3 -I/home/franstein/.platformio/packages/framework-arduinoespressif32@src-537c58760dafe7fcc8a1d9bbcf00b6f6/tools/sdk/esp32s3/include/esp_rom/esp32s3 -I/home/franstein/.platformio/packages/framework-arduinoespressif32@src-537c58760dafe7fcc8a1d9bbcf00b6f6/tools/sdk/esp32s3/include/esp_common/include -I/home/franstein/.platformio/packages/framework-arduinoespressif32@src-537c58760dafe7fcc8a1d9bbcf00b6f6/tools/sdk/esp32s3/include/esp_system/include -I/home/franstein/.platformio/packages/framework-arduinoespressif32@src-537c58760dafe7fcc8a1d9bbcf00b6f6/tools/sdk/esp32s3/include/esp_system/port/soc -I/home/franstein/.platformio/packages/framework-arduinoespressif32@src-537c58760dafe7fcc8a1d9bbcf00b6f6/tools/sdk/esp32s3/include/esp_system/port/public_compat -I/home/franstein/.platformio/packages/framework-arduinoespressif32@src-537c58760dafe7fcc8a1d9bbcf00b6f6/tools/sdk/esp32s3/include/xtensa/include -I/home/franstein/.platformio/packages/framework-arduinoespressif32@src-537c58760dafe7fcc8a1d9bbcf00b6f6/tools/sdk/esp32s3/include/xtensa/esp32s3/include -I/home/franstein/.platformio/packages/framework-arduinoespressif32@src-537c58760dafe7fcc8a1d9bbcf00b6f6/tools/sdk/esp32s3/include/driver/include -I/home/franstein/.platformio/packages/framework-arduinoespressif32@src-537c58760dafe7fcc8a1d9bbcf00b6f6/tools/sdk/esp32s3/include/driver/esp32s3/include -I/home/franstein/.platformio/packages/framework-arduinoespressif32@src-537c58760dafe7fcc8a1d9bbcf00b6f6/tools/sdk/esp32s3/include/esp_pm/include -I/home/franstein/.platformio/packages/framework-arduinoespressif32@src-537c58760dafe7fcc8a1d9bbcf00b6f6/tools/sdk/esp32s3/include/esp_ringbuf/include -I/home/franstein/.platformio/packages/framework-arduinoespressif32@src-537c58760dafe7fcc8a1d9bbcf00b6f6/tools/sdk/esp32s3/include/efuse/include -I/home/franstein/.platformio/packages/framework-arduinoespressif32@src-537c58760dafe7fcc8a1d9bbcf00b6f6/tools/sdk/esp32s3/include/efuse/esp32s3/include -I/home/franstein/.platformio/packages/framework-arduinoespressif32@src-537c58760dafe7fcc8a1d9bbcf00b6f6/tools/sdk/esp32s3/include/vfs/include -I/home/franstein/.platformio/packages/framework-arduinoespressif32@src-537c58760dafe7fcc8a1d9bbcf00b6f6/tools/sdk/esp32s3/include/esp_wifi/include -I/home/franstein/.platformio/packages/framework-arduinoespressif32@src-537c58760dafe7fcc8a1d9bbcf00b6f6/tools/sdk/esp32s3/include/esp_event/include -I/home/franstein/.platformio/packages/framework-arduinoespressif32@src-537c58760dafe7fcc8a1d9bbcf00b6f6/tools/sdk/esp32s3/include/esp_netif/include -I/home/franstein/.platformio/packages/framework-arduinoespressif32@src-537c58760dafe7fcc8a1d9bbcf00b6f6/tools/sdk/esp32s3/include/esp_eth/include -I/home/franstein/.platformio/packages/framework-arduinoespressif32@src-537c58760dafe7fcc8a1d9bbcf00b6f6/tools/sdk/esp32s3/include/tcpip_adapter/include -I/home/franstein/.platformio/packages/framework-arduinoespressif32@src-537c58760dafe7fcc8a1d9bbcf00b6f6/tools/sdk/esp32s3/include/esp_phy/include -I/home/franstein/.platformio/packages/framework-arduinoespressif32@src-537c58760dafe7fcc8a1d9bbcf00b6f6/tools/sdk/esp32s3/include/esp_phy/esp32s3/include -I/home/franstein/.platformio/packages/framework-arduinoespressif32@src-537c58760dafe7fcc8a1d9bbcf00b6f6/tools/sdk/esp32s3/include/esp_ipc/include -I/home/franstein/.platformio/packages/framework-arduinoespressif32@src-537c58760dafe7fcc8a1d9bbcf00b6f6/tools/sdk/esp32s3/include/app_trace/include -I/home/franstein/.platformio/packages/framework-arduinoespressif32@src-537c58760dafe7fcc8a1d9bbcf00b6f6/tools/sdk/esp32s3/include/esp_timer/include -I/home/franstein/.platformio/packages/framework-arduinoespressif32@src-537c58760dafe7fcc8a1d9bbcf00b6f6/tools/sdk/esp32s3/include/mbedtls/port/include -I/home/franstein/.platformio/packages/framework-arduinoespressif32@src-537c58760dafe7fcc8a1d9bbcf00b6f6/tools/sdk/esp32s3/include/mbedtls/mbedtls/include -I/home/franstein/.platformio/packages/framework-arduinoespressif32@src-537c58760dafe7fcc8a1d9bbcf00b6f6/tools/sdk/esp32s3/include/mbedtls/esp_crt_bundle/include -I/home/franstein/.platformio/packages/framework-arduinoespressif32@src-537c58760dafe7fcc8a1d9bbcf00b6f6/tools/sdk/esp32s3/include/app_update/include -I/home/franstein/.platformio/packages/framework-arduinoespressif32@src-537c58760dafe7fcc8a1d9bbcf00b6f6/tools/sdk/esp32s3/include/spi_flash/include -I/home/franstein/.platformio/packages/framework-arduinoespressif32@src-537c58760dafe7fcc8a1d9bbcf00b6f6/tools/sdk/esp32s3/include/bootloader_support/include -I/home/franstein/.platformio/packages/framework-arduinoespressif32@src-537c58760dafe7fcc8a1d9bbcf00b6f6/tools/sdk/esp32s3/include/nvs_flash/include -I/home/franstein/.platformio/packages/framework-arduinoespressif32@src-537c58760dafe7fcc8a1d9bbcf00b6f6/tools/sdk/esp32s3/include/pthread/include -I/home/franstein/.platformio/packages/framework-arduinoespressif32@src-537c58760dafe7fcc8a1d9bbcf00b6f6/tools/sdk/esp32s3/include/esp_gdbstub/include -I/home/franstein/.platformio/packages/framework-arduinoespressif32@src-537c58760dafe7fcc8a1d9bbcf00b6f6/tools/sdk/esp32s3/include/esp_gdbstub/xtensa -I/home/franstein/.platformio/packages/framework-arduinoespressif32@src-537c58760dafe7fcc8a1d9bbcf00b6f6/tools/sdk/esp32s3/include/esp_gdbstub/esp32s3 -I/home/franstein/.platformio/packages/framework-arduinoespressif32@src-537c58760dafe7fcc8a1d9bbcf00b6f6/tools/sdk/esp32s3/include/espcoredump/include -I/home/franstein/.platformio/packages/framework-arduinoespressif32@src-537c58760dafe7fcc8a1d9bbcf00b6f6/tools/sdk/esp32s3/include/espcoredump/include/port/xtensa -I/home/franstein/.platformio/packages/framework-arduinoespressif32@src-537c58760dafe7fcc8a1d9bbcf00b6f6/tools/sdk/esp32s3/include/wpa_supplicant/include -I/home/franstein/.platformio/packages/framework-arduinoespressif32@src-537c58760dafe7fcc8a1d9bbcf00b6f6/tools/sdk/esp32s3/include/wpa_supplicant/port/include -I/home/franstein/.platformio/packages/framework-arduinoespressif32@src-537c58760dafe7fcc8a1d9bbcf00b6f6/tools/sdk/esp32s3/include/wpa_supplicant/esp_supplicant/include -I/home/franstein/.platformio/packages/framework-arduinoespressif32@src-537c58760dafe7fcc8a1d9bbcf00b6f6/tools/sdk/esp32s3/include/ieee802154/include -I/home/franstein/.platformio/packages/framework-arduinoespressif32@src-537c58760dafe7fcc8a1d9bbcf00b6f6/tools/sdk/esp32s3/include/console -I/home/franstein/.platformio/packages/framework-arduinoespressif32@src-537c58760dafe7fcc8a1d9bbcf00b6f6/tools/sdk/esp32s3/include/asio/asio/asio/include -I/home/franstein/.platformio/packages/framework-arduinoespressif32@src-537c58760dafe7fcc8a1d9bbcf00b6f6/tools/sdk/esp32s3/include/asio/port/include -I/home/franstein/.platformio/packages/framework-arduinoespressif32@src-537c58760dafe7fcc8a1d9bbcf00b6f6/tools/sdk/esp32s3/include/bt/common/osi/include -I/home/franstein/.platformio/packages/framework-arduinoespressif32@src-537c58760dafe7fcc8a1d9bbcf00b6f6/tools/sdk/esp32s3/include/bt/include/esp32s3/include -I/home/franstein/.platformio/packages/framework-arduinoespressif32@src-537c58760dafe7fcc8a1d9bbcf00b6f6/tools/sdk/esp32s3/include/bt/common/api/include/api -I/home/franstein/.platformio/packages/framework-arduinoespressif32@src-537c58760dafe7fcc8a1d9bbcf00b6f6/tools/sdk/esp32s3/include/bt/common/btc/profile/esp/blufi/include -I/home/franstein/.platformio/packages/framework-arduinoespressif32@src-537c58760dafe7fcc8a1d9bbcf00b6f6/tools/sdk/esp32s3/include/bt/common/btc/profile/esp/include -I/home/franstein/.platformio/packages/framework-arduinoespressif32@src-537c58760dafe7fcc8a1d9bbcf00b6f6/tools/sdk/esp32s3/include/bt/host/bluedroid/api/include/api -I/home/franstein/.platformio/packages/framework-arduinoespressif32@src-537c58760dafe7fcc8a1d9bbcf00b6f6/tools/sdk/esp32s3/include/bt/esp_ble_mesh/mesh_common/include -I/home/franstein/.platformio/packages/framework-arduinoespressif32@src-537c58760dafe7fcc8a1d9bbcf00b6f6/tools/sdk/esp32s3/include/bt/esp_ble_mesh/mesh_common/tinycrypt/include -I/home/franstein/.platformio/packages/framework-arduinoespressif32@src-537c58760dafe7fcc8a1d9bbcf00b6f6/tools/sdk/esp32s3/include/bt/esp_ble_mesh/mesh_core -I/home/franstein/.platformio/packages/framework-arduinoespressif32@src-537c58760dafe7fcc8a1d9bbcf00b6f6/tools/sdk/esp32s3/include/bt/esp_ble_mesh/mesh_core/include -I/home/franstein/.platformio/packages/framework-arduinoespressif32@src-537c58760dafe7fcc8a1d9bbcf00b6f6/tools/sdk/esp32s3/include/bt/esp_ble_mesh/mesh_core/storage -I/home/franstein/.platformio/packages/framework-arduinoespressif32@src-537c58760dafe7fcc8a1d9bbcf00b6f6/tools/sdk/esp32s3/include/bt/esp_ble_mesh/btc/include -I/home/franstein/.platformio/packages/framework-arduinoespressif32@src-537c58760dafe7fcc8a1d9bbcf00b6f6/tools/sdk/esp32s3/include/bt/esp_ble_mesh/mesh_models/common/include -I/home/franstein/.platformio/packages/framework-arduinoespressif32@src-537c58760dafe7fcc8a1d9bbcf00b6f6/tools/sdk/esp32s3/include/bt/esp_ble_mesh/mesh_models/client/include -I/home/franstein/.platformio/packages/framework-arduinoespressif32@src-537c58760dafe7fcc8a1d9bbcf00b6f6/tools/sdk/esp32s3/include/bt/esp_ble_mesh/mesh_models/server/include -I/home/franstein/.platformio/packages/framework-arduinoespressif32@src-537c58760dafe7fcc8a1d9bbcf00b6f6/tools/sdk/esp32s3/include/bt/esp_ble_mesh/api/core/include -I/home/franstein/.platformio/packages/framework-arduinoespressif32@src-537c58760dafe7fcc8a1d9bbcf00b6f6/tools/sdk/esp32s3/include/bt/esp_ble_mesh/api/models/include -I/home/franstein/.platformio/packages/framework-arduinoespressif32@src-537c58760dafe7fcc8a1d9bbcf00b6f6/tools/sdk/esp32s3/include/bt/esp_ble_mesh/api -I/home/franstein/.platformio/packages/framework-arduinoespressif32@src-537c58760dafe7fcc8a1d9bbcf00b6f6/tools/sdk/esp32s3/include/cbor/port/include -I/home/franstein/.platformio/packages/framework-arduinoespressif32@src-537c58760dafe7fcc8a1d9bbcf00b6f6/tools/sdk/esp32s3/include/unity/include -I/home/franstein/.platformio/packages/framework-arduinoespressif32@src-537c58760dafe7fcc8a1d9bbcf00b6f6/tools/sdk/esp32s3/include/unity/unity/src -I/home/franstein/.platformio/packages/framework-arduinoespressif32@src-537c58760dafe7fcc8a1d9bbcf00b6f6/tools/sdk/esp32s3/include/cmock/CMock/src -I/home/franstein/.platformio/packages/framework-arduinoespressif32@src-537c58760dafe7fcc8a1d9bbcf00b6f6/tools/sdk/esp32s3/include/coap/port/include -I/home/franstein/.platformio/packages/framework-arduinoespressif32@src-537c58760dafe7fcc8a1d9bbcf00b6f6/tools/sdk/esp32s3/include/coap/libcoap/include -I/home/franstein/.platformio/packages/framework-arduinoespressif32@src-537c58760dafe7fcc8a1d9bbcf00b6f6/tools/sdk/esp32s3/include/nghttp/port/include -I/home/franstein/.platformio/packages/framework-arduinoespressif32@src-537c58760dafe7fcc8a1d9bbcf00b6f6/tools/sdk/esp32s3/include/nghttp/nghttp2/lib/includes -I/home/franstein/.platformio/packages/framework-arduinoespressif32@src-537c58760dafe7fcc8a1d9bbcf00b6f6/tools/sdk/esp32s3/include/esp-tls -I/home/franstein/.platformio/packages/framework-arduinoespressif32@src-537c58760dafe7fcc8a1d9bbcf00b6f6/tools/sdk/esp32s3/include/esp-tls/esp-tls-crypto -I/home/franstein/.platformio/packages/framework-arduinoespressif32@src-537c58760dafe7fcc8a1d9bbcf00b6f6/tools/sdk/esp32s3/include/esp_adc_cal/include -I/home/franstein/.platformio/packages/framework-arduinoespressif32@src-537c58760dafe7fcc8a1d9bbcf00b6f6/tools/sdk/esp32s3/include/esp_hid/include -I/home/franstein/.platformio/packages/framework-arduinoespressif32@src-537c58760dafe7fcc8a1d9bbcf00b6f6/tools/sdk/esp32s3/include/tcp_transport/include -I/home/franstein/.platformio/packages/framework-arduinoespressif32@src-537c58760dafe7fcc8a1d9bbcf00b6f6/tools/sdk/esp32s3/include/esp_http_client/include -I/home/franstein/.platformio/packages/framework-arduinoespressif32@src-537c58760dafe7fcc8a1d9bbcf00b6f6/tools/sdk/esp32s3/include/esp_http_server/include -I/home/franstein/.platformio/packages/framework-arduinoespressif32@src-537c58760dafe7fcc8a1d9bbcf00b6f6/tools/sdk/esp32s3/include/esp_https_ota/include -I/home/franstein/.platformio/packages/framework-arduinoespressif32@src-537c58760dafe7fcc8a1d9bbcf00b6f6/tools/sdk/esp32s3/include/esp_https_server/include -I/home/franstein/.platformio/packages/framework-arduinoespressif32@src-537c58760dafe7fcc8a1d9bbcf00b6f6/tools/sdk/esp32s3/include/esp_lcd/include -I/home/franstein/.platformio/packages/framework-arduinoespressif32@src-537c58760dafe7fcc8a1d9bbcf00b6f6/tools/sdk/esp32s3/include/esp_lcd/interface -I/home/franstein/.platformio/packages/framework-arduinoespressif32@src-537c58760dafe7fcc8a1d9bbcf00b6f6/tools/sdk/esp32s3/include/protobuf-c/protobuf-c -I/home/franstein/.platformio/packages/framework-arduinoespressif32@src-537c58760dafe7fcc8a1d9bbcf00b6f6/tools/sdk/esp32s3/include/protocomm/include/common -I/home/franstein/.platformio/packages/framework-arduinoespressif32@src-537c58760dafe7fcc8a1d9bbcf00b6f6/tools/sdk/esp32s3/include/protocomm/include/security -I/home/franstein/.platformio/packages/framework-arduinoespressif32@src-537c58760dafe7fcc8a1d9bbcf00b6f6/tools/sdk/esp32s3/include/protocomm/include/transports -I/home/franstein/.platformio/packages/framework-arduinoespressif32@src-537c58760dafe7fcc8a1d9bbcf00b6f6/tools/sdk/esp32s3/include/mdns/include -I/home/franstein/.platformio/packages/framework-arduinoespressif32@src-537c58760dafe7fcc8a1d9bbcf00b6f6/tools/sdk/esp32s3/include/esp_local_ctrl/include -I/home/franstein/.platformio/packages/framework-arduinoespressif32@src-537c58760dafe7fcc8a1d9bbcf00b6f6/tools/sdk/esp32s3/include/sdmmc/include -I/home/franstein/.platformio/packages/framework-arduinoespressif32@src-537c58760dafe7fcc8a1d9bbcf00b6f6/tools/sdk/esp32s3/include/esp_serial_slave_link/include -I/home/franstein/.platformio/packages/framework-arduinoespressif32@src-537c58760dafe7fcc8a1d9bbcf00b6f6/tools/sdk/esp32s3/include/esp_websocket_client/include -I/home/franstein/.platformio/packages/framework-arduinoespressif32@src-537c58760dafe7fcc8a1d9bbcf00b6f6/tools/sdk/esp32s3/include/expat/expat/expat/lib -I/home/franstein/.platformio/packages/framework-arduinoespressif32@src-537c58760dafe7fcc8a1d9bbcf00b6f6/tools/sdk/esp32s3/include/expat/port/include -I/home/franstein/.platformio/packages/framework-arduinoespressif32@src-537c58760dafe7fcc8a1d9bbcf00b6f6/tools/sdk/esp32s3/include/wear_levelling/include -I/home/franstein/.platformio/packages/framework-arduinoespressif32@src-537c58760dafe7fcc8a1d9bbcf00b6f6/tools/sdk/esp32s3/include/fatfs/diskio -I/home/franstein/.platformio/packages/framework-arduinoespressif32@src-537c58760dafe7fcc8a1d9bbcf00b6f6/tools/sdk/esp32s3/include/fatfs/vfs -I/home/franstein/.platformio/packages/framework-arduinoespressif32@src-537c58760dafe7fcc8a1d9bbcf00b6f6/tools/sdk/esp32s3/include/fatfs/src -I/home/franstein/.platformio/packages/framework-arduinoespressif32@src-537c58760dafe7fcc8a1d9bbcf00b6f6/tools/sdk/esp32s3/include/freemodbus/common/include -I/home/franstein/.platformio/packages/framework-arduinoespressif32@src-537c58760dafe7fcc8a1d9bbcf00b6f6/tools/sdk/esp32s3/include/idf_test/include -I/home/franstein/.platformio/packages/framework-arduinoespressif32@src-537c58760dafe7fcc8a1d9bbcf00b6f6/tools/sdk/esp32s3/include/idf_test/include/esp32s3 -I/home/franstein/.platformio/packages/framework-arduinoespressif32@src-537c58760dafe7fcc8a1d9bbcf00b6f6/tools/sdk/esp32s3/include/jsmn/include -I/home/franstein/.platformio/packages/framework-arduinoespressif32@src-537c58760dafe7fcc8a1d9bbcf00b6f6/tools/sdk/esp32s3/include/json/cJSON -I/home/franstein/.platformio/packages/framework-arduinoespressif32@src-537c58760dafe7fcc8a1d9bbcf00b6f6/tools/sdk/esp32s3/include/libsodium/libsodium/src/libsodium/include -I/home/franstein/.platformio/packages/framework-arduinoespressif32@src-537c58760dafe7fcc8a1d9bbcf00b6f6/tools/sdk/esp32s3/include/libsodium/port_include -I/home/franstein/.platformio/packages/framework-arduinoespressif32@src-537c58760dafe7fcc8a1d9bbcf00b6f6/tools/sdk/esp32s3/include/mqtt/esp-mqtt/include -I/home/franstein/.platformio/packages/framework-arduinoespressif32@src-537c58760dafe7fcc8a1d9bbcf00b6f6/tools/sdk/esp32s3/include/openssl/include -I/home/franstein/.platformio/packages/framework-arduinoespressif32@src-537c58760dafe7fcc8a1d9bbcf00b6f6/tools/sdk/esp32s3/include/perfmon/include -I/home/franstein/.platformio/packages/framework-arduinoespressif32@src-537c58760dafe7fcc8a1d9bbcf00b6f6/tools/sdk/esp32s3/include/spiffs/include -I/home/franstein/.platformio/packages/framework-arduinoespressif32@src-537c58760dafe7fcc8a1d9bbcf00b6f6/tools/sdk/esp32s3/include/usb/include -I/home/franstein/.platformio/packages/framework-arduinoespressif32@src-537c58760dafe7fcc8a1d9bbcf00b6f6/tools/sdk/esp32s3/include/ulp/include -I/home/franstein/.platformio/packages/framework-arduinoespressif32@src-537c58760dafe7fcc8a1d9bbcf00b6f6/tools/sdk/esp32s3/include/wifi_provisioning/include -I/home/franstein/.platformio/packages/framework-arduinoespressif32@src-537c58760dafe7fcc8a1d9bbcf00b6f6/tools/sdk/esp32s3/include/rmaker_common/include -I/home/franstein/.platformio/packages/framework-arduinoespressif32@src-537c58760dafe7fcc8a1d9bbcf00b6f6/tools/sdk/esp32s3/include/json_parser/upstream/include -I/home/franstein/.platformio/packages/framework-arduinoespressif32@src-537c58760dafe7fcc8a1d9bbcf00b6f6/tools/sdk/esp32s3/include/json_parser/upstream -I/home/franstein/.platformio/packages/framework-arduinoespressif32@src-537c58760dafe7fcc8a1d9bbcf00b6f6/tools/sdk/esp32s3/include/json_generator/upstream -I/home/franstein/.platformio/packages/framework-arduinoespressif32@src-537c58760dafe7fcc8a1d9bbcf00b6f6/tools/sdk/esp32s3/include/esp_schedule/include -I/home/franstein/.platformio/packages/framework-arduinoespressif32@src-537c58760dafe7fcc8a1d9bbcf00b6f6/tools/sdk/esp32s3/include/esp_rainmaker/include -I/home/franstein/.platformio/packages/framework-arduinoespressif32@src-537c58760dafe7fcc8a1d9bbcf00b6f6/tools/sdk/esp32s3/include/gpio_button/button/include -I/home/franstein/.platformio/packages/framework-arduinoespressif32@src-537c58760dafe7fcc8a1d9bbcf00b6f6/tools/sdk/esp32s3/include/qrcode/include -I/home/franstein/.platformio/packages/framework-arduinoespressif32@src-537c58760dafe7fcc8a1d9bbcf00b6f6/tools/sdk/esp32s3/include/ws2812_led -I/home/franstein/.platformio/packages/framework-arduinoespressif32@src-537c58760dafe7fcc8a1d9bbcf00b6f6/tools/sdk/esp32s3/include/esp_diagnostics/include -I/home/franstein/.platformio/packages/framework-arduinoespressif32@src-537c58760dafe7fcc8a1d9bbcf00b6f6/tools/sdk/esp32s3/include/rtc_store/include -I/home/franstein/.platformio/packages/framework-arduinoespressif32@src-537c58760dafe7fcc8a1d9bbcf00b6f6/tools/sdk/esp32s3/include/esp_insights/include -I/home/franstein/.platformio/packages/framework-arduinoespressif32@src-537c58760dafe7fcc8a1d9bbcf00b6f6/tools/sdk/esp32s3/include/esp-dsp/modules/dotprod/include -I/home/franstein/.platformio/packages/framework-arduinoespressif32@src-537c58760dafe7fcc8a1d9bbcf00b6f6/tools/sdk/esp32s3/include/esp-dsp/modules/support/include -I/home/franstein/.platformio/packages/framework-arduinoespressif32@src-537c58760dafe7fcc8a1d9bbcf00b6f6/tools/sdk/esp32s3/include/esp-dsp/modules/windows/include -I/home/franstein/.platformio/packages/framework-arduinoespressif32@src-537c58760dafe7fcc8a1d9bbcf00b6f6/tools/sdk/esp32s3/include/esp-dsp/modules/windows/hann/include -I/home/franstein/.platformio/packages/framework-arduinoespressif32@src-537c58760dafe7fcc8a1d9bbcf00b6f6/tools/sdk/esp32s3/include/esp-dsp/modules/windows/blackman/include -I/home/franstein/.platformio/packages/framework-arduinoespressif32@src-537c58760dafe7fcc8a1d9bbcf00b6f6/tools/sdk/esp32s3/include/esp-dsp/modules/windows/blackman_harris/include -I/home/franstein/.platformio/packages/framework-arduinoespressif32@src-537c58760dafe7fcc8a1d9bbcf00b6f6/tools/sdk/esp32s3/include/esp-dsp/modules/windows/blackman_nuttall/include -I/home/franstein/.platformio/packages/framework-arduinoespressif32@src-537c58760dafe7fcc8a1d9bbcf00b6f6/tools/sdk/esp32s3/include/esp-dsp/modules/windows/nuttall/include -I/home/franstein/.platformio/packages/framework-arduinoespressif32@src-537c58760dafe7fcc8a1d9bbcf00b6f6/tools/sdk/esp32s3/include/esp-dsp/modules/windows/flat_top/include -I/home/franstein/.platformio/packages/framework-arduinoespressif32@src-537c58760dafe7fcc8a1d9bbcf00b6f6/tools/sdk/esp32s3/include/esp-dsp/modules/iir/include -I/home/franstein/.platformio/packages/framework-arduinoespressif32@src-537c58760dafe7fcc8a1d9bbcf00b6f6/tools/sdk/esp32s3/include/esp-dsp/modules/fir/include -I/home/franstein/.platformio/packages/framework-arduinoespressif32@src-537c58760dafe7fcc8a1d9bbcf00b6f6/tools/sdk/esp32s3/include/esp-dsp/modules/math/include -I/home/franstein/.platformio/packages/framework-arduinoespressif32@src-537c58760dafe7fcc8a1d9bbcf00b6f6/tools/sdk/esp32s3/include/esp-dsp/modules/math/add/include -I/home/franstein/.platformio/packages/framework-arduinoespressif32@src-537c58760dafe7fcc8a1d9bbcf00b6f6/tools/sdk/esp32s3/include/esp-dsp/modules/math/sub/include -I/home/franstein/.platformio/packages/framework-arduinoespressif32@src-537c58760dafe7fcc8a1d9bbcf00b6f6/tools/sdk/esp32s3/include/esp-dsp/modules/math/mul/include -I/home/franstein/.platformio/packages/framework-arduinoespressif32@src-537c58760dafe7fcc8a1d9bbcf00b6f6/tools/sdk/esp32s3/include/esp-dsp/modules/math/addc/include -I/home/franstein/.platformio/packages/framework-arduinoespressif32@src-537c58760dafe7fcc8a1d9bbcf00b6f6/tools/sdk/esp32s3/include/esp-dsp/modules/math/mulc/include -I/home/franstein/.platformio/packages/framework-arduinoespressif32@src-537c58760dafe7fcc8a1d9bbcf00b6f6/tools/sdk/esp32s3/include/esp-dsp/modules/math/sqrt/include -I/home/franstein/.platformio/packages/framework-arduinoespressif32@src-537c58760dafe7fcc8a1d9bbcf00b6f6/tools/sdk/esp32s3/include/esp-dsp/modules/matrix/include -I/home/franstein/.platformio/packages/framework-arduinoespressif32@src-537c58760dafe7fcc8a1d9bbcf00b6f6/tools/sdk/esp32s3/include/esp-dsp/modules/fft/include -I/home/franstein/.platformio/packages/framework-arduinoespressif32@src-537c58760dafe7fcc8a1d9bbcf00b6f6/tools/sdk/esp32s3/include/esp-dsp/modules/dct/include -I/home/franstein/.platformio/packages/framework-arduinoespressif32@src-537c58760dafe7fcc8a1d9bbcf00b6f6/tools/sdk/esp32s3/include/esp-dsp/modules/conv/include -I/home/franstein/.platformio/packages/framework-arduinoespressif32@src-537c58760dafe7fcc8a1d9bbcf00b6f6/tools/sdk/esp32s3/include/esp-dsp/modules/common/include -I/home/franstein/.platformio/packages/framework-arduinoespressif32@src-537c58760dafe7fcc8a1d9bbcf00b6f6/tools/sdk/esp32s3/include/esp-dsp/modules/kalman/ekf/include -I/home/franstein/.platformio/packages/framework-arduinoespressif32@src-537c58760dafe7fcc8a1d9bbcf00b6f6/tools/sdk/esp32s3/include/esp-dsp/modules/kalman/ekf_imu13states/include -I/home/franstein/.platformio/packages/framework-arduinoespressif32@src-537c58760dafe7fcc8a1d9bbcf00b6f6/tools/sdk/esp32s3/include/freertos/include/freertos -I/home/franstein/.platformio/packages/framework-arduinoespressif32@src-537c58760dafe7fcc8a1d9bbcf00b6f6/tools/sdk/esp32s3/include/arduino_tinyusb/tinyusb/src -I/home/franstein/.platformio/packages/framework-arduinoespressif32@src-537c58760dafe7fcc8a1d9bbcf00b6f6/tools/sdk/esp32s3/include/arduino_tinyusb/include -I/home/franstein/.platformio/packages/framework-arduinoespressif32@src-537c58760dafe7fcc8a1d9bbcf00b6f6/tools/sdk/esp32s3/include/esp_littlefs/include -I/home/franstein/.platformio/packages/framework-arduinoespressif32@src-537c58760dafe7fcc8a1d9bbcf00b6f6/tools/sdk/esp32s3/include/esp-dl/include -I/home/franstein/.platformio/packages/framework-arduinoespressif32@src-537c58760dafe7fcc8a1d9bbcf00b6f6/tools/sdk/esp32s3/include/esp-dl/include/tool -I/home/franstein/.platformio/packages/framework-arduinoespressif32@src-537c58760dafe7fcc8a1d9bbcf00b6f6/tools/sdk/esp32s3/include/esp-dl/include/typedef -I/home/franstein/.platformio/packages/framework-arduinoespressif32@src-537c58760dafe7fcc8a1d9bbcf00b6f6/tools/sdk/esp32s3/include/esp-dl/include/image -I/home/franstein/.platformio/packages/framework-arduinoespressif32@src-537c58760dafe7fcc8a1d9bbcf00b6f6/tools/sdk/esp32s3/include/esp-dl/include/math -I/home/franstein/.platformio/packages/framework-arduinoespressif32@src-537c58760dafe7fcc8a1d9bbcf00b6f6/tools/sdk/esp32s3/include/esp-dl/include/nn -I/home/franstein/.platformio/packages/framework-arduinoespressif32@src-537c58760dafe7fcc8a1d9bbcf00b6f6/tools/sdk/esp32s3/include/esp-dl/include/layer -I/home/franstein/.platformio/packages/framework-arduinoespressif32@src-537c58760dafe7fcc8a1d9bbcf00b6f6/tools/sdk/esp32s3/include/esp-dl/include/detect -I/home/franstein/.platformio/packages/framework-arduinoespressif32@src-537c58760dafe7fcc8a1d9bbcf00b6f6/tools/sdk/esp32s3/include/esp-dl/include/model_zoo -I/home/franstein/.platformio/packages/framework-arduinoespressif32@src-537c58760dafe7fcc8a1d9bbcf00b6f6/tools/sdk/esp32s3/include/esp-sr/src/include -I/home/franstein/.platformio/packages/framework-arduinoespressif32@src-537c58760dafe7fcc8a1d9bbcf00b6f6/tools/sdk/esp32s3/include/esp-sr/esp-tts/esp_tts_chinese/include -I/home/franstein/.platformio/packages/framework-arduinoespressif32@src-537c58760dafe7fcc8a1d9bbcf00b6f6/tools/sdk/esp32s3/include/esp-sr/include/esp32s3 -I/home/franstein/.platformio/packages/framework-arduinoespressif32@src-537c58760dafe7fcc8a1d9bbcf00b6f6/tools/sdk/esp32s3/include/esp32-camera/driver/include -I/home/franstein/.platformio/packages/framework-arduinoespressif32@src-537c58760dafe7fcc8a1d9bbcf00b6f6/tools/sdk/esp32s3/include/esp32-camera/conversions/include -I/home/franstein/.platformio/packages/framework-arduinoespressif32@src-537c58760dafe7fcc8a1d9bbcf00b6f6/tools/sdk/esp32s3/include/fb_gfx/include -I/home/franstein/.platformio/packages/framework-arduinoespressif32@src-537c58760dafe7fcc8a1d9bbcf00b6f6/tools/sdk/esp32s3/qio_opi/include -I/home/franstein/.platformio/packages/framework-arduinoespressif32@src-537c58760dafe7fcc8a1d9bbcf00b6f6/cores/esp32 -I/home/franstein/.platformio/packages/framework-arduinoespressif32@src-537c58760dafe7fcc8a1d9bbcf00b6f6/variants/esp32s3 /home/franstein/.platformio/packages/framework-arduinoespressif32@src-537c58760dafe7fcc8a1d9bbcf00b6f6/cores/esp32/esp32-hal-matrix.c
xtensa-esp32s3-elf-gcc -o .pio/build/esp32/FrameworkArduino/esp32-hal-misc.c.o -c -std=gnu99 -Wno-old-style-declaration -Os -mlongcalls -ffunction-sections -fdata-sections -Wno-error=unused-function -Wno-error=unused-variable -Wno-error=deprecated-declarations -Wno-unused-parameter -Wno-sign-compare -ggdb -freorder-blocks -Wwrite-strings -fstack-protector -fstrict-volatile-bitfields -Wno-error=unused-but-set-variable -fno-jump-tables -fno-tree-switch-conversion -MMD -DPLATFORMIO=60107 -DBOARD_HAS_PSRAM -DARDUINO_USB_MODE=1 -DARDUINO_USB_CDC_ON_BOOT=1 -DHAVE_CONFIG_H -DMBEDTLS_CONFIG_FILE=\"mbedtls/esp_config.h\" -DUNITY_INCLUDE_CONFIG_H -DWITH_POSIX -D_GNU_SOURCE -DIDF_VER=\"v4.4.3\" -DESP_PLATFORM -D_POSIX_READER_WRITER_LOCKS -DARDUINO_ARCH_ESP32 -DESP32 -DF_CPU=240000000L -DARDUINO=10812 -DARDUINO_VARIANT=\"esp32s3\" "-DARDUINO_BOARD=\"LILYGO T3-S3\"" -DARDUINO_PARTITION_default -I/home/franstein/.platformio/packages/framework-arduinoespressif32@src-537c58760dafe7fcc8a1d9bbcf00b6f6/tools/sdk/esp32s3/include/newlib/platform_include -I/home/franstein/.platformio/packages/framework-arduinoespressif32@src-537c58760dafe7fcc8a1d9bbcf00b6f6/tools/sdk/esp32s3/include/freertos/include -I/home/franstein/.platformio/packages/framework-arduinoespressif32@src-537c58760dafe7fcc8a1d9bbcf00b6f6/tools/sdk/esp32s3/include/freertos/include/esp_additions/freertos -I/home/franstein/.platformio/packages/framework-arduinoespressif32@src-537c58760dafe7fcc8a1d9bbcf00b6f6/tools/sdk/esp32s3/include/freertos/port/xtensa/include -I/home/franstein/.platformio/packages/framework-arduinoespressif32@src-537c58760dafe7fcc8a1d9bbcf00b6f6/tools/sdk/esp32s3/include/freertos/include/esp_additions -I/home/franstein/.platformio/packages/framework-arduinoespressif32@src-537c58760dafe7fcc8a1d9bbcf00b6f6/tools/sdk/esp32s3/include/esp_hw_support/include -I/home/franstein/.platformio/packages/framework-arduinoespressif32@src-537c58760dafe7fcc8a1d9bbcf00b6f6/tools/sdk/esp32s3/include/esp_hw_support/include/soc -I/home/franstein/.platformio/packages/framework-arduinoespressif32@src-537c58760dafe7fcc8a1d9bbcf00b6f6/tools/sdk/esp32s3/include/esp_hw_support/include/soc/esp32s3 -I/home/franstein/.platformio/packages/framework-arduinoespressif32@src-537c58760dafe7fcc8a1d9bbcf00b6f6/tools/sdk/esp32s3/include/esp_hw_support/port/esp32s3 -I/home/franstein/.platformio/packages/framework-arduinoespressif32@src-537c58760dafe7fcc8a1d9bbcf00b6f6/tools/sdk/esp32s3/include/esp_hw_support/port/esp32s3/private_include -I/home/franstein/.platformio/packages/framework-arduinoespressif32@src-537c58760dafe7fcc8a1d9bbcf00b6f6/tools/sdk/esp32s3/include/heap/include -I/home/franstein/.platformio/packages/framework-arduinoespressif32@src-537c58760dafe7fcc8a1d9bbcf00b6f6/tools/sdk/esp32s3/include/log/include -I/home/franstein/.platformio/packages/framework-arduinoespressif32@src-537c58760dafe7fcc8a1d9bbcf00b6f6/tools/sdk/esp32s3/include/lwip/include/apps -I/home/franstein/.platformio/packages/framework-arduinoespressif32@src-537c58760dafe7fcc8a1d9bbcf00b6f6/tools/sdk/esp32s3/include/lwip/include/apps/sntp -I/home/franstein/.platformio/packages/framework-arduinoespressif32@src-537c58760dafe7fcc8a1d9bbcf00b6f6/tools/sdk/esp32s3/include/lwip/lwip/src/include -I/home/franstein/.platformio/packages/framework-arduinoespressif32@src-537c58760dafe7fcc8a1d9bbcf00b6f6/tools/sdk/esp32s3/include/lwip/port/esp32/include -I/home/franstein/.platformio/packages/framework-arduinoespressif32@src-537c58760dafe7fcc8a1d9bbcf00b6f6/tools/sdk/esp32s3/include/lwip/port/esp32/include/arch -I/home/franstein/.platformio/packages/framework-arduinoespressif32@src-537c58760dafe7fcc8a1d9bbcf00b6f6/tools/sdk/esp32s3/include/soc/include -I/home/franstein/.platformio/packages/framework-arduinoespressif32@src-537c58760dafe7fcc8a1d9bbcf00b6f6/tools/sdk/esp32s3/include/soc/esp32s3 -I/home/franstein/.platformio/packages/framework-arduinoespressif32@src-537c58760dafe7fcc8a1d9bbcf00b6f6/tools/sdk/esp32s3/include/soc/esp32s3/include -I/home/franstein/.platformio/packages/framework-arduinoespressif32@src-537c58760dafe7fcc8a1d9bbcf00b6f6/tools/sdk/esp32s3/include/hal/esp32s3/include -I/home/franstein/.platformio/packages/framework-arduinoespressif32@src-537c58760dafe7fcc8a1d9bbcf00b6f6/tools/sdk/esp32s3/include/hal/include -I/home/franstein/.platformio/packages/framework-arduinoespressif32@src-537c58760dafe7fcc8a1d9bbcf00b6f6/tools/sdk/esp32s3/include/hal/platform_port/include -I/home/franstein/.platformio/packages/framework-arduinoespressif32@src-537c58760dafe7fcc8a1d9bbcf00b6f6/tools/sdk/esp32s3/include/esp_rom/include -I/home/franstein/.platformio/packages/framework-arduinoespressif32@src-537c58760dafe7fcc8a1d9bbcf00b6f6/tools/sdk/esp32s3/include/esp_rom/include/esp32s3 -I/home/franstein/.platformio/packages/framework-arduinoespressif32@src-537c58760dafe7fcc8a1d9bbcf00b6f6/tools/sdk/esp32s3/include/esp_rom/esp32s3 -I/home/franstein/.platformio/packages/framework-arduinoespressif32@src-537c58760dafe7fcc8a1d9bbcf00b6f6/tools/sdk/esp32s3/include/esp_common/include -I/home/franstein/.platformio/packages/framework-arduinoespressif32@src-537c58760dafe7fcc8a1d9bbcf00b6f6/tools/sdk/esp32s3/include/esp_system/include -I/home/franstein/.platformio/packages/framework-arduinoespressif32@src-537c58760dafe7fcc8a1d9bbcf00b6f6/tools/sdk/esp32s3/include/esp_system/port/soc -I/home/franstein/.platformio/packages/framework-arduinoespressif32@src-537c58760dafe7fcc8a1d9bbcf00b6f6/tools/sdk/esp32s3/include/esp_system/port/public_compat -I/home/franstein/.platformio/packages/framework-arduinoespressif32@src-537c58760dafe7fcc8a1d9bbcf00b6f6/tools/sdk/esp32s3/include/xtensa/include -I/home/franstein/.platformio/packages/framework-arduinoespressif32@src-537c58760dafe7fcc8a1d9bbcf00b6f6/tools/sdk/esp32s3/include/xtensa/esp32s3/include -I/home/franstein/.platformio/packages/framework-arduinoespressif32@src-537c58760dafe7fcc8a1d9bbcf00b6f6/tools/sdk/esp32s3/include/driver/include -I/home/franstein/.platformio/packages/framework-arduinoespressif32@src-537c58760dafe7fcc8a1d9bbcf00b6f6/tools/sdk/esp32s3/include/driver/esp32s3/include -I/home/franstein/.platformio/packages/framework-arduinoespressif32@src-537c58760dafe7fcc8a1d9bbcf00b6f6/tools/sdk/esp32s3/include/esp_pm/include -I/home/franstein/.platformio/packages/framework-arduinoespressif32@src-537c58760dafe7fcc8a1d9bbcf00b6f6/tools/sdk/esp32s3/include/esp_ringbuf/include -I/home/franstein/.platformio/packages/framework-arduinoespressif32@src-537c58760dafe7fcc8a1d9bbcf00b6f6/tools/sdk/esp32s3/include/efuse/include -I/home/franstein/.platformio/packages/framework-arduinoespressif32@src-537c58760dafe7fcc8a1d9bbcf00b6f6/tools/sdk/esp32s3/include/efuse/esp32s3/include -I/home/franstein/.platformio/packages/framework-arduinoespressif32@src-537c58760dafe7fcc8a1d9bbcf00b6f6/tools/sdk/esp32s3/include/vfs/include -I/home/franstein/.platformio/packages/framework-arduinoespressif32@src-537c58760dafe7fcc8a1d9bbcf00b6f6/tools/sdk/esp32s3/include/esp_wifi/include -I/home/franstein/.platformio/packages/framework-arduinoespressif32@src-537c58760dafe7fcc8a1d9bbcf00b6f6/tools/sdk/esp32s3/include/esp_event/include -I/home/franstein/.platformio/packages/framework-arduinoespressif32@src-537c58760dafe7fcc8a1d9bbcf00b6f6/tools/sdk/esp32s3/include/esp_netif/include -I/home/franstein/.platformio/packages/framework-arduinoespressif32@src-537c58760dafe7fcc8a1d9bbcf00b6f6/tools/sdk/esp32s3/include/esp_eth/include -I/home/franstein/.platformio/packages/framework-arduinoespressif32@src-537c58760dafe7fcc8a1d9bbcf00b6f6/tools/sdk/esp32s3/include/tcpip_adapter/include -I/home/franstein/.platformio/packages/framework-arduinoespressif32@src-537c58760dafe7fcc8a1d9bbcf00b6f6/tools/sdk/esp32s3/include/esp_phy/include -I/home/franstein/.platformio/packages/framework-arduinoespressif32@src-537c58760dafe7fcc8a1d9bbcf00b6f6/tools/sdk/esp32s3/include/esp_phy/esp32s3/include -I/home/franstein/.platformio/packages/framework-arduinoespressif32@src-537c58760dafe7fcc8a1d9bbcf00b6f6/tools/sdk/esp32s3/include/esp_ipc/include -I/home/franstein/.platformio/packages/framework-arduinoespressif32@src-537c58760dafe7fcc8a1d9bbcf00b6f6/tools/sdk/esp32s3/include/app_trace/include -I/home/franstein/.platformio/packages/framework-arduinoespressif32@src-537c58760dafe7fcc8a1d9bbcf00b6f6/tools/sdk/esp32s3/include/esp_timer/include -I/home/franstein/.platformio/packages/framework-arduinoespressif32@src-537c58760dafe7fcc8a1d9bbcf00b6f6/tools/sdk/esp32s3/include/mbedtls/port/include -I/home/franstein/.platformio/packages/framework-arduinoespressif32@src-537c58760dafe7fcc8a1d9bbcf00b6f6/tools/sdk/esp32s3/include/mbedtls/mbedtls/include -I/home/franstein/.platformio/packages/framework-arduinoespressif32@src-537c58760dafe7fcc8a1d9bbcf00b6f6/tools/sdk/esp32s3/include/mbedtls/esp_crt_bundle/include -I/home/franstein/.platformio/packages/framework-arduinoespressif32@src-537c58760dafe7fcc8a1d9bbcf00b6f6/tools/sdk/esp32s3/include/app_update/include -I/home/franstein/.platformio/packages/framework-arduinoespressif32@src-537c58760dafe7fcc8a1d9bbcf00b6f6/tools/sdk/esp32s3/include/spi_flash/include -I/home/franstein/.platformio/packages/framework-arduinoespressif32@src-537c58760dafe7fcc8a1d9bbcf00b6f6/tools/sdk/esp32s3/include/bootloader_support/include -I/home/franstein/.platformio/packages/framework-arduinoespressif32@src-537c58760dafe7fcc8a1d9bbcf00b6f6/tools/sdk/esp32s3/include/nvs_flash/include -I/home/franstein/.platformio/packages/framework-arduinoespressif32@src-537c58760dafe7fcc8a1d9bbcf00b6f6/tools/sdk/esp32s3/include/pthread/include -I/home/franstein/.platformio/packages/framework-arduinoespressif32@src-537c58760dafe7fcc8a1d9bbcf00b6f6/tools/sdk/esp32s3/include/esp_gdbstub/include -I/home/franstein/.platformio/packages/framework-arduinoespressif32@src-537c58760dafe7fcc8a1d9bbcf00b6f6/tools/sdk/esp32s3/include/esp_gdbstub/xtensa -I/home/franstein/.platformio/packages/framework-arduinoespressif32@src-537c58760dafe7fcc8a1d9bbcf00b6f6/tools/sdk/esp32s3/include/esp_gdbstub/esp32s3 -I/home/franstein/.platformio/packages/framework-arduinoespressif32@src-537c58760dafe7fcc8a1d9bbcf00b6f6/tools/sdk/esp32s3/include/espcoredump/include -I/home/franstein/.platformio/packages/framework-arduinoespressif32@src-537c58760dafe7fcc8a1d9bbcf00b6f6/tools/sdk/esp32s3/include/espcoredump/include/port/xtensa -I/home/franstein/.platformio/packages/framework-arduinoespressif32@src-537c58760dafe7fcc8a1d9bbcf00b6f6/tools/sdk/esp32s3/include/wpa_supplicant/include -I/home/franstein/.platformio/packages/framework-arduinoespressif32@src-537c58760dafe7fcc8a1d9bbcf00b6f6/tools/sdk/esp32s3/include/wpa_supplicant/port/include -I/home/franstein/.platformio/packages/framework-arduinoespressif32@src-537c58760dafe7fcc8a1d9bbcf00b6f6/tools/sdk/esp32s3/include/wpa_supplicant/esp_supplicant/include -I/home/franstein/.platformio/packages/framework-arduinoespressif32@src-537c58760dafe7fcc8a1d9bbcf00b6f6/tools/sdk/esp32s3/include/ieee802154/include -I/home/franstein/.platformio/packages/framework-arduinoespressif32@src-537c58760dafe7fcc8a1d9bbcf00b6f6/tools/sdk/esp32s3/include/console -I/home/franstein/.platformio/packages/framework-arduinoespressif32@src-537c58760dafe7fcc8a1d9bbcf00b6f6/tools/sdk/esp32s3/include/asio/asio/asio/include -I/home/franstein/.platformio/packages/framework-arduinoespressif32@src-537c58760dafe7fcc8a1d9bbcf00b6f6/tools/sdk/esp32s3/include/asio/port/include -I/home/franstein/.platformio/packages/framework-arduinoespressif32@src-537c58760dafe7fcc8a1d9bbcf00b6f6/tools/sdk/esp32s3/include/bt/common/osi/include -I/home/franstein/.platformio/packages/framework-arduinoespressif32@src-537c58760dafe7fcc8a1d9bbcf00b6f6/tools/sdk/esp32s3/include/bt/include/esp32s3/include -I/home/franstein/.platformio/packages/framework-arduinoespressif32@src-537c58760dafe7fcc8a1d9bbcf00b6f6/tools/sdk/esp32s3/include/bt/common/api/include/api -I/home/franstein/.platformio/packages/framework-arduinoespressif32@src-537c58760dafe7fcc8a1d9bbcf00b6f6/tools/sdk/esp32s3/include/bt/common/btc/profile/esp/blufi/include -I/home/franstein/.platformio/packages/framework-arduinoespressif32@src-537c58760dafe7fcc8a1d9bbcf00b6f6/tools/sdk/esp32s3/include/bt/common/btc/profile/esp/include -I/home/franstein/.platformio/packages/framework-arduinoespressif32@src-537c58760dafe7fcc8a1d9bbcf00b6f6/tools/sdk/esp32s3/include/bt/host/bluedroid/api/include/api -I/home/franstein/.platformio/packages/framework-arduinoespressif32@src-537c58760dafe7fcc8a1d9bbcf00b6f6/tools/sdk/esp32s3/include/bt/esp_ble_mesh/mesh_common/include -I/home/franstein/.platformio/packages/framework-arduinoespressif32@src-537c58760dafe7fcc8a1d9bbcf00b6f6/tools/sdk/esp32s3/include/bt/esp_ble_mesh/mesh_common/tinycrypt/include -I/home/franstein/.platformio/packages/framework-arduinoespressif32@src-537c58760dafe7fcc8a1d9bbcf00b6f6/tools/sdk/esp32s3/include/bt/esp_ble_mesh/mesh_core -I/home/franstein/.platformio/packages/framework-arduinoespressif32@src-537c58760dafe7fcc8a1d9bbcf00b6f6/tools/sdk/esp32s3/include/bt/esp_ble_mesh/mesh_core/include -I/home/franstein/.platformio/packages/framework-arduinoespressif32@src-537c58760dafe7fcc8a1d9bbcf00b6f6/tools/sdk/esp32s3/include/bt/esp_ble_mesh/mesh_core/storage -I/home/franstein/.platformio/packages/framework-arduinoespressif32@src-537c58760dafe7fcc8a1d9bbcf00b6f6/tools/sdk/esp32s3/include/bt/esp_ble_mesh/btc/include -I/home/franstein/.platformio/packages/framework-arduinoespressif32@src-537c58760dafe7fcc8a1d9bbcf00b6f6/tools/sdk/esp32s3/include/bt/esp_ble_mesh/mesh_models/common/include -I/home/franstein/.platformio/packages/framework-arduinoespressif32@src-537c58760dafe7fcc8a1d9bbcf00b6f6/tools/sdk/esp32s3/include/bt/esp_ble_mesh/mesh_models/client/include -I/home/franstein/.platformio/packages/framework-arduinoespressif32@src-537c58760dafe7fcc8a1d9bbcf00b6f6/tools/sdk/esp32s3/include/bt/esp_ble_mesh/mesh_models/server/include -I/home/franstein/.platformio/packages/framework-arduinoespressif32@src-537c58760dafe7fcc8a1d9bbcf00b6f6/tools/sdk/esp32s3/include/bt/esp_ble_mesh/api/core/include -I/home/franstein/.platformio/packages/framework-arduinoespressif32@src-537c58760dafe7fcc8a1d9bbcf00b6f6/tools/sdk/esp32s3/include/bt/esp_ble_mesh/api/models/include -I/home/franstein/.platformio/packages/framework-arduinoespressif32@src-537c58760dafe7fcc8a1d9bbcf00b6f6/tools/sdk/esp32s3/include/bt/esp_ble_mesh/api -I/home/franstein/.platformio/packages/framework-arduinoespressif32@src-537c58760dafe7fcc8a1d9bbcf00b6f6/tools/sdk/esp32s3/include/cbor/port/include -I/home/franstein/.platformio/packages/framework-arduinoespressif32@src-537c58760dafe7fcc8a1d9bbcf00b6f6/tools/sdk/esp32s3/include/unity/include -I/home/franstein/.platformio/packages/framework-arduinoespressif32@src-537c58760dafe7fcc8a1d9bbcf00b6f6/tools/sdk/esp32s3/include/unity/unity/src -I/home/franstein/.platformio/packages/framework-arduinoespressif32@src-537c58760dafe7fcc8a1d9bbcf00b6f6/tools/sdk/esp32s3/include/cmock/CMock/src -I/home/franstein/.platformio/packages/framework-arduinoespressif32@src-537c58760dafe7fcc8a1d9bbcf00b6f6/tools/sdk/esp32s3/include/coap/port/include -I/home/franstein/.platformio/packages/framework-arduinoespressif32@src-537c58760dafe7fcc8a1d9bbcf00b6f6/tools/sdk/esp32s3/include/coap/libcoap/include -I/home/franstein/.platformio/packages/framework-arduinoespressif32@src-537c58760dafe7fcc8a1d9bbcf00b6f6/tools/sdk/esp32s3/include/nghttp/port/include -I/home/franstein/.platformio/packages/framework-arduinoespressif32@src-537c58760dafe7fcc8a1d9bbcf00b6f6/tools/sdk/esp32s3/include/nghttp/nghttp2/lib/includes -I/home/franstein/.platformio/packages/framework-arduinoespressif32@src-537c58760dafe7fcc8a1d9bbcf00b6f6/tools/sdk/esp32s3/include/esp-tls -I/home/franstein/.platformio/packages/framework-arduinoespressif32@src-537c58760dafe7fcc8a1d9bbcf00b6f6/tools/sdk/esp32s3/include/esp-tls/esp-tls-crypto -I/home/franstein/.platformio/packages/framework-arduinoespressif32@src-537c58760dafe7fcc8a1d9bbcf00b6f6/tools/sdk/esp32s3/include/esp_adc_cal/include -I/home/franstein/.platformio/packages/framework-arduinoespressif32@src-537c58760dafe7fcc8a1d9bbcf00b6f6/tools/sdk/esp32s3/include/esp_hid/include -I/home/franstein/.platformio/packages/framework-arduinoespressif32@src-537c58760dafe7fcc8a1d9bbcf00b6f6/tools/sdk/esp32s3/include/tcp_transport/include -I/home/franstein/.platformio/packages/framework-arduinoespressif32@src-537c58760dafe7fcc8a1d9bbcf00b6f6/tools/sdk/esp32s3/include/esp_http_client/include -I/home/franstein/.platformio/packages/framework-arduinoespressif32@src-537c58760dafe7fcc8a1d9bbcf00b6f6/tools/sdk/esp32s3/include/esp_http_server/include -I/home/franstein/.platformio/packages/framework-arduinoespressif32@src-537c58760dafe7fcc8a1d9bbcf00b6f6/tools/sdk/esp32s3/include/esp_https_ota/include -I/home/franstein/.platformio/packages/framework-arduinoespressif32@src-537c58760dafe7fcc8a1d9bbcf00b6f6/tools/sdk/esp32s3/include/esp_https_server/include -I/home/franstein/.platformio/packages/framework-arduinoespressif32@src-537c58760dafe7fcc8a1d9bbcf00b6f6/tools/sdk/esp32s3/include/esp_lcd/include -I/home/franstein/.platformio/packages/framework-arduinoespressif32@src-537c58760dafe7fcc8a1d9bbcf00b6f6/tools/sdk/esp32s3/include/esp_lcd/interface -I/home/franstein/.platformio/packages/framework-arduinoespressif32@src-537c58760dafe7fcc8a1d9bbcf00b6f6/tools/sdk/esp32s3/include/protobuf-c/protobuf-c -I/home/franstein/.platformio/packages/framework-arduinoespressif32@src-537c58760dafe7fcc8a1d9bbcf00b6f6/tools/sdk/esp32s3/include/protocomm/include/common -I/home/franstein/.platformio/packages/framework-arduinoespressif32@src-537c58760dafe7fcc8a1d9bbcf00b6f6/tools/sdk/esp32s3/include/protocomm/include/security -I/home/franstein/.platformio/packages/framework-arduinoespressif32@src-537c58760dafe7fcc8a1d9bbcf00b6f6/tools/sdk/esp32s3/include/protocomm/include/transports -I/home/franstein/.platformio/packages/framework-arduinoespressif32@src-537c58760dafe7fcc8a1d9bbcf00b6f6/tools/sdk/esp32s3/include/mdns/include -I/home/franstein/.platformio/packages/framework-arduinoespressif32@src-537c58760dafe7fcc8a1d9bbcf00b6f6/tools/sdk/esp32s3/include/esp_local_ctrl/include -I/home/franstein/.platformio/packages/framework-arduinoespressif32@src-537c58760dafe7fcc8a1d9bbcf00b6f6/tools/sdk/esp32s3/include/sdmmc/include -I/home/franstein/.platformio/packages/framework-arduinoespressif32@src-537c58760dafe7fcc8a1d9bbcf00b6f6/tools/sdk/esp32s3/include/esp_serial_slave_link/include -I/home/franstein/.platformio/packages/framework-arduinoespressif32@src-537c58760dafe7fcc8a1d9bbcf00b6f6/tools/sdk/esp32s3/include/esp_websocket_client/include -I/home/franstein/.platformio/packages/framework-arduinoespressif32@src-537c58760dafe7fcc8a1d9bbcf00b6f6/tools/sdk/esp32s3/include/expat/expat/expat/lib -I/home/franstein/.platformio/packages/framework-arduinoespressif32@src-537c58760dafe7fcc8a1d9bbcf00b6f6/tools/sdk/esp32s3/include/expat/port/include -I/home/franstein/.platformio/packages/framework-arduinoespressif32@src-537c58760dafe7fcc8a1d9bbcf00b6f6/tools/sdk/esp32s3/include/wear_levelling/include -I/home/franstein/.platformio/packages/framework-arduinoespressif32@src-537c58760dafe7fcc8a1d9bbcf00b6f6/tools/sdk/esp32s3/include/fatfs/diskio -I/home/franstein/.platformio/packages/framework-arduinoespressif32@src-537c58760dafe7fcc8a1d9bbcf00b6f6/tools/sdk/esp32s3/include/fatfs/vfs -I/home/franstein/.platformio/packages/framework-arduinoespressif32@src-537c58760dafe7fcc8a1d9bbcf00b6f6/tools/sdk/esp32s3/include/fatfs/src -I/home/franstein/.platformio/packages/framework-arduinoespressif32@src-537c58760dafe7fcc8a1d9bbcf00b6f6/tools/sdk/esp32s3/include/freemodbus/common/include -I/home/franstein/.platformio/packages/framework-arduinoespressif32@src-537c58760dafe7fcc8a1d9bbcf00b6f6/tools/sdk/esp32s3/include/idf_test/include -I/home/franstein/.platformio/packages/framework-arduinoespressif32@src-537c58760dafe7fcc8a1d9bbcf00b6f6/tools/sdk/esp32s3/include/idf_test/include/esp32s3 -I/home/franstein/.platformio/packages/framework-arduinoespressif32@src-537c58760dafe7fcc8a1d9bbcf00b6f6/tools/sdk/esp32s3/include/jsmn/include -I/home/franstein/.platformio/packages/framework-arduinoespressif32@src-537c58760dafe7fcc8a1d9bbcf00b6f6/tools/sdk/esp32s3/include/json/cJSON -I/home/franstein/.platformio/packages/framework-arduinoespressif32@src-537c58760dafe7fcc8a1d9bbcf00b6f6/tools/sdk/esp32s3/include/libsodium/libsodium/src/libsodium/include -I/home/franstein/.platformio/packages/framework-arduinoespressif32@src-537c58760dafe7fcc8a1d9bbcf00b6f6/tools/sdk/esp32s3/include/libsodium/port_include -I/home/franstein/.platformio/packages/framework-arduinoespressif32@src-537c58760dafe7fcc8a1d9bbcf00b6f6/tools/sdk/esp32s3/include/mqtt/esp-mqtt/include -I/home/franstein/.platformio/packages/framework-arduinoespressif32@src-537c58760dafe7fcc8a1d9bbcf00b6f6/tools/sdk/esp32s3/include/openssl/include -I/home/franstein/.platformio/packages/framework-arduinoespressif32@src-537c58760dafe7fcc8a1d9bbcf00b6f6/tools/sdk/esp32s3/include/perfmon/include -I/home/franstein/.platformio/packages/framework-arduinoespressif32@src-537c58760dafe7fcc8a1d9bbcf00b6f6/tools/sdk/esp32s3/include/spiffs/include -I/home/franstein/.platformio/packages/framework-arduinoespressif32@src-537c58760dafe7fcc8a1d9bbcf00b6f6/tools/sdk/esp32s3/include/usb/include -I/home/franstein/.platformio/packages/framework-arduinoespressif32@src-537c58760dafe7fcc8a1d9bbcf00b6f6/tools/sdk/esp32s3/include/ulp/include -I/home/franstein/.platformio/packages/framework-arduinoespressif32@src-537c58760dafe7fcc8a1d9bbcf00b6f6/tools/sdk/esp32s3/include/wifi_provisioning/include -I/home/franstein/.platformio/packages/framework-arduinoespressif32@src-537c58760dafe7fcc8a1d9bbcf00b6f6/tools/sdk/esp32s3/include/rmaker_common/include -I/home/franstein/.platformio/packages/framework-arduinoespressif32@src-537c58760dafe7fcc8a1d9bbcf00b6f6/tools/sdk/esp32s3/include/json_parser/upstream/include -I/home/franstein/.platformio/packages/framework-arduinoespressif32@src-537c58760dafe7fcc8a1d9bbcf00b6f6/tools/sdk/esp32s3/include/json_parser/upstream -I/home/franstein/.platformio/packages/framework-arduinoespressif32@src-537c58760dafe7fcc8a1d9bbcf00b6f6/tools/sdk/esp32s3/include/json_generator/upstream -I/home/franstein/.platformio/packages/framework-arduinoespressif32@src-537c58760dafe7fcc8a1d9bbcf00b6f6/tools/sdk/esp32s3/include/esp_schedule/include -I/home/franstein/.platformio/packages/framework-arduinoespressif32@src-537c58760dafe7fcc8a1d9bbcf00b6f6/tools/sdk/esp32s3/include/esp_rainmaker/include -I/home/franstein/.platformio/packages/framework-arduinoespressif32@src-537c58760dafe7fcc8a1d9bbcf00b6f6/tools/sdk/esp32s3/include/gpio_button/button/include -I/home/franstein/.platformio/packages/framework-arduinoespressif32@src-537c58760dafe7fcc8a1d9bbcf00b6f6/tools/sdk/esp32s3/include/qrcode/include -I/home/franstein/.platformio/packages/framework-arduinoespressif32@src-537c58760dafe7fcc8a1d9bbcf00b6f6/tools/sdk/esp32s3/include/ws2812_led -I/home/franstein/.platformio/packages/framework-arduinoespressif32@src-537c58760dafe7fcc8a1d9bbcf00b6f6/tools/sdk/esp32s3/include/esp_diagnostics/include -I/home/franstein/.platformio/packages/framework-arduinoespressif32@src-537c58760dafe7fcc8a1d9bbcf00b6f6/tools/sdk/esp32s3/include/rtc_store/include -I/home/franstein/.platformio/packages/framework-arduinoespressif32@src-537c58760dafe7fcc8a1d9bbcf00b6f6/tools/sdk/esp32s3/include/esp_insights/include -I/home/franstein/.platformio/packages/framework-arduinoespressif32@src-537c58760dafe7fcc8a1d9bbcf00b6f6/tools/sdk/esp32s3/include/esp-dsp/modules/dotprod/include -I/home/franstein/.platformio/packages/framework-arduinoespressif32@src-537c58760dafe7fcc8a1d9bbcf00b6f6/tools/sdk/esp32s3/include/esp-dsp/modules/support/include -I/home/franstein/.platformio/packages/framework-arduinoespressif32@src-537c58760dafe7fcc8a1d9bbcf00b6f6/tools/sdk/esp32s3/include/esp-dsp/modules/windows/include -I/home/franstein/.platformio/packages/framework-arduinoespressif32@src-537c58760dafe7fcc8a1d9bbcf00b6f6/tools/sdk/esp32s3/include/esp-dsp/modules/windows/hann/include -I/home/franstein/.platformio/packages/framework-arduinoespressif32@src-537c58760dafe7fcc8a1d9bbcf00b6f6/tools/sdk/esp32s3/include/esp-dsp/modules/windows/blackman/include -I/home/franstein/.platformio/packages/framework-arduinoespressif32@src-537c58760dafe7fcc8a1d9bbcf00b6f6/tools/sdk/esp32s3/include/esp-dsp/modules/windows/blackman_harris/include -I/home/franstein/.platformio/packages/framework-arduinoespressif32@src-537c58760dafe7fcc8a1d9bbcf00b6f6/tools/sdk/esp32s3/include/esp-dsp/modules/windows/blackman_nuttall/include -I/home/franstein/.platformio/packages/framework-arduinoespressif32@src-537c58760dafe7fcc8a1d9bbcf00b6f6/tools/sdk/esp32s3/include/esp-dsp/modules/windows/nuttall/include -I/home/franstein/.platformio/packages/framework-arduinoespressif32@src-537c58760dafe7fcc8a1d9bbcf00b6f6/tools/sdk/esp32s3/include/esp-dsp/modules/windows/flat_top/include -I/home/franstein/.platformio/packages/framework-arduinoespressif32@src-537c58760dafe7fcc8a1d9bbcf00b6f6/tools/sdk/esp32s3/include/esp-dsp/modules/iir/include -I/home/franstein/.platformio/packages/framework-arduinoespressif32@src-537c58760dafe7fcc8a1d9bbcf00b6f6/tools/sdk/esp32s3/include/esp-dsp/modules/fir/include -I/home/franstein/.platformio/packages/framework-arduinoespressif32@src-537c58760dafe7fcc8a1d9bbcf00b6f6/tools/sdk/esp32s3/include/esp-dsp/modules/math/include -I/home/franstein/.platformio/packages/framework-arduinoespressif32@src-537c58760dafe7fcc8a1d9bbcf00b6f6/tools/sdk/esp32s3/include/esp-dsp/modules/math/add/include -I/home/franstein/.platformio/packages/framework-arduinoespressif32@src-537c58760dafe7fcc8a1d9bbcf00b6f6/tools/sdk/esp32s3/include/esp-dsp/modules/math/sub/include -I/home/franstein/.platformio/packages/framework-arduinoespressif32@src-537c58760dafe7fcc8a1d9bbcf00b6f6/tools/sdk/esp32s3/include/esp-dsp/modules/math/mul/include -I/home/franstein/.platformio/packages/framework-arduinoespressif32@src-537c58760dafe7fcc8a1d9bbcf00b6f6/tools/sdk/esp32s3/include/esp-dsp/modules/math/addc/include -I/home/franstein/.platformio/packages/framework-arduinoespressif32@src-537c58760dafe7fcc8a1d9bbcf00b6f6/tools/sdk/esp32s3/include/esp-dsp/modules/math/mulc/include -I/home/franstein/.platformio/packages/framework-arduinoespressif32@src-537c58760dafe7fcc8a1d9bbcf00b6f6/tools/sdk/esp32s3/include/esp-dsp/modules/math/sqrt/include -I/home/franstein/.platformio/packages/framework-arduinoespressif32@src-537c58760dafe7fcc8a1d9bbcf00b6f6/tools/sdk/esp32s3/include/esp-dsp/modules/matrix/include -I/home/franstein/.platformio/packages/framework-arduinoespressif32@src-537c58760dafe7fcc8a1d9bbcf00b6f6/tools/sdk/esp32s3/include/esp-dsp/modules/fft/include -I/home/franstein/.platformio/packages/framework-arduinoespressif32@src-537c58760dafe7fcc8a1d9bbcf00b6f6/tools/sdk/esp32s3/include/esp-dsp/modules/dct/include -I/home/franstein/.platformio/packages/framework-arduinoespressif32@src-537c58760dafe7fcc8a1d9bbcf00b6f6/tools/sdk/esp32s3/include/esp-dsp/modules/conv/include -I/home/franstein/.platformio/packages/framework-arduinoespressif32@src-537c58760dafe7fcc8a1d9bbcf00b6f6/tools/sdk/esp32s3/include/esp-dsp/modules/common/include -I/home/franstein/.platformio/packages/framework-arduinoespressif32@src-537c58760dafe7fcc8a1d9bbcf00b6f6/tools/sdk/esp32s3/include/esp-dsp/modules/kalman/ekf/include -I/home/franstein/.platformio/packages/framework-arduinoespressif32@src-537c58760dafe7fcc8a1d9bbcf00b6f6/tools/sdk/esp32s3/include/esp-dsp/modules/kalman/ekf_imu13states/include -I/home/franstein/.platformio/packages/framework-arduinoespressif32@src-537c58760dafe7fcc8a1d9bbcf00b6f6/tools/sdk/esp32s3/include/freertos/include/freertos -I/home/franstein/.platformio/packages/framework-arduinoespressif32@src-537c58760dafe7fcc8a1d9bbcf00b6f6/tools/sdk/esp32s3/include/arduino_tinyusb/tinyusb/src -I/home/franstein/.platformio/packages/framework-arduinoespressif32@src-537c58760dafe7fcc8a1d9bbcf00b6f6/tools/sdk/esp32s3/include/arduino_tinyusb/include -I/home/franstein/.platformio/packages/framework-arduinoespressif32@src-537c58760dafe7fcc8a1d9bbcf00b6f6/tools/sdk/esp32s3/include/esp_littlefs/include -I/home/franstein/.platformio/packages/framework-arduinoespressif32@src-537c58760dafe7fcc8a1d9bbcf00b6f6/tools/sdk/esp32s3/include/esp-dl/include -I/home/franstein/.platformio/packages/framework-arduinoespressif32@src-537c58760dafe7fcc8a1d9bbcf00b6f6/tools/sdk/esp32s3/include/esp-dl/include/tool -I/home/franstein/.platformio/packages/framework-arduinoespressif32@src-537c58760dafe7fcc8a1d9bbcf00b6f6/tools/sdk/esp32s3/include/esp-dl/include/typedef -I/home/franstein/.platformio/packages/framework-arduinoespressif32@src-537c58760dafe7fcc8a1d9bbcf00b6f6/tools/sdk/esp32s3/include/esp-dl/include/image -I/home/franstein/.platformio/packages/framework-arduinoespressif32@src-537c58760dafe7fcc8a1d9bbcf00b6f6/tools/sdk/esp32s3/include/esp-dl/include/math -I/home/franstein/.platformio/packages/framework-arduinoespressif32@src-537c58760dafe7fcc8a1d9bbcf00b6f6/tools/sdk/esp32s3/include/esp-dl/include/nn -I/home/franstein/.platformio/packages/framework-arduinoespressif32@src-537c58760dafe7fcc8a1d9bbcf00b6f6/tools/sdk/esp32s3/include/esp-dl/include/layer -I/home/franstein/.platformio/packages/framework-arduinoespressif32@src-537c58760dafe7fcc8a1d9bbcf00b6f6/tools/sdk/esp32s3/include/esp-dl/include/detect -I/home/franstein/.platformio/packages/framework-arduinoespressif32@src-537c58760dafe7fcc8a1d9bbcf00b6f6/tools/sdk/esp32s3/include/esp-dl/include/model_zoo -I/home/franstein/.platformio/packages/framework-arduinoespressif32@src-537c58760dafe7fcc8a1d9bbcf00b6f6/tools/sdk/esp32s3/include/esp-sr/src/include -I/home/franstein/.platformio/packages/framework-arduinoespressif32@src-537c58760dafe7fcc8a1d9bbcf00b6f6/tools/sdk/esp32s3/include/esp-sr/esp-tts/esp_tts_chinese/include -I/home/franstein/.platformio/packages/framework-arduinoespressif32@src-537c58760dafe7fcc8a1d9bbcf00b6f6/tools/sdk/esp32s3/include/esp-sr/include/esp32s3 -I/home/franstein/.platformio/packages/framework-arduinoespressif32@src-537c58760dafe7fcc8a1d9bbcf00b6f6/tools/sdk/esp32s3/include/esp32-camera/driver/include -I/home/franstein/.platformio/packages/framework-arduinoespressif32@src-537c58760dafe7fcc8a1d9bbcf00b6f6/tools/sdk/esp32s3/include/esp32-camera/conversions/include -I/home/franstein/.platformio/packages/framework-arduinoespressif32@src-537c58760dafe7fcc8a1d9bbcf00b6f6/tools/sdk/esp32s3/include/fb_gfx/include -I/home/franstein/.platformio/packages/framework-arduinoespressif32@src-537c58760dafe7fcc8a1d9bbcf00b6f6/tools/sdk/esp32s3/qio_opi/include -I/home/franstein/.platformio/packages/framework-arduinoespressif32@src-537c58760dafe7fcc8a1d9bbcf00b6f6/cores/esp32 -I/home/franstein/.platformio/packages/framework-arduinoespressif32@src-537c58760dafe7fcc8a1d9bbcf00b6f6/variants/esp32s3 /home/franstein/.platformio/packages/framework-arduinoespressif32@src-537c58760dafe7fcc8a1d9bbcf00b6f6/cores/esp32/esp32-hal-misc.c
xtensa-esp32s3-elf-gcc -o .pio/build/esp32/FrameworkArduino/esp32-hal-psram.c.o -c -std=gnu99 -Wno-old-style-declaration -Os -mlongcalls -ffunction-sections -fdata-sections -Wno-error=unused-function -Wno-error=unused-variable -Wno-error=deprecated-declarations -Wno-unused-parameter -Wno-sign-compare -ggdb -freorder-blocks -Wwrite-strings -fstack-protector -fstrict-volatile-bitfields -Wno-error=unused-but-set-variable -fno-jump-tables -fno-tree-switch-conversion -MMD -DPLATFORMIO=60107 -DBOARD_HAS_PSRAM -DARDUINO_USB_MODE=1 -DARDUINO_USB_CDC_ON_BOOT=1 -DHAVE_CONFIG_H -DMBEDTLS_CONFIG_FILE=\"mbedtls/esp_config.h\" -DUNITY_INCLUDE_CONFIG_H -DWITH_POSIX -D_GNU_SOURCE -DIDF_VER=\"v4.4.3\" -DESP_PLATFORM -D_POSIX_READER_WRITER_LOCKS -DARDUINO_ARCH_ESP32 -DESP32 -DF_CPU=240000000L -DARDUINO=10812 -DARDUINO_VARIANT=\"esp32s3\" "-DARDUINO_BOARD=\"LILYGO T3-S3\"" -DARDUINO_PARTITION_default -I/home/franstein/.platformio/packages/framework-arduinoespressif32@src-537c58760dafe7fcc8a1d9bbcf00b6f6/tools/sdk/esp32s3/include/newlib/platform_include -I/home/franstein/.platformio/packages/framework-arduinoespressif32@src-537c58760dafe7fcc8a1d9bbcf00b6f6/tools/sdk/esp32s3/include/freertos/include -I/home/franstein/.platformio/packages/framework-arduinoespressif32@src-537c58760dafe7fcc8a1d9bbcf00b6f6/tools/sdk/esp32s3/include/freertos/include/esp_additions/freertos -I/home/franstein/.platformio/packages/framework-arduinoespressif32@src-537c58760dafe7fcc8a1d9bbcf00b6f6/tools/sdk/esp32s3/include/freertos/port/xtensa/include -I/home/franstein/.platformio/packages/framework-arduinoespressif32@src-537c58760dafe7fcc8a1d9bbcf00b6f6/tools/sdk/esp32s3/include/freertos/include/esp_additions -I/home/franstein/.platformio/packages/framework-arduinoespressif32@src-537c58760dafe7fcc8a1d9bbcf00b6f6/tools/sdk/esp32s3/include/esp_hw_support/include -I/home/franstein/.platformio/packages/framework-arduinoespressif32@src-537c58760dafe7fcc8a1d9bbcf00b6f6/tools/sdk/esp32s3/include/esp_hw_support/include/soc -I/home/franstein/.platformio/packages/framework-arduinoespressif32@src-537c58760dafe7fcc8a1d9bbcf00b6f6/tools/sdk/esp32s3/include/esp_hw_support/include/soc/esp32s3 -I/home/franstein/.platformio/packages/framework-arduinoespressif32@src-537c58760dafe7fcc8a1d9bbcf00b6f6/tools/sdk/esp32s3/include/esp_hw_support/port/esp32s3 -I/home/franstein/.platformio/packages/framework-arduinoespressif32@src-537c58760dafe7fcc8a1d9bbcf00b6f6/tools/sdk/esp32s3/include/esp_hw_support/port/esp32s3/private_include -I/home/franstein/.platformio/packages/framework-arduinoespressif32@src-537c58760dafe7fcc8a1d9bbcf00b6f6/tools/sdk/esp32s3/include/heap/include -I/home/franstein/.platformio/packages/framework-arduinoespressif32@src-537c58760dafe7fcc8a1d9bbcf00b6f6/tools/sdk/esp32s3/include/log/include -I/home/franstein/.platformio/packages/framework-arduinoespressif32@src-537c58760dafe7fcc8a1d9bbcf00b6f6/tools/sdk/esp32s3/include/lwip/include/apps -I/home/franstein/.platformio/packages/framework-arduinoespressif32@src-537c58760dafe7fcc8a1d9bbcf00b6f6/tools/sdk/esp32s3/include/lwip/include/apps/sntp -I/home/franstein/.platformio/packages/framework-arduinoespressif32@src-537c58760dafe7fcc8a1d9bbcf00b6f6/tools/sdk/esp32s3/include/lwip/lwip/src/include -I/home/franstein/.platformio/packages/framework-arduinoespressif32@src-537c58760dafe7fcc8a1d9bbcf00b6f6/tools/sdk/esp32s3/include/lwip/port/esp32/include -I/home/franstein/.platformio/packages/framework-arduinoespressif32@src-537c58760dafe7fcc8a1d9bbcf00b6f6/tools/sdk/esp32s3/include/lwip/port/esp32/include/arch -I/home/franstein/.platformio/packages/framework-arduinoespressif32@src-537c58760dafe7fcc8a1d9bbcf00b6f6/tools/sdk/esp32s3/include/soc/include -I/home/franstein/.platformio/packages/framework-arduinoespressif32@src-537c58760dafe7fcc8a1d9bbcf00b6f6/tools/sdk/esp32s3/include/soc/esp32s3 -I/home/franstein/.platformio/packages/framework-arduinoespressif32@src-537c58760dafe7fcc8a1d9bbcf00b6f6/tools/sdk/esp32s3/include/soc/esp32s3/include -I/home/franstein/.platformio/packages/framework-arduinoespressif32@src-537c58760dafe7fcc8a1d9bbcf00b6f6/tools/sdk/esp32s3/include/hal/esp32s3/include -I/home/franstein/.platformio/packages/framework-arduinoespressif32@src-537c58760dafe7fcc8a1d9bbcf00b6f6/tools/sdk/esp32s3/include/hal/include -I/home/franstein/.platformio/packages/framework-arduinoespressif32@src-537c58760dafe7fcc8a1d9bbcf00b6f6/tools/sdk/esp32s3/include/hal/platform_port/include -I/home/franstein/.platformio/packages/framework-arduinoespressif32@src-537c58760dafe7fcc8a1d9bbcf00b6f6/tools/sdk/esp32s3/include/esp_rom/include -I/home/franstein/.platformio/packages/framework-arduinoespressif32@src-537c58760dafe7fcc8a1d9bbcf00b6f6/tools/sdk/esp32s3/include/esp_rom/include/esp32s3 -I/home/franstein/.platformio/packages/framework-arduinoespressif32@src-537c58760dafe7fcc8a1d9bbcf00b6f6/tools/sdk/esp32s3/include/esp_rom/esp32s3 -I/home/franstein/.platformio/packages/framework-arduinoespressif32@src-537c58760dafe7fcc8a1d9bbcf00b6f6/tools/sdk/esp32s3/include/esp_common/include -I/home/franstein/.platformio/packages/framework-arduinoespressif32@src-537c58760dafe7fcc8a1d9bbcf00b6f6/tools/sdk/esp32s3/include/esp_system/include -I/home/franstein/.platformio/packages/framework-arduinoespressif32@src-537c58760dafe7fcc8a1d9bbcf00b6f6/tools/sdk/esp32s3/include/esp_system/port/soc -I/home/franstein/.platformio/packages/framework-arduinoespressif32@src-537c58760dafe7fcc8a1d9bbcf00b6f6/tools/sdk/esp32s3/include/esp_system/port/public_compat -I/home/franstein/.platformio/packages/framework-arduinoespressif32@src-537c58760dafe7fcc8a1d9bbcf00b6f6/tools/sdk/esp32s3/include/xtensa/include -I/home/franstein/.platformio/packages/framework-arduinoespressif32@src-537c58760dafe7fcc8a1d9bbcf00b6f6/tools/sdk/esp32s3/include/xtensa/esp32s3/include -I/home/franstein/.platformio/packages/framework-arduinoespressif32@src-537c58760dafe7fcc8a1d9bbcf00b6f6/tools/sdk/esp32s3/include/driver/include -I/home/franstein/.platformio/packages/framework-arduinoespressif32@src-537c58760dafe7fcc8a1d9bbcf00b6f6/tools/sdk/esp32s3/include/driver/esp32s3/include -I/home/franstein/.platformio/packages/framework-arduinoespressif32@src-537c58760dafe7fcc8a1d9bbcf00b6f6/tools/sdk/esp32s3/include/esp_pm/include -I/home/franstein/.platformio/packages/framework-arduinoespressif32@src-537c58760dafe7fcc8a1d9bbcf00b6f6/tools/sdk/esp32s3/include/esp_ringbuf/include -I/home/franstein/.platformio/packages/framework-arduinoespressif32@src-537c58760dafe7fcc8a1d9bbcf00b6f6/tools/sdk/esp32s3/include/efuse/include -I/home/franstein/.platformio/packages/framework-arduinoespressif32@src-537c58760dafe7fcc8a1d9bbcf00b6f6/tools/sdk/esp32s3/include/efuse/esp32s3/include -I/home/franstein/.platformio/packages/framework-arduinoespressif32@src-537c58760dafe7fcc8a1d9bbcf00b6f6/tools/sdk/esp32s3/include/vfs/include -I/home/franstein/.platformio/packages/framework-arduinoespressif32@src-537c58760dafe7fcc8a1d9bbcf00b6f6/tools/sdk/esp32s3/include/esp_wifi/include -I/home/franstein/.platformio/packages/framework-arduinoespressif32@src-537c58760dafe7fcc8a1d9bbcf00b6f6/tools/sdk/esp32s3/include/esp_event/include -I/home/franstein/.platformio/packages/framework-arduinoespressif32@src-537c58760dafe7fcc8a1d9bbcf00b6f6/tools/sdk/esp32s3/include/esp_netif/include -I/home/franstein/.platformio/packages/framework-arduinoespressif32@src-537c58760dafe7fcc8a1d9bbcf00b6f6/tools/sdk/esp32s3/include/esp_eth/include -I/home/franstein/.platformio/packages/framework-arduinoespressif32@src-537c58760dafe7fcc8a1d9bbcf00b6f6/tools/sdk/esp32s3/include/tcpip_adapter/include -I/home/franstein/.platformio/packages/framework-arduinoespressif32@src-537c58760dafe7fcc8a1d9bbcf00b6f6/tools/sdk/esp32s3/include/esp_phy/include -I/home/franstein/.platformio/packages/framework-arduinoespressif32@src-537c58760dafe7fcc8a1d9bbcf00b6f6/tools/sdk/esp32s3/include/esp_phy/esp32s3/include -I/home/franstein/.platformio/packages/framework-arduinoespressif32@src-537c58760dafe7fcc8a1d9bbcf00b6f6/tools/sdk/esp32s3/include/esp_ipc/include -I/home/franstein/.platformio/packages/framework-arduinoespressif32@src-537c58760dafe7fcc8a1d9bbcf00b6f6/tools/sdk/esp32s3/include/app_trace/include -I/home/franstein/.platformio/packages/framework-arduinoespressif32@src-537c58760dafe7fcc8a1d9bbcf00b6f6/tools/sdk/esp32s3/include/esp_timer/include -I/home/franstein/.platformio/packages/framework-arduinoespressif32@src-537c58760dafe7fcc8a1d9bbcf00b6f6/tools/sdk/esp32s3/include/mbedtls/port/include -I/home/franstein/.platformio/packages/framework-arduinoespressif32@src-537c58760dafe7fcc8a1d9bbcf00b6f6/tools/sdk/esp32s3/include/mbedtls/mbedtls/include -I/home/franstein/.platformio/packages/framework-arduinoespressif32@src-537c58760dafe7fcc8a1d9bbcf00b6f6/tools/sdk/esp32s3/include/mbedtls/esp_crt_bundle/include -I/home/franstein/.platformio/packages/framework-arduinoespressif32@src-537c58760dafe7fcc8a1d9bbcf00b6f6/tools/sdk/esp32s3/include/app_update/include -I/home/franstein/.platformio/packages/framework-arduinoespressif32@src-537c58760dafe7fcc8a1d9bbcf00b6f6/tools/sdk/esp32s3/include/spi_flash/include -I/home/franstein/.platformio/packages/framework-arduinoespressif32@src-537c58760dafe7fcc8a1d9bbcf00b6f6/tools/sdk/esp32s3/include/bootloader_support/include -I/home/franstein/.platformio/packages/framework-arduinoespressif32@src-537c58760dafe7fcc8a1d9bbcf00b6f6/tools/sdk/esp32s3/include/nvs_flash/include -I/home/franstein/.platformio/packages/framework-arduinoespressif32@src-537c58760dafe7fcc8a1d9bbcf00b6f6/tools/sdk/esp32s3/include/pthread/include -I/home/franstein/.platformio/packages/framework-arduinoespressif32@src-537c58760dafe7fcc8a1d9bbcf00b6f6/tools/sdk/esp32s3/include/esp_gdbstub/include -I/home/franstein/.platformio/packages/framework-arduinoespressif32@src-537c58760dafe7fcc8a1d9bbcf00b6f6/tools/sdk/esp32s3/include/esp_gdbstub/xtensa -I/home/franstein/.platformio/packages/framework-arduinoespressif32@src-537c58760dafe7fcc8a1d9bbcf00b6f6/tools/sdk/esp32s3/include/esp_gdbstub/esp32s3 -I/home/franstein/.platformio/packages/framework-arduinoespressif32@src-537c58760dafe7fcc8a1d9bbcf00b6f6/tools/sdk/esp32s3/include/espcoredump/include -I/home/franstein/.platformio/packages/framework-arduinoespressif32@src-537c58760dafe7fcc8a1d9bbcf00b6f6/tools/sdk/esp32s3/include/espcoredump/include/port/xtensa -I/home/franstein/.platformio/packages/framework-arduinoespressif32@src-537c58760dafe7fcc8a1d9bbcf00b6f6/tools/sdk/esp32s3/include/wpa_supplicant/include -I/home/franstein/.platformio/packages/framework-arduinoespressif32@src-537c58760dafe7fcc8a1d9bbcf00b6f6/tools/sdk/esp32s3/include/wpa_supplicant/port/include -I/home/franstein/.platformio/packages/framework-arduinoespressif32@src-537c58760dafe7fcc8a1d9bbcf00b6f6/tools/sdk/esp32s3/include/wpa_supplicant/esp_supplicant/include -I/home/franstein/.platformio/packages/framework-arduinoespressif32@src-537c58760dafe7fcc8a1d9bbcf00b6f6/tools/sdk/esp32s3/include/ieee802154/include -I/home/franstein/.platformio/packages/framework-arduinoespressif32@src-537c58760dafe7fcc8a1d9bbcf00b6f6/tools/sdk/esp32s3/include/console -I/home/franstein/.platformio/packages/framework-arduinoespressif32@src-537c58760dafe7fcc8a1d9bbcf00b6f6/tools/sdk/esp32s3/include/asio/asio/asio/include -I/home/franstein/.platformio/packages/framework-arduinoespressif32@src-537c58760dafe7fcc8a1d9bbcf00b6f6/tools/sdk/esp32s3/include/asio/port/include -I/home/franstein/.platformio/packages/framework-arduinoespressif32@src-537c58760dafe7fcc8a1d9bbcf00b6f6/tools/sdk/esp32s3/include/bt/common/osi/include -I/home/franstein/.platformio/packages/framework-arduinoespressif32@src-537c58760dafe7fcc8a1d9bbcf00b6f6/tools/sdk/esp32s3/include/bt/include/esp32s3/include -I/home/franstein/.platformio/packages/framework-arduinoespressif32@src-537c58760dafe7fcc8a1d9bbcf00b6f6/tools/sdk/esp32s3/include/bt/common/api/include/api -I/home/franstein/.platformio/packages/framework-arduinoespressif32@src-537c58760dafe7fcc8a1d9bbcf00b6f6/tools/sdk/esp32s3/include/bt/common/btc/profile/esp/blufi/include -I/home/franstein/.platformio/packages/framework-arduinoespressif32@src-537c58760dafe7fcc8a1d9bbcf00b6f6/tools/sdk/esp32s3/include/bt/common/btc/profile/esp/include -I/home/franstein/.platformio/packages/framework-arduinoespressif32@src-537c58760dafe7fcc8a1d9bbcf00b6f6/tools/sdk/esp32s3/include/bt/host/bluedroid/api/include/api -I/home/franstein/.platformio/packages/framework-arduinoespressif32@src-537c58760dafe7fcc8a1d9bbcf00b6f6/tools/sdk/esp32s3/include/bt/esp_ble_mesh/mesh_common/include -I/home/franstein/.platformio/packages/framework-arduinoespressif32@src-537c58760dafe7fcc8a1d9bbcf00b6f6/tools/sdk/esp32s3/include/bt/esp_ble_mesh/mesh_common/tinycrypt/include -I/home/franstein/.platformio/packages/framework-arduinoespressif32@src-537c58760dafe7fcc8a1d9bbcf00b6f6/tools/sdk/esp32s3/include/bt/esp_ble_mesh/mesh_core -I/home/franstein/.platformio/packages/framework-arduinoespressif32@src-537c58760dafe7fcc8a1d9bbcf00b6f6/tools/sdk/esp32s3/include/bt/esp_ble_mesh/mesh_core/include -I/home/franstein/.platformio/packages/framework-arduinoespressif32@src-537c58760dafe7fcc8a1d9bbcf00b6f6/tools/sdk/esp32s3/include/bt/esp_ble_mesh/mesh_core/storage -I/home/franstein/.platformio/packages/framework-arduinoespressif32@src-537c58760dafe7fcc8a1d9bbcf00b6f6/tools/sdk/esp32s3/include/bt/esp_ble_mesh/btc/include -I/home/franstein/.platformio/packages/framework-arduinoespressif32@src-537c58760dafe7fcc8a1d9bbcf00b6f6/tools/sdk/esp32s3/include/bt/esp_ble_mesh/mesh_models/common/include -I/home/franstein/.platformio/packages/framework-arduinoespressif32@src-537c58760dafe7fcc8a1d9bbcf00b6f6/tools/sdk/esp32s3/include/bt/esp_ble_mesh/mesh_models/client/include -I/home/franstein/.platformio/packages/framework-arduinoespressif32@src-537c58760dafe7fcc8a1d9bbcf00b6f6/tools/sdk/esp32s3/include/bt/esp_ble_mesh/mesh_models/server/include -I/home/franstein/.platformio/packages/framework-arduinoespressif32@src-537c58760dafe7fcc8a1d9bbcf00b6f6/tools/sdk/esp32s3/include/bt/esp_ble_mesh/api/core/include -I/home/franstein/.platformio/packages/framework-arduinoespressif32@src-537c58760dafe7fcc8a1d9bbcf00b6f6/tools/sdk/esp32s3/include/bt/esp_ble_mesh/api/models/include -I/home/franstein/.platformio/packages/framework-arduinoespressif32@src-537c58760dafe7fcc8a1d9bbcf00b6f6/tools/sdk/esp32s3/include/bt/esp_ble_mesh/api -I/home/franstein/.platformio/packages/framework-arduinoespressif32@src-537c58760dafe7fcc8a1d9bbcf00b6f6/tools/sdk/esp32s3/include/cbor/port/include -I/home/franstein/.platformio/packages/framework-arduinoespressif32@src-537c58760dafe7fcc8a1d9bbcf00b6f6/tools/sdk/esp32s3/include/unity/include -I/home/franstein/.platformio/packages/framework-arduinoespressif32@src-537c58760dafe7fcc8a1d9bbcf00b6f6/tools/sdk/esp32s3/include/unity/unity/src -I/home/franstein/.platformio/packages/framework-arduinoespressif32@src-537c58760dafe7fcc8a1d9bbcf00b6f6/tools/sdk/esp32s3/include/cmock/CMock/src -I/home/franstein/.platformio/packages/framework-arduinoespressif32@src-537c58760dafe7fcc8a1d9bbcf00b6f6/tools/sdk/esp32s3/include/coap/port/include -I/home/franstein/.platformio/packages/framework-arduinoespressif32@src-537c58760dafe7fcc8a1d9bbcf00b6f6/tools/sdk/esp32s3/include/coap/libcoap/include -I/home/franstein/.platformio/packages/framework-arduinoespressif32@src-537c58760dafe7fcc8a1d9bbcf00b6f6/tools/sdk/esp32s3/include/nghttp/port/include -I/home/franstein/.platformio/packages/framework-arduinoespressif32@src-537c58760dafe7fcc8a1d9bbcf00b6f6/tools/sdk/esp32s3/include/nghttp/nghttp2/lib/includes -I/home/franstein/.platformio/packages/framework-arduinoespressif32@src-537c58760dafe7fcc8a1d9bbcf00b6f6/tools/sdk/esp32s3/include/esp-tls -I/home/franstein/.platformio/packages/framework-arduinoespressif32@src-537c58760dafe7fcc8a1d9bbcf00b6f6/tools/sdk/esp32s3/include/esp-tls/esp-tls-crypto -I/home/franstein/.platformio/packages/framework-arduinoespressif32@src-537c58760dafe7fcc8a1d9bbcf00b6f6/tools/sdk/esp32s3/include/esp_adc_cal/include -I/home/franstein/.platformio/packages/framework-arduinoespressif32@src-537c58760dafe7fcc8a1d9bbcf00b6f6/tools/sdk/esp32s3/include/esp_hid/include -I/home/franstein/.platformio/packages/framework-arduinoespressif32@src-537c58760dafe7fcc8a1d9bbcf00b6f6/tools/sdk/esp32s3/include/tcp_transport/include -I/home/franstein/.platformio/packages/framework-arduinoespressif32@src-537c58760dafe7fcc8a1d9bbcf00b6f6/tools/sdk/esp32s3/include/esp_http_client/include -I/home/franstein/.platformio/packages/framework-arduinoespressif32@src-537c58760dafe7fcc8a1d9bbcf00b6f6/tools/sdk/esp32s3/include/esp_http_server/include -I/home/franstein/.platformio/packages/framework-arduinoespressif32@src-537c58760dafe7fcc8a1d9bbcf00b6f6/tools/sdk/esp32s3/include/esp_https_ota/include -I/home/franstein/.platformio/packages/framework-arduinoespressif32@src-537c58760dafe7fcc8a1d9bbcf00b6f6/tools/sdk/esp32s3/include/esp_https_server/include -I/home/franstein/.platformio/packages/framework-arduinoespressif32@src-537c58760dafe7fcc8a1d9bbcf00b6f6/tools/sdk/esp32s3/include/esp_lcd/include -I/home/franstein/.platformio/packages/framework-arduinoespressif32@src-537c58760dafe7fcc8a1d9bbcf00b6f6/tools/sdk/esp32s3/include/esp_lcd/interface -I/home/franstein/.platformio/packages/framework-arduinoespressif32@src-537c58760dafe7fcc8a1d9bbcf00b6f6/tools/sdk/esp32s3/include/protobuf-c/protobuf-c -I/home/franstein/.platformio/packages/framework-arduinoespressif32@src-537c58760dafe7fcc8a1d9bbcf00b6f6/tools/sdk/esp32s3/include/protocomm/include/common -I/home/franstein/.platformio/packages/framework-arduinoespressif32@src-537c58760dafe7fcc8a1d9bbcf00b6f6/tools/sdk/esp32s3/include/protocomm/include/security -I/home/franstein/.platformio/packages/framework-arduinoespressif32@src-537c58760dafe7fcc8a1d9bbcf00b6f6/tools/sdk/esp32s3/include/protocomm/include/transports -I/home/franstein/.platformio/packages/framework-arduinoespressif32@src-537c58760dafe7fcc8a1d9bbcf00b6f6/tools/sdk/esp32s3/include/mdns/include -I/home/franstein/.platformio/packages/framework-arduinoespressif32@src-537c58760dafe7fcc8a1d9bbcf00b6f6/tools/sdk/esp32s3/include/esp_local_ctrl/include -I/home/franstein/.platformio/packages/framework-arduinoespressif32@src-537c58760dafe7fcc8a1d9bbcf00b6f6/tools/sdk/esp32s3/include/sdmmc/include -I/home/franstein/.platformio/packages/framework-arduinoespressif32@src-537c58760dafe7fcc8a1d9bbcf00b6f6/tools/sdk/esp32s3/include/esp_serial_slave_link/include -I/home/franstein/.platformio/packages/framework-arduinoespressif32@src-537c58760dafe7fcc8a1d9bbcf00b6f6/tools/sdk/esp32s3/include/esp_websocket_client/include -I/home/franstein/.platformio/packages/framework-arduinoespressif32@src-537c58760dafe7fcc8a1d9bbcf00b6f6/tools/sdk/esp32s3/include/expat/expat/expat/lib -I/home/franstein/.platformio/packages/framework-arduinoespressif32@src-537c58760dafe7fcc8a1d9bbcf00b6f6/tools/sdk/esp32s3/include/expat/port/include -I/home/franstein/.platformio/packages/framework-arduinoespressif32@src-537c58760dafe7fcc8a1d9bbcf00b6f6/tools/sdk/esp32s3/include/wear_levelling/include -I/home/franstein/.platformio/packages/framework-arduinoespressif32@src-537c58760dafe7fcc8a1d9bbcf00b6f6/tools/sdk/esp32s3/include/fatfs/diskio -I/home/franstein/.platformio/packages/framework-arduinoespressif32@src-537c58760dafe7fcc8a1d9bbcf00b6f6/tools/sdk/esp32s3/include/fatfs/vfs -I/home/franstein/.platformio/packages/framework-arduinoespressif32@src-537c58760dafe7fcc8a1d9bbcf00b6f6/tools/sdk/esp32s3/include/fatfs/src -I/home/franstein/.platformio/packages/framework-arduinoespressif32@src-537c58760dafe7fcc8a1d9bbcf00b6f6/tools/sdk/esp32s3/include/freemodbus/common/include -I/home/franstein/.platformio/packages/framework-arduinoespressif32@src-537c58760dafe7fcc8a1d9bbcf00b6f6/tools/sdk/esp32s3/include/idf_test/include -I/home/franstein/.platformio/packages/framework-arduinoespressif32@src-537c58760dafe7fcc8a1d9bbcf00b6f6/tools/sdk/esp32s3/include/idf_test/include/esp32s3 -I/home/franstein/.platformio/packages/framework-arduinoespressif32@src-537c58760dafe7fcc8a1d9bbcf00b6f6/tools/sdk/esp32s3/include/jsmn/include -I/home/franstein/.platformio/packages/framework-arduinoespressif32@src-537c58760dafe7fcc8a1d9bbcf00b6f6/tools/sdk/esp32s3/include/json/cJSON -I/home/franstein/.platformio/packages/framework-arduinoespressif32@src-537c58760dafe7fcc8a1d9bbcf00b6f6/tools/sdk/esp32s3/include/libsodium/libsodium/src/libsodium/include -I/home/franstein/.platformio/packages/framework-arduinoespressif32@src-537c58760dafe7fcc8a1d9bbcf00b6f6/tools/sdk/esp32s3/include/libsodium/port_include -I/home/franstein/.platformio/packages/framework-arduinoespressif32@src-537c58760dafe7fcc8a1d9bbcf00b6f6/tools/sdk/esp32s3/include/mqtt/esp-mqtt/include -I/home/franstein/.platformio/packages/framework-arduinoespressif32@src-537c58760dafe7fcc8a1d9bbcf00b6f6/tools/sdk/esp32s3/include/openssl/include -I/home/franstein/.platformio/packages/framework-arduinoespressif32@src-537c58760dafe7fcc8a1d9bbcf00b6f6/tools/sdk/esp32s3/include/perfmon/include -I/home/franstein/.platformio/packages/framework-arduinoespressif32@src-537c58760dafe7fcc8a1d9bbcf00b6f6/tools/sdk/esp32s3/include/spiffs/include -I/home/franstein/.platformio/packages/framework-arduinoespressif32@src-537c58760dafe7fcc8a1d9bbcf00b6f6/tools/sdk/esp32s3/include/usb/include -I/home/franstein/.platformio/packages/framework-arduinoespressif32@src-537c58760dafe7fcc8a1d9bbcf00b6f6/tools/sdk/esp32s3/include/ulp/include -I/home/franstein/.platformio/packages/framework-arduinoespressif32@src-537c58760dafe7fcc8a1d9bbcf00b6f6/tools/sdk/esp32s3/include/wifi_provisioning/include -I/home/franstein/.platformio/packages/framework-arduinoespressif32@src-537c58760dafe7fcc8a1d9bbcf00b6f6/tools/sdk/esp32s3/include/rmaker_common/include -I/home/franstein/.platformio/packages/framework-arduinoespressif32@src-537c58760dafe7fcc8a1d9bbcf00b6f6/tools/sdk/esp32s3/include/json_parser/upstream/include -I/home/franstein/.platformio/packages/framework-arduinoespressif32@src-537c58760dafe7fcc8a1d9bbcf00b6f6/tools/sdk/esp32s3/include/json_parser/upstream -I/home/franstein/.platformio/packages/framework-arduinoespressif32@src-537c58760dafe7fcc8a1d9bbcf00b6f6/tools/sdk/esp32s3/include/json_generator/upstream -I/home/franstein/.platformio/packages/framework-arduinoespressif32@src-537c58760dafe7fcc8a1d9bbcf00b6f6/tools/sdk/esp32s3/include/esp_schedule/include -I/home/franstein/.platformio/packages/framework-arduinoespressif32@src-537c58760dafe7fcc8a1d9bbcf00b6f6/tools/sdk/esp32s3/include/esp_rainmaker/include -I/home/franstein/.platformio/packages/framework-arduinoespressif32@src-537c58760dafe7fcc8a1d9bbcf00b6f6/tools/sdk/esp32s3/include/gpio_button/button/include -I/home/franstein/.platformio/packages/framework-arduinoespressif32@src-537c58760dafe7fcc8a1d9bbcf00b6f6/tools/sdk/esp32s3/include/qrcode/include -I/home/franstein/.platformio/packages/framework-arduinoespressif32@src-537c58760dafe7fcc8a1d9bbcf00b6f6/tools/sdk/esp32s3/include/ws2812_led -I/home/franstein/.platformio/packages/framework-arduinoespressif32@src-537c58760dafe7fcc8a1d9bbcf00b6f6/tools/sdk/esp32s3/include/esp_diagnostics/include -I/home/franstein/.platformio/packages/framework-arduinoespressif32@src-537c58760dafe7fcc8a1d9bbcf00b6f6/tools/sdk/esp32s3/include/rtc_store/include -I/home/franstein/.platformio/packages/framework-arduinoespressif32@src-537c58760dafe7fcc8a1d9bbcf00b6f6/tools/sdk/esp32s3/include/esp_insights/include -I/home/franstein/.platformio/packages/framework-arduinoespressif32@src-537c58760dafe7fcc8a1d9bbcf00b6f6/tools/sdk/esp32s3/include/esp-dsp/modules/dotprod/include -I/home/franstein/.platformio/packages/framework-arduinoespressif32@src-537c58760dafe7fcc8a1d9bbcf00b6f6/tools/sdk/esp32s3/include/esp-dsp/modules/support/include -I/home/franstein/.platformio/packages/framework-arduinoespressif32@src-537c58760dafe7fcc8a1d9bbcf00b6f6/tools/sdk/esp32s3/include/esp-dsp/modules/windows/include -I/home/franstein/.platformio/packages/framework-arduinoespressif32@src-537c58760dafe7fcc8a1d9bbcf00b6f6/tools/sdk/esp32s3/include/esp-dsp/modules/windows/hann/include -I/home/franstein/.platformio/packages/framework-arduinoespressif32@src-537c58760dafe7fcc8a1d9bbcf00b6f6/tools/sdk/esp32s3/include/esp-dsp/modules/windows/blackman/include -I/home/franstein/.platformio/packages/framework-arduinoespressif32@src-537c58760dafe7fcc8a1d9bbcf00b6f6/tools/sdk/esp32s3/include/esp-dsp/modules/windows/blackman_harris/include -I/home/franstein/.platformio/packages/framework-arduinoespressif32@src-537c58760dafe7fcc8a1d9bbcf00b6f6/tools/sdk/esp32s3/include/esp-dsp/modules/windows/blackman_nuttall/include -I/home/franstein/.platformio/packages/framework-arduinoespressif32@src-537c58760dafe7fcc8a1d9bbcf00b6f6/tools/sdk/esp32s3/include/esp-dsp/modules/windows/nuttall/include -I/home/franstein/.platformio/packages/framework-arduinoespressif32@src-537c58760dafe7fcc8a1d9bbcf00b6f6/tools/sdk/esp32s3/include/esp-dsp/modules/windows/flat_top/include -I/home/franstein/.platformio/packages/framework-arduinoespressif32@src-537c58760dafe7fcc8a1d9bbcf00b6f6/tools/sdk/esp32s3/include/esp-dsp/modules/iir/include -I/home/franstein/.platformio/packages/framework-arduinoespressif32@src-537c58760dafe7fcc8a1d9bbcf00b6f6/tools/sdk/esp32s3/include/esp-dsp/modules/fir/include -I/home/franstein/.platformio/packages/framework-arduinoespressif32@src-537c58760dafe7fcc8a1d9bbcf00b6f6/tools/sdk/esp32s3/include/esp-dsp/modules/math/include -I/home/franstein/.platformio/packages/framework-arduinoespressif32@src-537c58760dafe7fcc8a1d9bbcf00b6f6/tools/sdk/esp32s3/include/esp-dsp/modules/math/add/include -I/home/franstein/.platformio/packages/framework-arduinoespressif32@src-537c58760dafe7fcc8a1d9bbcf00b6f6/tools/sdk/esp32s3/include/esp-dsp/modules/math/sub/include -I/home/franstein/.platformio/packages/framework-arduinoespressif32@src-537c58760dafe7fcc8a1d9bbcf00b6f6/tools/sdk/esp32s3/include/esp-dsp/modules/math/mul/include -I/home/franstein/.platformio/packages/framework-arduinoespressif32@src-537c58760dafe7fcc8a1d9bbcf00b6f6/tools/sdk/esp32s3/include/esp-dsp/modules/math/addc/include -I/home/franstein/.platformio/packages/framework-arduinoespressif32@src-537c58760dafe7fcc8a1d9bbcf00b6f6/tools/sdk/esp32s3/include/esp-dsp/modules/math/mulc/include -I/home/franstein/.platformio/packages/framework-arduinoespressif32@src-537c58760dafe7fcc8a1d9bbcf00b6f6/tools/sdk/esp32s3/include/esp-dsp/modules/math/sqrt/include -I/home/franstein/.platformio/packages/framework-arduinoespressif32@src-537c58760dafe7fcc8a1d9bbcf00b6f6/tools/sdk/esp32s3/include/esp-dsp/modules/matrix/include -I/home/franstein/.platformio/packages/framework-arduinoespressif32@src-537c58760dafe7fcc8a1d9bbcf00b6f6/tools/sdk/esp32s3/include/esp-dsp/modules/fft/include -I/home/franstein/.platformio/packages/framework-arduinoespressif32@src-537c58760dafe7fcc8a1d9bbcf00b6f6/tools/sdk/esp32s3/include/esp-dsp/modules/dct/include -I/home/franstein/.platformio/packages/framework-arduinoespressif32@src-537c58760dafe7fcc8a1d9bbcf00b6f6/tools/sdk/esp32s3/include/esp-dsp/modules/conv/include -I/home/franstein/.platformio/packages/framework-arduinoespressif32@src-537c58760dafe7fcc8a1d9bbcf00b6f6/tools/sdk/esp32s3/include/esp-dsp/modules/common/include -I/home/franstein/.platformio/packages/framework-arduinoespressif32@src-537c58760dafe7fcc8a1d9bbcf00b6f6/tools/sdk/esp32s3/include/esp-dsp/modules/kalman/ekf/include -I/home/franstein/.platformio/packages/framework-arduinoespressif32@src-537c58760dafe7fcc8a1d9bbcf00b6f6/tools/sdk/esp32s3/include/esp-dsp/modules/kalman/ekf_imu13states/include -I/home/franstein/.platformio/packages/framework-arduinoespressif32@src-537c58760dafe7fcc8a1d9bbcf00b6f6/tools/sdk/esp32s3/include/freertos/include/freertos -I/home/franstein/.platformio/packages/framework-arduinoespressif32@src-537c58760dafe7fcc8a1d9bbcf00b6f6/tools/sdk/esp32s3/include/arduino_tinyusb/tinyusb/src -I/home/franstein/.platformio/packages/framework-arduinoespressif32@src-537c58760dafe7fcc8a1d9bbcf00b6f6/tools/sdk/esp32s3/include/arduino_tinyusb/include -I/home/franstein/.platformio/packages/framework-arduinoespressif32@src-537c58760dafe7fcc8a1d9bbcf00b6f6/tools/sdk/esp32s3/include/esp_littlefs/include -I/home/franstein/.platformio/packages/framework-arduinoespressif32@src-537c58760dafe7fcc8a1d9bbcf00b6f6/tools/sdk/esp32s3/include/esp-dl/include -I/home/franstein/.platformio/packages/framework-arduinoespressif32@src-537c58760dafe7fcc8a1d9bbcf00b6f6/tools/sdk/esp32s3/include/esp-dl/include/tool -I/home/franstein/.platformio/packages/framework-arduinoespressif32@src-537c58760dafe7fcc8a1d9bbcf00b6f6/tools/sdk/esp32s3/include/esp-dl/include/typedef -I/home/franstein/.platformio/packages/framework-arduinoespressif32@src-537c58760dafe7fcc8a1d9bbcf00b6f6/tools/sdk/esp32s3/include/esp-dl/include/image -I/home/franstein/.platformio/packages/framework-arduinoespressif32@src-537c58760dafe7fcc8a1d9bbcf00b6f6/tools/sdk/esp32s3/include/esp-dl/include/math -I/home/franstein/.platformio/packages/framework-arduinoespressif32@src-537c58760dafe7fcc8a1d9bbcf00b6f6/tools/sdk/esp32s3/include/esp-dl/include/nn -I/home/franstein/.platformio/packages/framework-arduinoespressif32@src-537c58760dafe7fcc8a1d9bbcf00b6f6/tools/sdk/esp32s3/include/esp-dl/include/layer -I/home/franstein/.platformio/packages/framework-arduinoespressif32@src-537c58760dafe7fcc8a1d9bbcf00b6f6/tools/sdk/esp32s3/include/esp-dl/include/detect -I/home/franstein/.platformio/packages/framework-arduinoespressif32@src-537c58760dafe7fcc8a1d9bbcf00b6f6/tools/sdk/esp32s3/include/esp-dl/include/model_zoo -I/home/franstein/.platformio/packages/framework-arduinoespressif32@src-537c58760dafe7fcc8a1d9bbcf00b6f6/tools/sdk/esp32s3/include/esp-sr/src/include -I/home/franstein/.platformio/packages/framework-arduinoespressif32@src-537c58760dafe7fcc8a1d9bbcf00b6f6/tools/sdk/esp32s3/include/esp-sr/esp-tts/esp_tts_chinese/include -I/home/franstein/.platformio/packages/framework-arduinoespressif32@src-537c58760dafe7fcc8a1d9bbcf00b6f6/tools/sdk/esp32s3/include/esp-sr/include/esp32s3 -I/home/franstein/.platformio/packages/framework-arduinoespressif32@src-537c58760dafe7fcc8a1d9bbcf00b6f6/tools/sdk/esp32s3/include/esp32-camera/driver/include -I/home/franstein/.platformio/packages/framework-arduinoespressif32@src-537c58760dafe7fcc8a1d9bbcf00b6f6/tools/sdk/esp32s3/include/esp32-camera/conversions/include -I/home/franstein/.platformio/packages/framework-arduinoespressif32@src-537c58760dafe7fcc8a1d9bbcf00b6f6/tools/sdk/esp32s3/include/fb_gfx/include -I/home/franstein/.platformio/packages/framework-arduinoespressif32@src-537c58760dafe7fcc8a1d9bbcf00b6f6/tools/sdk/esp32s3/qio_opi/include -I/home/franstein/.platformio/packages/framework-arduinoespressif32@src-537c58760dafe7fcc8a1d9bbcf00b6f6/cores/esp32 -I/home/franstein/.platformio/packages/framework-arduinoespressif32@src-537c58760dafe7fcc8a1d9bbcf00b6f6/variants/esp32s3 /home/franstein/.platformio/packages/framework-arduinoespressif32@src-537c58760dafe7fcc8a1d9bbcf00b6f6/cores/esp32/esp32-hal-psram.c
xtensa-esp32s3-elf-gcc -o .pio/build/esp32/FrameworkArduino/esp32-hal-rgb-led.c.o -c -std=gnu99 -Wno-old-style-declaration -Os -mlongcalls -ffunction-sections -fdata-sections -Wno-error=unused-function -Wno-error=unused-variable -Wno-error=deprecated-declarations -Wno-unused-parameter -Wno-sign-compare -ggdb -freorder-blocks -Wwrite-strings -fstack-protector -fstrict-volatile-bitfields -Wno-error=unused-but-set-variable -fno-jump-tables -fno-tree-switch-conversion -MMD -DPLATFORMIO=60107 -DBOARD_HAS_PSRAM -DARDUINO_USB_MODE=1 -DARDUINO_USB_CDC_ON_BOOT=1 -DHAVE_CONFIG_H -DMBEDTLS_CONFIG_FILE=\"mbedtls/esp_config.h\" -DUNITY_INCLUDE_CONFIG_H -DWITH_POSIX -D_GNU_SOURCE -DIDF_VER=\"v4.4.3\" -DESP_PLATFORM -D_POSIX_READER_WRITER_LOCKS -DARDUINO_ARCH_ESP32 -DESP32 -DF_CPU=240000000L -DARDUINO=10812 -DARDUINO_VARIANT=\"esp32s3\" "-DARDUINO_BOARD=\"LILYGO T3-S3\"" -DARDUINO_PARTITION_default -I/home/franstein/.platformio/packages/framework-arduinoespressif32@src-537c58760dafe7fcc8a1d9bbcf00b6f6/tools/sdk/esp32s3/include/newlib/platform_include -I/home/franstein/.platformio/packages/framework-arduinoespressif32@src-537c58760dafe7fcc8a1d9bbcf00b6f6/tools/sdk/esp32s3/include/freertos/include -I/home/franstein/.platformio/packages/framework-arduinoespressif32@src-537c58760dafe7fcc8a1d9bbcf00b6f6/tools/sdk/esp32s3/include/freertos/include/esp_additions/freertos -I/home/franstein/.platformio/packages/framework-arduinoespressif32@src-537c58760dafe7fcc8a1d9bbcf00b6f6/tools/sdk/esp32s3/include/freertos/port/xtensa/include -I/home/franstein/.platformio/packages/framework-arduinoespressif32@src-537c58760dafe7fcc8a1d9bbcf00b6f6/tools/sdk/esp32s3/include/freertos/include/esp_additions -I/home/franstein/.platformio/packages/framework-arduinoespressif32@src-537c58760dafe7fcc8a1d9bbcf00b6f6/tools/sdk/esp32s3/include/esp_hw_support/include -I/home/franstein/.platformio/packages/framework-arduinoespressif32@src-537c58760dafe7fcc8a1d9bbcf00b6f6/tools/sdk/esp32s3/include/esp_hw_support/include/soc -I/home/franstein/.platformio/packages/framework-arduinoespressif32@src-537c58760dafe7fcc8a1d9bbcf00b6f6/tools/sdk/esp32s3/include/esp_hw_support/include/soc/esp32s3 -I/home/franstein/.platformio/packages/framework-arduinoespressif32@src-537c58760dafe7fcc8a1d9bbcf00b6f6/tools/sdk/esp32s3/include/esp_hw_support/port/esp32s3 -I/home/franstein/.platformio/packages/framework-arduinoespressif32@src-537c58760dafe7fcc8a1d9bbcf00b6f6/tools/sdk/esp32s3/include/esp_hw_support/port/esp32s3/private_include -I/home/franstein/.platformio/packages/framework-arduinoespressif32@src-537c58760dafe7fcc8a1d9bbcf00b6f6/tools/sdk/esp32s3/include/heap/include -I/home/franstein/.platformio/packages/framework-arduinoespressif32@src-537c58760dafe7fcc8a1d9bbcf00b6f6/tools/sdk/esp32s3/include/log/include -I/home/franstein/.platformio/packages/framework-arduinoespressif32@src-537c58760dafe7fcc8a1d9bbcf00b6f6/tools/sdk/esp32s3/include/lwip/include/apps -I/home/franstein/.platformio/packages/framework-arduinoespressif32@src-537c58760dafe7fcc8a1d9bbcf00b6f6/tools/sdk/esp32s3/include/lwip/include/apps/sntp -I/home/franstein/.platformio/packages/framework-arduinoespressif32@src-537c58760dafe7fcc8a1d9bbcf00b6f6/tools/sdk/esp32s3/include/lwip/lwip/src/include -I/home/franstein/.platformio/packages/framework-arduinoespressif32@src-537c58760dafe7fcc8a1d9bbcf00b6f6/tools/sdk/esp32s3/include/lwip/port/esp32/include -I/home/franstein/.platformio/packages/framework-arduinoespressif32@src-537c58760dafe7fcc8a1d9bbcf00b6f6/tools/sdk/esp32s3/include/lwip/port/esp32/include/arch -I/home/franstein/.platformio/packages/framework-arduinoespressif32@src-537c58760dafe7fcc8a1d9bbcf00b6f6/tools/sdk/esp32s3/include/soc/include -I/home/franstein/.platformio/packages/framework-arduinoespressif32@src-537c58760dafe7fcc8a1d9bbcf00b6f6/tools/sdk/esp32s3/include/soc/esp32s3 -I/home/franstein/.platformio/packages/framework-arduinoespressif32@src-537c58760dafe7fcc8a1d9bbcf00b6f6/tools/sdk/esp32s3/include/soc/esp32s3/include -I/home/franstein/.platformio/packages/framework-arduinoespressif32@src-537c58760dafe7fcc8a1d9bbcf00b6f6/tools/sdk/esp32s3/include/hal/esp32s3/include -I/home/franstein/.platformio/packages/framework-arduinoespressif32@src-537c58760dafe7fcc8a1d9bbcf00b6f6/tools/sdk/esp32s3/include/hal/include -I/home/franstein/.platformio/packages/framework-arduinoespressif32@src-537c58760dafe7fcc8a1d9bbcf00b6f6/tools/sdk/esp32s3/include/hal/platform_port/include -I/home/franstein/.platformio/packages/framework-arduinoespressif32@src-537c58760dafe7fcc8a1d9bbcf00b6f6/tools/sdk/esp32s3/include/esp_rom/include -I/home/franstein/.platformio/packages/framework-arduinoespressif32@src-537c58760dafe7fcc8a1d9bbcf00b6f6/tools/sdk/esp32s3/include/esp_rom/include/esp32s3 -I/home/franstein/.platformio/packages/framework-arduinoespressif32@src-537c58760dafe7fcc8a1d9bbcf00b6f6/tools/sdk/esp32s3/include/esp_rom/esp32s3 -I/home/franstein/.platformio/packages/framework-arduinoespressif32@src-537c58760dafe7fcc8a1d9bbcf00b6f6/tools/sdk/esp32s3/include/esp_common/include -I/home/franstein/.platformio/packages/framework-arduinoespressif32@src-537c58760dafe7fcc8a1d9bbcf00b6f6/tools/sdk/esp32s3/include/esp_system/include -I/home/franstein/.platformio/packages/framework-arduinoespressif32@src-537c58760dafe7fcc8a1d9bbcf00b6f6/tools/sdk/esp32s3/include/esp_system/port/soc -I/home/franstein/.platformio/packages/framework-arduinoespressif32@src-537c58760dafe7fcc8a1d9bbcf00b6f6/tools/sdk/esp32s3/include/esp_system/port/public_compat -I/home/franstein/.platformio/packages/framework-arduinoespressif32@src-537c58760dafe7fcc8a1d9bbcf00b6f6/tools/sdk/esp32s3/include/xtensa/include -I/home/franstein/.platformio/packages/framework-arduinoespressif32@src-537c58760dafe7fcc8a1d9bbcf00b6f6/tools/sdk/esp32s3/include/xtensa/esp32s3/include -I/home/franstein/.platformio/packages/framework-arduinoespressif32@src-537c58760dafe7fcc8a1d9bbcf00b6f6/tools/sdk/esp32s3/include/driver/include -I/home/franstein/.platformio/packages/framework-arduinoespressif32@src-537c58760dafe7fcc8a1d9bbcf00b6f6/tools/sdk/esp32s3/include/driver/esp32s3/include -I/home/franstein/.platformio/packages/framework-arduinoespressif32@src-537c58760dafe7fcc8a1d9bbcf00b6f6/tools/sdk/esp32s3/include/esp_pm/include -I/home/franstein/.platformio/packages/framework-arduinoespressif32@src-537c58760dafe7fcc8a1d9bbcf00b6f6/tools/sdk/esp32s3/include/esp_ringbuf/include -I/home/franstein/.platformio/packages/framework-arduinoespressif32@src-537c58760dafe7fcc8a1d9bbcf00b6f6/tools/sdk/esp32s3/include/efuse/include -I/home/franstein/.platformio/packages/framework-arduinoespressif32@src-537c58760dafe7fcc8a1d9bbcf00b6f6/tools/sdk/esp32s3/include/efuse/esp32s3/include -I/home/franstein/.platformio/packages/framework-arduinoespressif32@src-537c58760dafe7fcc8a1d9bbcf00b6f6/tools/sdk/esp32s3/include/vfs/include -I/home/franstein/.platformio/packages/framework-arduinoespressif32@src-537c58760dafe7fcc8a1d9bbcf00b6f6/tools/sdk/esp32s3/include/esp_wifi/include -I/home/franstein/.platformio/packages/framework-arduinoespressif32@src-537c58760dafe7fcc8a1d9bbcf00b6f6/tools/sdk/esp32s3/include/esp_event/include -I/home/franstein/.platformio/packages/framework-arduinoespressif32@src-537c58760dafe7fcc8a1d9bbcf00b6f6/tools/sdk/esp32s3/include/esp_netif/include -I/home/franstein/.platformio/packages/framework-arduinoespressif32@src-537c58760dafe7fcc8a1d9bbcf00b6f6/tools/sdk/esp32s3/include/esp_eth/include -I/home/franstein/.platformio/packages/framework-arduinoespressif32@src-537c58760dafe7fcc8a1d9bbcf00b6f6/tools/sdk/esp32s3/include/tcpip_adapter/include -I/home/franstein/.platformio/packages/framework-arduinoespressif32@src-537c58760dafe7fcc8a1d9bbcf00b6f6/tools/sdk/esp32s3/include/esp_phy/include -I/home/franstein/.platformio/packages/framework-arduinoespressif32@src-537c58760dafe7fcc8a1d9bbcf00b6f6/tools/sdk/esp32s3/include/esp_phy/esp32s3/include -I/home/franstein/.platformio/packages/framework-arduinoespressif32@src-537c58760dafe7fcc8a1d9bbcf00b6f6/tools/sdk/esp32s3/include/esp_ipc/include -I/home/franstein/.platformio/packages/framework-arduinoespressif32@src-537c58760dafe7fcc8a1d9bbcf00b6f6/tools/sdk/esp32s3/include/app_trace/include -I/home/franstein/.platformio/packages/framework-arduinoespressif32@src-537c58760dafe7fcc8a1d9bbcf00b6f6/tools/sdk/esp32s3/include/esp_timer/include -I/home/franstein/.platformio/packages/framework-arduinoespressif32@src-537c58760dafe7fcc8a1d9bbcf00b6f6/tools/sdk/esp32s3/include/mbedtls/port/include -I/home/franstein/.platformio/packages/framework-arduinoespressif32@src-537c58760dafe7fcc8a1d9bbcf00b6f6/tools/sdk/esp32s3/include/mbedtls/mbedtls/include -I/home/franstein/.platformio/packages/framework-arduinoespressif32@src-537c58760dafe7fcc8a1d9bbcf00b6f6/tools/sdk/esp32s3/include/mbedtls/esp_crt_bundle/include -I/home/franstein/.platformio/packages/framework-arduinoespressif32@src-537c58760dafe7fcc8a1d9bbcf00b6f6/tools/sdk/esp32s3/include/app_update/include -I/home/franstein/.platformio/packages/framework-arduinoespressif32@src-537c58760dafe7fcc8a1d9bbcf00b6f6/tools/sdk/esp32s3/include/spi_flash/include -I/home/franstein/.platformio/packages/framework-arduinoespressif32@src-537c58760dafe7fcc8a1d9bbcf00b6f6/tools/sdk/esp32s3/include/bootloader_support/include -I/home/franstein/.platformio/packages/framework-arduinoespressif32@src-537c58760dafe7fcc8a1d9bbcf00b6f6/tools/sdk/esp32s3/include/nvs_flash/include -I/home/franstein/.platformio/packages/framework-arduinoespressif32@src-537c58760dafe7fcc8a1d9bbcf00b6f6/tools/sdk/esp32s3/include/pthread/include -I/home/franstein/.platformio/packages/framework-arduinoespressif32@src-537c58760dafe7fcc8a1d9bbcf00b6f6/tools/sdk/esp32s3/include/esp_gdbstub/include -I/home/franstein/.platformio/packages/framework-arduinoespressif32@src-537c58760dafe7fcc8a1d9bbcf00b6f6/tools/sdk/esp32s3/include/esp_gdbstub/xtensa -I/home/franstein/.platformio/packages/framework-arduinoespressif32@src-537c58760dafe7fcc8a1d9bbcf00b6f6/tools/sdk/esp32s3/include/esp_gdbstub/esp32s3 -I/home/franstein/.platformio/packages/framework-arduinoespressif32@src-537c58760dafe7fcc8a1d9bbcf00b6f6/tools/sdk/esp32s3/include/espcoredump/include -I/home/franstein/.platformio/packages/framework-arduinoespressif32@src-537c58760dafe7fcc8a1d9bbcf00b6f6/tools/sdk/esp32s3/include/espcoredump/include/port/xtensa -I/home/franstein/.platformio/packages/framework-arduinoespressif32@src-537c58760dafe7fcc8a1d9bbcf00b6f6/tools/sdk/esp32s3/include/wpa_supplicant/include -I/home/franstein/.platformio/packages/framework-arduinoespressif32@src-537c58760dafe7fcc8a1d9bbcf00b6f6/tools/sdk/esp32s3/include/wpa_supplicant/port/include -I/home/franstein/.platformio/packages/framework-arduinoespressif32@src-537c58760dafe7fcc8a1d9bbcf00b6f6/tools/sdk/esp32s3/include/wpa_supplicant/esp_supplicant/include -I/home/franstein/.platformio/packages/framework-arduinoespressif32@src-537c58760dafe7fcc8a1d9bbcf00b6f6/tools/sdk/esp32s3/include/ieee802154/include -I/home/franstein/.platformio/packages/framework-arduinoespressif32@src-537c58760dafe7fcc8a1d9bbcf00b6f6/tools/sdk/esp32s3/include/console -I/home/franstein/.platformio/packages/framework-arduinoespressif32@src-537c58760dafe7fcc8a1d9bbcf00b6f6/tools/sdk/esp32s3/include/asio/asio/asio/include -I/home/franstein/.platformio/packages/framework-arduinoespressif32@src-537c58760dafe7fcc8a1d9bbcf00b6f6/tools/sdk/esp32s3/include/asio/port/include -I/home/franstein/.platformio/packages/framework-arduinoespressif32@src-537c58760dafe7fcc8a1d9bbcf00b6f6/tools/sdk/esp32s3/include/bt/common/osi/include -I/home/franstein/.platformio/packages/framework-arduinoespressif32@src-537c58760dafe7fcc8a1d9bbcf00b6f6/tools/sdk/esp32s3/include/bt/include/esp32s3/include -I/home/franstein/.platformio/packages/framework-arduinoespressif32@src-537c58760dafe7fcc8a1d9bbcf00b6f6/tools/sdk/esp32s3/include/bt/common/api/include/api -I/home/franstein/.platformio/packages/framework-arduinoespressif32@src-537c58760dafe7fcc8a1d9bbcf00b6f6/tools/sdk/esp32s3/include/bt/common/btc/profile/esp/blufi/include -I/home/franstein/.platformio/packages/framework-arduinoespressif32@src-537c58760dafe7fcc8a1d9bbcf00b6f6/tools/sdk/esp32s3/include/bt/common/btc/profile/esp/include -I/home/franstein/.platformio/packages/framework-arduinoespressif32@src-537c58760dafe7fcc8a1d9bbcf00b6f6/tools/sdk/esp32s3/include/bt/host/bluedroid/api/include/api -I/home/franstein/.platformio/packages/framework-arduinoespressif32@src-537c58760dafe7fcc8a1d9bbcf00b6f6/tools/sdk/esp32s3/include/bt/esp_ble_mesh/mesh_common/include -I/home/franstein/.platformio/packages/framework-arduinoespressif32@src-537c58760dafe7fcc8a1d9bbcf00b6f6/tools/sdk/esp32s3/include/bt/esp_ble_mesh/mesh_common/tinycrypt/include -I/home/franstein/.platformio/packages/framework-arduinoespressif32@src-537c58760dafe7fcc8a1d9bbcf00b6f6/tools/sdk/esp32s3/include/bt/esp_ble_mesh/mesh_core -I/home/franstein/.platformio/packages/framework-arduinoespressif32@src-537c58760dafe7fcc8a1d9bbcf00b6f6/tools/sdk/esp32s3/include/bt/esp_ble_mesh/mesh_core/include -I/home/franstein/.platformio/packages/framework-arduinoespressif32@src-537c58760dafe7fcc8a1d9bbcf00b6f6/tools/sdk/esp32s3/include/bt/esp_ble_mesh/mesh_core/storage -I/home/franstein/.platformio/packages/framework-arduinoespressif32@src-537c58760dafe7fcc8a1d9bbcf00b6f6/tools/sdk/esp32s3/include/bt/esp_ble_mesh/btc/include -I/home/franstein/.platformio/packages/framework-arduinoespressif32@src-537c58760dafe7fcc8a1d9bbcf00b6f6/tools/sdk/esp32s3/include/bt/esp_ble_mesh/mesh_models/common/include -I/home/franstein/.platformio/packages/framework-arduinoespressif32@src-537c58760dafe7fcc8a1d9bbcf00b6f6/tools/sdk/esp32s3/include/bt/esp_ble_mesh/mesh_models/client/include -I/home/franstein/.platformio/packages/framework-arduinoespressif32@src-537c58760dafe7fcc8a1d9bbcf00b6f6/tools/sdk/esp32s3/include/bt/esp_ble_mesh/mesh_models/server/include -I/home/franstein/.platformio/packages/framework-arduinoespressif32@src-537c58760dafe7fcc8a1d9bbcf00b6f6/tools/sdk/esp32s3/include/bt/esp_ble_mesh/api/core/include -I/home/franstein/.platformio/packages/framework-arduinoespressif32@src-537c58760dafe7fcc8a1d9bbcf00b6f6/tools/sdk/esp32s3/include/bt/esp_ble_mesh/api/models/include -I/home/franstein/.platformio/packages/framework-arduinoespressif32@src-537c58760dafe7fcc8a1d9bbcf00b6f6/tools/sdk/esp32s3/include/bt/esp_ble_mesh/api -I/home/franstein/.platformio/packages/framework-arduinoespressif32@src-537c58760dafe7fcc8a1d9bbcf00b6f6/tools/sdk/esp32s3/include/cbor/port/include -I/home/franstein/.platformio/packages/framework-arduinoespressif32@src-537c58760dafe7fcc8a1d9bbcf00b6f6/tools/sdk/esp32s3/include/unity/include -I/home/franstein/.platformio/packages/framework-arduinoespressif32@src-537c58760dafe7fcc8a1d9bbcf00b6f6/tools/sdk/esp32s3/include/unity/unity/src -I/home/franstein/.platformio/packages/framework-arduinoespressif32@src-537c58760dafe7fcc8a1d9bbcf00b6f6/tools/sdk/esp32s3/include/cmock/CMock/src -I/home/franstein/.platformio/packages/framework-arduinoespressif32@src-537c58760dafe7fcc8a1d9bbcf00b6f6/tools/sdk/esp32s3/include/coap/port/include -I/home/franstein/.platformio/packages/framework-arduinoespressif32@src-537c58760dafe7fcc8a1d9bbcf00b6f6/tools/sdk/esp32s3/include/coap/libcoap/include -I/home/franstein/.platformio/packages/framework-arduinoespressif32@src-537c58760dafe7fcc8a1d9bbcf00b6f6/tools/sdk/esp32s3/include/nghttp/port/include -I/home/franstein/.platformio/packages/framework-arduinoespressif32@src-537c58760dafe7fcc8a1d9bbcf00b6f6/tools/sdk/esp32s3/include/nghttp/nghttp2/lib/includes -I/home/franstein/.platformio/packages/framework-arduinoespressif32@src-537c58760dafe7fcc8a1d9bbcf00b6f6/tools/sdk/esp32s3/include/esp-tls -I/home/franstein/.platformio/packages/framework-arduinoespressif32@src-537c58760dafe7fcc8a1d9bbcf00b6f6/tools/sdk/esp32s3/include/esp-tls/esp-tls-crypto -I/home/franstein/.platformio/packages/framework-arduinoespressif32@src-537c58760dafe7fcc8a1d9bbcf00b6f6/tools/sdk/esp32s3/include/esp_adc_cal/include -I/home/franstein/.platformio/packages/framework-arduinoespressif32@src-537c58760dafe7fcc8a1d9bbcf00b6f6/tools/sdk/esp32s3/include/esp_hid/include -I/home/franstein/.platformio/packages/framework-arduinoespressif32@src-537c58760dafe7fcc8a1d9bbcf00b6f6/tools/sdk/esp32s3/include/tcp_transport/include -I/home/franstein/.platformio/packages/framework-arduinoespressif32@src-537c58760dafe7fcc8a1d9bbcf00b6f6/tools/sdk/esp32s3/include/esp_http_client/include -I/home/franstein/.platformio/packages/framework-arduinoespressif32@src-537c58760dafe7fcc8a1d9bbcf00b6f6/tools/sdk/esp32s3/include/esp_http_server/include -I/home/franstein/.platformio/packages/framework-arduinoespressif32@src-537c58760dafe7fcc8a1d9bbcf00b6f6/tools/sdk/esp32s3/include/esp_https_ota/include -I/home/franstein/.platformio/packages/framework-arduinoespressif32@src-537c58760dafe7fcc8a1d9bbcf00b6f6/tools/sdk/esp32s3/include/esp_https_server/include -I/home/franstein/.platformio/packages/framework-arduinoespressif32@src-537c58760dafe7fcc8a1d9bbcf00b6f6/tools/sdk/esp32s3/include/esp_lcd/include -I/home/franstein/.platformio/packages/framework-arduinoespressif32@src-537c58760dafe7fcc8a1d9bbcf00b6f6/tools/sdk/esp32s3/include/esp_lcd/interface -I/home/franstein/.platformio/packages/framework-arduinoespressif32@src-537c58760dafe7fcc8a1d9bbcf00b6f6/tools/sdk/esp32s3/include/protobuf-c/protobuf-c -I/home/franstein/.platformio/packages/framework-arduinoespressif32@src-537c58760dafe7fcc8a1d9bbcf00b6f6/tools/sdk/esp32s3/include/protocomm/include/common -I/home/franstein/.platformio/packages/framework-arduinoespressif32@src-537c58760dafe7fcc8a1d9bbcf00b6f6/tools/sdk/esp32s3/include/protocomm/include/security -I/home/franstein/.platformio/packages/framework-arduinoespressif32@src-537c58760dafe7fcc8a1d9bbcf00b6f6/tools/sdk/esp32s3/include/protocomm/include/transports -I/home/franstein/.platformio/packages/framework-arduinoespressif32@src-537c58760dafe7fcc8a1d9bbcf00b6f6/tools/sdk/esp32s3/include/mdns/include -I/home/franstein/.platformio/packages/framework-arduinoespressif32@src-537c58760dafe7fcc8a1d9bbcf00b6f6/tools/sdk/esp32s3/include/esp_local_ctrl/include -I/home/franstein/.platformio/packages/framework-arduinoespressif32@src-537c58760dafe7fcc8a1d9bbcf00b6f6/tools/sdk/esp32s3/include/sdmmc/include -I/home/franstein/.platformio/packages/framework-arduinoespressif32@src-537c58760dafe7fcc8a1d9bbcf00b6f6/tools/sdk/esp32s3/include/esp_serial_slave_link/include -I/home/franstein/.platformio/packages/framework-arduinoespressif32@src-537c58760dafe7fcc8a1d9bbcf00b6f6/tools/sdk/esp32s3/include/esp_websocket_client/include -I/home/franstein/.platformio/packages/framework-arduinoespressif32@src-537c58760dafe7fcc8a1d9bbcf00b6f6/tools/sdk/esp32s3/include/expat/expat/expat/lib -I/home/franstein/.platformio/packages/framework-arduinoespressif32@src-537c58760dafe7fcc8a1d9bbcf00b6f6/tools/sdk/esp32s3/include/expat/port/include -I/home/franstein/.platformio/packages/framework-arduinoespressif32@src-537c58760dafe7fcc8a1d9bbcf00b6f6/tools/sdk/esp32s3/include/wear_levelling/include -I/home/franstein/.platformio/packages/framework-arduinoespressif32@src-537c58760dafe7fcc8a1d9bbcf00b6f6/tools/sdk/esp32s3/include/fatfs/diskio -I/home/franstein/.platformio/packages/framework-arduinoespressif32@src-537c58760dafe7fcc8a1d9bbcf00b6f6/tools/sdk/esp32s3/include/fatfs/vfs -I/home/franstein/.platformio/packages/framework-arduinoespressif32@src-537c58760dafe7fcc8a1d9bbcf00b6f6/tools/sdk/esp32s3/include/fatfs/src -I/home/franstein/.platformio/packages/framework-arduinoespressif32@src-537c58760dafe7fcc8a1d9bbcf00b6f6/tools/sdk/esp32s3/include/freemodbus/common/include -I/home/franstein/.platformio/packages/framework-arduinoespressif32@src-537c58760dafe7fcc8a1d9bbcf00b6f6/tools/sdk/esp32s3/include/idf_test/include -I/home/franstein/.platformio/packages/framework-arduinoespressif32@src-537c58760dafe7fcc8a1d9bbcf00b6f6/tools/sdk/esp32s3/include/idf_test/include/esp32s3 -I/home/franstein/.platformio/packages/framework-arduinoespressif32@src-537c58760dafe7fcc8a1d9bbcf00b6f6/tools/sdk/esp32s3/include/jsmn/include -I/home/franstein/.platformio/packages/framework-arduinoespressif32@src-537c58760dafe7fcc8a1d9bbcf00b6f6/tools/sdk/esp32s3/include/json/cJSON -I/home/franstein/.platformio/packages/framework-arduinoespressif32@src-537c58760dafe7fcc8a1d9bbcf00b6f6/tools/sdk/esp32s3/include/libsodium/libsodium/src/libsodium/include -I/home/franstein/.platformio/packages/framework-arduinoespressif32@src-537c58760dafe7fcc8a1d9bbcf00b6f6/tools/sdk/esp32s3/include/libsodium/port_include -I/home/franstein/.platformio/packages/framework-arduinoespressif32@src-537c58760dafe7fcc8a1d9bbcf00b6f6/tools/sdk/esp32s3/include/mqtt/esp-mqtt/include -I/home/franstein/.platformio/packages/framework-arduinoespressif32@src-537c58760dafe7fcc8a1d9bbcf00b6f6/tools/sdk/esp32s3/include/openssl/include -I/home/franstein/.platformio/packages/framework-arduinoespressif32@src-537c58760dafe7fcc8a1d9bbcf00b6f6/tools/sdk/esp32s3/include/perfmon/include -I/home/franstein/.platformio/packages/framework-arduinoespressif32@src-537c58760dafe7fcc8a1d9bbcf00b6f6/tools/sdk/esp32s3/include/spiffs/include -I/home/franstein/.platformio/packages/framework-arduinoespressif32@src-537c58760dafe7fcc8a1d9bbcf00b6f6/tools/sdk/esp32s3/include/usb/include -I/home/franstein/.platformio/packages/framework-arduinoespressif32@src-537c58760dafe7fcc8a1d9bbcf00b6f6/tools/sdk/esp32s3/include/ulp/include -I/home/franstein/.platformio/packages/framework-arduinoespressif32@src-537c58760dafe7fcc8a1d9bbcf00b6f6/tools/sdk/esp32s3/include/wifi_provisioning/include -I/home/franstein/.platformio/packages/framework-arduinoespressif32@src-537c58760dafe7fcc8a1d9bbcf00b6f6/tools/sdk/esp32s3/include/rmaker_common/include -I/home/franstein/.platformio/packages/framework-arduinoespressif32@src-537c58760dafe7fcc8a1d9bbcf00b6f6/tools/sdk/esp32s3/include/json_parser/upstream/include -I/home/franstein/.platformio/packages/framework-arduinoespressif32@src-537c58760dafe7fcc8a1d9bbcf00b6f6/tools/sdk/esp32s3/include/json_parser/upstream -I/home/franstein/.platformio/packages/framework-arduinoespressif32@src-537c58760dafe7fcc8a1d9bbcf00b6f6/tools/sdk/esp32s3/include/json_generator/upstream -I/home/franstein/.platformio/packages/framework-arduinoespressif32@src-537c58760dafe7fcc8a1d9bbcf00b6f6/tools/sdk/esp32s3/include/esp_schedule/include -I/home/franstein/.platformio/packages/framework-arduinoespressif32@src-537c58760dafe7fcc8a1d9bbcf00b6f6/tools/sdk/esp32s3/include/esp_rainmaker/include -I/home/franstein/.platformio/packages/framework-arduinoespressif32@src-537c58760dafe7fcc8a1d9bbcf00b6f6/tools/sdk/esp32s3/include/gpio_button/button/include -I/home/franstein/.platformio/packages/framework-arduinoespressif32@src-537c58760dafe7fcc8a1d9bbcf00b6f6/tools/sdk/esp32s3/include/qrcode/include -I/home/franstein/.platformio/packages/framework-arduinoespressif32@src-537c58760dafe7fcc8a1d9bbcf00b6f6/tools/sdk/esp32s3/include/ws2812_led -I/home/franstein/.platformio/packages/framework-arduinoespressif32@src-537c58760dafe7fcc8a1d9bbcf00b6f6/tools/sdk/esp32s3/include/esp_diagnostics/include -I/home/franstein/.platformio/packages/framework-arduinoespressif32@src-537c58760dafe7fcc8a1d9bbcf00b6f6/tools/sdk/esp32s3/include/rtc_store/include -I/home/franstein/.platformio/packages/framework-arduinoespressif32@src-537c58760dafe7fcc8a1d9bbcf00b6f6/tools/sdk/esp32s3/include/esp_insights/include -I/home/franstein/.platformio/packages/framework-arduinoespressif32@src-537c58760dafe7fcc8a1d9bbcf00b6f6/tools/sdk/esp32s3/include/esp-dsp/modules/dotprod/include -I/home/franstein/.platformio/packages/framework-arduinoespressif32@src-537c58760dafe7fcc8a1d9bbcf00b6f6/tools/sdk/esp32s3/include/esp-dsp/modules/support/include -I/home/franstein/.platformio/packages/framework-arduinoespressif32@src-537c58760dafe7fcc8a1d9bbcf00b6f6/tools/sdk/esp32s3/include/esp-dsp/modules/windows/include -I/home/franstein/.platformio/packages/framework-arduinoespressif32@src-537c58760dafe7fcc8a1d9bbcf00b6f6/tools/sdk/esp32s3/include/esp-dsp/modules/windows/hann/include -I/home/franstein/.platformio/packages/framework-arduinoespressif32@src-537c58760dafe7fcc8a1d9bbcf00b6f6/tools/sdk/esp32s3/include/esp-dsp/modules/windows/blackman/include -I/home/franstein/.platformio/packages/framework-arduinoespressif32@src-537c58760dafe7fcc8a1d9bbcf00b6f6/tools/sdk/esp32s3/include/esp-dsp/modules/windows/blackman_harris/include -I/home/franstein/.platformio/packages/framework-arduinoespressif32@src-537c58760dafe7fcc8a1d9bbcf00b6f6/tools/sdk/esp32s3/include/esp-dsp/modules/windows/blackman_nuttall/include -I/home/franstein/.platformio/packages/framework-arduinoespressif32@src-537c58760dafe7fcc8a1d9bbcf00b6f6/tools/sdk/esp32s3/include/esp-dsp/modules/windows/nuttall/include -I/home/franstein/.platformio/packages/framework-arduinoespressif32@src-537c58760dafe7fcc8a1d9bbcf00b6f6/tools/sdk/esp32s3/include/esp-dsp/modules/windows/flat_top/include -I/home/franstein/.platformio/packages/framework-arduinoespressif32@src-537c58760dafe7fcc8a1d9bbcf00b6f6/tools/sdk/esp32s3/include/esp-dsp/modules/iir/include -I/home/franstein/.platformio/packages/framework-arduinoespressif32@src-537c58760dafe7fcc8a1d9bbcf00b6f6/tools/sdk/esp32s3/include/esp-dsp/modules/fir/include -I/home/franstein/.platformio/packages/framework-arduinoespressif32@src-537c58760dafe7fcc8a1d9bbcf00b6f6/tools/sdk/esp32s3/include/esp-dsp/modules/math/include -I/home/franstein/.platformio/packages/framework-arduinoespressif32@src-537c58760dafe7fcc8a1d9bbcf00b6f6/tools/sdk/esp32s3/include/esp-dsp/modules/math/add/include -I/home/franstein/.platformio/packages/framework-arduinoespressif32@src-537c58760dafe7fcc8a1d9bbcf00b6f6/tools/sdk/esp32s3/include/esp-dsp/modules/math/sub/include -I/home/franstein/.platformio/packages/framework-arduinoespressif32@src-537c58760dafe7fcc8a1d9bbcf00b6f6/tools/sdk/esp32s3/include/esp-dsp/modules/math/mul/include -I/home/franstein/.platformio/packages/framework-arduinoespressif32@src-537c58760dafe7fcc8a1d9bbcf00b6f6/tools/sdk/esp32s3/include/esp-dsp/modules/math/addc/include -I/home/franstein/.platformio/packages/framework-arduinoespressif32@src-537c58760dafe7fcc8a1d9bbcf00b6f6/tools/sdk/esp32s3/include/esp-dsp/modules/math/mulc/include -I/home/franstein/.platformio/packages/framework-arduinoespressif32@src-537c58760dafe7fcc8a1d9bbcf00b6f6/tools/sdk/esp32s3/include/esp-dsp/modules/math/sqrt/include -I/home/franstein/.platformio/packages/framework-arduinoespressif32@src-537c58760dafe7fcc8a1d9bbcf00b6f6/tools/sdk/esp32s3/include/esp-dsp/modules/matrix/include -I/home/franstein/.platformio/packages/framework-arduinoespressif32@src-537c58760dafe7fcc8a1d9bbcf00b6f6/tools/sdk/esp32s3/include/esp-dsp/modules/fft/include -I/home/franstein/.platformio/packages/framework-arduinoespressif32@src-537c58760dafe7fcc8a1d9bbcf00b6f6/tools/sdk/esp32s3/include/esp-dsp/modules/dct/include -I/home/franstein/.platformio/packages/framework-arduinoespressif32@src-537c58760dafe7fcc8a1d9bbcf00b6f6/tools/sdk/esp32s3/include/esp-dsp/modules/conv/include -I/home/franstein/.platformio/packages/framework-arduinoespressif32@src-537c58760dafe7fcc8a1d9bbcf00b6f6/tools/sdk/esp32s3/include/esp-dsp/modules/common/include -I/home/franstein/.platformio/packages/framework-arduinoespressif32@src-537c58760dafe7fcc8a1d9bbcf00b6f6/tools/sdk/esp32s3/include/esp-dsp/modules/kalman/ekf/include -I/home/franstein/.platformio/packages/framework-arduinoespressif32@src-537c58760dafe7fcc8a1d9bbcf00b6f6/tools/sdk/esp32s3/include/esp-dsp/modules/kalman/ekf_imu13states/include -I/home/franstein/.platformio/packages/framework-arduinoespressif32@src-537c58760dafe7fcc8a1d9bbcf00b6f6/tools/sdk/esp32s3/include/freertos/include/freertos -I/home/franstein/.platformio/packages/framework-arduinoespressif32@src-537c58760dafe7fcc8a1d9bbcf00b6f6/tools/sdk/esp32s3/include/arduino_tinyusb/tinyusb/src -I/home/franstein/.platformio/packages/framework-arduinoespressif32@src-537c58760dafe7fcc8a1d9bbcf00b6f6/tools/sdk/esp32s3/include/arduino_tinyusb/include -I/home/franstein/.platformio/packages/framework-arduinoespressif32@src-537c58760dafe7fcc8a1d9bbcf00b6f6/tools/sdk/esp32s3/include/esp_littlefs/include -I/home/franstein/.platformio/packages/framework-arduinoespressif32@src-537c58760dafe7fcc8a1d9bbcf00b6f6/tools/sdk/esp32s3/include/esp-dl/include -I/home/franstein/.platformio/packages/framework-arduinoespressif32@src-537c58760dafe7fcc8a1d9bbcf00b6f6/tools/sdk/esp32s3/include/esp-dl/include/tool -I/home/franstein/.platformio/packages/framework-arduinoespressif32@src-537c58760dafe7fcc8a1d9bbcf00b6f6/tools/sdk/esp32s3/include/esp-dl/include/typedef -I/home/franstein/.platformio/packages/framework-arduinoespressif32@src-537c58760dafe7fcc8a1d9bbcf00b6f6/tools/sdk/esp32s3/include/esp-dl/include/image -I/home/franstein/.platformio/packages/framework-arduinoespressif32@src-537c58760dafe7fcc8a1d9bbcf00b6f6/tools/sdk/esp32s3/include/esp-dl/include/math -I/home/franstein/.platformio/packages/framework-arduinoespressif32@src-537c58760dafe7fcc8a1d9bbcf00b6f6/tools/sdk/esp32s3/include/esp-dl/include/nn -I/home/franstein/.platformio/packages/framework-arduinoespressif32@src-537c58760dafe7fcc8a1d9bbcf00b6f6/tools/sdk/esp32s3/include/esp-dl/include/layer -I/home/franstein/.platformio/packages/framework-arduinoespressif32@src-537c58760dafe7fcc8a1d9bbcf00b6f6/tools/sdk/esp32s3/include/esp-dl/include/detect -I/home/franstein/.platformio/packages/framework-arduinoespressif32@src-537c58760dafe7fcc8a1d9bbcf00b6f6/tools/sdk/esp32s3/include/esp-dl/include/model_zoo -I/home/franstein/.platformio/packages/framework-arduinoespressif32@src-537c58760dafe7fcc8a1d9bbcf00b6f6/tools/sdk/esp32s3/include/esp-sr/src/include -I/home/franstein/.platformio/packages/framework-arduinoespressif32@src-537c58760dafe7fcc8a1d9bbcf00b6f6/tools/sdk/esp32s3/include/esp-sr/esp-tts/esp_tts_chinese/include -I/home/franstein/.platformio/packages/framework-arduinoespressif32@src-537c58760dafe7fcc8a1d9bbcf00b6f6/tools/sdk/esp32s3/include/esp-sr/include/esp32s3 -I/home/franstein/.platformio/packages/framework-arduinoespressif32@src-537c58760dafe7fcc8a1d9bbcf00b6f6/tools/sdk/esp32s3/include/esp32-camera/driver/include -I/home/franstein/.platformio/packages/framework-arduinoespressif32@src-537c58760dafe7fcc8a1d9bbcf00b6f6/tools/sdk/esp32s3/include/esp32-camera/conversions/include -I/home/franstein/.platformio/packages/framework-arduinoespressif32@src-537c58760dafe7fcc8a1d9bbcf00b6f6/tools/sdk/esp32s3/include/fb_gfx/include -I/home/franstein/.platformio/packages/framework-arduinoespressif32@src-537c58760dafe7fcc8a1d9bbcf00b6f6/tools/sdk/esp32s3/qio_opi/include -I/home/franstein/.platformio/packages/framework-arduinoespressif32@src-537c58760dafe7fcc8a1d9bbcf00b6f6/cores/esp32 -I/home/franstein/.platformio/packages/framework-arduinoespressif32@src-537c58760dafe7fcc8a1d9bbcf00b6f6/variants/esp32s3 /home/franstein/.platformio/packages/framework-arduinoespressif32@src-537c58760dafe7fcc8a1d9bbcf00b6f6/cores/esp32/esp32-hal-rgb-led.c
xtensa-esp32s3-elf-gcc -o .pio/build/esp32/FrameworkArduino/esp32-hal-rmt.c.o -c -std=gnu99 -Wno-old-style-declaration -Os -mlongcalls -ffunction-sections -fdata-sections -Wno-error=unused-function -Wno-error=unused-variable -Wno-error=deprecated-declarations -Wno-unused-parameter -Wno-sign-compare -ggdb -freorder-blocks -Wwrite-strings -fstack-protector -fstrict-volatile-bitfields -Wno-error=unused-but-set-variable -fno-jump-tables -fno-tree-switch-conversion -MMD -DPLATFORMIO=60107 -DBOARD_HAS_PSRAM -DARDUINO_USB_MODE=1 -DARDUINO_USB_CDC_ON_BOOT=1 -DHAVE_CONFIG_H -DMBEDTLS_CONFIG_FILE=\"mbedtls/esp_config.h\" -DUNITY_INCLUDE_CONFIG_H -DWITH_POSIX -D_GNU_SOURCE -DIDF_VER=\"v4.4.3\" -DESP_PLATFORM -D_POSIX_READER_WRITER_LOCKS -DARDUINO_ARCH_ESP32 -DESP32 -DF_CPU=240000000L -DARDUINO=10812 -DARDUINO_VARIANT=\"esp32s3\" "-DARDUINO_BOARD=\"LILYGO T3-S3\"" -DARDUINO_PARTITION_default -I/home/franstein/.platformio/packages/framework-arduinoespressif32@src-537c58760dafe7fcc8a1d9bbcf00b6f6/tools/sdk/esp32s3/include/newlib/platform_include -I/home/franstein/.platformio/packages/framework-arduinoespressif32@src-537c58760dafe7fcc8a1d9bbcf00b6f6/tools/sdk/esp32s3/include/freertos/include -I/home/franstein/.platformio/packages/framework-arduinoespressif32@src-537c58760dafe7fcc8a1d9bbcf00b6f6/tools/sdk/esp32s3/include/freertos/include/esp_additions/freertos -I/home/franstein/.platformio/packages/framework-arduinoespressif32@src-537c58760dafe7fcc8a1d9bbcf00b6f6/tools/sdk/esp32s3/include/freertos/port/xtensa/include -I/home/franstein/.platformio/packages/framework-arduinoespressif32@src-537c58760dafe7fcc8a1d9bbcf00b6f6/tools/sdk/esp32s3/include/freertos/include/esp_additions -I/home/franstein/.platformio/packages/framework-arduinoespressif32@src-537c58760dafe7fcc8a1d9bbcf00b6f6/tools/sdk/esp32s3/include/esp_hw_support/include -I/home/franstein/.platformio/packages/framework-arduinoespressif32@src-537c58760dafe7fcc8a1d9bbcf00b6f6/tools/sdk/esp32s3/include/esp_hw_support/include/soc -I/home/franstein/.platformio/packages/framework-arduinoespressif32@src-537c58760dafe7fcc8a1d9bbcf00b6f6/tools/sdk/esp32s3/include/esp_hw_support/include/soc/esp32s3 -I/home/franstein/.platformio/packages/framework-arduinoespressif32@src-537c58760dafe7fcc8a1d9bbcf00b6f6/tools/sdk/esp32s3/include/esp_hw_support/port/esp32s3 -I/home/franstein/.platformio/packages/framework-arduinoespressif32@src-537c58760dafe7fcc8a1d9bbcf00b6f6/tools/sdk/esp32s3/include/esp_hw_support/port/esp32s3/private_include -I/home/franstein/.platformio/packages/framework-arduinoespressif32@src-537c58760dafe7fcc8a1d9bbcf00b6f6/tools/sdk/esp32s3/include/heap/include -I/home/franstein/.platformio/packages/framework-arduinoespressif32@src-537c58760dafe7fcc8a1d9bbcf00b6f6/tools/sdk/esp32s3/include/log/include -I/home/franstein/.platformio/packages/framework-arduinoespressif32@src-537c58760dafe7fcc8a1d9bbcf00b6f6/tools/sdk/esp32s3/include/lwip/include/apps -I/home/franstein/.platformio/packages/framework-arduinoespressif32@src-537c58760dafe7fcc8a1d9bbcf00b6f6/tools/sdk/esp32s3/include/lwip/include/apps/sntp -I/home/franstein/.platformio/packages/framework-arduinoespressif32@src-537c58760dafe7fcc8a1d9bbcf00b6f6/tools/sdk/esp32s3/include/lwip/lwip/src/include -I/home/franstein/.platformio/packages/framework-arduinoespressif32@src-537c58760dafe7fcc8a1d9bbcf00b6f6/tools/sdk/esp32s3/include/lwip/port/esp32/include -I/home/franstein/.platformio/packages/framework-arduinoespressif32@src-537c58760dafe7fcc8a1d9bbcf00b6f6/tools/sdk/esp32s3/include/lwip/port/esp32/include/arch -I/home/franstein/.platformio/packages/framework-arduinoespressif32@src-537c58760dafe7fcc8a1d9bbcf00b6f6/tools/sdk/esp32s3/include/soc/include -I/home/franstein/.platformio/packages/framework-arduinoespressif32@src-537c58760dafe7fcc8a1d9bbcf00b6f6/tools/sdk/esp32s3/include/soc/esp32s3 -I/home/franstein/.platformio/packages/framework-arduinoespressif32@src-537c58760dafe7fcc8a1d9bbcf00b6f6/tools/sdk/esp32s3/include/soc/esp32s3/include -I/home/franstein/.platformio/packages/framework-arduinoespressif32@src-537c58760dafe7fcc8a1d9bbcf00b6f6/tools/sdk/esp32s3/include/hal/esp32s3/include -I/home/franstein/.platformio/packages/framework-arduinoespressif32@src-537c58760dafe7fcc8a1d9bbcf00b6f6/tools/sdk/esp32s3/include/hal/include -I/home/franstein/.platformio/packages/framework-arduinoespressif32@src-537c58760dafe7fcc8a1d9bbcf00b6f6/tools/sdk/esp32s3/include/hal/platform_port/include -I/home/franstein/.platformio/packages/framework-arduinoespressif32@src-537c58760dafe7fcc8a1d9bbcf00b6f6/tools/sdk/esp32s3/include/esp_rom/include -I/home/franstein/.platformio/packages/framework-arduinoespressif32@src-537c58760dafe7fcc8a1d9bbcf00b6f6/tools/sdk/esp32s3/include/esp_rom/include/esp32s3 -I/home/franstein/.platformio/packages/framework-arduinoespressif32@src-537c58760dafe7fcc8a1d9bbcf00b6f6/tools/sdk/esp32s3/include/esp_rom/esp32s3 -I/home/franstein/.platformio/packages/framework-arduinoespressif32@src-537c58760dafe7fcc8a1d9bbcf00b6f6/tools/sdk/esp32s3/include/esp_common/include -I/home/franstein/.platformio/packages/framework-arduinoespressif32@src-537c58760dafe7fcc8a1d9bbcf00b6f6/tools/sdk/esp32s3/include/esp_system/include -I/home/franstein/.platformio/packages/framework-arduinoespressif32@src-537c58760dafe7fcc8a1d9bbcf00b6f6/tools/sdk/esp32s3/include/esp_system/port/soc -I/home/franstein/.platformio/packages/framework-arduinoespressif32@src-537c58760dafe7fcc8a1d9bbcf00b6f6/tools/sdk/esp32s3/include/esp_system/port/public_compat -I/home/franstein/.platformio/packages/framework-arduinoespressif32@src-537c58760dafe7fcc8a1d9bbcf00b6f6/tools/sdk/esp32s3/include/xtensa/include -I/home/franstein/.platformio/packages/framework-arduinoespressif32@src-537c58760dafe7fcc8a1d9bbcf00b6f6/tools/sdk/esp32s3/include/xtensa/esp32s3/include -I/home/franstein/.platformio/packages/framework-arduinoespressif32@src-537c58760dafe7fcc8a1d9bbcf00b6f6/tools/sdk/esp32s3/include/driver/include -I/home/franstein/.platformio/packages/framework-arduinoespressif32@src-537c58760dafe7fcc8a1d9bbcf00b6f6/tools/sdk/esp32s3/include/driver/esp32s3/include -I/home/franstein/.platformio/packages/framework-arduinoespressif32@src-537c58760dafe7fcc8a1d9bbcf00b6f6/tools/sdk/esp32s3/include/esp_pm/include -I/home/franstein/.platformio/packages/framework-arduinoespressif32@src-537c58760dafe7fcc8a1d9bbcf00b6f6/tools/sdk/esp32s3/include/esp_ringbuf/include -I/home/franstein/.platformio/packages/framework-arduinoespressif32@src-537c58760dafe7fcc8a1d9bbcf00b6f6/tools/sdk/esp32s3/include/efuse/include -I/home/franstein/.platformio/packages/framework-arduinoespressif32@src-537c58760dafe7fcc8a1d9bbcf00b6f6/tools/sdk/esp32s3/include/efuse/esp32s3/include -I/home/franstein/.platformio/packages/framework-arduinoespressif32@src-537c58760dafe7fcc8a1d9bbcf00b6f6/tools/sdk/esp32s3/include/vfs/include -I/home/franstein/.platformio/packages/framework-arduinoespressif32@src-537c58760dafe7fcc8a1d9bbcf00b6f6/tools/sdk/esp32s3/include/esp_wifi/include -I/home/franstein/.platformio/packages/framework-arduinoespressif32@src-537c58760dafe7fcc8a1d9bbcf00b6f6/tools/sdk/esp32s3/include/esp_event/include -I/home/franstein/.platformio/packages/framework-arduinoespressif32@src-537c58760dafe7fcc8a1d9bbcf00b6f6/tools/sdk/esp32s3/include/esp_netif/include -I/home/franstein/.platformio/packages/framework-arduinoespressif32@src-537c58760dafe7fcc8a1d9bbcf00b6f6/tools/sdk/esp32s3/include/esp_eth/include -I/home/franstein/.platformio/packages/framework-arduinoespressif32@src-537c58760dafe7fcc8a1d9bbcf00b6f6/tools/sdk/esp32s3/include/tcpip_adapter/include -I/home/franstein/.platformio/packages/framework-arduinoespressif32@src-537c58760dafe7fcc8a1d9bbcf00b6f6/tools/sdk/esp32s3/include/esp_phy/include -I/home/franstein/.platformio/packages/framework-arduinoespressif32@src-537c58760dafe7fcc8a1d9bbcf00b6f6/tools/sdk/esp32s3/include/esp_phy/esp32s3/include -I/home/franstein/.platformio/packages/framework-arduinoespressif32@src-537c58760dafe7fcc8a1d9bbcf00b6f6/tools/sdk/esp32s3/include/esp_ipc/include -I/home/franstein/.platformio/packages/framework-arduinoespressif32@src-537c58760dafe7fcc8a1d9bbcf00b6f6/tools/sdk/esp32s3/include/app_trace/include -I/home/franstein/.platformio/packages/framework-arduinoespressif32@src-537c58760dafe7fcc8a1d9bbcf00b6f6/tools/sdk/esp32s3/include/esp_timer/include -I/home/franstein/.platformio/packages/framework-arduinoespressif32@src-537c58760dafe7fcc8a1d9bbcf00b6f6/tools/sdk/esp32s3/include/mbedtls/port/include -I/home/franstein/.platformio/packages/framework-arduinoespressif32@src-537c58760dafe7fcc8a1d9bbcf00b6f6/tools/sdk/esp32s3/include/mbedtls/mbedtls/include -I/home/franstein/.platformio/packages/framework-arduinoespressif32@src-537c58760dafe7fcc8a1d9bbcf00b6f6/tools/sdk/esp32s3/include/mbedtls/esp_crt_bundle/include -I/home/franstein/.platformio/packages/framework-arduinoespressif32@src-537c58760dafe7fcc8a1d9bbcf00b6f6/tools/sdk/esp32s3/include/app_update/include -I/home/franstein/.platformio/packages/framework-arduinoespressif32@src-537c58760dafe7fcc8a1d9bbcf00b6f6/tools/sdk/esp32s3/include/spi_flash/include -I/home/franstein/.platformio/packages/framework-arduinoespressif32@src-537c58760dafe7fcc8a1d9bbcf00b6f6/tools/sdk/esp32s3/include/bootloader_support/include -I/home/franstein/.platformio/packages/framework-arduinoespressif32@src-537c58760dafe7fcc8a1d9bbcf00b6f6/tools/sdk/esp32s3/include/nvs_flash/include -I/home/franstein/.platformio/packages/framework-arduinoespressif32@src-537c58760dafe7fcc8a1d9bbcf00b6f6/tools/sdk/esp32s3/include/pthread/include -I/home/franstein/.platformio/packages/framework-arduinoespressif32@src-537c58760dafe7fcc8a1d9bbcf00b6f6/tools/sdk/esp32s3/include/esp_gdbstub/include -I/home/franstein/.platformio/packages/framework-arduinoespressif32@src-537c58760dafe7fcc8a1d9bbcf00b6f6/tools/sdk/esp32s3/include/esp_gdbstub/xtensa -I/home/franstein/.platformio/packages/framework-arduinoespressif32@src-537c58760dafe7fcc8a1d9bbcf00b6f6/tools/sdk/esp32s3/include/esp_gdbstub/esp32s3 -I/home/franstein/.platformio/packages/framework-arduinoespressif32@src-537c58760dafe7fcc8a1d9bbcf00b6f6/tools/sdk/esp32s3/include/espcoredump/include -I/home/franstein/.platformio/packages/framework-arduinoespressif32@src-537c58760dafe7fcc8a1d9bbcf00b6f6/tools/sdk/esp32s3/include/espcoredump/include/port/xtensa -I/home/franstein/.platformio/packages/framework-arduinoespressif32@src-537c58760dafe7fcc8a1d9bbcf00b6f6/tools/sdk/esp32s3/include/wpa_supplicant/include -I/home/franstein/.platformio/packages/framework-arduinoespressif32@src-537c58760dafe7fcc8a1d9bbcf00b6f6/tools/sdk/esp32s3/include/wpa_supplicant/port/include -I/home/franstein/.platformio/packages/framework-arduinoespressif32@src-537c58760dafe7fcc8a1d9bbcf00b6f6/tools/sdk/esp32s3/include/wpa_supplicant/esp_supplicant/include -I/home/franstein/.platformio/packages/framework-arduinoespressif32@src-537c58760dafe7fcc8a1d9bbcf00b6f6/tools/sdk/esp32s3/include/ieee802154/include -I/home/franstein/.platformio/packages/framework-arduinoespressif32@src-537c58760dafe7fcc8a1d9bbcf00b6f6/tools/sdk/esp32s3/include/console -I/home/franstein/.platformio/packages/framework-arduinoespressif32@src-537c58760dafe7fcc8a1d9bbcf00b6f6/tools/sdk/esp32s3/include/asio/asio/asio/include -I/home/franstein/.platformio/packages/framework-arduinoespressif32@src-537c58760dafe7fcc8a1d9bbcf00b6f6/tools/sdk/esp32s3/include/asio/port/include -I/home/franstein/.platformio/packages/framework-arduinoespressif32@src-537c58760dafe7fcc8a1d9bbcf00b6f6/tools/sdk/esp32s3/include/bt/common/osi/include -I/home/franstein/.platformio/packages/framework-arduinoespressif32@src-537c58760dafe7fcc8a1d9bbcf00b6f6/tools/sdk/esp32s3/include/bt/include/esp32s3/include -I/home/franstein/.platformio/packages/framework-arduinoespressif32@src-537c58760dafe7fcc8a1d9bbcf00b6f6/tools/sdk/esp32s3/include/bt/common/api/include/api -I/home/franstein/.platformio/packages/framework-arduinoespressif32@src-537c58760dafe7fcc8a1d9bbcf00b6f6/tools/sdk/esp32s3/include/bt/common/btc/profile/esp/blufi/include -I/home/franstein/.platformio/packages/framework-arduinoespressif32@src-537c58760dafe7fcc8a1d9bbcf00b6f6/tools/sdk/esp32s3/include/bt/common/btc/profile/esp/include -I/home/franstein/.platformio/packages/framework-arduinoespressif32@src-537c58760dafe7fcc8a1d9bbcf00b6f6/tools/sdk/esp32s3/include/bt/host/bluedroid/api/include/api -I/home/franstein/.platformio/packages/framework-arduinoespressif32@src-537c58760dafe7fcc8a1d9bbcf00b6f6/tools/sdk/esp32s3/include/bt/esp_ble_mesh/mesh_common/include -I/home/franstein/.platformio/packages/framework-arduinoespressif32@src-537c58760dafe7fcc8a1d9bbcf00b6f6/tools/sdk/esp32s3/include/bt/esp_ble_mesh/mesh_common/tinycrypt/include -I/home/franstein/.platformio/packages/framework-arduinoespressif32@src-537c58760dafe7fcc8a1d9bbcf00b6f6/tools/sdk/esp32s3/include/bt/esp_ble_mesh/mesh_core -I/home/franstein/.platformio/packages/framework-arduinoespressif32@src-537c58760dafe7fcc8a1d9bbcf00b6f6/tools/sdk/esp32s3/include/bt/esp_ble_mesh/mesh_core/include -I/home/franstein/.platformio/packages/framework-arduinoespressif32@src-537c58760dafe7fcc8a1d9bbcf00b6f6/tools/sdk/esp32s3/include/bt/esp_ble_mesh/mesh_core/storage -I/home/franstein/.platformio/packages/framework-arduinoespressif32@src-537c58760dafe7fcc8a1d9bbcf00b6f6/tools/sdk/esp32s3/include/bt/esp_ble_mesh/btc/include -I/home/franstein/.platformio/packages/framework-arduinoespressif32@src-537c58760dafe7fcc8a1d9bbcf00b6f6/tools/sdk/esp32s3/include/bt/esp_ble_mesh/mesh_models/common/include -I/home/franstein/.platformio/packages/framework-arduinoespressif32@src-537c58760dafe7fcc8a1d9bbcf00b6f6/tools/sdk/esp32s3/include/bt/esp_ble_mesh/mesh_models/client/include -I/home/franstein/.platformio/packages/framework-arduinoespressif32@src-537c58760dafe7fcc8a1d9bbcf00b6f6/tools/sdk/esp32s3/include/bt/esp_ble_mesh/mesh_models/server/include -I/home/franstein/.platformio/packages/framework-arduinoespressif32@src-537c58760dafe7fcc8a1d9bbcf00b6f6/tools/sdk/esp32s3/include/bt/esp_ble_mesh/api/core/include -I/home/franstein/.platformio/packages/framework-arduinoespressif32@src-537c58760dafe7fcc8a1d9bbcf00b6f6/tools/sdk/esp32s3/include/bt/esp_ble_mesh/api/models/include -I/home/franstein/.platformio/packages/framework-arduinoespressif32@src-537c58760dafe7fcc8a1d9bbcf00b6f6/tools/sdk/esp32s3/include/bt/esp_ble_mesh/api -I/home/franstein/.platformio/packages/framework-arduinoespressif32@src-537c58760dafe7fcc8a1d9bbcf00b6f6/tools/sdk/esp32s3/include/cbor/port/include -I/home/franstein/.platformio/packages/framework-arduinoespressif32@src-537c58760dafe7fcc8a1d9bbcf00b6f6/tools/sdk/esp32s3/include/unity/include -I/home/franstein/.platformio/packages/framework-arduinoespressif32@src-537c58760dafe7fcc8a1d9bbcf00b6f6/tools/sdk/esp32s3/include/unity/unity/src -I/home/franstein/.platformio/packages/framework-arduinoespressif32@src-537c58760dafe7fcc8a1d9bbcf00b6f6/tools/sdk/esp32s3/include/cmock/CMock/src -I/home/franstein/.platformio/packages/framework-arduinoespressif32@src-537c58760dafe7fcc8a1d9bbcf00b6f6/tools/sdk/esp32s3/include/coap/port/include -I/home/franstein/.platformio/packages/framework-arduinoespressif32@src-537c58760dafe7fcc8a1d9bbcf00b6f6/tools/sdk/esp32s3/include/coap/libcoap/include -I/home/franstein/.platformio/packages/framework-arduinoespressif32@src-537c58760dafe7fcc8a1d9bbcf00b6f6/tools/sdk/esp32s3/include/nghttp/port/include -I/home/franstein/.platformio/packages/framework-arduinoespressif32@src-537c58760dafe7fcc8a1d9bbcf00b6f6/tools/sdk/esp32s3/include/nghttp/nghttp2/lib/includes -I/home/franstein/.platformio/packages/framework-arduinoespressif32@src-537c58760dafe7fcc8a1d9bbcf00b6f6/tools/sdk/esp32s3/include/esp-tls -I/home/franstein/.platformio/packages/framework-arduinoespressif32@src-537c58760dafe7fcc8a1d9bbcf00b6f6/tools/sdk/esp32s3/include/esp-tls/esp-tls-crypto -I/home/franstein/.platformio/packages/framework-arduinoespressif32@src-537c58760dafe7fcc8a1d9bbcf00b6f6/tools/sdk/esp32s3/include/esp_adc_cal/include -I/home/franstein/.platformio/packages/framework-arduinoespressif32@src-537c58760dafe7fcc8a1d9bbcf00b6f6/tools/sdk/esp32s3/include/esp_hid/include -I/home/franstein/.platformio/packages/framework-arduinoespressif32@src-537c58760dafe7fcc8a1d9bbcf00b6f6/tools/sdk/esp32s3/include/tcp_transport/include -I/home/franstein/.platformio/packages/framework-arduinoespressif32@src-537c58760dafe7fcc8a1d9bbcf00b6f6/tools/sdk/esp32s3/include/esp_http_client/include -I/home/franstein/.platformio/packages/framework-arduinoespressif32@src-537c58760dafe7fcc8a1d9bbcf00b6f6/tools/sdk/esp32s3/include/esp_http_server/include -I/home/franstein/.platformio/packages/framework-arduinoespressif32@src-537c58760dafe7fcc8a1d9bbcf00b6f6/tools/sdk/esp32s3/include/esp_https_ota/include -I/home/franstein/.platformio/packages/framework-arduinoespressif32@src-537c58760dafe7fcc8a1d9bbcf00b6f6/tools/sdk/esp32s3/include/esp_https_server/include -I/home/franstein/.platformio/packages/framework-arduinoespressif32@src-537c58760dafe7fcc8a1d9bbcf00b6f6/tools/sdk/esp32s3/include/esp_lcd/include -I/home/franstein/.platformio/packages/framework-arduinoespressif32@src-537c58760dafe7fcc8a1d9bbcf00b6f6/tools/sdk/esp32s3/include/esp_lcd/interface -I/home/franstein/.platformio/packages/framework-arduinoespressif32@src-537c58760dafe7fcc8a1d9bbcf00b6f6/tools/sdk/esp32s3/include/protobuf-c/protobuf-c -I/home/franstein/.platformio/packages/framework-arduinoespressif32@src-537c58760dafe7fcc8a1d9bbcf00b6f6/tools/sdk/esp32s3/include/protocomm/include/common -I/home/franstein/.platformio/packages/framework-arduinoespressif32@src-537c58760dafe7fcc8a1d9bbcf00b6f6/tools/sdk/esp32s3/include/protocomm/include/security -I/home/franstein/.platformio/packages/framework-arduinoespressif32@src-537c58760dafe7fcc8a1d9bbcf00b6f6/tools/sdk/esp32s3/include/protocomm/include/transports -I/home/franstein/.platformio/packages/framework-arduinoespressif32@src-537c58760dafe7fcc8a1d9bbcf00b6f6/tools/sdk/esp32s3/include/mdns/include -I/home/franstein/.platformio/packages/framework-arduinoespressif32@src-537c58760dafe7fcc8a1d9bbcf00b6f6/tools/sdk/esp32s3/include/esp_local_ctrl/include -I/home/franstein/.platformio/packages/framework-arduinoespressif32@src-537c58760dafe7fcc8a1d9bbcf00b6f6/tools/sdk/esp32s3/include/sdmmc/include -I/home/franstein/.platformio/packages/framework-arduinoespressif32@src-537c58760dafe7fcc8a1d9bbcf00b6f6/tools/sdk/esp32s3/include/esp_serial_slave_link/include -I/home/franstein/.platformio/packages/framework-arduinoespressif32@src-537c58760dafe7fcc8a1d9bbcf00b6f6/tools/sdk/esp32s3/include/esp_websocket_client/include -I/home/franstein/.platformio/packages/framework-arduinoespressif32@src-537c58760dafe7fcc8a1d9bbcf00b6f6/tools/sdk/esp32s3/include/expat/expat/expat/lib -I/home/franstein/.platformio/packages/framework-arduinoespressif32@src-537c58760dafe7fcc8a1d9bbcf00b6f6/tools/sdk/esp32s3/include/expat/port/include -I/home/franstein/.platformio/packages/framework-arduinoespressif32@src-537c58760dafe7fcc8a1d9bbcf00b6f6/tools/sdk/esp32s3/include/wear_levelling/include -I/home/franstein/.platformio/packages/framework-arduinoespressif32@src-537c58760dafe7fcc8a1d9bbcf00b6f6/tools/sdk/esp32s3/include/fatfs/diskio -I/home/franstein/.platformio/packages/framework-arduinoespressif32@src-537c58760dafe7fcc8a1d9bbcf00b6f6/tools/sdk/esp32s3/include/fatfs/vfs -I/home/franstein/.platformio/packages/framework-arduinoespressif32@src-537c58760dafe7fcc8a1d9bbcf00b6f6/tools/sdk/esp32s3/include/fatfs/src -I/home/franstein/.platformio/packages/framework-arduinoespressif32@src-537c58760dafe7fcc8a1d9bbcf00b6f6/tools/sdk/esp32s3/include/freemodbus/common/include -I/home/franstein/.platformio/packages/framework-arduinoespressif32@src-537c58760dafe7fcc8a1d9bbcf00b6f6/tools/sdk/esp32s3/include/idf_test/include -I/home/franstein/.platformio/packages/framework-arduinoespressif32@src-537c58760dafe7fcc8a1d9bbcf00b6f6/tools/sdk/esp32s3/include/idf_test/include/esp32s3 -I/home/franstein/.platformio/packages/framework-arduinoespressif32@src-537c58760dafe7fcc8a1d9bbcf00b6f6/tools/sdk/esp32s3/include/jsmn/include -I/home/franstein/.platformio/packages/framework-arduinoespressif32@src-537c58760dafe7fcc8a1d9bbcf00b6f6/tools/sdk/esp32s3/include/json/cJSON -I/home/franstein/.platformio/packages/framework-arduinoespressif32@src-537c58760dafe7fcc8a1d9bbcf00b6f6/tools/sdk/esp32s3/include/libsodium/libsodium/src/libsodium/include -I/home/franstein/.platformio/packages/framework-arduinoespressif32@src-537c58760dafe7fcc8a1d9bbcf00b6f6/tools/sdk/esp32s3/include/libsodium/port_include -I/home/franstein/.platformio/packages/framework-arduinoespressif32@src-537c58760dafe7fcc8a1d9bbcf00b6f6/tools/sdk/esp32s3/include/mqtt/esp-mqtt/include -I/home/franstein/.platformio/packages/framework-arduinoespressif32@src-537c58760dafe7fcc8a1d9bbcf00b6f6/tools/sdk/esp32s3/include/openssl/include -I/home/franstein/.platformio/packages/framework-arduinoespressif32@src-537c58760dafe7fcc8a1d9bbcf00b6f6/tools/sdk/esp32s3/include/perfmon/include -I/home/franstein/.platformio/packages/framework-arduinoespressif32@src-537c58760dafe7fcc8a1d9bbcf00b6f6/tools/sdk/esp32s3/include/spiffs/include -I/home/franstein/.platformio/packages/framework-arduinoespressif32@src-537c58760dafe7fcc8a1d9bbcf00b6f6/tools/sdk/esp32s3/include/usb/include -I/home/franstein/.platformio/packages/framework-arduinoespressif32@src-537c58760dafe7fcc8a1d9bbcf00b6f6/tools/sdk/esp32s3/include/ulp/include -I/home/franstein/.platformio/packages/framework-arduinoespressif32@src-537c58760dafe7fcc8a1d9bbcf00b6f6/tools/sdk/esp32s3/include/wifi_provisioning/include -I/home/franstein/.platformio/packages/framework-arduinoespressif32@src-537c58760dafe7fcc8a1d9bbcf00b6f6/tools/sdk/esp32s3/include/rmaker_common/include -I/home/franstein/.platformio/packages/framework-arduinoespressif32@src-537c58760dafe7fcc8a1d9bbcf00b6f6/tools/sdk/esp32s3/include/json_parser/upstream/include -I/home/franstein/.platformio/packages/framework-arduinoespressif32@src-537c58760dafe7fcc8a1d9bbcf00b6f6/tools/sdk/esp32s3/include/json_parser/upstream -I/home/franstein/.platformio/packages/framework-arduinoespressif32@src-537c58760dafe7fcc8a1d9bbcf00b6f6/tools/sdk/esp32s3/include/json_generator/upstream -I/home/franstein/.platformio/packages/framework-arduinoespressif32@src-537c58760dafe7fcc8a1d9bbcf00b6f6/tools/sdk/esp32s3/include/esp_schedule/include -I/home/franstein/.platformio/packages/framework-arduinoespressif32@src-537c58760dafe7fcc8a1d9bbcf00b6f6/tools/sdk/esp32s3/include/esp_rainmaker/include -I/home/franstein/.platformio/packages/framework-arduinoespressif32@src-537c58760dafe7fcc8a1d9bbcf00b6f6/tools/sdk/esp32s3/include/gpio_button/button/include -I/home/franstein/.platformio/packages/framework-arduinoespressif32@src-537c58760dafe7fcc8a1d9bbcf00b6f6/tools/sdk/esp32s3/include/qrcode/include -I/home/franstein/.platformio/packages/framework-arduinoespressif32@src-537c58760dafe7fcc8a1d9bbcf00b6f6/tools/sdk/esp32s3/include/ws2812_led -I/home/franstein/.platformio/packages/framework-arduinoespressif32@src-537c58760dafe7fcc8a1d9bbcf00b6f6/tools/sdk/esp32s3/include/esp_diagnostics/include -I/home/franstein/.platformio/packages/framework-arduinoespressif32@src-537c58760dafe7fcc8a1d9bbcf00b6f6/tools/sdk/esp32s3/include/rtc_store/include -I/home/franstein/.platformio/packages/framework-arduinoespressif32@src-537c58760dafe7fcc8a1d9bbcf00b6f6/tools/sdk/esp32s3/include/esp_insights/include -I/home/franstein/.platformio/packages/framework-arduinoespressif32@src-537c58760dafe7fcc8a1d9bbcf00b6f6/tools/sdk/esp32s3/include/esp-dsp/modules/dotprod/include -I/home/franstein/.platformio/packages/framework-arduinoespressif32@src-537c58760dafe7fcc8a1d9bbcf00b6f6/tools/sdk/esp32s3/include/esp-dsp/modules/support/include -I/home/franstein/.platformio/packages/framework-arduinoespressif32@src-537c58760dafe7fcc8a1d9bbcf00b6f6/tools/sdk/esp32s3/include/esp-dsp/modules/windows/include -I/home/franstein/.platformio/packages/framework-arduinoespressif32@src-537c58760dafe7fcc8a1d9bbcf00b6f6/tools/sdk/esp32s3/include/esp-dsp/modules/windows/hann/include -I/home/franstein/.platformio/packages/framework-arduinoespressif32@src-537c58760dafe7fcc8a1d9bbcf00b6f6/tools/sdk/esp32s3/include/esp-dsp/modules/windows/blackman/include -I/home/franstein/.platformio/packages/framework-arduinoespressif32@src-537c58760dafe7fcc8a1d9bbcf00b6f6/tools/sdk/esp32s3/include/esp-dsp/modules/windows/blackman_harris/include -I/home/franstein/.platformio/packages/framework-arduinoespressif32@src-537c58760dafe7fcc8a1d9bbcf00b6f6/tools/sdk/esp32s3/include/esp-dsp/modules/windows/blackman_nuttall/include -I/home/franstein/.platformio/packages/framework-arduinoespressif32@src-537c58760dafe7fcc8a1d9bbcf00b6f6/tools/sdk/esp32s3/include/esp-dsp/modules/windows/nuttall/include -I/home/franstein/.platformio/packages/framework-arduinoespressif32@src-537c58760dafe7fcc8a1d9bbcf00b6f6/tools/sdk/esp32s3/include/esp-dsp/modules/windows/flat_top/include -I/home/franstein/.platformio/packages/framework-arduinoespressif32@src-537c58760dafe7fcc8a1d9bbcf00b6f6/tools/sdk/esp32s3/include/esp-dsp/modules/iir/include -I/home/franstein/.platformio/packages/framework-arduinoespressif32@src-537c58760dafe7fcc8a1d9bbcf00b6f6/tools/sdk/esp32s3/include/esp-dsp/modules/fir/include -I/home/franstein/.platformio/packages/framework-arduinoespressif32@src-537c58760dafe7fcc8a1d9bbcf00b6f6/tools/sdk/esp32s3/include/esp-dsp/modules/math/include -I/home/franstein/.platformio/packages/framework-arduinoespressif32@src-537c58760dafe7fcc8a1d9bbcf00b6f6/tools/sdk/esp32s3/include/esp-dsp/modules/math/add/include -I/home/franstein/.platformio/packages/framework-arduinoespressif32@src-537c58760dafe7fcc8a1d9bbcf00b6f6/tools/sdk/esp32s3/include/esp-dsp/modules/math/sub/include -I/home/franstein/.platformio/packages/framework-arduinoespressif32@src-537c58760dafe7fcc8a1d9bbcf00b6f6/tools/sdk/esp32s3/include/esp-dsp/modules/math/mul/include -I/home/franstein/.platformio/packages/framework-arduinoespressif32@src-537c58760dafe7fcc8a1d9bbcf00b6f6/tools/sdk/esp32s3/include/esp-dsp/modules/math/addc/include -I/home/franstein/.platformio/packages/framework-arduinoespressif32@src-537c58760dafe7fcc8a1d9bbcf00b6f6/tools/sdk/esp32s3/include/esp-dsp/modules/math/mulc/include -I/home/franstein/.platformio/packages/framework-arduinoespressif32@src-537c58760dafe7fcc8a1d9bbcf00b6f6/tools/sdk/esp32s3/include/esp-dsp/modules/math/sqrt/include -I/home/franstein/.platformio/packages/framework-arduinoespressif32@src-537c58760dafe7fcc8a1d9bbcf00b6f6/tools/sdk/esp32s3/include/esp-dsp/modules/matrix/include -I/home/franstein/.platformio/packages/framework-arduinoespressif32@src-537c58760dafe7fcc8a1d9bbcf00b6f6/tools/sdk/esp32s3/include/esp-dsp/modules/fft/include -I/home/franstein/.platformio/packages/framework-arduinoespressif32@src-537c58760dafe7fcc8a1d9bbcf00b6f6/tools/sdk/esp32s3/include/esp-dsp/modules/dct/include -I/home/franstein/.platformio/packages/framework-arduinoespressif32@src-537c58760dafe7fcc8a1d9bbcf00b6f6/tools/sdk/esp32s3/include/esp-dsp/modules/conv/include -I/home/franstein/.platformio/packages/framework-arduinoespressif32@src-537c58760dafe7fcc8a1d9bbcf00b6f6/tools/sdk/esp32s3/include/esp-dsp/modules/common/include -I/home/franstein/.platformio/packages/framework-arduinoespressif32@src-537c58760dafe7fcc8a1d9bbcf00b6f6/tools/sdk/esp32s3/include/esp-dsp/modules/kalman/ekf/include -I/home/franstein/.platformio/packages/framework-arduinoespressif32@src-537c58760dafe7fcc8a1d9bbcf00b6f6/tools/sdk/esp32s3/include/esp-dsp/modules/kalman/ekf_imu13states/include -I/home/franstein/.platformio/packages/framework-arduinoespressif32@src-537c58760dafe7fcc8a1d9bbcf00b6f6/tools/sdk/esp32s3/include/freertos/include/freertos -I/home/franstein/.platformio/packages/framework-arduinoespressif32@src-537c58760dafe7fcc8a1d9bbcf00b6f6/tools/sdk/esp32s3/include/arduino_tinyusb/tinyusb/src -I/home/franstein/.platformio/packages/framework-arduinoespressif32@src-537c58760dafe7fcc8a1d9bbcf00b6f6/tools/sdk/esp32s3/include/arduino_tinyusb/include -I/home/franstein/.platformio/packages/framework-arduinoespressif32@src-537c58760dafe7fcc8a1d9bbcf00b6f6/tools/sdk/esp32s3/include/esp_littlefs/include -I/home/franstein/.platformio/packages/framework-arduinoespressif32@src-537c58760dafe7fcc8a1d9bbcf00b6f6/tools/sdk/esp32s3/include/esp-dl/include -I/home/franstein/.platformio/packages/framework-arduinoespressif32@src-537c58760dafe7fcc8a1d9bbcf00b6f6/tools/sdk/esp32s3/include/esp-dl/include/tool -I/home/franstein/.platformio/packages/framework-arduinoespressif32@src-537c58760dafe7fcc8a1d9bbcf00b6f6/tools/sdk/esp32s3/include/esp-dl/include/typedef -I/home/franstein/.platformio/packages/framework-arduinoespressif32@src-537c58760dafe7fcc8a1d9bbcf00b6f6/tools/sdk/esp32s3/include/esp-dl/include/image -I/home/franstein/.platformio/packages/framework-arduinoespressif32@src-537c58760dafe7fcc8a1d9bbcf00b6f6/tools/sdk/esp32s3/include/esp-dl/include/math -I/home/franstein/.platformio/packages/framework-arduinoespressif32@src-537c58760dafe7fcc8a1d9bbcf00b6f6/tools/sdk/esp32s3/include/esp-dl/include/nn -I/home/franstein/.platformio/packages/framework-arduinoespressif32@src-537c58760dafe7fcc8a1d9bbcf00b6f6/tools/sdk/esp32s3/include/esp-dl/include/layer -I/home/franstein/.platformio/packages/framework-arduinoespressif32@src-537c58760dafe7fcc8a1d9bbcf00b6f6/tools/sdk/esp32s3/include/esp-dl/include/detect -I/home/franstein/.platformio/packages/framework-arduinoespressif32@src-537c58760dafe7fcc8a1d9bbcf00b6f6/tools/sdk/esp32s3/include/esp-dl/include/model_zoo -I/home/franstein/.platformio/packages/framework-arduinoespressif32@src-537c58760dafe7fcc8a1d9bbcf00b6f6/tools/sdk/esp32s3/include/esp-sr/src/include -I/home/franstein/.platformio/packages/framework-arduinoespressif32@src-537c58760dafe7fcc8a1d9bbcf00b6f6/tools/sdk/esp32s3/include/esp-sr/esp-tts/esp_tts_chinese/include -I/home/franstein/.platformio/packages/framework-arduinoespressif32@src-537c58760dafe7fcc8a1d9bbcf00b6f6/tools/sdk/esp32s3/include/esp-sr/include/esp32s3 -I/home/franstein/.platformio/packages/framework-arduinoespressif32@src-537c58760dafe7fcc8a1d9bbcf00b6f6/tools/sdk/esp32s3/include/esp32-camera/driver/include -I/home/franstein/.platformio/packages/framework-arduinoespressif32@src-537c58760dafe7fcc8a1d9bbcf00b6f6/tools/sdk/esp32s3/include/esp32-camera/conversions/include -I/home/franstein/.platformio/packages/framework-arduinoespressif32@src-537c58760dafe7fcc8a1d9bbcf00b6f6/tools/sdk/esp32s3/include/fb_gfx/include -I/home/franstein/.platformio/packages/framework-arduinoespressif32@src-537c58760dafe7fcc8a1d9bbcf00b6f6/tools/sdk/esp32s3/qio_opi/include -I/home/franstein/.platformio/packages/framework-arduinoespressif32@src-537c58760dafe7fcc8a1d9bbcf00b6f6/cores/esp32 -I/home/franstein/.platformio/packages/framework-arduinoespressif32@src-537c58760dafe7fcc8a1d9bbcf00b6f6/variants/esp32s3 /home/franstein/.platformio/packages/framework-arduinoespressif32@src-537c58760dafe7fcc8a1d9bbcf00b6f6/cores/esp32/esp32-hal-rmt.c
xtensa-esp32s3-elf-gcc -o .pio/build/esp32/FrameworkArduino/esp32-hal-sigmadelta.c.o -c -std=gnu99 -Wno-old-style-declaration -Os -mlongcalls -ffunction-sections -fdata-sections -Wno-error=unused-function -Wno-error=unused-variable -Wno-error=deprecated-declarations -Wno-unused-parameter -Wno-sign-compare -ggdb -freorder-blocks -Wwrite-strings -fstack-protector -fstrict-volatile-bitfields -Wno-error=unused-but-set-variable -fno-jump-tables -fno-tree-switch-conversion -MMD -DPLATFORMIO=60107 -DBOARD_HAS_PSRAM -DARDUINO_USB_MODE=1 -DARDUINO_USB_CDC_ON_BOOT=1 -DHAVE_CONFIG_H -DMBEDTLS_CONFIG_FILE=\"mbedtls/esp_config.h\" -DUNITY_INCLUDE_CONFIG_H -DWITH_POSIX -D_GNU_SOURCE -DIDF_VER=\"v4.4.3\" -DESP_PLATFORM -D_POSIX_READER_WRITER_LOCKS -DARDUINO_ARCH_ESP32 -DESP32 -DF_CPU=240000000L -DARDUINO=10812 -DARDUINO_VARIANT=\"esp32s3\" "-DARDUINO_BOARD=\"LILYGO T3-S3\"" -DARDUINO_PARTITION_default -I/home/franstein/.platformio/packages/framework-arduinoespressif32@src-537c58760dafe7fcc8a1d9bbcf00b6f6/tools/sdk/esp32s3/include/newlib/platform_include -I/home/franstein/.platformio/packages/framework-arduinoespressif32@src-537c58760dafe7fcc8a1d9bbcf00b6f6/tools/sdk/esp32s3/include/freertos/include -I/home/franstein/.platformio/packages/framework-arduinoespressif32@src-537c58760dafe7fcc8a1d9bbcf00b6f6/tools/sdk/esp32s3/include/freertos/include/esp_additions/freertos -I/home/franstein/.platformio/packages/framework-arduinoespressif32@src-537c58760dafe7fcc8a1d9bbcf00b6f6/tools/sdk/esp32s3/include/freertos/port/xtensa/include -I/home/franstein/.platformio/packages/framework-arduinoespressif32@src-537c58760dafe7fcc8a1d9bbcf00b6f6/tools/sdk/esp32s3/include/freertos/include/esp_additions -I/home/franstein/.platformio/packages/framework-arduinoespressif32@src-537c58760dafe7fcc8a1d9bbcf00b6f6/tools/sdk/esp32s3/include/esp_hw_support/include -I/home/franstein/.platformio/packages/framework-arduinoespressif32@src-537c58760dafe7fcc8a1d9bbcf00b6f6/tools/sdk/esp32s3/include/esp_hw_support/include/soc -I/home/franstein/.platformio/packages/framework-arduinoespressif32@src-537c58760dafe7fcc8a1d9bbcf00b6f6/tools/sdk/esp32s3/include/esp_hw_support/include/soc/esp32s3 -I/home/franstein/.platformio/packages/framework-arduinoespressif32@src-537c58760dafe7fcc8a1d9bbcf00b6f6/tools/sdk/esp32s3/include/esp_hw_support/port/esp32s3 -I/home/franstein/.platformio/packages/framework-arduinoespressif32@src-537c58760dafe7fcc8a1d9bbcf00b6f6/tools/sdk/esp32s3/include/esp_hw_support/port/esp32s3/private_include -I/home/franstein/.platformio/packages/framework-arduinoespressif32@src-537c58760dafe7fcc8a1d9bbcf00b6f6/tools/sdk/esp32s3/include/heap/include -I/home/franstein/.platformio/packages/framework-arduinoespressif32@src-537c58760dafe7fcc8a1d9bbcf00b6f6/tools/sdk/esp32s3/include/log/include -I/home/franstein/.platformio/packages/framework-arduinoespressif32@src-537c58760dafe7fcc8a1d9bbcf00b6f6/tools/sdk/esp32s3/include/lwip/include/apps -I/home/franstein/.platformio/packages/framework-arduinoespressif32@src-537c58760dafe7fcc8a1d9bbcf00b6f6/tools/sdk/esp32s3/include/lwip/include/apps/sntp -I/home/franstein/.platformio/packages/framework-arduinoespressif32@src-537c58760dafe7fcc8a1d9bbcf00b6f6/tools/sdk/esp32s3/include/lwip/lwip/src/include -I/home/franstein/.platformio/packages/framework-arduinoespressif32@src-537c58760dafe7fcc8a1d9bbcf00b6f6/tools/sdk/esp32s3/include/lwip/port/esp32/include -I/home/franstein/.platformio/packages/framework-arduinoespressif32@src-537c58760dafe7fcc8a1d9bbcf00b6f6/tools/sdk/esp32s3/include/lwip/port/esp32/include/arch -I/home/franstein/.platformio/packages/framework-arduinoespressif32@src-537c58760dafe7fcc8a1d9bbcf00b6f6/tools/sdk/esp32s3/include/soc/include -I/home/franstein/.platformio/packages/framework-arduinoespressif32@src-537c58760dafe7fcc8a1d9bbcf00b6f6/tools/sdk/esp32s3/include/soc/esp32s3 -I/home/franstein/.platformio/packages/framework-arduinoespressif32@src-537c58760dafe7fcc8a1d9bbcf00b6f6/tools/sdk/esp32s3/include/soc/esp32s3/include -I/home/franstein/.platformio/packages/framework-arduinoespressif32@src-537c58760dafe7fcc8a1d9bbcf00b6f6/tools/sdk/esp32s3/include/hal/esp32s3/include -I/home/franstein/.platformio/packages/framework-arduinoespressif32@src-537c58760dafe7fcc8a1d9bbcf00b6f6/tools/sdk/esp32s3/include/hal/include -I/home/franstein/.platformio/packages/framework-arduinoespressif32@src-537c58760dafe7fcc8a1d9bbcf00b6f6/tools/sdk/esp32s3/include/hal/platform_port/include -I/home/franstein/.platformio/packages/framework-arduinoespressif32@src-537c58760dafe7fcc8a1d9bbcf00b6f6/tools/sdk/esp32s3/include/esp_rom/include -I/home/franstein/.platformio/packages/framework-arduinoespressif32@src-537c58760dafe7fcc8a1d9bbcf00b6f6/tools/sdk/esp32s3/include/esp_rom/include/esp32s3 -I/home/franstein/.platformio/packages/framework-arduinoespressif32@src-537c58760dafe7fcc8a1d9bbcf00b6f6/tools/sdk/esp32s3/include/esp_rom/esp32s3 -I/home/franstein/.platformio/packages/framework-arduinoespressif32@src-537c58760dafe7fcc8a1d9bbcf00b6f6/tools/sdk/esp32s3/include/esp_common/include -I/home/franstein/.platformio/packages/framework-arduinoespressif32@src-537c58760dafe7fcc8a1d9bbcf00b6f6/tools/sdk/esp32s3/include/esp_system/include -I/home/franstein/.platformio/packages/framework-arduinoespressif32@src-537c58760dafe7fcc8a1d9bbcf00b6f6/tools/sdk/esp32s3/include/esp_system/port/soc -I/home/franstein/.platformio/packages/framework-arduinoespressif32@src-537c58760dafe7fcc8a1d9bbcf00b6f6/tools/sdk/esp32s3/include/esp_system/port/public_compat -I/home/franstein/.platformio/packages/framework-arduinoespressif32@src-537c58760dafe7fcc8a1d9bbcf00b6f6/tools/sdk/esp32s3/include/xtensa/include -I/home/franstein/.platformio/packages/framework-arduinoespressif32@src-537c58760dafe7fcc8a1d9bbcf00b6f6/tools/sdk/esp32s3/include/xtensa/esp32s3/include -I/home/franstein/.platformio/packages/framework-arduinoespressif32@src-537c58760dafe7fcc8a1d9bbcf00b6f6/tools/sdk/esp32s3/include/driver/include -I/home/franstein/.platformio/packages/framework-arduinoespressif32@src-537c58760dafe7fcc8a1d9bbcf00b6f6/tools/sdk/esp32s3/include/driver/esp32s3/include -I/home/franstein/.platformio/packages/framework-arduinoespressif32@src-537c58760dafe7fcc8a1d9bbcf00b6f6/tools/sdk/esp32s3/include/esp_pm/include -I/home/franstein/.platformio/packages/framework-arduinoespressif32@src-537c58760dafe7fcc8a1d9bbcf00b6f6/tools/sdk/esp32s3/include/esp_ringbuf/include -I/home/franstein/.platformio/packages/framework-arduinoespressif32@src-537c58760dafe7fcc8a1d9bbcf00b6f6/tools/sdk/esp32s3/include/efuse/include -I/home/franstein/.platformio/packages/framework-arduinoespressif32@src-537c58760dafe7fcc8a1d9bbcf00b6f6/tools/sdk/esp32s3/include/efuse/esp32s3/include -I/home/franstein/.platformio/packages/framework-arduinoespressif32@src-537c58760dafe7fcc8a1d9bbcf00b6f6/tools/sdk/esp32s3/include/vfs/include -I/home/franstein/.platformio/packages/framework-arduinoespressif32@src-537c58760dafe7fcc8a1d9bbcf00b6f6/tools/sdk/esp32s3/include/esp_wifi/include -I/home/franstein/.platformio/packages/framework-arduinoespressif32@src-537c58760dafe7fcc8a1d9bbcf00b6f6/tools/sdk/esp32s3/include/esp_event/include -I/home/franstein/.platformio/packages/framework-arduinoespressif32@src-537c58760dafe7fcc8a1d9bbcf00b6f6/tools/sdk/esp32s3/include/esp_netif/include -I/home/franstein/.platformio/packages/framework-arduinoespressif32@src-537c58760dafe7fcc8a1d9bbcf00b6f6/tools/sdk/esp32s3/include/esp_eth/include -I/home/franstein/.platformio/packages/framework-arduinoespressif32@src-537c58760dafe7fcc8a1d9bbcf00b6f6/tools/sdk/esp32s3/include/tcpip_adapter/include -I/home/franstein/.platformio/packages/framework-arduinoespressif32@src-537c58760dafe7fcc8a1d9bbcf00b6f6/tools/sdk/esp32s3/include/esp_phy/include -I/home/franstein/.platformio/packages/framework-arduinoespressif32@src-537c58760dafe7fcc8a1d9bbcf00b6f6/tools/sdk/esp32s3/include/esp_phy/esp32s3/include -I/home/franstein/.platformio/packages/framework-arduinoespressif32@src-537c58760dafe7fcc8a1d9bbcf00b6f6/tools/sdk/esp32s3/include/esp_ipc/include -I/home/franstein/.platformio/packages/framework-arduinoespressif32@src-537c58760dafe7fcc8a1d9bbcf00b6f6/tools/sdk/esp32s3/include/app_trace/include -I/home/franstein/.platformio/packages/framework-arduinoespressif32@src-537c58760dafe7fcc8a1d9bbcf00b6f6/tools/sdk/esp32s3/include/esp_timer/include -I/home/franstein/.platformio/packages/framework-arduinoespressif32@src-537c58760dafe7fcc8a1d9bbcf00b6f6/tools/sdk/esp32s3/include/mbedtls/port/include -I/home/franstein/.platformio/packages/framework-arduinoespressif32@src-537c58760dafe7fcc8a1d9bbcf00b6f6/tools/sdk/esp32s3/include/mbedtls/mbedtls/include -I/home/franstein/.platformio/packages/framework-arduinoespressif32@src-537c58760dafe7fcc8a1d9bbcf00b6f6/tools/sdk/esp32s3/include/mbedtls/esp_crt_bundle/include -I/home/franstein/.platformio/packages/framework-arduinoespressif32@src-537c58760dafe7fcc8a1d9bbcf00b6f6/tools/sdk/esp32s3/include/app_update/include -I/home/franstein/.platformio/packages/framework-arduinoespressif32@src-537c58760dafe7fcc8a1d9bbcf00b6f6/tools/sdk/esp32s3/include/spi_flash/include -I/home/franstein/.platformio/packages/framework-arduinoespressif32@src-537c58760dafe7fcc8a1d9bbcf00b6f6/tools/sdk/esp32s3/include/bootloader_support/include -I/home/franstein/.platformio/packages/framework-arduinoespressif32@src-537c58760dafe7fcc8a1d9bbcf00b6f6/tools/sdk/esp32s3/include/nvs_flash/include -I/home/franstein/.platformio/packages/framework-arduinoespressif32@src-537c58760dafe7fcc8a1d9bbcf00b6f6/tools/sdk/esp32s3/include/pthread/include -I/home/franstein/.platformio/packages/framework-arduinoespressif32@src-537c58760dafe7fcc8a1d9bbcf00b6f6/tools/sdk/esp32s3/include/esp_gdbstub/include -I/home/franstein/.platformio/packages/framework-arduinoespressif32@src-537c58760dafe7fcc8a1d9bbcf00b6f6/tools/sdk/esp32s3/include/esp_gdbstub/xtensa -I/home/franstein/.platformio/packages/framework-arduinoespressif32@src-537c58760dafe7fcc8a1d9bbcf00b6f6/tools/sdk/esp32s3/include/esp_gdbstub/esp32s3 -I/home/franstein/.platformio/packages/framework-arduinoespressif32@src-537c58760dafe7fcc8a1d9bbcf00b6f6/tools/sdk/esp32s3/include/espcoredump/include -I/home/franstein/.platformio/packages/framework-arduinoespressif32@src-537c58760dafe7fcc8a1d9bbcf00b6f6/tools/sdk/esp32s3/include/espcoredump/include/port/xtensa -I/home/franstein/.platformio/packages/framework-arduinoespressif32@src-537c58760dafe7fcc8a1d9bbcf00b6f6/tools/sdk/esp32s3/include/wpa_supplicant/include -I/home/franstein/.platformio/packages/framework-arduinoespressif32@src-537c58760dafe7fcc8a1d9bbcf00b6f6/tools/sdk/esp32s3/include/wpa_supplicant/port/include -I/home/franstein/.platformio/packages/framework-arduinoespressif32@src-537c58760dafe7fcc8a1d9bbcf00b6f6/tools/sdk/esp32s3/include/wpa_supplicant/esp_supplicant/include -I/home/franstein/.platformio/packages/framework-arduinoespressif32@src-537c58760dafe7fcc8a1d9bbcf00b6f6/tools/sdk/esp32s3/include/ieee802154/include -I/home/franstein/.platformio/packages/framework-arduinoespressif32@src-537c58760dafe7fcc8a1d9bbcf00b6f6/tools/sdk/esp32s3/include/console -I/home/franstein/.platformio/packages/framework-arduinoespressif32@src-537c58760dafe7fcc8a1d9bbcf00b6f6/tools/sdk/esp32s3/include/asio/asio/asio/include -I/home/franstein/.platformio/packages/framework-arduinoespressif32@src-537c58760dafe7fcc8a1d9bbcf00b6f6/tools/sdk/esp32s3/include/asio/port/include -I/home/franstein/.platformio/packages/framework-arduinoespressif32@src-537c58760dafe7fcc8a1d9bbcf00b6f6/tools/sdk/esp32s3/include/bt/common/osi/include -I/home/franstein/.platformio/packages/framework-arduinoespressif32@src-537c58760dafe7fcc8a1d9bbcf00b6f6/tools/sdk/esp32s3/include/bt/include/esp32s3/include -I/home/franstein/.platformio/packages/framework-arduinoespressif32@src-537c58760dafe7fcc8a1d9bbcf00b6f6/tools/sdk/esp32s3/include/bt/common/api/include/api -I/home/franstein/.platformio/packages/framework-arduinoespressif32@src-537c58760dafe7fcc8a1d9bbcf00b6f6/tools/sdk/esp32s3/include/bt/common/btc/profile/esp/blufi/include -I/home/franstein/.platformio/packages/framework-arduinoespressif32@src-537c58760dafe7fcc8a1d9bbcf00b6f6/tools/sdk/esp32s3/include/bt/common/btc/profile/esp/include -I/home/franstein/.platformio/packages/framework-arduinoespressif32@src-537c58760dafe7fcc8a1d9bbcf00b6f6/tools/sdk/esp32s3/include/bt/host/bluedroid/api/include/api -I/home/franstein/.platformio/packages/framework-arduinoespressif32@src-537c58760dafe7fcc8a1d9bbcf00b6f6/tools/sdk/esp32s3/include/bt/esp_ble_mesh/mesh_common/include -I/home/franstein/.platformio/packages/framework-arduinoespressif32@src-537c58760dafe7fcc8a1d9bbcf00b6f6/tools/sdk/esp32s3/include/bt/esp_ble_mesh/mesh_common/tinycrypt/include -I/home/franstein/.platformio/packages/framework-arduinoespressif32@src-537c58760dafe7fcc8a1d9bbcf00b6f6/tools/sdk/esp32s3/include/bt/esp_ble_mesh/mesh_core -I/home/franstein/.platformio/packages/framework-arduinoespressif32@src-537c58760dafe7fcc8a1d9bbcf00b6f6/tools/sdk/esp32s3/include/bt/esp_ble_mesh/mesh_core/include -I/home/franstein/.platformio/packages/framework-arduinoespressif32@src-537c58760dafe7fcc8a1d9bbcf00b6f6/tools/sdk/esp32s3/include/bt/esp_ble_mesh/mesh_core/storage -I/home/franstein/.platformio/packages/framework-arduinoespressif32@src-537c58760dafe7fcc8a1d9bbcf00b6f6/tools/sdk/esp32s3/include/bt/esp_ble_mesh/btc/include -I/home/franstein/.platformio/packages/framework-arduinoespressif32@src-537c58760dafe7fcc8a1d9bbcf00b6f6/tools/sdk/esp32s3/include/bt/esp_ble_mesh/mesh_models/common/include -I/home/franstein/.platformio/packages/framework-arduinoespressif32@src-537c58760dafe7fcc8a1d9bbcf00b6f6/tools/sdk/esp32s3/include/bt/esp_ble_mesh/mesh_models/client/include -I/home/franstein/.platformio/packages/framework-arduinoespressif32@src-537c58760dafe7fcc8a1d9bbcf00b6f6/tools/sdk/esp32s3/include/bt/esp_ble_mesh/mesh_models/server/include -I/home/franstein/.platformio/packages/framework-arduinoespressif32@src-537c58760dafe7fcc8a1d9bbcf00b6f6/tools/sdk/esp32s3/include/bt/esp_ble_mesh/api/core/include -I/home/franstein/.platformio/packages/framework-arduinoespressif32@src-537c58760dafe7fcc8a1d9bbcf00b6f6/tools/sdk/esp32s3/include/bt/esp_ble_mesh/api/models/include -I/home/franstein/.platformio/packages/framework-arduinoespressif32@src-537c58760dafe7fcc8a1d9bbcf00b6f6/tools/sdk/esp32s3/include/bt/esp_ble_mesh/api -I/home/franstein/.platformio/packages/framework-arduinoespressif32@src-537c58760dafe7fcc8a1d9bbcf00b6f6/tools/sdk/esp32s3/include/cbor/port/include -I/home/franstein/.platformio/packages/framework-arduinoespressif32@src-537c58760dafe7fcc8a1d9bbcf00b6f6/tools/sdk/esp32s3/include/unity/include -I/home/franstein/.platformio/packages/framework-arduinoespressif32@src-537c58760dafe7fcc8a1d9bbcf00b6f6/tools/sdk/esp32s3/include/unity/unity/src -I/home/franstein/.platformio/packages/framework-arduinoespressif32@src-537c58760dafe7fcc8a1d9bbcf00b6f6/tools/sdk/esp32s3/include/cmock/CMock/src -I/home/franstein/.platformio/packages/framework-arduinoespressif32@src-537c58760dafe7fcc8a1d9bbcf00b6f6/tools/sdk/esp32s3/include/coap/port/include -I/home/franstein/.platformio/packages/framework-arduinoespressif32@src-537c58760dafe7fcc8a1d9bbcf00b6f6/tools/sdk/esp32s3/include/coap/libcoap/include -I/home/franstein/.platformio/packages/framework-arduinoespressif32@src-537c58760dafe7fcc8a1d9bbcf00b6f6/tools/sdk/esp32s3/include/nghttp/port/include -I/home/franstein/.platformio/packages/framework-arduinoespressif32@src-537c58760dafe7fcc8a1d9bbcf00b6f6/tools/sdk/esp32s3/include/nghttp/nghttp2/lib/includes -I/home/franstein/.platformio/packages/framework-arduinoespressif32@src-537c58760dafe7fcc8a1d9bbcf00b6f6/tools/sdk/esp32s3/include/esp-tls -I/home/franstein/.platformio/packages/framework-arduinoespressif32@src-537c58760dafe7fcc8a1d9bbcf00b6f6/tools/sdk/esp32s3/include/esp-tls/esp-tls-crypto -I/home/franstein/.platformio/packages/framework-arduinoespressif32@src-537c58760dafe7fcc8a1d9bbcf00b6f6/tools/sdk/esp32s3/include/esp_adc_cal/include -I/home/franstein/.platformio/packages/framework-arduinoespressif32@src-537c58760dafe7fcc8a1d9bbcf00b6f6/tools/sdk/esp32s3/include/esp_hid/include -I/home/franstein/.platformio/packages/framework-arduinoespressif32@src-537c58760dafe7fcc8a1d9bbcf00b6f6/tools/sdk/esp32s3/include/tcp_transport/include -I/home/franstein/.platformio/packages/framework-arduinoespressif32@src-537c58760dafe7fcc8a1d9bbcf00b6f6/tools/sdk/esp32s3/include/esp_http_client/include -I/home/franstein/.platformio/packages/framework-arduinoespressif32@src-537c58760dafe7fcc8a1d9bbcf00b6f6/tools/sdk/esp32s3/include/esp_http_server/include -I/home/franstein/.platformio/packages/framework-arduinoespressif32@src-537c58760dafe7fcc8a1d9bbcf00b6f6/tools/sdk/esp32s3/include/esp_https_ota/include -I/home/franstein/.platformio/packages/framework-arduinoespressif32@src-537c58760dafe7fcc8a1d9bbcf00b6f6/tools/sdk/esp32s3/include/esp_https_server/include -I/home/franstein/.platformio/packages/framework-arduinoespressif32@src-537c58760dafe7fcc8a1d9bbcf00b6f6/tools/sdk/esp32s3/include/esp_lcd/include -I/home/franstein/.platformio/packages/framework-arduinoespressif32@src-537c58760dafe7fcc8a1d9bbcf00b6f6/tools/sdk/esp32s3/include/esp_lcd/interface -I/home/franstein/.platformio/packages/framework-arduinoespressif32@src-537c58760dafe7fcc8a1d9bbcf00b6f6/tools/sdk/esp32s3/include/protobuf-c/protobuf-c -I/home/franstein/.platformio/packages/framework-arduinoespressif32@src-537c58760dafe7fcc8a1d9bbcf00b6f6/tools/sdk/esp32s3/include/protocomm/include/common -I/home/franstein/.platformio/packages/framework-arduinoespressif32@src-537c58760dafe7fcc8a1d9bbcf00b6f6/tools/sdk/esp32s3/include/protocomm/include/security -I/home/franstein/.platformio/packages/framework-arduinoespressif32@src-537c58760dafe7fcc8a1d9bbcf00b6f6/tools/sdk/esp32s3/include/protocomm/include/transports -I/home/franstein/.platformio/packages/framework-arduinoespressif32@src-537c58760dafe7fcc8a1d9bbcf00b6f6/tools/sdk/esp32s3/include/mdns/include -I/home/franstein/.platformio/packages/framework-arduinoespressif32@src-537c58760dafe7fcc8a1d9bbcf00b6f6/tools/sdk/esp32s3/include/esp_local_ctrl/include -I/home/franstein/.platformio/packages/framework-arduinoespressif32@src-537c58760dafe7fcc8a1d9bbcf00b6f6/tools/sdk/esp32s3/include/sdmmc/include -I/home/franstein/.platformio/packages/framework-arduinoespressif32@src-537c58760dafe7fcc8a1d9bbcf00b6f6/tools/sdk/esp32s3/include/esp_serial_slave_link/include -I/home/franstein/.platformio/packages/framework-arduinoespressif32@src-537c58760dafe7fcc8a1d9bbcf00b6f6/tools/sdk/esp32s3/include/esp_websocket_client/include -I/home/franstein/.platformio/packages/framework-arduinoespressif32@src-537c58760dafe7fcc8a1d9bbcf00b6f6/tools/sdk/esp32s3/include/expat/expat/expat/lib -I/home/franstein/.platformio/packages/framework-arduinoespressif32@src-537c58760dafe7fcc8a1d9bbcf00b6f6/tools/sdk/esp32s3/include/expat/port/include -I/home/franstein/.platformio/packages/framework-arduinoespressif32@src-537c58760dafe7fcc8a1d9bbcf00b6f6/tools/sdk/esp32s3/include/wear_levelling/include -I/home/franstein/.platformio/packages/framework-arduinoespressif32@src-537c58760dafe7fcc8a1d9bbcf00b6f6/tools/sdk/esp32s3/include/fatfs/diskio -I/home/franstein/.platformio/packages/framework-arduinoespressif32@src-537c58760dafe7fcc8a1d9bbcf00b6f6/tools/sdk/esp32s3/include/fatfs/vfs -I/home/franstein/.platformio/packages/framework-arduinoespressif32@src-537c58760dafe7fcc8a1d9bbcf00b6f6/tools/sdk/esp32s3/include/fatfs/src -I/home/franstein/.platformio/packages/framework-arduinoespressif32@src-537c58760dafe7fcc8a1d9bbcf00b6f6/tools/sdk/esp32s3/include/freemodbus/common/include -I/home/franstein/.platformio/packages/framework-arduinoespressif32@src-537c58760dafe7fcc8a1d9bbcf00b6f6/tools/sdk/esp32s3/include/idf_test/include -I/home/franstein/.platformio/packages/framework-arduinoespressif32@src-537c58760dafe7fcc8a1d9bbcf00b6f6/tools/sdk/esp32s3/include/idf_test/include/esp32s3 -I/home/franstein/.platformio/packages/framework-arduinoespressif32@src-537c58760dafe7fcc8a1d9bbcf00b6f6/tools/sdk/esp32s3/include/jsmn/include -I/home/franstein/.platformio/packages/framework-arduinoespressif32@src-537c58760dafe7fcc8a1d9bbcf00b6f6/tools/sdk/esp32s3/include/json/cJSON -I/home/franstein/.platformio/packages/framework-arduinoespressif32@src-537c58760dafe7fcc8a1d9bbcf00b6f6/tools/sdk/esp32s3/include/libsodium/libsodium/src/libsodium/include -I/home/franstein/.platformio/packages/framework-arduinoespressif32@src-537c58760dafe7fcc8a1d9bbcf00b6f6/tools/sdk/esp32s3/include/libsodium/port_include -I/home/franstein/.platformio/packages/framework-arduinoespressif32@src-537c58760dafe7fcc8a1d9bbcf00b6f6/tools/sdk/esp32s3/include/mqtt/esp-mqtt/include -I/home/franstein/.platformio/packages/framework-arduinoespressif32@src-537c58760dafe7fcc8a1d9bbcf00b6f6/tools/sdk/esp32s3/include/openssl/include -I/home/franstein/.platformio/packages/framework-arduinoespressif32@src-537c58760dafe7fcc8a1d9bbcf00b6f6/tools/sdk/esp32s3/include/perfmon/include -I/home/franstein/.platformio/packages/framework-arduinoespressif32@src-537c58760dafe7fcc8a1d9bbcf00b6f6/tools/sdk/esp32s3/include/spiffs/include -I/home/franstein/.platformio/packages/framework-arduinoespressif32@src-537c58760dafe7fcc8a1d9bbcf00b6f6/tools/sdk/esp32s3/include/usb/include -I/home/franstein/.platformio/packages/framework-arduinoespressif32@src-537c58760dafe7fcc8a1d9bbcf00b6f6/tools/sdk/esp32s3/include/ulp/include -I/home/franstein/.platformio/packages/framework-arduinoespressif32@src-537c58760dafe7fcc8a1d9bbcf00b6f6/tools/sdk/esp32s3/include/wifi_provisioning/include -I/home/franstein/.platformio/packages/framework-arduinoespressif32@src-537c58760dafe7fcc8a1d9bbcf00b6f6/tools/sdk/esp32s3/include/rmaker_common/include -I/home/franstein/.platformio/packages/framework-arduinoespressif32@src-537c58760dafe7fcc8a1d9bbcf00b6f6/tools/sdk/esp32s3/include/json_parser/upstream/include -I/home/franstein/.platformio/packages/framework-arduinoespressif32@src-537c58760dafe7fcc8a1d9bbcf00b6f6/tools/sdk/esp32s3/include/json_parser/upstream -I/home/franstein/.platformio/packages/framework-arduinoespressif32@src-537c58760dafe7fcc8a1d9bbcf00b6f6/tools/sdk/esp32s3/include/json_generator/upstream -I/home/franstein/.platformio/packages/framework-arduinoespressif32@src-537c58760dafe7fcc8a1d9bbcf00b6f6/tools/sdk/esp32s3/include/esp_schedule/include -I/home/franstein/.platformio/packages/framework-arduinoespressif32@src-537c58760dafe7fcc8a1d9bbcf00b6f6/tools/sdk/esp32s3/include/esp_rainmaker/include -I/home/franstein/.platformio/packages/framework-arduinoespressif32@src-537c58760dafe7fcc8a1d9bbcf00b6f6/tools/sdk/esp32s3/include/gpio_button/button/include -I/home/franstein/.platformio/packages/framework-arduinoespressif32@src-537c58760dafe7fcc8a1d9bbcf00b6f6/tools/sdk/esp32s3/include/qrcode/include -I/home/franstein/.platformio/packages/framework-arduinoespressif32@src-537c58760dafe7fcc8a1d9bbcf00b6f6/tools/sdk/esp32s3/include/ws2812_led -I/home/franstein/.platformio/packages/framework-arduinoespressif32@src-537c58760dafe7fcc8a1d9bbcf00b6f6/tools/sdk/esp32s3/include/esp_diagnostics/include -I/home/franstein/.platformio/packages/framework-arduinoespressif32@src-537c58760dafe7fcc8a1d9bbcf00b6f6/tools/sdk/esp32s3/include/rtc_store/include -I/home/franstein/.platformio/packages/framework-arduinoespressif32@src-537c58760dafe7fcc8a1d9bbcf00b6f6/tools/sdk/esp32s3/include/esp_insights/include -I/home/franstein/.platformio/packages/framework-arduinoespressif32@src-537c58760dafe7fcc8a1d9bbcf00b6f6/tools/sdk/esp32s3/include/esp-dsp/modules/dotprod/include -I/home/franstein/.platformio/packages/framework-arduinoespressif32@src-537c58760dafe7fcc8a1d9bbcf00b6f6/tools/sdk/esp32s3/include/esp-dsp/modules/support/include -I/home/franstein/.platformio/packages/framework-arduinoespressif32@src-537c58760dafe7fcc8a1d9bbcf00b6f6/tools/sdk/esp32s3/include/esp-dsp/modules/windows/include -I/home/franstein/.platformio/packages/framework-arduinoespressif32@src-537c58760dafe7fcc8a1d9bbcf00b6f6/tools/sdk/esp32s3/include/esp-dsp/modules/windows/hann/include -I/home/franstein/.platformio/packages/framework-arduinoespressif32@src-537c58760dafe7fcc8a1d9bbcf00b6f6/tools/sdk/esp32s3/include/esp-dsp/modules/windows/blackman/include -I/home/franstein/.platformio/packages/framework-arduinoespressif32@src-537c58760dafe7fcc8a1d9bbcf00b6f6/tools/sdk/esp32s3/include/esp-dsp/modules/windows/blackman_harris/include -I/home/franstein/.platformio/packages/framework-arduinoespressif32@src-537c58760dafe7fcc8a1d9bbcf00b6f6/tools/sdk/esp32s3/include/esp-dsp/modules/windows/blackman_nuttall/include -I/home/franstein/.platformio/packages/framework-arduinoespressif32@src-537c58760dafe7fcc8a1d9bbcf00b6f6/tools/sdk/esp32s3/include/esp-dsp/modules/windows/nuttall/include -I/home/franstein/.platformio/packages/framework-arduinoespressif32@src-537c58760dafe7fcc8a1d9bbcf00b6f6/tools/sdk/esp32s3/include/esp-dsp/modules/windows/flat_top/include -I/home/franstein/.platformio/packages/framework-arduinoespressif32@src-537c58760dafe7fcc8a1d9bbcf00b6f6/tools/sdk/esp32s3/include/esp-dsp/modules/iir/include -I/home/franstein/.platformio/packages/framework-arduinoespressif32@src-537c58760dafe7fcc8a1d9bbcf00b6f6/tools/sdk/esp32s3/include/esp-dsp/modules/fir/include -I/home/franstein/.platformio/packages/framework-arduinoespressif32@src-537c58760dafe7fcc8a1d9bbcf00b6f6/tools/sdk/esp32s3/include/esp-dsp/modules/math/include -I/home/franstein/.platformio/packages/framework-arduinoespressif32@src-537c58760dafe7fcc8a1d9bbcf00b6f6/tools/sdk/esp32s3/include/esp-dsp/modules/math/add/include -I/home/franstein/.platformio/packages/framework-arduinoespressif32@src-537c58760dafe7fcc8a1d9bbcf00b6f6/tools/sdk/esp32s3/include/esp-dsp/modules/math/sub/include -I/home/franstein/.platformio/packages/framework-arduinoespressif32@src-537c58760dafe7fcc8a1d9bbcf00b6f6/tools/sdk/esp32s3/include/esp-dsp/modules/math/mul/include -I/home/franstein/.platformio/packages/framework-arduinoespressif32@src-537c58760dafe7fcc8a1d9bbcf00b6f6/tools/sdk/esp32s3/include/esp-dsp/modules/math/addc/include -I/home/franstein/.platformio/packages/framework-arduinoespressif32@src-537c58760dafe7fcc8a1d9bbcf00b6f6/tools/sdk/esp32s3/include/esp-dsp/modules/math/mulc/include -I/home/franstein/.platformio/packages/framework-arduinoespressif32@src-537c58760dafe7fcc8a1d9bbcf00b6f6/tools/sdk/esp32s3/include/esp-dsp/modules/math/sqrt/include -I/home/franstein/.platformio/packages/framework-arduinoespressif32@src-537c58760dafe7fcc8a1d9bbcf00b6f6/tools/sdk/esp32s3/include/esp-dsp/modules/matrix/include -I/home/franstein/.platformio/packages/framework-arduinoespressif32@src-537c58760dafe7fcc8a1d9bbcf00b6f6/tools/sdk/esp32s3/include/esp-dsp/modules/fft/include -I/home/franstein/.platformio/packages/framework-arduinoespressif32@src-537c58760dafe7fcc8a1d9bbcf00b6f6/tools/sdk/esp32s3/include/esp-dsp/modules/dct/include -I/home/franstein/.platformio/packages/framework-arduinoespressif32@src-537c58760dafe7fcc8a1d9bbcf00b6f6/tools/sdk/esp32s3/include/esp-dsp/modules/conv/include -I/home/franstein/.platformio/packages/framework-arduinoespressif32@src-537c58760dafe7fcc8a1d9bbcf00b6f6/tools/sdk/esp32s3/include/esp-dsp/modules/common/include -I/home/franstein/.platformio/packages/framework-arduinoespressif32@src-537c58760dafe7fcc8a1d9bbcf00b6f6/tools/sdk/esp32s3/include/esp-dsp/modules/kalman/ekf/include -I/home/franstein/.platformio/packages/framework-arduinoespressif32@src-537c58760dafe7fcc8a1d9bbcf00b6f6/tools/sdk/esp32s3/include/esp-dsp/modules/kalman/ekf_imu13states/include -I/home/franstein/.platformio/packages/framework-arduinoespressif32@src-537c58760dafe7fcc8a1d9bbcf00b6f6/tools/sdk/esp32s3/include/freertos/include/freertos -I/home/franstein/.platformio/packages/framework-arduinoespressif32@src-537c58760dafe7fcc8a1d9bbcf00b6f6/tools/sdk/esp32s3/include/arduino_tinyusb/tinyusb/src -I/home/franstein/.platformio/packages/framework-arduinoespressif32@src-537c58760dafe7fcc8a1d9bbcf00b6f6/tools/sdk/esp32s3/include/arduino_tinyusb/include -I/home/franstein/.platformio/packages/framework-arduinoespressif32@src-537c58760dafe7fcc8a1d9bbcf00b6f6/tools/sdk/esp32s3/include/esp_littlefs/include -I/home/franstein/.platformio/packages/framework-arduinoespressif32@src-537c58760dafe7fcc8a1d9bbcf00b6f6/tools/sdk/esp32s3/include/esp-dl/include -I/home/franstein/.platformio/packages/framework-arduinoespressif32@src-537c58760dafe7fcc8a1d9bbcf00b6f6/tools/sdk/esp32s3/include/esp-dl/include/tool -I/home/franstein/.platformio/packages/framework-arduinoespressif32@src-537c58760dafe7fcc8a1d9bbcf00b6f6/tools/sdk/esp32s3/include/esp-dl/include/typedef -I/home/franstein/.platformio/packages/framework-arduinoespressif32@src-537c58760dafe7fcc8a1d9bbcf00b6f6/tools/sdk/esp32s3/include/esp-dl/include/image -I/home/franstein/.platformio/packages/framework-arduinoespressif32@src-537c58760dafe7fcc8a1d9bbcf00b6f6/tools/sdk/esp32s3/include/esp-dl/include/math -I/home/franstein/.platformio/packages/framework-arduinoespressif32@src-537c58760dafe7fcc8a1d9bbcf00b6f6/tools/sdk/esp32s3/include/esp-dl/include/nn -I/home/franstein/.platformio/packages/framework-arduinoespressif32@src-537c58760dafe7fcc8a1d9bbcf00b6f6/tools/sdk/esp32s3/include/esp-dl/include/layer -I/home/franstein/.platformio/packages/framework-arduinoespressif32@src-537c58760dafe7fcc8a1d9bbcf00b6f6/tools/sdk/esp32s3/include/esp-dl/include/detect -I/home/franstein/.platformio/packages/framework-arduinoespressif32@src-537c58760dafe7fcc8a1d9bbcf00b6f6/tools/sdk/esp32s3/include/esp-dl/include/model_zoo -I/home/franstein/.platformio/packages/framework-arduinoespressif32@src-537c58760dafe7fcc8a1d9bbcf00b6f6/tools/sdk/esp32s3/include/esp-sr/src/include -I/home/franstein/.platformio/packages/framework-arduinoespressif32@src-537c58760dafe7fcc8a1d9bbcf00b6f6/tools/sdk/esp32s3/include/esp-sr/esp-tts/esp_tts_chinese/include -I/home/franstein/.platformio/packages/framework-arduinoespressif32@src-537c58760dafe7fcc8a1d9bbcf00b6f6/tools/sdk/esp32s3/include/esp-sr/include/esp32s3 -I/home/franstein/.platformio/packages/framework-arduinoespressif32@src-537c58760dafe7fcc8a1d9bbcf00b6f6/tools/sdk/esp32s3/include/esp32-camera/driver/include -I/home/franstein/.platformio/packages/framework-arduinoespressif32@src-537c58760dafe7fcc8a1d9bbcf00b6f6/tools/sdk/esp32s3/include/esp32-camera/conversions/include -I/home/franstein/.platformio/packages/framework-arduinoespressif32@src-537c58760dafe7fcc8a1d9bbcf00b6f6/tools/sdk/esp32s3/include/fb_gfx/include -I/home/franstein/.platformio/packages/framework-arduinoespressif32@src-537c58760dafe7fcc8a1d9bbcf00b6f6/tools/sdk/esp32s3/qio_opi/include -I/home/franstein/.platformio/packages/framework-arduinoespressif32@src-537c58760dafe7fcc8a1d9bbcf00b6f6/cores/esp32 -I/home/franstein/.platformio/packages/framework-arduinoespressif32@src-537c58760dafe7fcc8a1d9bbcf00b6f6/variants/esp32s3 /home/franstein/.platformio/packages/framework-arduinoespressif32@src-537c58760dafe7fcc8a1d9bbcf00b6f6/cores/esp32/esp32-hal-sigmadelta.c
xtensa-esp32s3-elf-gcc -o .pio/build/esp32/FrameworkArduino/esp32-hal-spi.c.o -c -std=gnu99 -Wno-old-style-declaration -Os -mlongcalls -ffunction-sections -fdata-sections -Wno-error=unused-function -Wno-error=unused-variable -Wno-error=deprecated-declarations -Wno-unused-parameter -Wno-sign-compare -ggdb -freorder-blocks -Wwrite-strings -fstack-protector -fstrict-volatile-bitfields -Wno-error=unused-but-set-variable -fno-jump-tables -fno-tree-switch-conversion -MMD -DPLATFORMIO=60107 -DBOARD_HAS_PSRAM -DARDUINO_USB_MODE=1 -DARDUINO_USB_CDC_ON_BOOT=1 -DHAVE_CONFIG_H -DMBEDTLS_CONFIG_FILE=\"mbedtls/esp_config.h\" -DUNITY_INCLUDE_CONFIG_H -DWITH_POSIX -D_GNU_SOURCE -DIDF_VER=\"v4.4.3\" -DESP_PLATFORM -D_POSIX_READER_WRITER_LOCKS -DARDUINO_ARCH_ESP32 -DESP32 -DF_CPU=240000000L -DARDUINO=10812 -DARDUINO_VARIANT=\"esp32s3\" "-DARDUINO_BOARD=\"LILYGO T3-S3\"" -DARDUINO_PARTITION_default -I/home/franstein/.platformio/packages/framework-arduinoespressif32@src-537c58760dafe7fcc8a1d9bbcf00b6f6/tools/sdk/esp32s3/include/newlib/platform_include -I/home/franstein/.platformio/packages/framework-arduinoespressif32@src-537c58760dafe7fcc8a1d9bbcf00b6f6/tools/sdk/esp32s3/include/freertos/include -I/home/franstein/.platformio/packages/framework-arduinoespressif32@src-537c58760dafe7fcc8a1d9bbcf00b6f6/tools/sdk/esp32s3/include/freertos/include/esp_additions/freertos -I/home/franstein/.platformio/packages/framework-arduinoespressif32@src-537c58760dafe7fcc8a1d9bbcf00b6f6/tools/sdk/esp32s3/include/freertos/port/xtensa/include -I/home/franstein/.platformio/packages/framework-arduinoespressif32@src-537c58760dafe7fcc8a1d9bbcf00b6f6/tools/sdk/esp32s3/include/freertos/include/esp_additions -I/home/franstein/.platformio/packages/framework-arduinoespressif32@src-537c58760dafe7fcc8a1d9bbcf00b6f6/tools/sdk/esp32s3/include/esp_hw_support/include -I/home/franstein/.platformio/packages/framework-arduinoespressif32@src-537c58760dafe7fcc8a1d9bbcf00b6f6/tools/sdk/esp32s3/include/esp_hw_support/include/soc -I/home/franstein/.platformio/packages/framework-arduinoespressif32@src-537c58760dafe7fcc8a1d9bbcf00b6f6/tools/sdk/esp32s3/include/esp_hw_support/include/soc/esp32s3 -I/home/franstein/.platformio/packages/framework-arduinoespressif32@src-537c58760dafe7fcc8a1d9bbcf00b6f6/tools/sdk/esp32s3/include/esp_hw_support/port/esp32s3 -I/home/franstein/.platformio/packages/framework-arduinoespressif32@src-537c58760dafe7fcc8a1d9bbcf00b6f6/tools/sdk/esp32s3/include/esp_hw_support/port/esp32s3/private_include -I/home/franstein/.platformio/packages/framework-arduinoespressif32@src-537c58760dafe7fcc8a1d9bbcf00b6f6/tools/sdk/esp32s3/include/heap/include -I/home/franstein/.platformio/packages/framework-arduinoespressif32@src-537c58760dafe7fcc8a1d9bbcf00b6f6/tools/sdk/esp32s3/include/log/include -I/home/franstein/.platformio/packages/framework-arduinoespressif32@src-537c58760dafe7fcc8a1d9bbcf00b6f6/tools/sdk/esp32s3/include/lwip/include/apps -I/home/franstein/.platformio/packages/framework-arduinoespressif32@src-537c58760dafe7fcc8a1d9bbcf00b6f6/tools/sdk/esp32s3/include/lwip/include/apps/sntp -I/home/franstein/.platformio/packages/framework-arduinoespressif32@src-537c58760dafe7fcc8a1d9bbcf00b6f6/tools/sdk/esp32s3/include/lwip/lwip/src/include -I/home/franstein/.platformio/packages/framework-arduinoespressif32@src-537c58760dafe7fcc8a1d9bbcf00b6f6/tools/sdk/esp32s3/include/lwip/port/esp32/include -I/home/franstein/.platformio/packages/framework-arduinoespressif32@src-537c58760dafe7fcc8a1d9bbcf00b6f6/tools/sdk/esp32s3/include/lwip/port/esp32/include/arch -I/home/franstein/.platformio/packages/framework-arduinoespressif32@src-537c58760dafe7fcc8a1d9bbcf00b6f6/tools/sdk/esp32s3/include/soc/include -I/home/franstein/.platformio/packages/framework-arduinoespressif32@src-537c58760dafe7fcc8a1d9bbcf00b6f6/tools/sdk/esp32s3/include/soc/esp32s3 -I/home/franstein/.platformio/packages/framework-arduinoespressif32@src-537c58760dafe7fcc8a1d9bbcf00b6f6/tools/sdk/esp32s3/include/soc/esp32s3/include -I/home/franstein/.platformio/packages/framework-arduinoespressif32@src-537c58760dafe7fcc8a1d9bbcf00b6f6/tools/sdk/esp32s3/include/hal/esp32s3/include -I/home/franstein/.platformio/packages/framework-arduinoespressif32@src-537c58760dafe7fcc8a1d9bbcf00b6f6/tools/sdk/esp32s3/include/hal/include -I/home/franstein/.platformio/packages/framework-arduinoespressif32@src-537c58760dafe7fcc8a1d9bbcf00b6f6/tools/sdk/esp32s3/include/hal/platform_port/include -I/home/franstein/.platformio/packages/framework-arduinoespressif32@src-537c58760dafe7fcc8a1d9bbcf00b6f6/tools/sdk/esp32s3/include/esp_rom/include -I/home/franstein/.platformio/packages/framework-arduinoespressif32@src-537c58760dafe7fcc8a1d9bbcf00b6f6/tools/sdk/esp32s3/include/esp_rom/include/esp32s3 -I/home/franstein/.platformio/packages/framework-arduinoespressif32@src-537c58760dafe7fcc8a1d9bbcf00b6f6/tools/sdk/esp32s3/include/esp_rom/esp32s3 -I/home/franstein/.platformio/packages/framework-arduinoespressif32@src-537c58760dafe7fcc8a1d9bbcf00b6f6/tools/sdk/esp32s3/include/esp_common/include -I/home/franstein/.platformio/packages/framework-arduinoespressif32@src-537c58760dafe7fcc8a1d9bbcf00b6f6/tools/sdk/esp32s3/include/esp_system/include -I/home/franstein/.platformio/packages/framework-arduinoespressif32@src-537c58760dafe7fcc8a1d9bbcf00b6f6/tools/sdk/esp32s3/include/esp_system/port/soc -I/home/franstein/.platformio/packages/framework-arduinoespressif32@src-537c58760dafe7fcc8a1d9bbcf00b6f6/tools/sdk/esp32s3/include/esp_system/port/public_compat -I/home/franstein/.platformio/packages/framework-arduinoespressif32@src-537c58760dafe7fcc8a1d9bbcf00b6f6/tools/sdk/esp32s3/include/xtensa/include -I/home/franstein/.platformio/packages/framework-arduinoespressif32@src-537c58760dafe7fcc8a1d9bbcf00b6f6/tools/sdk/esp32s3/include/xtensa/esp32s3/include -I/home/franstein/.platformio/packages/framework-arduinoespressif32@src-537c58760dafe7fcc8a1d9bbcf00b6f6/tools/sdk/esp32s3/include/driver/include -I/home/franstein/.platformio/packages/framework-arduinoespressif32@src-537c58760dafe7fcc8a1d9bbcf00b6f6/tools/sdk/esp32s3/include/driver/esp32s3/include -I/home/franstein/.platformio/packages/framework-arduinoespressif32@src-537c58760dafe7fcc8a1d9bbcf00b6f6/tools/sdk/esp32s3/include/esp_pm/include -I/home/franstein/.platformio/packages/framework-arduinoespressif32@src-537c58760dafe7fcc8a1d9bbcf00b6f6/tools/sdk/esp32s3/include/esp_ringbuf/include -I/home/franstein/.platformio/packages/framework-arduinoespressif32@src-537c58760dafe7fcc8a1d9bbcf00b6f6/tools/sdk/esp32s3/include/efuse/include -I/home/franstein/.platformio/packages/framework-arduinoespressif32@src-537c58760dafe7fcc8a1d9bbcf00b6f6/tools/sdk/esp32s3/include/efuse/esp32s3/include -I/home/franstein/.platformio/packages/framework-arduinoespressif32@src-537c58760dafe7fcc8a1d9bbcf00b6f6/tools/sdk/esp32s3/include/vfs/include -I/home/franstein/.platformio/packages/framework-arduinoespressif32@src-537c58760dafe7fcc8a1d9bbcf00b6f6/tools/sdk/esp32s3/include/esp_wifi/include -I/home/franstein/.platformio/packages/framework-arduinoespressif32@src-537c58760dafe7fcc8a1d9bbcf00b6f6/tools/sdk/esp32s3/include/esp_event/include -I/home/franstein/.platformio/packages/framework-arduinoespressif32@src-537c58760dafe7fcc8a1d9bbcf00b6f6/tools/sdk/esp32s3/include/esp_netif/include -I/home/franstein/.platformio/packages/framework-arduinoespressif32@src-537c58760dafe7fcc8a1d9bbcf00b6f6/tools/sdk/esp32s3/include/esp_eth/include -I/home/franstein/.platformio/packages/framework-arduinoespressif32@src-537c58760dafe7fcc8a1d9bbcf00b6f6/tools/sdk/esp32s3/include/tcpip_adapter/include -I/home/franstein/.platformio/packages/framework-arduinoespressif32@src-537c58760dafe7fcc8a1d9bbcf00b6f6/tools/sdk/esp32s3/include/esp_phy/include -I/home/franstein/.platformio/packages/framework-arduinoespressif32@src-537c58760dafe7fcc8a1d9bbcf00b6f6/tools/sdk/esp32s3/include/esp_phy/esp32s3/include -I/home/franstein/.platformio/packages/framework-arduinoespressif32@src-537c58760dafe7fcc8a1d9bbcf00b6f6/tools/sdk/esp32s3/include/esp_ipc/include -I/home/franstein/.platformio/packages/framework-arduinoespressif32@src-537c58760dafe7fcc8a1d9bbcf00b6f6/tools/sdk/esp32s3/include/app_trace/include -I/home/franstein/.platformio/packages/framework-arduinoespressif32@src-537c58760dafe7fcc8a1d9bbcf00b6f6/tools/sdk/esp32s3/include/esp_timer/include -I/home/franstein/.platformio/packages/framework-arduinoespressif32@src-537c58760dafe7fcc8a1d9bbcf00b6f6/tools/sdk/esp32s3/include/mbedtls/port/include -I/home/franstein/.platformio/packages/framework-arduinoespressif32@src-537c58760dafe7fcc8a1d9bbcf00b6f6/tools/sdk/esp32s3/include/mbedtls/mbedtls/include -I/home/franstein/.platformio/packages/framework-arduinoespressif32@src-537c58760dafe7fcc8a1d9bbcf00b6f6/tools/sdk/esp32s3/include/mbedtls/esp_crt_bundle/include -I/home/franstein/.platformio/packages/framework-arduinoespressif32@src-537c58760dafe7fcc8a1d9bbcf00b6f6/tools/sdk/esp32s3/include/app_update/include -I/home/franstein/.platformio/packages/framework-arduinoespressif32@src-537c58760dafe7fcc8a1d9bbcf00b6f6/tools/sdk/esp32s3/include/spi_flash/include -I/home/franstein/.platformio/packages/framework-arduinoespressif32@src-537c58760dafe7fcc8a1d9bbcf00b6f6/tools/sdk/esp32s3/include/bootloader_support/include -I/home/franstein/.platformio/packages/framework-arduinoespressif32@src-537c58760dafe7fcc8a1d9bbcf00b6f6/tools/sdk/esp32s3/include/nvs_flash/include -I/home/franstein/.platformio/packages/framework-arduinoespressif32@src-537c58760dafe7fcc8a1d9bbcf00b6f6/tools/sdk/esp32s3/include/pthread/include -I/home/franstein/.platformio/packages/framework-arduinoespressif32@src-537c58760dafe7fcc8a1d9bbcf00b6f6/tools/sdk/esp32s3/include/esp_gdbstub/include -I/home/franstein/.platformio/packages/framework-arduinoespressif32@src-537c58760dafe7fcc8a1d9bbcf00b6f6/tools/sdk/esp32s3/include/esp_gdbstub/xtensa -I/home/franstein/.platformio/packages/framework-arduinoespressif32@src-537c58760dafe7fcc8a1d9bbcf00b6f6/tools/sdk/esp32s3/include/esp_gdbstub/esp32s3 -I/home/franstein/.platformio/packages/framework-arduinoespressif32@src-537c58760dafe7fcc8a1d9bbcf00b6f6/tools/sdk/esp32s3/include/espcoredump/include -I/home/franstein/.platformio/packages/framework-arduinoespressif32@src-537c58760dafe7fcc8a1d9bbcf00b6f6/tools/sdk/esp32s3/include/espcoredump/include/port/xtensa -I/home/franstein/.platformio/packages/framework-arduinoespressif32@src-537c58760dafe7fcc8a1d9bbcf00b6f6/tools/sdk/esp32s3/include/wpa_supplicant/include -I/home/franstein/.platformio/packages/framework-arduinoespressif32@src-537c58760dafe7fcc8a1d9bbcf00b6f6/tools/sdk/esp32s3/include/wpa_supplicant/port/include -I/home/franstein/.platformio/packages/framework-arduinoespressif32@src-537c58760dafe7fcc8a1d9bbcf00b6f6/tools/sdk/esp32s3/include/wpa_supplicant/esp_supplicant/include -I/home/franstein/.platformio/packages/framework-arduinoespressif32@src-537c58760dafe7fcc8a1d9bbcf00b6f6/tools/sdk/esp32s3/include/ieee802154/include -I/home/franstein/.platformio/packages/framework-arduinoespressif32@src-537c58760dafe7fcc8a1d9bbcf00b6f6/tools/sdk/esp32s3/include/console -I/home/franstein/.platformio/packages/framework-arduinoespressif32@src-537c58760dafe7fcc8a1d9bbcf00b6f6/tools/sdk/esp32s3/include/asio/asio/asio/include -I/home/franstein/.platformio/packages/framework-arduinoespressif32@src-537c58760dafe7fcc8a1d9bbcf00b6f6/tools/sdk/esp32s3/include/asio/port/include -I/home/franstein/.platformio/packages/framework-arduinoespressif32@src-537c58760dafe7fcc8a1d9bbcf00b6f6/tools/sdk/esp32s3/include/bt/common/osi/include -I/home/franstein/.platformio/packages/framework-arduinoespressif32@src-537c58760dafe7fcc8a1d9bbcf00b6f6/tools/sdk/esp32s3/include/bt/include/esp32s3/include -I/home/franstein/.platformio/packages/framework-arduinoespressif32@src-537c58760dafe7fcc8a1d9bbcf00b6f6/tools/sdk/esp32s3/include/bt/common/api/include/api -I/home/franstein/.platformio/packages/framework-arduinoespressif32@src-537c58760dafe7fcc8a1d9bbcf00b6f6/tools/sdk/esp32s3/include/bt/common/btc/profile/esp/blufi/include -I/home/franstein/.platformio/packages/framework-arduinoespressif32@src-537c58760dafe7fcc8a1d9bbcf00b6f6/tools/sdk/esp32s3/include/bt/common/btc/profile/esp/include -I/home/franstein/.platformio/packages/framework-arduinoespressif32@src-537c58760dafe7fcc8a1d9bbcf00b6f6/tools/sdk/esp32s3/include/bt/host/bluedroid/api/include/api -I/home/franstein/.platformio/packages/framework-arduinoespressif32@src-537c58760dafe7fcc8a1d9bbcf00b6f6/tools/sdk/esp32s3/include/bt/esp_ble_mesh/mesh_common/include -I/home/franstein/.platformio/packages/framework-arduinoespressif32@src-537c58760dafe7fcc8a1d9bbcf00b6f6/tools/sdk/esp32s3/include/bt/esp_ble_mesh/mesh_common/tinycrypt/include -I/home/franstein/.platformio/packages/framework-arduinoespressif32@src-537c58760dafe7fcc8a1d9bbcf00b6f6/tools/sdk/esp32s3/include/bt/esp_ble_mesh/mesh_core -I/home/franstein/.platformio/packages/framework-arduinoespressif32@src-537c58760dafe7fcc8a1d9bbcf00b6f6/tools/sdk/esp32s3/include/bt/esp_ble_mesh/mesh_core/include -I/home/franstein/.platformio/packages/framework-arduinoespressif32@src-537c58760dafe7fcc8a1d9bbcf00b6f6/tools/sdk/esp32s3/include/bt/esp_ble_mesh/mesh_core/storage -I/home/franstein/.platformio/packages/framework-arduinoespressif32@src-537c58760dafe7fcc8a1d9bbcf00b6f6/tools/sdk/esp32s3/include/bt/esp_ble_mesh/btc/include -I/home/franstein/.platformio/packages/framework-arduinoespressif32@src-537c58760dafe7fcc8a1d9bbcf00b6f6/tools/sdk/esp32s3/include/bt/esp_ble_mesh/mesh_models/common/include -I/home/franstein/.platformio/packages/framework-arduinoespressif32@src-537c58760dafe7fcc8a1d9bbcf00b6f6/tools/sdk/esp32s3/include/bt/esp_ble_mesh/mesh_models/client/include -I/home/franstein/.platformio/packages/framework-arduinoespressif32@src-537c58760dafe7fcc8a1d9bbcf00b6f6/tools/sdk/esp32s3/include/bt/esp_ble_mesh/mesh_models/server/include -I/home/franstein/.platformio/packages/framework-arduinoespressif32@src-537c58760dafe7fcc8a1d9bbcf00b6f6/tools/sdk/esp32s3/include/bt/esp_ble_mesh/api/core/include -I/home/franstein/.platformio/packages/framework-arduinoespressif32@src-537c58760dafe7fcc8a1d9bbcf00b6f6/tools/sdk/esp32s3/include/bt/esp_ble_mesh/api/models/include -I/home/franstein/.platformio/packages/framework-arduinoespressif32@src-537c58760dafe7fcc8a1d9bbcf00b6f6/tools/sdk/esp32s3/include/bt/esp_ble_mesh/api -I/home/franstein/.platformio/packages/framework-arduinoespressif32@src-537c58760dafe7fcc8a1d9bbcf00b6f6/tools/sdk/esp32s3/include/cbor/port/include -I/home/franstein/.platformio/packages/framework-arduinoespressif32@src-537c58760dafe7fcc8a1d9bbcf00b6f6/tools/sdk/esp32s3/include/unity/include -I/home/franstein/.platformio/packages/framework-arduinoespressif32@src-537c58760dafe7fcc8a1d9bbcf00b6f6/tools/sdk/esp32s3/include/unity/unity/src -I/home/franstein/.platformio/packages/framework-arduinoespressif32@src-537c58760dafe7fcc8a1d9bbcf00b6f6/tools/sdk/esp32s3/include/cmock/CMock/src -I/home/franstein/.platformio/packages/framework-arduinoespressif32@src-537c58760dafe7fcc8a1d9bbcf00b6f6/tools/sdk/esp32s3/include/coap/port/include -I/home/franstein/.platformio/packages/framework-arduinoespressif32@src-537c58760dafe7fcc8a1d9bbcf00b6f6/tools/sdk/esp32s3/include/coap/libcoap/include -I/home/franstein/.platformio/packages/framework-arduinoespressif32@src-537c58760dafe7fcc8a1d9bbcf00b6f6/tools/sdk/esp32s3/include/nghttp/port/include -I/home/franstein/.platformio/packages/framework-arduinoespressif32@src-537c58760dafe7fcc8a1d9bbcf00b6f6/tools/sdk/esp32s3/include/nghttp/nghttp2/lib/includes -I/home/franstein/.platformio/packages/framework-arduinoespressif32@src-537c58760dafe7fcc8a1d9bbcf00b6f6/tools/sdk/esp32s3/include/esp-tls -I/home/franstein/.platformio/packages/framework-arduinoespressif32@src-537c58760dafe7fcc8a1d9bbcf00b6f6/tools/sdk/esp32s3/include/esp-tls/esp-tls-crypto -I/home/franstein/.platformio/packages/framework-arduinoespressif32@src-537c58760dafe7fcc8a1d9bbcf00b6f6/tools/sdk/esp32s3/include/esp_adc_cal/include -I/home/franstein/.platformio/packages/framework-arduinoespressif32@src-537c58760dafe7fcc8a1d9bbcf00b6f6/tools/sdk/esp32s3/include/esp_hid/include -I/home/franstein/.platformio/packages/framework-arduinoespressif32@src-537c58760dafe7fcc8a1d9bbcf00b6f6/tools/sdk/esp32s3/include/tcp_transport/include -I/home/franstein/.platformio/packages/framework-arduinoespressif32@src-537c58760dafe7fcc8a1d9bbcf00b6f6/tools/sdk/esp32s3/include/esp_http_client/include -I/home/franstein/.platformio/packages/framework-arduinoespressif32@src-537c58760dafe7fcc8a1d9bbcf00b6f6/tools/sdk/esp32s3/include/esp_http_server/include -I/home/franstein/.platformio/packages/framework-arduinoespressif32@src-537c58760dafe7fcc8a1d9bbcf00b6f6/tools/sdk/esp32s3/include/esp_https_ota/include -I/home/franstein/.platformio/packages/framework-arduinoespressif32@src-537c58760dafe7fcc8a1d9bbcf00b6f6/tools/sdk/esp32s3/include/esp_https_server/include -I/home/franstein/.platformio/packages/framework-arduinoespressif32@src-537c58760dafe7fcc8a1d9bbcf00b6f6/tools/sdk/esp32s3/include/esp_lcd/include -I/home/franstein/.platformio/packages/framework-arduinoespressif32@src-537c58760dafe7fcc8a1d9bbcf00b6f6/tools/sdk/esp32s3/include/esp_lcd/interface -I/home/franstein/.platformio/packages/framework-arduinoespressif32@src-537c58760dafe7fcc8a1d9bbcf00b6f6/tools/sdk/esp32s3/include/protobuf-c/protobuf-c -I/home/franstein/.platformio/packages/framework-arduinoespressif32@src-537c58760dafe7fcc8a1d9bbcf00b6f6/tools/sdk/esp32s3/include/protocomm/include/common -I/home/franstein/.platformio/packages/framework-arduinoespressif32@src-537c58760dafe7fcc8a1d9bbcf00b6f6/tools/sdk/esp32s3/include/protocomm/include/security -I/home/franstein/.platformio/packages/framework-arduinoespressif32@src-537c58760dafe7fcc8a1d9bbcf00b6f6/tools/sdk/esp32s3/include/protocomm/include/transports -I/home/franstein/.platformio/packages/framework-arduinoespressif32@src-537c58760dafe7fcc8a1d9bbcf00b6f6/tools/sdk/esp32s3/include/mdns/include -I/home/franstein/.platformio/packages/framework-arduinoespressif32@src-537c58760dafe7fcc8a1d9bbcf00b6f6/tools/sdk/esp32s3/include/esp_local_ctrl/include -I/home/franstein/.platformio/packages/framework-arduinoespressif32@src-537c58760dafe7fcc8a1d9bbcf00b6f6/tools/sdk/esp32s3/include/sdmmc/include -I/home/franstein/.platformio/packages/framework-arduinoespressif32@src-537c58760dafe7fcc8a1d9bbcf00b6f6/tools/sdk/esp32s3/include/esp_serial_slave_link/include -I/home/franstein/.platformio/packages/framework-arduinoespressif32@src-537c58760dafe7fcc8a1d9bbcf00b6f6/tools/sdk/esp32s3/include/esp_websocket_client/include -I/home/franstein/.platformio/packages/framework-arduinoespressif32@src-537c58760dafe7fcc8a1d9bbcf00b6f6/tools/sdk/esp32s3/include/expat/expat/expat/lib -I/home/franstein/.platformio/packages/framework-arduinoespressif32@src-537c58760dafe7fcc8a1d9bbcf00b6f6/tools/sdk/esp32s3/include/expat/port/include -I/home/franstein/.platformio/packages/framework-arduinoespressif32@src-537c58760dafe7fcc8a1d9bbcf00b6f6/tools/sdk/esp32s3/include/wear_levelling/include -I/home/franstein/.platformio/packages/framework-arduinoespressif32@src-537c58760dafe7fcc8a1d9bbcf00b6f6/tools/sdk/esp32s3/include/fatfs/diskio -I/home/franstein/.platformio/packages/framework-arduinoespressif32@src-537c58760dafe7fcc8a1d9bbcf00b6f6/tools/sdk/esp32s3/include/fatfs/vfs -I/home/franstein/.platformio/packages/framework-arduinoespressif32@src-537c58760dafe7fcc8a1d9bbcf00b6f6/tools/sdk/esp32s3/include/fatfs/src -I/home/franstein/.platformio/packages/framework-arduinoespressif32@src-537c58760dafe7fcc8a1d9bbcf00b6f6/tools/sdk/esp32s3/include/freemodbus/common/include -I/home/franstein/.platformio/packages/framework-arduinoespressif32@src-537c58760dafe7fcc8a1d9bbcf00b6f6/tools/sdk/esp32s3/include/idf_test/include -I/home/franstein/.platformio/packages/framework-arduinoespressif32@src-537c58760dafe7fcc8a1d9bbcf00b6f6/tools/sdk/esp32s3/include/idf_test/include/esp32s3 -I/home/franstein/.platformio/packages/framework-arduinoespressif32@src-537c58760dafe7fcc8a1d9bbcf00b6f6/tools/sdk/esp32s3/include/jsmn/include -I/home/franstein/.platformio/packages/framework-arduinoespressif32@src-537c58760dafe7fcc8a1d9bbcf00b6f6/tools/sdk/esp32s3/include/json/cJSON -I/home/franstein/.platformio/packages/framework-arduinoespressif32@src-537c58760dafe7fcc8a1d9bbcf00b6f6/tools/sdk/esp32s3/include/libsodium/libsodium/src/libsodium/include -I/home/franstein/.platformio/packages/framework-arduinoespressif32@src-537c58760dafe7fcc8a1d9bbcf00b6f6/tools/sdk/esp32s3/include/libsodium/port_include -I/home/franstein/.platformio/packages/framework-arduinoespressif32@src-537c58760dafe7fcc8a1d9bbcf00b6f6/tools/sdk/esp32s3/include/mqtt/esp-mqtt/include -I/home/franstein/.platformio/packages/framework-arduinoespressif32@src-537c58760dafe7fcc8a1d9bbcf00b6f6/tools/sdk/esp32s3/include/openssl/include -I/home/franstein/.platformio/packages/framework-arduinoespressif32@src-537c58760dafe7fcc8a1d9bbcf00b6f6/tools/sdk/esp32s3/include/perfmon/include -I/home/franstein/.platformio/packages/framework-arduinoespressif32@src-537c58760dafe7fcc8a1d9bbcf00b6f6/tools/sdk/esp32s3/include/spiffs/include -I/home/franstein/.platformio/packages/framework-arduinoespressif32@src-537c58760dafe7fcc8a1d9bbcf00b6f6/tools/sdk/esp32s3/include/usb/include -I/home/franstein/.platformio/packages/framework-arduinoespressif32@src-537c58760dafe7fcc8a1d9bbcf00b6f6/tools/sdk/esp32s3/include/ulp/include -I/home/franstein/.platformio/packages/framework-arduinoespressif32@src-537c58760dafe7fcc8a1d9bbcf00b6f6/tools/sdk/esp32s3/include/wifi_provisioning/include -I/home/franstein/.platformio/packages/framework-arduinoespressif32@src-537c58760dafe7fcc8a1d9bbcf00b6f6/tools/sdk/esp32s3/include/rmaker_common/include -I/home/franstein/.platformio/packages/framework-arduinoespressif32@src-537c58760dafe7fcc8a1d9bbcf00b6f6/tools/sdk/esp32s3/include/json_parser/upstream/include -I/home/franstein/.platformio/packages/framework-arduinoespressif32@src-537c58760dafe7fcc8a1d9bbcf00b6f6/tools/sdk/esp32s3/include/json_parser/upstream -I/home/franstein/.platformio/packages/framework-arduinoespressif32@src-537c58760dafe7fcc8a1d9bbcf00b6f6/tools/sdk/esp32s3/include/json_generator/upstream -I/home/franstein/.platformio/packages/framework-arduinoespressif32@src-537c58760dafe7fcc8a1d9bbcf00b6f6/tools/sdk/esp32s3/include/esp_schedule/include -I/home/franstein/.platformio/packages/framework-arduinoespressif32@src-537c58760dafe7fcc8a1d9bbcf00b6f6/tools/sdk/esp32s3/include/esp_rainmaker/include -I/home/franstein/.platformio/packages/framework-arduinoespressif32@src-537c58760dafe7fcc8a1d9bbcf00b6f6/tools/sdk/esp32s3/include/gpio_button/button/include -I/home/franstein/.platformio/packages/framework-arduinoespressif32@src-537c58760dafe7fcc8a1d9bbcf00b6f6/tools/sdk/esp32s3/include/qrcode/include -I/home/franstein/.platformio/packages/framework-arduinoespressif32@src-537c58760dafe7fcc8a1d9bbcf00b6f6/tools/sdk/esp32s3/include/ws2812_led -I/home/franstein/.platformio/packages/framework-arduinoespressif32@src-537c58760dafe7fcc8a1d9bbcf00b6f6/tools/sdk/esp32s3/include/esp_diagnostics/include -I/home/franstein/.platformio/packages/framework-arduinoespressif32@src-537c58760dafe7fcc8a1d9bbcf00b6f6/tools/sdk/esp32s3/include/rtc_store/include -I/home/franstein/.platformio/packages/framework-arduinoespressif32@src-537c58760dafe7fcc8a1d9bbcf00b6f6/tools/sdk/esp32s3/include/esp_insights/include -I/home/franstein/.platformio/packages/framework-arduinoespressif32@src-537c58760dafe7fcc8a1d9bbcf00b6f6/tools/sdk/esp32s3/include/esp-dsp/modules/dotprod/include -I/home/franstein/.platformio/packages/framework-arduinoespressif32@src-537c58760dafe7fcc8a1d9bbcf00b6f6/tools/sdk/esp32s3/include/esp-dsp/modules/support/include -I/home/franstein/.platformio/packages/framework-arduinoespressif32@src-537c58760dafe7fcc8a1d9bbcf00b6f6/tools/sdk/esp32s3/include/esp-dsp/modules/windows/include -I/home/franstein/.platformio/packages/framework-arduinoespressif32@src-537c58760dafe7fcc8a1d9bbcf00b6f6/tools/sdk/esp32s3/include/esp-dsp/modules/windows/hann/include -I/home/franstein/.platformio/packages/framework-arduinoespressif32@src-537c58760dafe7fcc8a1d9bbcf00b6f6/tools/sdk/esp32s3/include/esp-dsp/modules/windows/blackman/include -I/home/franstein/.platformio/packages/framework-arduinoespressif32@src-537c58760dafe7fcc8a1d9bbcf00b6f6/tools/sdk/esp32s3/include/esp-dsp/modules/windows/blackman_harris/include -I/home/franstein/.platformio/packages/framework-arduinoespressif32@src-537c58760dafe7fcc8a1d9bbcf00b6f6/tools/sdk/esp32s3/include/esp-dsp/modules/windows/blackman_nuttall/include -I/home/franstein/.platformio/packages/framework-arduinoespressif32@src-537c58760dafe7fcc8a1d9bbcf00b6f6/tools/sdk/esp32s3/include/esp-dsp/modules/windows/nuttall/include -I/home/franstein/.platformio/packages/framework-arduinoespressif32@src-537c58760dafe7fcc8a1d9bbcf00b6f6/tools/sdk/esp32s3/include/esp-dsp/modules/windows/flat_top/include -I/home/franstein/.platformio/packages/framework-arduinoespressif32@src-537c58760dafe7fcc8a1d9bbcf00b6f6/tools/sdk/esp32s3/include/esp-dsp/modules/iir/include -I/home/franstein/.platformio/packages/framework-arduinoespressif32@src-537c58760dafe7fcc8a1d9bbcf00b6f6/tools/sdk/esp32s3/include/esp-dsp/modules/fir/include -I/home/franstein/.platformio/packages/framework-arduinoespressif32@src-537c58760dafe7fcc8a1d9bbcf00b6f6/tools/sdk/esp32s3/include/esp-dsp/modules/math/include -I/home/franstein/.platformio/packages/framework-arduinoespressif32@src-537c58760dafe7fcc8a1d9bbcf00b6f6/tools/sdk/esp32s3/include/esp-dsp/modules/math/add/include -I/home/franstein/.platformio/packages/framework-arduinoespressif32@src-537c58760dafe7fcc8a1d9bbcf00b6f6/tools/sdk/esp32s3/include/esp-dsp/modules/math/sub/include -I/home/franstein/.platformio/packages/framework-arduinoespressif32@src-537c58760dafe7fcc8a1d9bbcf00b6f6/tools/sdk/esp32s3/include/esp-dsp/modules/math/mul/include -I/home/franstein/.platformio/packages/framework-arduinoespressif32@src-537c58760dafe7fcc8a1d9bbcf00b6f6/tools/sdk/esp32s3/include/esp-dsp/modules/math/addc/include -I/home/franstein/.platformio/packages/framework-arduinoespressif32@src-537c58760dafe7fcc8a1d9bbcf00b6f6/tools/sdk/esp32s3/include/esp-dsp/modules/math/mulc/include -I/home/franstein/.platformio/packages/framework-arduinoespressif32@src-537c58760dafe7fcc8a1d9bbcf00b6f6/tools/sdk/esp32s3/include/esp-dsp/modules/math/sqrt/include -I/home/franstein/.platformio/packages/framework-arduinoespressif32@src-537c58760dafe7fcc8a1d9bbcf00b6f6/tools/sdk/esp32s3/include/esp-dsp/modules/matrix/include -I/home/franstein/.platformio/packages/framework-arduinoespressif32@src-537c58760dafe7fcc8a1d9bbcf00b6f6/tools/sdk/esp32s3/include/esp-dsp/modules/fft/include -I/home/franstein/.platformio/packages/framework-arduinoespressif32@src-537c58760dafe7fcc8a1d9bbcf00b6f6/tools/sdk/esp32s3/include/esp-dsp/modules/dct/include -I/home/franstein/.platformio/packages/framework-arduinoespressif32@src-537c58760dafe7fcc8a1d9bbcf00b6f6/tools/sdk/esp32s3/include/esp-dsp/modules/conv/include -I/home/franstein/.platformio/packages/framework-arduinoespressif32@src-537c58760dafe7fcc8a1d9bbcf00b6f6/tools/sdk/esp32s3/include/esp-dsp/modules/common/include -I/home/franstein/.platformio/packages/framework-arduinoespressif32@src-537c58760dafe7fcc8a1d9bbcf00b6f6/tools/sdk/esp32s3/include/esp-dsp/modules/kalman/ekf/include -I/home/franstein/.platformio/packages/framework-arduinoespressif32@src-537c58760dafe7fcc8a1d9bbcf00b6f6/tools/sdk/esp32s3/include/esp-dsp/modules/kalman/ekf_imu13states/include -I/home/franstein/.platformio/packages/framework-arduinoespressif32@src-537c58760dafe7fcc8a1d9bbcf00b6f6/tools/sdk/esp32s3/include/freertos/include/freertos -I/home/franstein/.platformio/packages/framework-arduinoespressif32@src-537c58760dafe7fcc8a1d9bbcf00b6f6/tools/sdk/esp32s3/include/arduino_tinyusb/tinyusb/src -I/home/franstein/.platformio/packages/framework-arduinoespressif32@src-537c58760dafe7fcc8a1d9bbcf00b6f6/tools/sdk/esp32s3/include/arduino_tinyusb/include -I/home/franstein/.platformio/packages/framework-arduinoespressif32@src-537c58760dafe7fcc8a1d9bbcf00b6f6/tools/sdk/esp32s3/include/esp_littlefs/include -I/home/franstein/.platformio/packages/framework-arduinoespressif32@src-537c58760dafe7fcc8a1d9bbcf00b6f6/tools/sdk/esp32s3/include/esp-dl/include -I/home/franstein/.platformio/packages/framework-arduinoespressif32@src-537c58760dafe7fcc8a1d9bbcf00b6f6/tools/sdk/esp32s3/include/esp-dl/include/tool -I/home/franstein/.platformio/packages/framework-arduinoespressif32@src-537c58760dafe7fcc8a1d9bbcf00b6f6/tools/sdk/esp32s3/include/esp-dl/include/typedef -I/home/franstein/.platformio/packages/framework-arduinoespressif32@src-537c58760dafe7fcc8a1d9bbcf00b6f6/tools/sdk/esp32s3/include/esp-dl/include/image -I/home/franstein/.platformio/packages/framework-arduinoespressif32@src-537c58760dafe7fcc8a1d9bbcf00b6f6/tools/sdk/esp32s3/include/esp-dl/include/math -I/home/franstein/.platformio/packages/framework-arduinoespressif32@src-537c58760dafe7fcc8a1d9bbcf00b6f6/tools/sdk/esp32s3/include/esp-dl/include/nn -I/home/franstein/.platformio/packages/framework-arduinoespressif32@src-537c58760dafe7fcc8a1d9bbcf00b6f6/tools/sdk/esp32s3/include/esp-dl/include/layer -I/home/franstein/.platformio/packages/framework-arduinoespressif32@src-537c58760dafe7fcc8a1d9bbcf00b6f6/tools/sdk/esp32s3/include/esp-dl/include/detect -I/home/franstein/.platformio/packages/framework-arduinoespressif32@src-537c58760dafe7fcc8a1d9bbcf00b6f6/tools/sdk/esp32s3/include/esp-dl/include/model_zoo -I/home/franstein/.platformio/packages/framework-arduinoespressif32@src-537c58760dafe7fcc8a1d9bbcf00b6f6/tools/sdk/esp32s3/include/esp-sr/src/include -I/home/franstein/.platformio/packages/framework-arduinoespressif32@src-537c58760dafe7fcc8a1d9bbcf00b6f6/tools/sdk/esp32s3/include/esp-sr/esp-tts/esp_tts_chinese/include -I/home/franstein/.platformio/packages/framework-arduinoespressif32@src-537c58760dafe7fcc8a1d9bbcf00b6f6/tools/sdk/esp32s3/include/esp-sr/include/esp32s3 -I/home/franstein/.platformio/packages/framework-arduinoespressif32@src-537c58760dafe7fcc8a1d9bbcf00b6f6/tools/sdk/esp32s3/include/esp32-camera/driver/include -I/home/franstein/.platformio/packages/framework-arduinoespressif32@src-537c58760dafe7fcc8a1d9bbcf00b6f6/tools/sdk/esp32s3/include/esp32-camera/conversions/include -I/home/franstein/.platformio/packages/framework-arduinoespressif32@src-537c58760dafe7fcc8a1d9bbcf00b6f6/tools/sdk/esp32s3/include/fb_gfx/include -I/home/franstein/.platformio/packages/framework-arduinoespressif32@src-537c58760dafe7fcc8a1d9bbcf00b6f6/tools/sdk/esp32s3/qio_opi/include -I/home/franstein/.platformio/packages/framework-arduinoespressif32@src-537c58760dafe7fcc8a1d9bbcf00b6f6/cores/esp32 -I/home/franstein/.platformio/packages/framework-arduinoespressif32@src-537c58760dafe7fcc8a1d9bbcf00b6f6/variants/esp32s3 /home/franstein/.platformio/packages/framework-arduinoespressif32@src-537c58760dafe7fcc8a1d9bbcf00b6f6/cores/esp32/esp32-hal-spi.c
xtensa-esp32s3-elf-gcc -o .pio/build/esp32/FrameworkArduino/esp32-hal-time.c.o -c -std=gnu99 -Wno-old-style-declaration -Os -mlongcalls -ffunction-sections -fdata-sections -Wno-error=unused-function -Wno-error=unused-variable -Wno-error=deprecated-declarations -Wno-unused-parameter -Wno-sign-compare -ggdb -freorder-blocks -Wwrite-strings -fstack-protector -fstrict-volatile-bitfields -Wno-error=unused-but-set-variable -fno-jump-tables -fno-tree-switch-conversion -MMD -DPLATFORMIO=60107 -DBOARD_HAS_PSRAM -DARDUINO_USB_MODE=1 -DARDUINO_USB_CDC_ON_BOOT=1 -DHAVE_CONFIG_H -DMBEDTLS_CONFIG_FILE=\"mbedtls/esp_config.h\" -DUNITY_INCLUDE_CONFIG_H -DWITH_POSIX -D_GNU_SOURCE -DIDF_VER=\"v4.4.3\" -DESP_PLATFORM -D_POSIX_READER_WRITER_LOCKS -DARDUINO_ARCH_ESP32 -DESP32 -DF_CPU=240000000L -DARDUINO=10812 -DARDUINO_VARIANT=\"esp32s3\" "-DARDUINO_BOARD=\"LILYGO T3-S3\"" -DARDUINO_PARTITION_default -I/home/franstein/.platformio/packages/framework-arduinoespressif32@src-537c58760dafe7fcc8a1d9bbcf00b6f6/tools/sdk/esp32s3/include/newlib/platform_include -I/home/franstein/.platformio/packages/framework-arduinoespressif32@src-537c58760dafe7fcc8a1d9bbcf00b6f6/tools/sdk/esp32s3/include/freertos/include -I/home/franstein/.platformio/packages/framework-arduinoespressif32@src-537c58760dafe7fcc8a1d9bbcf00b6f6/tools/sdk/esp32s3/include/freertos/include/esp_additions/freertos -I/home/franstein/.platformio/packages/framework-arduinoespressif32@src-537c58760dafe7fcc8a1d9bbcf00b6f6/tools/sdk/esp32s3/include/freertos/port/xtensa/include -I/home/franstein/.platformio/packages/framework-arduinoespressif32@src-537c58760dafe7fcc8a1d9bbcf00b6f6/tools/sdk/esp32s3/include/freertos/include/esp_additions -I/home/franstein/.platformio/packages/framework-arduinoespressif32@src-537c58760dafe7fcc8a1d9bbcf00b6f6/tools/sdk/esp32s3/include/esp_hw_support/include -I/home/franstein/.platformio/packages/framework-arduinoespressif32@src-537c58760dafe7fcc8a1d9bbcf00b6f6/tools/sdk/esp32s3/include/esp_hw_support/include/soc -I/home/franstein/.platformio/packages/framework-arduinoespressif32@src-537c58760dafe7fcc8a1d9bbcf00b6f6/tools/sdk/esp32s3/include/esp_hw_support/include/soc/esp32s3 -I/home/franstein/.platformio/packages/framework-arduinoespressif32@src-537c58760dafe7fcc8a1d9bbcf00b6f6/tools/sdk/esp32s3/include/esp_hw_support/port/esp32s3 -I/home/franstein/.platformio/packages/framework-arduinoespressif32@src-537c58760dafe7fcc8a1d9bbcf00b6f6/tools/sdk/esp32s3/include/esp_hw_support/port/esp32s3/private_include -I/home/franstein/.platformio/packages/framework-arduinoespressif32@src-537c58760dafe7fcc8a1d9bbcf00b6f6/tools/sdk/esp32s3/include/heap/include -I/home/franstein/.platformio/packages/framework-arduinoespressif32@src-537c58760dafe7fcc8a1d9bbcf00b6f6/tools/sdk/esp32s3/include/log/include -I/home/franstein/.platformio/packages/framework-arduinoespressif32@src-537c58760dafe7fcc8a1d9bbcf00b6f6/tools/sdk/esp32s3/include/lwip/include/apps -I/home/franstein/.platformio/packages/framework-arduinoespressif32@src-537c58760dafe7fcc8a1d9bbcf00b6f6/tools/sdk/esp32s3/include/lwip/include/apps/sntp -I/home/franstein/.platformio/packages/framework-arduinoespressif32@src-537c58760dafe7fcc8a1d9bbcf00b6f6/tools/sdk/esp32s3/include/lwip/lwip/src/include -I/home/franstein/.platformio/packages/framework-arduinoespressif32@src-537c58760dafe7fcc8a1d9bbcf00b6f6/tools/sdk/esp32s3/include/lwip/port/esp32/include -I/home/franstein/.platformio/packages/framework-arduinoespressif32@src-537c58760dafe7fcc8a1d9bbcf00b6f6/tools/sdk/esp32s3/include/lwip/port/esp32/include/arch -I/home/franstein/.platformio/packages/framework-arduinoespressif32@src-537c58760dafe7fcc8a1d9bbcf00b6f6/tools/sdk/esp32s3/include/soc/include -I/home/franstein/.platformio/packages/framework-arduinoespressif32@src-537c58760dafe7fcc8a1d9bbcf00b6f6/tools/sdk/esp32s3/include/soc/esp32s3 -I/home/franstein/.platformio/packages/framework-arduinoespressif32@src-537c58760dafe7fcc8a1d9bbcf00b6f6/tools/sdk/esp32s3/include/soc/esp32s3/include -I/home/franstein/.platformio/packages/framework-arduinoespressif32@src-537c58760dafe7fcc8a1d9bbcf00b6f6/tools/sdk/esp32s3/include/hal/esp32s3/include -I/home/franstein/.platformio/packages/framework-arduinoespressif32@src-537c58760dafe7fcc8a1d9bbcf00b6f6/tools/sdk/esp32s3/include/hal/include -I/home/franstein/.platformio/packages/framework-arduinoespressif32@src-537c58760dafe7fcc8a1d9bbcf00b6f6/tools/sdk/esp32s3/include/hal/platform_port/include -I/home/franstein/.platformio/packages/framework-arduinoespressif32@src-537c58760dafe7fcc8a1d9bbcf00b6f6/tools/sdk/esp32s3/include/esp_rom/include -I/home/franstein/.platformio/packages/framework-arduinoespressif32@src-537c58760dafe7fcc8a1d9bbcf00b6f6/tools/sdk/esp32s3/include/esp_rom/include/esp32s3 -I/home/franstein/.platformio/packages/framework-arduinoespressif32@src-537c58760dafe7fcc8a1d9bbcf00b6f6/tools/sdk/esp32s3/include/esp_rom/esp32s3 -I/home/franstein/.platformio/packages/framework-arduinoespressif32@src-537c58760dafe7fcc8a1d9bbcf00b6f6/tools/sdk/esp32s3/include/esp_common/include -I/home/franstein/.platformio/packages/framework-arduinoespressif32@src-537c58760dafe7fcc8a1d9bbcf00b6f6/tools/sdk/esp32s3/include/esp_system/include -I/home/franstein/.platformio/packages/framework-arduinoespressif32@src-537c58760dafe7fcc8a1d9bbcf00b6f6/tools/sdk/esp32s3/include/esp_system/port/soc -I/home/franstein/.platformio/packages/framework-arduinoespressif32@src-537c58760dafe7fcc8a1d9bbcf00b6f6/tools/sdk/esp32s3/include/esp_system/port/public_compat -I/home/franstein/.platformio/packages/framework-arduinoespressif32@src-537c58760dafe7fcc8a1d9bbcf00b6f6/tools/sdk/esp32s3/include/xtensa/include -I/home/franstein/.platformio/packages/framework-arduinoespressif32@src-537c58760dafe7fcc8a1d9bbcf00b6f6/tools/sdk/esp32s3/include/xtensa/esp32s3/include -I/home/franstein/.platformio/packages/framework-arduinoespressif32@src-537c58760dafe7fcc8a1d9bbcf00b6f6/tools/sdk/esp32s3/include/driver/include -I/home/franstein/.platformio/packages/framework-arduinoespressif32@src-537c58760dafe7fcc8a1d9bbcf00b6f6/tools/sdk/esp32s3/include/driver/esp32s3/include -I/home/franstein/.platformio/packages/framework-arduinoespressif32@src-537c58760dafe7fcc8a1d9bbcf00b6f6/tools/sdk/esp32s3/include/esp_pm/include -I/home/franstein/.platformio/packages/framework-arduinoespressif32@src-537c58760dafe7fcc8a1d9bbcf00b6f6/tools/sdk/esp32s3/include/esp_ringbuf/include -I/home/franstein/.platformio/packages/framework-arduinoespressif32@src-537c58760dafe7fcc8a1d9bbcf00b6f6/tools/sdk/esp32s3/include/efuse/include -I/home/franstein/.platformio/packages/framework-arduinoespressif32@src-537c58760dafe7fcc8a1d9bbcf00b6f6/tools/sdk/esp32s3/include/efuse/esp32s3/include -I/home/franstein/.platformio/packages/framework-arduinoespressif32@src-537c58760dafe7fcc8a1d9bbcf00b6f6/tools/sdk/esp32s3/include/vfs/include -I/home/franstein/.platformio/packages/framework-arduinoespressif32@src-537c58760dafe7fcc8a1d9bbcf00b6f6/tools/sdk/esp32s3/include/esp_wifi/include -I/home/franstein/.platformio/packages/framework-arduinoespressif32@src-537c58760dafe7fcc8a1d9bbcf00b6f6/tools/sdk/esp32s3/include/esp_event/include -I/home/franstein/.platformio/packages/framework-arduinoespressif32@src-537c58760dafe7fcc8a1d9bbcf00b6f6/tools/sdk/esp32s3/include/esp_netif/include -I/home/franstein/.platformio/packages/framework-arduinoespressif32@src-537c58760dafe7fcc8a1d9bbcf00b6f6/tools/sdk/esp32s3/include/esp_eth/include -I/home/franstein/.platformio/packages/framework-arduinoespressif32@src-537c58760dafe7fcc8a1d9bbcf00b6f6/tools/sdk/esp32s3/include/tcpip_adapter/include -I/home/franstein/.platformio/packages/framework-arduinoespressif32@src-537c58760dafe7fcc8a1d9bbcf00b6f6/tools/sdk/esp32s3/include/esp_phy/include -I/home/franstein/.platformio/packages/framework-arduinoespressif32@src-537c58760dafe7fcc8a1d9bbcf00b6f6/tools/sdk/esp32s3/include/esp_phy/esp32s3/include -I/home/franstein/.platformio/packages/framework-arduinoespressif32@src-537c58760dafe7fcc8a1d9bbcf00b6f6/tools/sdk/esp32s3/include/esp_ipc/include -I/home/franstein/.platformio/packages/framework-arduinoespressif32@src-537c58760dafe7fcc8a1d9bbcf00b6f6/tools/sdk/esp32s3/include/app_trace/include -I/home/franstein/.platformio/packages/framework-arduinoespressif32@src-537c58760dafe7fcc8a1d9bbcf00b6f6/tools/sdk/esp32s3/include/esp_timer/include -I/home/franstein/.platformio/packages/framework-arduinoespressif32@src-537c58760dafe7fcc8a1d9bbcf00b6f6/tools/sdk/esp32s3/include/mbedtls/port/include -I/home/franstein/.platformio/packages/framework-arduinoespressif32@src-537c58760dafe7fcc8a1d9bbcf00b6f6/tools/sdk/esp32s3/include/mbedtls/mbedtls/include -I/home/franstein/.platformio/packages/framework-arduinoespressif32@src-537c58760dafe7fcc8a1d9bbcf00b6f6/tools/sdk/esp32s3/include/mbedtls/esp_crt_bundle/include -I/home/franstein/.platformio/packages/framework-arduinoespressif32@src-537c58760dafe7fcc8a1d9bbcf00b6f6/tools/sdk/esp32s3/include/app_update/include -I/home/franstein/.platformio/packages/framework-arduinoespressif32@src-537c58760dafe7fcc8a1d9bbcf00b6f6/tools/sdk/esp32s3/include/spi_flash/include -I/home/franstein/.platformio/packages/framework-arduinoespressif32@src-537c58760dafe7fcc8a1d9bbcf00b6f6/tools/sdk/esp32s3/include/bootloader_support/include -I/home/franstein/.platformio/packages/framework-arduinoespressif32@src-537c58760dafe7fcc8a1d9bbcf00b6f6/tools/sdk/esp32s3/include/nvs_flash/include -I/home/franstein/.platformio/packages/framework-arduinoespressif32@src-537c58760dafe7fcc8a1d9bbcf00b6f6/tools/sdk/esp32s3/include/pthread/include -I/home/franstein/.platformio/packages/framework-arduinoespressif32@src-537c58760dafe7fcc8a1d9bbcf00b6f6/tools/sdk/esp32s3/include/esp_gdbstub/include -I/home/franstein/.platformio/packages/framework-arduinoespressif32@src-537c58760dafe7fcc8a1d9bbcf00b6f6/tools/sdk/esp32s3/include/esp_gdbstub/xtensa -I/home/franstein/.platformio/packages/framework-arduinoespressif32@src-537c58760dafe7fcc8a1d9bbcf00b6f6/tools/sdk/esp32s3/include/esp_gdbstub/esp32s3 -I/home/franstein/.platformio/packages/framework-arduinoespressif32@src-537c58760dafe7fcc8a1d9bbcf00b6f6/tools/sdk/esp32s3/include/espcoredump/include -I/home/franstein/.platformio/packages/framework-arduinoespressif32@src-537c58760dafe7fcc8a1d9bbcf00b6f6/tools/sdk/esp32s3/include/espcoredump/include/port/xtensa -I/home/franstein/.platformio/packages/framework-arduinoespressif32@src-537c58760dafe7fcc8a1d9bbcf00b6f6/tools/sdk/esp32s3/include/wpa_supplicant/include -I/home/franstein/.platformio/packages/framework-arduinoespressif32@src-537c58760dafe7fcc8a1d9bbcf00b6f6/tools/sdk/esp32s3/include/wpa_supplicant/port/include -I/home/franstein/.platformio/packages/framework-arduinoespressif32@src-537c58760dafe7fcc8a1d9bbcf00b6f6/tools/sdk/esp32s3/include/wpa_supplicant/esp_supplicant/include -I/home/franstein/.platformio/packages/framework-arduinoespressif32@src-537c58760dafe7fcc8a1d9bbcf00b6f6/tools/sdk/esp32s3/include/ieee802154/include -I/home/franstein/.platformio/packages/framework-arduinoespressif32@src-537c58760dafe7fcc8a1d9bbcf00b6f6/tools/sdk/esp32s3/include/console -I/home/franstein/.platformio/packages/framework-arduinoespressif32@src-537c58760dafe7fcc8a1d9bbcf00b6f6/tools/sdk/esp32s3/include/asio/asio/asio/include -I/home/franstein/.platformio/packages/framework-arduinoespressif32@src-537c58760dafe7fcc8a1d9bbcf00b6f6/tools/sdk/esp32s3/include/asio/port/include -I/home/franstein/.platformio/packages/framework-arduinoespressif32@src-537c58760dafe7fcc8a1d9bbcf00b6f6/tools/sdk/esp32s3/include/bt/common/osi/include -I/home/franstein/.platformio/packages/framework-arduinoespressif32@src-537c58760dafe7fcc8a1d9bbcf00b6f6/tools/sdk/esp32s3/include/bt/include/esp32s3/include -I/home/franstein/.platformio/packages/framework-arduinoespressif32@src-537c58760dafe7fcc8a1d9bbcf00b6f6/tools/sdk/esp32s3/include/bt/common/api/include/api -I/home/franstein/.platformio/packages/framework-arduinoespressif32@src-537c58760dafe7fcc8a1d9bbcf00b6f6/tools/sdk/esp32s3/include/bt/common/btc/profile/esp/blufi/include -I/home/franstein/.platformio/packages/framework-arduinoespressif32@src-537c58760dafe7fcc8a1d9bbcf00b6f6/tools/sdk/esp32s3/include/bt/common/btc/profile/esp/include -I/home/franstein/.platformio/packages/framework-arduinoespressif32@src-537c58760dafe7fcc8a1d9bbcf00b6f6/tools/sdk/esp32s3/include/bt/host/bluedroid/api/include/api -I/home/franstein/.platformio/packages/framework-arduinoespressif32@src-537c58760dafe7fcc8a1d9bbcf00b6f6/tools/sdk/esp32s3/include/bt/esp_ble_mesh/mesh_common/include -I/home/franstein/.platformio/packages/framework-arduinoespressif32@src-537c58760dafe7fcc8a1d9bbcf00b6f6/tools/sdk/esp32s3/include/bt/esp_ble_mesh/mesh_common/tinycrypt/include -I/home/franstein/.platformio/packages/framework-arduinoespressif32@src-537c58760dafe7fcc8a1d9bbcf00b6f6/tools/sdk/esp32s3/include/bt/esp_ble_mesh/mesh_core -I/home/franstein/.platformio/packages/framework-arduinoespressif32@src-537c58760dafe7fcc8a1d9bbcf00b6f6/tools/sdk/esp32s3/include/bt/esp_ble_mesh/mesh_core/include -I/home/franstein/.platformio/packages/framework-arduinoespressif32@src-537c58760dafe7fcc8a1d9bbcf00b6f6/tools/sdk/esp32s3/include/bt/esp_ble_mesh/mesh_core/storage -I/home/franstein/.platformio/packages/framework-arduinoespressif32@src-537c58760dafe7fcc8a1d9bbcf00b6f6/tools/sdk/esp32s3/include/bt/esp_ble_mesh/btc/include -I/home/franstein/.platformio/packages/framework-arduinoespressif32@src-537c58760dafe7fcc8a1d9bbcf00b6f6/tools/sdk/esp32s3/include/bt/esp_ble_mesh/mesh_models/common/include -I/home/franstein/.platformio/packages/framework-arduinoespressif32@src-537c58760dafe7fcc8a1d9bbcf00b6f6/tools/sdk/esp32s3/include/bt/esp_ble_mesh/mesh_models/client/include -I/home/franstein/.platformio/packages/framework-arduinoespressif32@src-537c58760dafe7fcc8a1d9bbcf00b6f6/tools/sdk/esp32s3/include/bt/esp_ble_mesh/mesh_models/server/include -I/home/franstein/.platformio/packages/framework-arduinoespressif32@src-537c58760dafe7fcc8a1d9bbcf00b6f6/tools/sdk/esp32s3/include/bt/esp_ble_mesh/api/core/include -I/home/franstein/.platformio/packages/framework-arduinoespressif32@src-537c58760dafe7fcc8a1d9bbcf00b6f6/tools/sdk/esp32s3/include/bt/esp_ble_mesh/api/models/include -I/home/franstein/.platformio/packages/framework-arduinoespressif32@src-537c58760dafe7fcc8a1d9bbcf00b6f6/tools/sdk/esp32s3/include/bt/esp_ble_mesh/api -I/home/franstein/.platformio/packages/framework-arduinoespressif32@src-537c58760dafe7fcc8a1d9bbcf00b6f6/tools/sdk/esp32s3/include/cbor/port/include -I/home/franstein/.platformio/packages/framework-arduinoespressif32@src-537c58760dafe7fcc8a1d9bbcf00b6f6/tools/sdk/esp32s3/include/unity/include -I/home/franstein/.platformio/packages/framework-arduinoespressif32@src-537c58760dafe7fcc8a1d9bbcf00b6f6/tools/sdk/esp32s3/include/unity/unity/src -I/home/franstein/.platformio/packages/framework-arduinoespressif32@src-537c58760dafe7fcc8a1d9bbcf00b6f6/tools/sdk/esp32s3/include/cmock/CMock/src -I/home/franstein/.platformio/packages/framework-arduinoespressif32@src-537c58760dafe7fcc8a1d9bbcf00b6f6/tools/sdk/esp32s3/include/coap/port/include -I/home/franstein/.platformio/packages/framework-arduinoespressif32@src-537c58760dafe7fcc8a1d9bbcf00b6f6/tools/sdk/esp32s3/include/coap/libcoap/include -I/home/franstein/.platformio/packages/framework-arduinoespressif32@src-537c58760dafe7fcc8a1d9bbcf00b6f6/tools/sdk/esp32s3/include/nghttp/port/include -I/home/franstein/.platformio/packages/framework-arduinoespressif32@src-537c58760dafe7fcc8a1d9bbcf00b6f6/tools/sdk/esp32s3/include/nghttp/nghttp2/lib/includes -I/home/franstein/.platformio/packages/framework-arduinoespressif32@src-537c58760dafe7fcc8a1d9bbcf00b6f6/tools/sdk/esp32s3/include/esp-tls -I/home/franstein/.platformio/packages/framework-arduinoespressif32@src-537c58760dafe7fcc8a1d9bbcf00b6f6/tools/sdk/esp32s3/include/esp-tls/esp-tls-crypto -I/home/franstein/.platformio/packages/framework-arduinoespressif32@src-537c58760dafe7fcc8a1d9bbcf00b6f6/tools/sdk/esp32s3/include/esp_adc_cal/include -I/home/franstein/.platformio/packages/framework-arduinoespressif32@src-537c58760dafe7fcc8a1d9bbcf00b6f6/tools/sdk/esp32s3/include/esp_hid/include -I/home/franstein/.platformio/packages/framework-arduinoespressif32@src-537c58760dafe7fcc8a1d9bbcf00b6f6/tools/sdk/esp32s3/include/tcp_transport/include -I/home/franstein/.platformio/packages/framework-arduinoespressif32@src-537c58760dafe7fcc8a1d9bbcf00b6f6/tools/sdk/esp32s3/include/esp_http_client/include -I/home/franstein/.platformio/packages/framework-arduinoespressif32@src-537c58760dafe7fcc8a1d9bbcf00b6f6/tools/sdk/esp32s3/include/esp_http_server/include -I/home/franstein/.platformio/packages/framework-arduinoespressif32@src-537c58760dafe7fcc8a1d9bbcf00b6f6/tools/sdk/esp32s3/include/esp_https_ota/include -I/home/franstein/.platformio/packages/framework-arduinoespressif32@src-537c58760dafe7fcc8a1d9bbcf00b6f6/tools/sdk/esp32s3/include/esp_https_server/include -I/home/franstein/.platformio/packages/framework-arduinoespressif32@src-537c58760dafe7fcc8a1d9bbcf00b6f6/tools/sdk/esp32s3/include/esp_lcd/include -I/home/franstein/.platformio/packages/framework-arduinoespressif32@src-537c58760dafe7fcc8a1d9bbcf00b6f6/tools/sdk/esp32s3/include/esp_lcd/interface -I/home/franstein/.platformio/packages/framework-arduinoespressif32@src-537c58760dafe7fcc8a1d9bbcf00b6f6/tools/sdk/esp32s3/include/protobuf-c/protobuf-c -I/home/franstein/.platformio/packages/framework-arduinoespressif32@src-537c58760dafe7fcc8a1d9bbcf00b6f6/tools/sdk/esp32s3/include/protocomm/include/common -I/home/franstein/.platformio/packages/framework-arduinoespressif32@src-537c58760dafe7fcc8a1d9bbcf00b6f6/tools/sdk/esp32s3/include/protocomm/include/security -I/home/franstein/.platformio/packages/framework-arduinoespressif32@src-537c58760dafe7fcc8a1d9bbcf00b6f6/tools/sdk/esp32s3/include/protocomm/include/transports -I/home/franstein/.platformio/packages/framework-arduinoespressif32@src-537c58760dafe7fcc8a1d9bbcf00b6f6/tools/sdk/esp32s3/include/mdns/include -I/home/franstein/.platformio/packages/framework-arduinoespressif32@src-537c58760dafe7fcc8a1d9bbcf00b6f6/tools/sdk/esp32s3/include/esp_local_ctrl/include -I/home/franstein/.platformio/packages/framework-arduinoespressif32@src-537c58760dafe7fcc8a1d9bbcf00b6f6/tools/sdk/esp32s3/include/sdmmc/include -I/home/franstein/.platformio/packages/framework-arduinoespressif32@src-537c58760dafe7fcc8a1d9bbcf00b6f6/tools/sdk/esp32s3/include/esp_serial_slave_link/include -I/home/franstein/.platformio/packages/framework-arduinoespressif32@src-537c58760dafe7fcc8a1d9bbcf00b6f6/tools/sdk/esp32s3/include/esp_websocket_client/include -I/home/franstein/.platformio/packages/framework-arduinoespressif32@src-537c58760dafe7fcc8a1d9bbcf00b6f6/tools/sdk/esp32s3/include/expat/expat/expat/lib -I/home/franstein/.platformio/packages/framework-arduinoespressif32@src-537c58760dafe7fcc8a1d9bbcf00b6f6/tools/sdk/esp32s3/include/expat/port/include -I/home/franstein/.platformio/packages/framework-arduinoespressif32@src-537c58760dafe7fcc8a1d9bbcf00b6f6/tools/sdk/esp32s3/include/wear_levelling/include -I/home/franstein/.platformio/packages/framework-arduinoespressif32@src-537c58760dafe7fcc8a1d9bbcf00b6f6/tools/sdk/esp32s3/include/fatfs/diskio -I/home/franstein/.platformio/packages/framework-arduinoespressif32@src-537c58760dafe7fcc8a1d9bbcf00b6f6/tools/sdk/esp32s3/include/fatfs/vfs -I/home/franstein/.platformio/packages/framework-arduinoespressif32@src-537c58760dafe7fcc8a1d9bbcf00b6f6/tools/sdk/esp32s3/include/fatfs/src -I/home/franstein/.platformio/packages/framework-arduinoespressif32@src-537c58760dafe7fcc8a1d9bbcf00b6f6/tools/sdk/esp32s3/include/freemodbus/common/include -I/home/franstein/.platformio/packages/framework-arduinoespressif32@src-537c58760dafe7fcc8a1d9bbcf00b6f6/tools/sdk/esp32s3/include/idf_test/include -I/home/franstein/.platformio/packages/framework-arduinoespressif32@src-537c58760dafe7fcc8a1d9bbcf00b6f6/tools/sdk/esp32s3/include/idf_test/include/esp32s3 -I/home/franstein/.platformio/packages/framework-arduinoespressif32@src-537c58760dafe7fcc8a1d9bbcf00b6f6/tools/sdk/esp32s3/include/jsmn/include -I/home/franstein/.platformio/packages/framework-arduinoespressif32@src-537c58760dafe7fcc8a1d9bbcf00b6f6/tools/sdk/esp32s3/include/json/cJSON -I/home/franstein/.platformio/packages/framework-arduinoespressif32@src-537c58760dafe7fcc8a1d9bbcf00b6f6/tools/sdk/esp32s3/include/libsodium/libsodium/src/libsodium/include -I/home/franstein/.platformio/packages/framework-arduinoespressif32@src-537c58760dafe7fcc8a1d9bbcf00b6f6/tools/sdk/esp32s3/include/libsodium/port_include -I/home/franstein/.platformio/packages/framework-arduinoespressif32@src-537c58760dafe7fcc8a1d9bbcf00b6f6/tools/sdk/esp32s3/include/mqtt/esp-mqtt/include -I/home/franstein/.platformio/packages/framework-arduinoespressif32@src-537c58760dafe7fcc8a1d9bbcf00b6f6/tools/sdk/esp32s3/include/openssl/include -I/home/franstein/.platformio/packages/framework-arduinoespressif32@src-537c58760dafe7fcc8a1d9bbcf00b6f6/tools/sdk/esp32s3/include/perfmon/include -I/home/franstein/.platformio/packages/framework-arduinoespressif32@src-537c58760dafe7fcc8a1d9bbcf00b6f6/tools/sdk/esp32s3/include/spiffs/include -I/home/franstein/.platformio/packages/framework-arduinoespressif32@src-537c58760dafe7fcc8a1d9bbcf00b6f6/tools/sdk/esp32s3/include/usb/include -I/home/franstein/.platformio/packages/framework-arduinoespressif32@src-537c58760dafe7fcc8a1d9bbcf00b6f6/tools/sdk/esp32s3/include/ulp/include -I/home/franstein/.platformio/packages/framework-arduinoespressif32@src-537c58760dafe7fcc8a1d9bbcf00b6f6/tools/sdk/esp32s3/include/wifi_provisioning/include -I/home/franstein/.platformio/packages/framework-arduinoespressif32@src-537c58760dafe7fcc8a1d9bbcf00b6f6/tools/sdk/esp32s3/include/rmaker_common/include -I/home/franstein/.platformio/packages/framework-arduinoespressif32@src-537c58760dafe7fcc8a1d9bbcf00b6f6/tools/sdk/esp32s3/include/json_parser/upstream/include -I/home/franstein/.platformio/packages/framework-arduinoespressif32@src-537c58760dafe7fcc8a1d9bbcf00b6f6/tools/sdk/esp32s3/include/json_parser/upstream -I/home/franstein/.platformio/packages/framework-arduinoespressif32@src-537c58760dafe7fcc8a1d9bbcf00b6f6/tools/sdk/esp32s3/include/json_generator/upstream -I/home/franstein/.platformio/packages/framework-arduinoespressif32@src-537c58760dafe7fcc8a1d9bbcf00b6f6/tools/sdk/esp32s3/include/esp_schedule/include -I/home/franstein/.platformio/packages/framework-arduinoespressif32@src-537c58760dafe7fcc8a1d9bbcf00b6f6/tools/sdk/esp32s3/include/esp_rainmaker/include -I/home/franstein/.platformio/packages/framework-arduinoespressif32@src-537c58760dafe7fcc8a1d9bbcf00b6f6/tools/sdk/esp32s3/include/gpio_button/button/include -I/home/franstein/.platformio/packages/framework-arduinoespressif32@src-537c58760dafe7fcc8a1d9bbcf00b6f6/tools/sdk/esp32s3/include/qrcode/include -I/home/franstein/.platformio/packages/framework-arduinoespressif32@src-537c58760dafe7fcc8a1d9bbcf00b6f6/tools/sdk/esp32s3/include/ws2812_led -I/home/franstein/.platformio/packages/framework-arduinoespressif32@src-537c58760dafe7fcc8a1d9bbcf00b6f6/tools/sdk/esp32s3/include/esp_diagnostics/include -I/home/franstein/.platformio/packages/framework-arduinoespressif32@src-537c58760dafe7fcc8a1d9bbcf00b6f6/tools/sdk/esp32s3/include/rtc_store/include -I/home/franstein/.platformio/packages/framework-arduinoespressif32@src-537c58760dafe7fcc8a1d9bbcf00b6f6/tools/sdk/esp32s3/include/esp_insights/include -I/home/franstein/.platformio/packages/framework-arduinoespressif32@src-537c58760dafe7fcc8a1d9bbcf00b6f6/tools/sdk/esp32s3/include/esp-dsp/modules/dotprod/include -I/home/franstein/.platformio/packages/framework-arduinoespressif32@src-537c58760dafe7fcc8a1d9bbcf00b6f6/tools/sdk/esp32s3/include/esp-dsp/modules/support/include -I/home/franstein/.platformio/packages/framework-arduinoespressif32@src-537c58760dafe7fcc8a1d9bbcf00b6f6/tools/sdk/esp32s3/include/esp-dsp/modules/windows/include -I/home/franstein/.platformio/packages/framework-arduinoespressif32@src-537c58760dafe7fcc8a1d9bbcf00b6f6/tools/sdk/esp32s3/include/esp-dsp/modules/windows/hann/include -I/home/franstein/.platformio/packages/framework-arduinoespressif32@src-537c58760dafe7fcc8a1d9bbcf00b6f6/tools/sdk/esp32s3/include/esp-dsp/modules/windows/blackman/include -I/home/franstein/.platformio/packages/framework-arduinoespressif32@src-537c58760dafe7fcc8a1d9bbcf00b6f6/tools/sdk/esp32s3/include/esp-dsp/modules/windows/blackman_harris/include -I/home/franstein/.platformio/packages/framework-arduinoespressif32@src-537c58760dafe7fcc8a1d9bbcf00b6f6/tools/sdk/esp32s3/include/esp-dsp/modules/windows/blackman_nuttall/include -I/home/franstein/.platformio/packages/framework-arduinoespressif32@src-537c58760dafe7fcc8a1d9bbcf00b6f6/tools/sdk/esp32s3/include/esp-dsp/modules/windows/nuttall/include -I/home/franstein/.platformio/packages/framework-arduinoespressif32@src-537c58760dafe7fcc8a1d9bbcf00b6f6/tools/sdk/esp32s3/include/esp-dsp/modules/windows/flat_top/include -I/home/franstein/.platformio/packages/framework-arduinoespressif32@src-537c58760dafe7fcc8a1d9bbcf00b6f6/tools/sdk/esp32s3/include/esp-dsp/modules/iir/include -I/home/franstein/.platformio/packages/framework-arduinoespressif32@src-537c58760dafe7fcc8a1d9bbcf00b6f6/tools/sdk/esp32s3/include/esp-dsp/modules/fir/include -I/home/franstein/.platformio/packages/framework-arduinoespressif32@src-537c58760dafe7fcc8a1d9bbcf00b6f6/tools/sdk/esp32s3/include/esp-dsp/modules/math/include -I/home/franstein/.platformio/packages/framework-arduinoespressif32@src-537c58760dafe7fcc8a1d9bbcf00b6f6/tools/sdk/esp32s3/include/esp-dsp/modules/math/add/include -I/home/franstein/.platformio/packages/framework-arduinoespressif32@src-537c58760dafe7fcc8a1d9bbcf00b6f6/tools/sdk/esp32s3/include/esp-dsp/modules/math/sub/include -I/home/franstein/.platformio/packages/framework-arduinoespressif32@src-537c58760dafe7fcc8a1d9bbcf00b6f6/tools/sdk/esp32s3/include/esp-dsp/modules/math/mul/include -I/home/franstein/.platformio/packages/framework-arduinoespressif32@src-537c58760dafe7fcc8a1d9bbcf00b6f6/tools/sdk/esp32s3/include/esp-dsp/modules/math/addc/include -I/home/franstein/.platformio/packages/framework-arduinoespressif32@src-537c58760dafe7fcc8a1d9bbcf00b6f6/tools/sdk/esp32s3/include/esp-dsp/modules/math/mulc/include -I/home/franstein/.platformio/packages/framework-arduinoespressif32@src-537c58760dafe7fcc8a1d9bbcf00b6f6/tools/sdk/esp32s3/include/esp-dsp/modules/math/sqrt/include -I/home/franstein/.platformio/packages/framework-arduinoespressif32@src-537c58760dafe7fcc8a1d9bbcf00b6f6/tools/sdk/esp32s3/include/esp-dsp/modules/matrix/include -I/home/franstein/.platformio/packages/framework-arduinoespressif32@src-537c58760dafe7fcc8a1d9bbcf00b6f6/tools/sdk/esp32s3/include/esp-dsp/modules/fft/include -I/home/franstein/.platformio/packages/framework-arduinoespressif32@src-537c58760dafe7fcc8a1d9bbcf00b6f6/tools/sdk/esp32s3/include/esp-dsp/modules/dct/include -I/home/franstein/.platformio/packages/framework-arduinoespressif32@src-537c58760dafe7fcc8a1d9bbcf00b6f6/tools/sdk/esp32s3/include/esp-dsp/modules/conv/include -I/home/franstein/.platformio/packages/framework-arduinoespressif32@src-537c58760dafe7fcc8a1d9bbcf00b6f6/tools/sdk/esp32s3/include/esp-dsp/modules/common/include -I/home/franstein/.platformio/packages/framework-arduinoespressif32@src-537c58760dafe7fcc8a1d9bbcf00b6f6/tools/sdk/esp32s3/include/esp-dsp/modules/kalman/ekf/include -I/home/franstein/.platformio/packages/framework-arduinoespressif32@src-537c58760dafe7fcc8a1d9bbcf00b6f6/tools/sdk/esp32s3/include/esp-dsp/modules/kalman/ekf_imu13states/include -I/home/franstein/.platformio/packages/framework-arduinoespressif32@src-537c58760dafe7fcc8a1d9bbcf00b6f6/tools/sdk/esp32s3/include/freertos/include/freertos -I/home/franstein/.platformio/packages/framework-arduinoespressif32@src-537c58760dafe7fcc8a1d9bbcf00b6f6/tools/sdk/esp32s3/include/arduino_tinyusb/tinyusb/src -I/home/franstein/.platformio/packages/framework-arduinoespressif32@src-537c58760dafe7fcc8a1d9bbcf00b6f6/tools/sdk/esp32s3/include/arduino_tinyusb/include -I/home/franstein/.platformio/packages/framework-arduinoespressif32@src-537c58760dafe7fcc8a1d9bbcf00b6f6/tools/sdk/esp32s3/include/esp_littlefs/include -I/home/franstein/.platformio/packages/framework-arduinoespressif32@src-537c58760dafe7fcc8a1d9bbcf00b6f6/tools/sdk/esp32s3/include/esp-dl/include -I/home/franstein/.platformio/packages/framework-arduinoespressif32@src-537c58760dafe7fcc8a1d9bbcf00b6f6/tools/sdk/esp32s3/include/esp-dl/include/tool -I/home/franstein/.platformio/packages/framework-arduinoespressif32@src-537c58760dafe7fcc8a1d9bbcf00b6f6/tools/sdk/esp32s3/include/esp-dl/include/typedef -I/home/franstein/.platformio/packages/framework-arduinoespressif32@src-537c58760dafe7fcc8a1d9bbcf00b6f6/tools/sdk/esp32s3/include/esp-dl/include/image -I/home/franstein/.platformio/packages/framework-arduinoespressif32@src-537c58760dafe7fcc8a1d9bbcf00b6f6/tools/sdk/esp32s3/include/esp-dl/include/math -I/home/franstein/.platformio/packages/framework-arduinoespressif32@src-537c58760dafe7fcc8a1d9bbcf00b6f6/tools/sdk/esp32s3/include/esp-dl/include/nn -I/home/franstein/.platformio/packages/framework-arduinoespressif32@src-537c58760dafe7fcc8a1d9bbcf00b6f6/tools/sdk/esp32s3/include/esp-dl/include/layer -I/home/franstein/.platformio/packages/framework-arduinoespressif32@src-537c58760dafe7fcc8a1d9bbcf00b6f6/tools/sdk/esp32s3/include/esp-dl/include/detect -I/home/franstein/.platformio/packages/framework-arduinoespressif32@src-537c58760dafe7fcc8a1d9bbcf00b6f6/tools/sdk/esp32s3/include/esp-dl/include/model_zoo -I/home/franstein/.platformio/packages/framework-arduinoespressif32@src-537c58760dafe7fcc8a1d9bbcf00b6f6/tools/sdk/esp32s3/include/esp-sr/src/include -I/home/franstein/.platformio/packages/framework-arduinoespressif32@src-537c58760dafe7fcc8a1d9bbcf00b6f6/tools/sdk/esp32s3/include/esp-sr/esp-tts/esp_tts_chinese/include -I/home/franstein/.platformio/packages/framework-arduinoespressif32@src-537c58760dafe7fcc8a1d9bbcf00b6f6/tools/sdk/esp32s3/include/esp-sr/include/esp32s3 -I/home/franstein/.platformio/packages/framework-arduinoespressif32@src-537c58760dafe7fcc8a1d9bbcf00b6f6/tools/sdk/esp32s3/include/esp32-camera/driver/include -I/home/franstein/.platformio/packages/framework-arduinoespressif32@src-537c58760dafe7fcc8a1d9bbcf00b6f6/tools/sdk/esp32s3/include/esp32-camera/conversions/include -I/home/franstein/.platformio/packages/framework-arduinoespressif32@src-537c58760dafe7fcc8a1d9bbcf00b6f6/tools/sdk/esp32s3/include/fb_gfx/include -I/home/franstein/.platformio/packages/framework-arduinoespressif32@src-537c58760dafe7fcc8a1d9bbcf00b6f6/tools/sdk/esp32s3/qio_opi/include -I/home/franstein/.platformio/packages/framework-arduinoespressif32@src-537c58760dafe7fcc8a1d9bbcf00b6f6/cores/esp32 -I/home/franstein/.platformio/packages/framework-arduinoespressif32@src-537c58760dafe7fcc8a1d9bbcf00b6f6/variants/esp32s3 /home/franstein/.platformio/packages/framework-arduinoespressif32@src-537c58760dafe7fcc8a1d9bbcf00b6f6/cores/esp32/esp32-hal-time.c
xtensa-esp32s3-elf-gcc -o .pio/build/esp32/FrameworkArduino/esp32-hal-timer.c.o -c -std=gnu99 -Wno-old-style-declaration -Os -mlongcalls -ffunction-sections -fdata-sections -Wno-error=unused-function -Wno-error=unused-variable -Wno-error=deprecated-declarations -Wno-unused-parameter -Wno-sign-compare -ggdb -freorder-blocks -Wwrite-strings -fstack-protector -fstrict-volatile-bitfields -Wno-error=unused-but-set-variable -fno-jump-tables -fno-tree-switch-conversion -MMD -DPLATFORMIO=60107 -DBOARD_HAS_PSRAM -DARDUINO_USB_MODE=1 -DARDUINO_USB_CDC_ON_BOOT=1 -DHAVE_CONFIG_H -DMBEDTLS_CONFIG_FILE=\"mbedtls/esp_config.h\" -DUNITY_INCLUDE_CONFIG_H -DWITH_POSIX -D_GNU_SOURCE -DIDF_VER=\"v4.4.3\" -DESP_PLATFORM -D_POSIX_READER_WRITER_LOCKS -DARDUINO_ARCH_ESP32 -DESP32 -DF_CPU=240000000L -DARDUINO=10812 -DARDUINO_VARIANT=\"esp32s3\" "-DARDUINO_BOARD=\"LILYGO T3-S3\"" -DARDUINO_PARTITION_default -I/home/franstein/.platformio/packages/framework-arduinoespressif32@src-537c58760dafe7fcc8a1d9bbcf00b6f6/tools/sdk/esp32s3/include/newlib/platform_include -I/home/franstein/.platformio/packages/framework-arduinoespressif32@src-537c58760dafe7fcc8a1d9bbcf00b6f6/tools/sdk/esp32s3/include/freertos/include -I/home/franstein/.platformio/packages/framework-arduinoespressif32@src-537c58760dafe7fcc8a1d9bbcf00b6f6/tools/sdk/esp32s3/include/freertos/include/esp_additions/freertos -I/home/franstein/.platformio/packages/framework-arduinoespressif32@src-537c58760dafe7fcc8a1d9bbcf00b6f6/tools/sdk/esp32s3/include/freertos/port/xtensa/include -I/home/franstein/.platformio/packages/framework-arduinoespressif32@src-537c58760dafe7fcc8a1d9bbcf00b6f6/tools/sdk/esp32s3/include/freertos/include/esp_additions -I/home/franstein/.platformio/packages/framework-arduinoespressif32@src-537c58760dafe7fcc8a1d9bbcf00b6f6/tools/sdk/esp32s3/include/esp_hw_support/include -I/home/franstein/.platformio/packages/framework-arduinoespressif32@src-537c58760dafe7fcc8a1d9bbcf00b6f6/tools/sdk/esp32s3/include/esp_hw_support/include/soc -I/home/franstein/.platformio/packages/framework-arduinoespressif32@src-537c58760dafe7fcc8a1d9bbcf00b6f6/tools/sdk/esp32s3/include/esp_hw_support/include/soc/esp32s3 -I/home/franstein/.platformio/packages/framework-arduinoespressif32@src-537c58760dafe7fcc8a1d9bbcf00b6f6/tools/sdk/esp32s3/include/esp_hw_support/port/esp32s3 -I/home/franstein/.platformio/packages/framework-arduinoespressif32@src-537c58760dafe7fcc8a1d9bbcf00b6f6/tools/sdk/esp32s3/include/esp_hw_support/port/esp32s3/private_include -I/home/franstein/.platformio/packages/framework-arduinoespressif32@src-537c58760dafe7fcc8a1d9bbcf00b6f6/tools/sdk/esp32s3/include/heap/include -I/home/franstein/.platformio/packages/framework-arduinoespressif32@src-537c58760dafe7fcc8a1d9bbcf00b6f6/tools/sdk/esp32s3/include/log/include -I/home/franstein/.platformio/packages/framework-arduinoespressif32@src-537c58760dafe7fcc8a1d9bbcf00b6f6/tools/sdk/esp32s3/include/lwip/include/apps -I/home/franstein/.platformio/packages/framework-arduinoespressif32@src-537c58760dafe7fcc8a1d9bbcf00b6f6/tools/sdk/esp32s3/include/lwip/include/apps/sntp -I/home/franstein/.platformio/packages/framework-arduinoespressif32@src-537c58760dafe7fcc8a1d9bbcf00b6f6/tools/sdk/esp32s3/include/lwip/lwip/src/include -I/home/franstein/.platformio/packages/framework-arduinoespressif32@src-537c58760dafe7fcc8a1d9bbcf00b6f6/tools/sdk/esp32s3/include/lwip/port/esp32/include -I/home/franstein/.platformio/packages/framework-arduinoespressif32@src-537c58760dafe7fcc8a1d9bbcf00b6f6/tools/sdk/esp32s3/include/lwip/port/esp32/include/arch -I/home/franstein/.platformio/packages/framework-arduinoespressif32@src-537c58760dafe7fcc8a1d9bbcf00b6f6/tools/sdk/esp32s3/include/soc/include -I/home/franstein/.platformio/packages/framework-arduinoespressif32@src-537c58760dafe7fcc8a1d9bbcf00b6f6/tools/sdk/esp32s3/include/soc/esp32s3 -I/home/franstein/.platformio/packages/framework-arduinoespressif32@src-537c58760dafe7fcc8a1d9bbcf00b6f6/tools/sdk/esp32s3/include/soc/esp32s3/include -I/home/franstein/.platformio/packages/framework-arduinoespressif32@src-537c58760dafe7fcc8a1d9bbcf00b6f6/tools/sdk/esp32s3/include/hal/esp32s3/include -I/home/franstein/.platformio/packages/framework-arduinoespressif32@src-537c58760dafe7fcc8a1d9bbcf00b6f6/tools/sdk/esp32s3/include/hal/include -I/home/franstein/.platformio/packages/framework-arduinoespressif32@src-537c58760dafe7fcc8a1d9bbcf00b6f6/tools/sdk/esp32s3/include/hal/platform_port/include -I/home/franstein/.platformio/packages/framework-arduinoespressif32@src-537c58760dafe7fcc8a1d9bbcf00b6f6/tools/sdk/esp32s3/include/esp_rom/include -I/home/franstein/.platformio/packages/framework-arduinoespressif32@src-537c58760dafe7fcc8a1d9bbcf00b6f6/tools/sdk/esp32s3/include/esp_rom/include/esp32s3 -I/home/franstein/.platformio/packages/framework-arduinoespressif32@src-537c58760dafe7fcc8a1d9bbcf00b6f6/tools/sdk/esp32s3/include/esp_rom/esp32s3 -I/home/franstein/.platformio/packages/framework-arduinoespressif32@src-537c58760dafe7fcc8a1d9bbcf00b6f6/tools/sdk/esp32s3/include/esp_common/include -I/home/franstein/.platformio/packages/framework-arduinoespressif32@src-537c58760dafe7fcc8a1d9bbcf00b6f6/tools/sdk/esp32s3/include/esp_system/include -I/home/franstein/.platformio/packages/framework-arduinoespressif32@src-537c58760dafe7fcc8a1d9bbcf00b6f6/tools/sdk/esp32s3/include/esp_system/port/soc -I/home/franstein/.platformio/packages/framework-arduinoespressif32@src-537c58760dafe7fcc8a1d9bbcf00b6f6/tools/sdk/esp32s3/include/esp_system/port/public_compat -I/home/franstein/.platformio/packages/framework-arduinoespressif32@src-537c58760dafe7fcc8a1d9bbcf00b6f6/tools/sdk/esp32s3/include/xtensa/include -I/home/franstein/.platformio/packages/framework-arduinoespressif32@src-537c58760dafe7fcc8a1d9bbcf00b6f6/tools/sdk/esp32s3/include/xtensa/esp32s3/include -I/home/franstein/.platformio/packages/framework-arduinoespressif32@src-537c58760dafe7fcc8a1d9bbcf00b6f6/tools/sdk/esp32s3/include/driver/include -I/home/franstein/.platformio/packages/framework-arduinoespressif32@src-537c58760dafe7fcc8a1d9bbcf00b6f6/tools/sdk/esp32s3/include/driver/esp32s3/include -I/home/franstein/.platformio/packages/framework-arduinoespressif32@src-537c58760dafe7fcc8a1d9bbcf00b6f6/tools/sdk/esp32s3/include/esp_pm/include -I/home/franstein/.platformio/packages/framework-arduinoespressif32@src-537c58760dafe7fcc8a1d9bbcf00b6f6/tools/sdk/esp32s3/include/esp_ringbuf/include -I/home/franstein/.platformio/packages/framework-arduinoespressif32@src-537c58760dafe7fcc8a1d9bbcf00b6f6/tools/sdk/esp32s3/include/efuse/include -I/home/franstein/.platformio/packages/framework-arduinoespressif32@src-537c58760dafe7fcc8a1d9bbcf00b6f6/tools/sdk/esp32s3/include/efuse/esp32s3/include -I/home/franstein/.platformio/packages/framework-arduinoespressif32@src-537c58760dafe7fcc8a1d9bbcf00b6f6/tools/sdk/esp32s3/include/vfs/include -I/home/franstein/.platformio/packages/framework-arduinoespressif32@src-537c58760dafe7fcc8a1d9bbcf00b6f6/tools/sdk/esp32s3/include/esp_wifi/include -I/home/franstein/.platformio/packages/framework-arduinoespressif32@src-537c58760dafe7fcc8a1d9bbcf00b6f6/tools/sdk/esp32s3/include/esp_event/include -I/home/franstein/.platformio/packages/framework-arduinoespressif32@src-537c58760dafe7fcc8a1d9bbcf00b6f6/tools/sdk/esp32s3/include/esp_netif/include -I/home/franstein/.platformio/packages/framework-arduinoespressif32@src-537c58760dafe7fcc8a1d9bbcf00b6f6/tools/sdk/esp32s3/include/esp_eth/include -I/home/franstein/.platformio/packages/framework-arduinoespressif32@src-537c58760dafe7fcc8a1d9bbcf00b6f6/tools/sdk/esp32s3/include/tcpip_adapter/include -I/home/franstein/.platformio/packages/framework-arduinoespressif32@src-537c58760dafe7fcc8a1d9bbcf00b6f6/tools/sdk/esp32s3/include/esp_phy/include -I/home/franstein/.platformio/packages/framework-arduinoespressif32@src-537c58760dafe7fcc8a1d9bbcf00b6f6/tools/sdk/esp32s3/include/esp_phy/esp32s3/include -I/home/franstein/.platformio/packages/framework-arduinoespressif32@src-537c58760dafe7fcc8a1d9bbcf00b6f6/tools/sdk/esp32s3/include/esp_ipc/include -I/home/franstein/.platformio/packages/framework-arduinoespressif32@src-537c58760dafe7fcc8a1d9bbcf00b6f6/tools/sdk/esp32s3/include/app_trace/include -I/home/franstein/.platformio/packages/framework-arduinoespressif32@src-537c58760dafe7fcc8a1d9bbcf00b6f6/tools/sdk/esp32s3/include/esp_timer/include -I/home/franstein/.platformio/packages/framework-arduinoespressif32@src-537c58760dafe7fcc8a1d9bbcf00b6f6/tools/sdk/esp32s3/include/mbedtls/port/include -I/home/franstein/.platformio/packages/framework-arduinoespressif32@src-537c58760dafe7fcc8a1d9bbcf00b6f6/tools/sdk/esp32s3/include/mbedtls/mbedtls/include -I/home/franstein/.platformio/packages/framework-arduinoespressif32@src-537c58760dafe7fcc8a1d9bbcf00b6f6/tools/sdk/esp32s3/include/mbedtls/esp_crt_bundle/include -I/home/franstein/.platformio/packages/framework-arduinoespressif32@src-537c58760dafe7fcc8a1d9bbcf00b6f6/tools/sdk/esp32s3/include/app_update/include -I/home/franstein/.platformio/packages/framework-arduinoespressif32@src-537c58760dafe7fcc8a1d9bbcf00b6f6/tools/sdk/esp32s3/include/spi_flash/include -I/home/franstein/.platformio/packages/framework-arduinoespressif32@src-537c58760dafe7fcc8a1d9bbcf00b6f6/tools/sdk/esp32s3/include/bootloader_support/include -I/home/franstein/.platformio/packages/framework-arduinoespressif32@src-537c58760dafe7fcc8a1d9bbcf00b6f6/tools/sdk/esp32s3/include/nvs_flash/include -I/home/franstein/.platformio/packages/framework-arduinoespressif32@src-537c58760dafe7fcc8a1d9bbcf00b6f6/tools/sdk/esp32s3/include/pthread/include -I/home/franstein/.platformio/packages/framework-arduinoespressif32@src-537c58760dafe7fcc8a1d9bbcf00b6f6/tools/sdk/esp32s3/include/esp_gdbstub/include -I/home/franstein/.platformio/packages/framework-arduinoespressif32@src-537c58760dafe7fcc8a1d9bbcf00b6f6/tools/sdk/esp32s3/include/esp_gdbstub/xtensa -I/home/franstein/.platformio/packages/framework-arduinoespressif32@src-537c58760dafe7fcc8a1d9bbcf00b6f6/tools/sdk/esp32s3/include/esp_gdbstub/esp32s3 -I/home/franstein/.platformio/packages/framework-arduinoespressif32@src-537c58760dafe7fcc8a1d9bbcf00b6f6/tools/sdk/esp32s3/include/espcoredump/include -I/home/franstein/.platformio/packages/framework-arduinoespressif32@src-537c58760dafe7fcc8a1d9bbcf00b6f6/tools/sdk/esp32s3/include/espcoredump/include/port/xtensa -I/home/franstein/.platformio/packages/framework-arduinoespressif32@src-537c58760dafe7fcc8a1d9bbcf00b6f6/tools/sdk/esp32s3/include/wpa_supplicant/include -I/home/franstein/.platformio/packages/framework-arduinoespressif32@src-537c58760dafe7fcc8a1d9bbcf00b6f6/tools/sdk/esp32s3/include/wpa_supplicant/port/include -I/home/franstein/.platformio/packages/framework-arduinoespressif32@src-537c58760dafe7fcc8a1d9bbcf00b6f6/tools/sdk/esp32s3/include/wpa_supplicant/esp_supplicant/include -I/home/franstein/.platformio/packages/framework-arduinoespressif32@src-537c58760dafe7fcc8a1d9bbcf00b6f6/tools/sdk/esp32s3/include/ieee802154/include -I/home/franstein/.platformio/packages/framework-arduinoespressif32@src-537c58760dafe7fcc8a1d9bbcf00b6f6/tools/sdk/esp32s3/include/console -I/home/franstein/.platformio/packages/framework-arduinoespressif32@src-537c58760dafe7fcc8a1d9bbcf00b6f6/tools/sdk/esp32s3/include/asio/asio/asio/include -I/home/franstein/.platformio/packages/framework-arduinoespressif32@src-537c58760dafe7fcc8a1d9bbcf00b6f6/tools/sdk/esp32s3/include/asio/port/include -I/home/franstein/.platformio/packages/framework-arduinoespressif32@src-537c58760dafe7fcc8a1d9bbcf00b6f6/tools/sdk/esp32s3/include/bt/common/osi/include -I/home/franstein/.platformio/packages/framework-arduinoespressif32@src-537c58760dafe7fcc8a1d9bbcf00b6f6/tools/sdk/esp32s3/include/bt/include/esp32s3/include -I/home/franstein/.platformio/packages/framework-arduinoespressif32@src-537c58760dafe7fcc8a1d9bbcf00b6f6/tools/sdk/esp32s3/include/bt/common/api/include/api -I/home/franstein/.platformio/packages/framework-arduinoespressif32@src-537c58760dafe7fcc8a1d9bbcf00b6f6/tools/sdk/esp32s3/include/bt/common/btc/profile/esp/blufi/include -I/home/franstein/.platformio/packages/framework-arduinoespressif32@src-537c58760dafe7fcc8a1d9bbcf00b6f6/tools/sdk/esp32s3/include/bt/common/btc/profile/esp/include -I/home/franstein/.platformio/packages/framework-arduinoespressif32@src-537c58760dafe7fcc8a1d9bbcf00b6f6/tools/sdk/esp32s3/include/bt/host/bluedroid/api/include/api -I/home/franstein/.platformio/packages/framework-arduinoespressif32@src-537c58760dafe7fcc8a1d9bbcf00b6f6/tools/sdk/esp32s3/include/bt/esp_ble_mesh/mesh_common/include -I/home/franstein/.platformio/packages/framework-arduinoespressif32@src-537c58760dafe7fcc8a1d9bbcf00b6f6/tools/sdk/esp32s3/include/bt/esp_ble_mesh/mesh_common/tinycrypt/include -I/home/franstein/.platformio/packages/framework-arduinoespressif32@src-537c58760dafe7fcc8a1d9bbcf00b6f6/tools/sdk/esp32s3/include/bt/esp_ble_mesh/mesh_core -I/home/franstein/.platformio/packages/framework-arduinoespressif32@src-537c58760dafe7fcc8a1d9bbcf00b6f6/tools/sdk/esp32s3/include/bt/esp_ble_mesh/mesh_core/include -I/home/franstein/.platformio/packages/framework-arduinoespressif32@src-537c58760dafe7fcc8a1d9bbcf00b6f6/tools/sdk/esp32s3/include/bt/esp_ble_mesh/mesh_core/storage -I/home/franstein/.platformio/packages/framework-arduinoespressif32@src-537c58760dafe7fcc8a1d9bbcf00b6f6/tools/sdk/esp32s3/include/bt/esp_ble_mesh/btc/include -I/home/franstein/.platformio/packages/framework-arduinoespressif32@src-537c58760dafe7fcc8a1d9bbcf00b6f6/tools/sdk/esp32s3/include/bt/esp_ble_mesh/mesh_models/common/include -I/home/franstein/.platformio/packages/framework-arduinoespressif32@src-537c58760dafe7fcc8a1d9bbcf00b6f6/tools/sdk/esp32s3/include/bt/esp_ble_mesh/mesh_models/client/include -I/home/franstein/.platformio/packages/framework-arduinoespressif32@src-537c58760dafe7fcc8a1d9bbcf00b6f6/tools/sdk/esp32s3/include/bt/esp_ble_mesh/mesh_models/server/include -I/home/franstein/.platformio/packages/framework-arduinoespressif32@src-537c58760dafe7fcc8a1d9bbcf00b6f6/tools/sdk/esp32s3/include/bt/esp_ble_mesh/api/core/include -I/home/franstein/.platformio/packages/framework-arduinoespressif32@src-537c58760dafe7fcc8a1d9bbcf00b6f6/tools/sdk/esp32s3/include/bt/esp_ble_mesh/api/models/include -I/home/franstein/.platformio/packages/framework-arduinoespressif32@src-537c58760dafe7fcc8a1d9bbcf00b6f6/tools/sdk/esp32s3/include/bt/esp_ble_mesh/api -I/home/franstein/.platformio/packages/framework-arduinoespressif32@src-537c58760dafe7fcc8a1d9bbcf00b6f6/tools/sdk/esp32s3/include/cbor/port/include -I/home/franstein/.platformio/packages/framework-arduinoespressif32@src-537c58760dafe7fcc8a1d9bbcf00b6f6/tools/sdk/esp32s3/include/unity/include -I/home/franstein/.platformio/packages/framework-arduinoespressif32@src-537c58760dafe7fcc8a1d9bbcf00b6f6/tools/sdk/esp32s3/include/unity/unity/src -I/home/franstein/.platformio/packages/framework-arduinoespressif32@src-537c58760dafe7fcc8a1d9bbcf00b6f6/tools/sdk/esp32s3/include/cmock/CMock/src -I/home/franstein/.platformio/packages/framework-arduinoespressif32@src-537c58760dafe7fcc8a1d9bbcf00b6f6/tools/sdk/esp32s3/include/coap/port/include -I/home/franstein/.platformio/packages/framework-arduinoespressif32@src-537c58760dafe7fcc8a1d9bbcf00b6f6/tools/sdk/esp32s3/include/coap/libcoap/include -I/home/franstein/.platformio/packages/framework-arduinoespressif32@src-537c58760dafe7fcc8a1d9bbcf00b6f6/tools/sdk/esp32s3/include/nghttp/port/include -I/home/franstein/.platformio/packages/framework-arduinoespressif32@src-537c58760dafe7fcc8a1d9bbcf00b6f6/tools/sdk/esp32s3/include/nghttp/nghttp2/lib/includes -I/home/franstein/.platformio/packages/framework-arduinoespressif32@src-537c58760dafe7fcc8a1d9bbcf00b6f6/tools/sdk/esp32s3/include/esp-tls -I/home/franstein/.platformio/packages/framework-arduinoespressif32@src-537c58760dafe7fcc8a1d9bbcf00b6f6/tools/sdk/esp32s3/include/esp-tls/esp-tls-crypto -I/home/franstein/.platformio/packages/framework-arduinoespressif32@src-537c58760dafe7fcc8a1d9bbcf00b6f6/tools/sdk/esp32s3/include/esp_adc_cal/include -I/home/franstein/.platformio/packages/framework-arduinoespressif32@src-537c58760dafe7fcc8a1d9bbcf00b6f6/tools/sdk/esp32s3/include/esp_hid/include -I/home/franstein/.platformio/packages/framework-arduinoespressif32@src-537c58760dafe7fcc8a1d9bbcf00b6f6/tools/sdk/esp32s3/include/tcp_transport/include -I/home/franstein/.platformio/packages/framework-arduinoespressif32@src-537c58760dafe7fcc8a1d9bbcf00b6f6/tools/sdk/esp32s3/include/esp_http_client/include -I/home/franstein/.platformio/packages/framework-arduinoespressif32@src-537c58760dafe7fcc8a1d9bbcf00b6f6/tools/sdk/esp32s3/include/esp_http_server/include -I/home/franstein/.platformio/packages/framework-arduinoespressif32@src-537c58760dafe7fcc8a1d9bbcf00b6f6/tools/sdk/esp32s3/include/esp_https_ota/include -I/home/franstein/.platformio/packages/framework-arduinoespressif32@src-537c58760dafe7fcc8a1d9bbcf00b6f6/tools/sdk/esp32s3/include/esp_https_server/include -I/home/franstein/.platformio/packages/framework-arduinoespressif32@src-537c58760dafe7fcc8a1d9bbcf00b6f6/tools/sdk/esp32s3/include/esp_lcd/include -I/home/franstein/.platformio/packages/framework-arduinoespressif32@src-537c58760dafe7fcc8a1d9bbcf00b6f6/tools/sdk/esp32s3/include/esp_lcd/interface -I/home/franstein/.platformio/packages/framework-arduinoespressif32@src-537c58760dafe7fcc8a1d9bbcf00b6f6/tools/sdk/esp32s3/include/protobuf-c/protobuf-c -I/home/franstein/.platformio/packages/framework-arduinoespressif32@src-537c58760dafe7fcc8a1d9bbcf00b6f6/tools/sdk/esp32s3/include/protocomm/include/common -I/home/franstein/.platformio/packages/framework-arduinoespressif32@src-537c58760dafe7fcc8a1d9bbcf00b6f6/tools/sdk/esp32s3/include/protocomm/include/security -I/home/franstein/.platformio/packages/framework-arduinoespressif32@src-537c58760dafe7fcc8a1d9bbcf00b6f6/tools/sdk/esp32s3/include/protocomm/include/transports -I/home/franstein/.platformio/packages/framework-arduinoespressif32@src-537c58760dafe7fcc8a1d9bbcf00b6f6/tools/sdk/esp32s3/include/mdns/include -I/home/franstein/.platformio/packages/framework-arduinoespressif32@src-537c58760dafe7fcc8a1d9bbcf00b6f6/tools/sdk/esp32s3/include/esp_local_ctrl/include -I/home/franstein/.platformio/packages/framework-arduinoespressif32@src-537c58760dafe7fcc8a1d9bbcf00b6f6/tools/sdk/esp32s3/include/sdmmc/include -I/home/franstein/.platformio/packages/framework-arduinoespressif32@src-537c58760dafe7fcc8a1d9bbcf00b6f6/tools/sdk/esp32s3/include/esp_serial_slave_link/include -I/home/franstein/.platformio/packages/framework-arduinoespressif32@src-537c58760dafe7fcc8a1d9bbcf00b6f6/tools/sdk/esp32s3/include/esp_websocket_client/include -I/home/franstein/.platformio/packages/framework-arduinoespressif32@src-537c58760dafe7fcc8a1d9bbcf00b6f6/tools/sdk/esp32s3/include/expat/expat/expat/lib -I/home/franstein/.platformio/packages/framework-arduinoespressif32@src-537c58760dafe7fcc8a1d9bbcf00b6f6/tools/sdk/esp32s3/include/expat/port/include -I/home/franstein/.platformio/packages/framework-arduinoespressif32@src-537c58760dafe7fcc8a1d9bbcf00b6f6/tools/sdk/esp32s3/include/wear_levelling/include -I/home/franstein/.platformio/packages/framework-arduinoespressif32@src-537c58760dafe7fcc8a1d9bbcf00b6f6/tools/sdk/esp32s3/include/fatfs/diskio -I/home/franstein/.platformio/packages/framework-arduinoespressif32@src-537c58760dafe7fcc8a1d9bbcf00b6f6/tools/sdk/esp32s3/include/fatfs/vfs -I/home/franstein/.platformio/packages/framework-arduinoespressif32@src-537c58760dafe7fcc8a1d9bbcf00b6f6/tools/sdk/esp32s3/include/fatfs/src -I/home/franstein/.platformio/packages/framework-arduinoespressif32@src-537c58760dafe7fcc8a1d9bbcf00b6f6/tools/sdk/esp32s3/include/freemodbus/common/include -I/home/franstein/.platformio/packages/framework-arduinoespressif32@src-537c58760dafe7fcc8a1d9bbcf00b6f6/tools/sdk/esp32s3/include/idf_test/include -I/home/franstein/.platformio/packages/framework-arduinoespressif32@src-537c58760dafe7fcc8a1d9bbcf00b6f6/tools/sdk/esp32s3/include/idf_test/include/esp32s3 -I/home/franstein/.platformio/packages/framework-arduinoespressif32@src-537c58760dafe7fcc8a1d9bbcf00b6f6/tools/sdk/esp32s3/include/jsmn/include -I/home/franstein/.platformio/packages/framework-arduinoespressif32@src-537c58760dafe7fcc8a1d9bbcf00b6f6/tools/sdk/esp32s3/include/json/cJSON -I/home/franstein/.platformio/packages/framework-arduinoespressif32@src-537c58760dafe7fcc8a1d9bbcf00b6f6/tools/sdk/esp32s3/include/libsodium/libsodium/src/libsodium/include -I/home/franstein/.platformio/packages/framework-arduinoespressif32@src-537c58760dafe7fcc8a1d9bbcf00b6f6/tools/sdk/esp32s3/include/libsodium/port_include -I/home/franstein/.platformio/packages/framework-arduinoespressif32@src-537c58760dafe7fcc8a1d9bbcf00b6f6/tools/sdk/esp32s3/include/mqtt/esp-mqtt/include -I/home/franstein/.platformio/packages/framework-arduinoespressif32@src-537c58760dafe7fcc8a1d9bbcf00b6f6/tools/sdk/esp32s3/include/openssl/include -I/home/franstein/.platformio/packages/framework-arduinoespressif32@src-537c58760dafe7fcc8a1d9bbcf00b6f6/tools/sdk/esp32s3/include/perfmon/include -I/home/franstein/.platformio/packages/framework-arduinoespressif32@src-537c58760dafe7fcc8a1d9bbcf00b6f6/tools/sdk/esp32s3/include/spiffs/include -I/home/franstein/.platformio/packages/framework-arduinoespressif32@src-537c58760dafe7fcc8a1d9bbcf00b6f6/tools/sdk/esp32s3/include/usb/include -I/home/franstein/.platformio/packages/framework-arduinoespressif32@src-537c58760dafe7fcc8a1d9bbcf00b6f6/tools/sdk/esp32s3/include/ulp/include -I/home/franstein/.platformio/packages/framework-arduinoespressif32@src-537c58760dafe7fcc8a1d9bbcf00b6f6/tools/sdk/esp32s3/include/wifi_provisioning/include -I/home/franstein/.platformio/packages/framework-arduinoespressif32@src-537c58760dafe7fcc8a1d9bbcf00b6f6/tools/sdk/esp32s3/include/rmaker_common/include -I/home/franstein/.platformio/packages/framework-arduinoespressif32@src-537c58760dafe7fcc8a1d9bbcf00b6f6/tools/sdk/esp32s3/include/json_parser/upstream/include -I/home/franstein/.platformio/packages/framework-arduinoespressif32@src-537c58760dafe7fcc8a1d9bbcf00b6f6/tools/sdk/esp32s3/include/json_parser/upstream -I/home/franstein/.platformio/packages/framework-arduinoespressif32@src-537c58760dafe7fcc8a1d9bbcf00b6f6/tools/sdk/esp32s3/include/json_generator/upstream -I/home/franstein/.platformio/packages/framework-arduinoespressif32@src-537c58760dafe7fcc8a1d9bbcf00b6f6/tools/sdk/esp32s3/include/esp_schedule/include -I/home/franstein/.platformio/packages/framework-arduinoespressif32@src-537c58760dafe7fcc8a1d9bbcf00b6f6/tools/sdk/esp32s3/include/esp_rainmaker/include -I/home/franstein/.platformio/packages/framework-arduinoespressif32@src-537c58760dafe7fcc8a1d9bbcf00b6f6/tools/sdk/esp32s3/include/gpio_button/button/include -I/home/franstein/.platformio/packages/framework-arduinoespressif32@src-537c58760dafe7fcc8a1d9bbcf00b6f6/tools/sdk/esp32s3/include/qrcode/include -I/home/franstein/.platformio/packages/framework-arduinoespressif32@src-537c58760dafe7fcc8a1d9bbcf00b6f6/tools/sdk/esp32s3/include/ws2812_led -I/home/franstein/.platformio/packages/framework-arduinoespressif32@src-537c58760dafe7fcc8a1d9bbcf00b6f6/tools/sdk/esp32s3/include/esp_diagnostics/include -I/home/franstein/.platformio/packages/framework-arduinoespressif32@src-537c58760dafe7fcc8a1d9bbcf00b6f6/tools/sdk/esp32s3/include/rtc_store/include -I/home/franstein/.platformio/packages/framework-arduinoespressif32@src-537c58760dafe7fcc8a1d9bbcf00b6f6/tools/sdk/esp32s3/include/esp_insights/include -I/home/franstein/.platformio/packages/framework-arduinoespressif32@src-537c58760dafe7fcc8a1d9bbcf00b6f6/tools/sdk/esp32s3/include/esp-dsp/modules/dotprod/include -I/home/franstein/.platformio/packages/framework-arduinoespressif32@src-537c58760dafe7fcc8a1d9bbcf00b6f6/tools/sdk/esp32s3/include/esp-dsp/modules/support/include -I/home/franstein/.platformio/packages/framework-arduinoespressif32@src-537c58760dafe7fcc8a1d9bbcf00b6f6/tools/sdk/esp32s3/include/esp-dsp/modules/windows/include -I/home/franstein/.platformio/packages/framework-arduinoespressif32@src-537c58760dafe7fcc8a1d9bbcf00b6f6/tools/sdk/esp32s3/include/esp-dsp/modules/windows/hann/include -I/home/franstein/.platformio/packages/framework-arduinoespressif32@src-537c58760dafe7fcc8a1d9bbcf00b6f6/tools/sdk/esp32s3/include/esp-dsp/modules/windows/blackman/include -I/home/franstein/.platformio/packages/framework-arduinoespressif32@src-537c58760dafe7fcc8a1d9bbcf00b6f6/tools/sdk/esp32s3/include/esp-dsp/modules/windows/blackman_harris/include -I/home/franstein/.platformio/packages/framework-arduinoespressif32@src-537c58760dafe7fcc8a1d9bbcf00b6f6/tools/sdk/esp32s3/include/esp-dsp/modules/windows/blackman_nuttall/include -I/home/franstein/.platformio/packages/framework-arduinoespressif32@src-537c58760dafe7fcc8a1d9bbcf00b6f6/tools/sdk/esp32s3/include/esp-dsp/modules/windows/nuttall/include -I/home/franstein/.platformio/packages/framework-arduinoespressif32@src-537c58760dafe7fcc8a1d9bbcf00b6f6/tools/sdk/esp32s3/include/esp-dsp/modules/windows/flat_top/include -I/home/franstein/.platformio/packages/framework-arduinoespressif32@src-537c58760dafe7fcc8a1d9bbcf00b6f6/tools/sdk/esp32s3/include/esp-dsp/modules/iir/include -I/home/franstein/.platformio/packages/framework-arduinoespressif32@src-537c58760dafe7fcc8a1d9bbcf00b6f6/tools/sdk/esp32s3/include/esp-dsp/modules/fir/include -I/home/franstein/.platformio/packages/framework-arduinoespressif32@src-537c58760dafe7fcc8a1d9bbcf00b6f6/tools/sdk/esp32s3/include/esp-dsp/modules/math/include -I/home/franstein/.platformio/packages/framework-arduinoespressif32@src-537c58760dafe7fcc8a1d9bbcf00b6f6/tools/sdk/esp32s3/include/esp-dsp/modules/math/add/include -I/home/franstein/.platformio/packages/framework-arduinoespressif32@src-537c58760dafe7fcc8a1d9bbcf00b6f6/tools/sdk/esp32s3/include/esp-dsp/modules/math/sub/include -I/home/franstein/.platformio/packages/framework-arduinoespressif32@src-537c58760dafe7fcc8a1d9bbcf00b6f6/tools/sdk/esp32s3/include/esp-dsp/modules/math/mul/include -I/home/franstein/.platformio/packages/framework-arduinoespressif32@src-537c58760dafe7fcc8a1d9bbcf00b6f6/tools/sdk/esp32s3/include/esp-dsp/modules/math/addc/include -I/home/franstein/.platformio/packages/framework-arduinoespressif32@src-537c58760dafe7fcc8a1d9bbcf00b6f6/tools/sdk/esp32s3/include/esp-dsp/modules/math/mulc/include -I/home/franstein/.platformio/packages/framework-arduinoespressif32@src-537c58760dafe7fcc8a1d9bbcf00b6f6/tools/sdk/esp32s3/include/esp-dsp/modules/math/sqrt/include -I/home/franstein/.platformio/packages/framework-arduinoespressif32@src-537c58760dafe7fcc8a1d9bbcf00b6f6/tools/sdk/esp32s3/include/esp-dsp/modules/matrix/include -I/home/franstein/.platformio/packages/framework-arduinoespressif32@src-537c58760dafe7fcc8a1d9bbcf00b6f6/tools/sdk/esp32s3/include/esp-dsp/modules/fft/include -I/home/franstein/.platformio/packages/framework-arduinoespressif32@src-537c58760dafe7fcc8a1d9bbcf00b6f6/tools/sdk/esp32s3/include/esp-dsp/modules/dct/include -I/home/franstein/.platformio/packages/framework-arduinoespressif32@src-537c58760dafe7fcc8a1d9bbcf00b6f6/tools/sdk/esp32s3/include/esp-dsp/modules/conv/include -I/home/franstein/.platformio/packages/framework-arduinoespressif32@src-537c58760dafe7fcc8a1d9bbcf00b6f6/tools/sdk/esp32s3/include/esp-dsp/modules/common/include -I/home/franstein/.platformio/packages/framework-arduinoespressif32@src-537c58760dafe7fcc8a1d9bbcf00b6f6/tools/sdk/esp32s3/include/esp-dsp/modules/kalman/ekf/include -I/home/franstein/.platformio/packages/framework-arduinoespressif32@src-537c58760dafe7fcc8a1d9bbcf00b6f6/tools/sdk/esp32s3/include/esp-dsp/modules/kalman/ekf_imu13states/include -I/home/franstein/.platformio/packages/framework-arduinoespressif32@src-537c58760dafe7fcc8a1d9bbcf00b6f6/tools/sdk/esp32s3/include/freertos/include/freertos -I/home/franstein/.platformio/packages/framework-arduinoespressif32@src-537c58760dafe7fcc8a1d9bbcf00b6f6/tools/sdk/esp32s3/include/arduino_tinyusb/tinyusb/src -I/home/franstein/.platformio/packages/framework-arduinoespressif32@src-537c58760dafe7fcc8a1d9bbcf00b6f6/tools/sdk/esp32s3/include/arduino_tinyusb/include -I/home/franstein/.platformio/packages/framework-arduinoespressif32@src-537c58760dafe7fcc8a1d9bbcf00b6f6/tools/sdk/esp32s3/include/esp_littlefs/include -I/home/franstein/.platformio/packages/framework-arduinoespressif32@src-537c58760dafe7fcc8a1d9bbcf00b6f6/tools/sdk/esp32s3/include/esp-dl/include -I/home/franstein/.platformio/packages/framework-arduinoespressif32@src-537c58760dafe7fcc8a1d9bbcf00b6f6/tools/sdk/esp32s3/include/esp-dl/include/tool -I/home/franstein/.platformio/packages/framework-arduinoespressif32@src-537c58760dafe7fcc8a1d9bbcf00b6f6/tools/sdk/esp32s3/include/esp-dl/include/typedef -I/home/franstein/.platformio/packages/framework-arduinoespressif32@src-537c58760dafe7fcc8a1d9bbcf00b6f6/tools/sdk/esp32s3/include/esp-dl/include/image -I/home/franstein/.platformio/packages/framework-arduinoespressif32@src-537c58760dafe7fcc8a1d9bbcf00b6f6/tools/sdk/esp32s3/include/esp-dl/include/math -I/home/franstein/.platformio/packages/framework-arduinoespressif32@src-537c58760dafe7fcc8a1d9bbcf00b6f6/tools/sdk/esp32s3/include/esp-dl/include/nn -I/home/franstein/.platformio/packages/framework-arduinoespressif32@src-537c58760dafe7fcc8a1d9bbcf00b6f6/tools/sdk/esp32s3/include/esp-dl/include/layer -I/home/franstein/.platformio/packages/framework-arduinoespressif32@src-537c58760dafe7fcc8a1d9bbcf00b6f6/tools/sdk/esp32s3/include/esp-dl/include/detect -I/home/franstein/.platformio/packages/framework-arduinoespressif32@src-537c58760dafe7fcc8a1d9bbcf00b6f6/tools/sdk/esp32s3/include/esp-dl/include/model_zoo -I/home/franstein/.platformio/packages/framework-arduinoespressif32@src-537c58760dafe7fcc8a1d9bbcf00b6f6/tools/sdk/esp32s3/include/esp-sr/src/include -I/home/franstein/.platformio/packages/framework-arduinoespressif32@src-537c58760dafe7fcc8a1d9bbcf00b6f6/tools/sdk/esp32s3/include/esp-sr/esp-tts/esp_tts_chinese/include -I/home/franstein/.platformio/packages/framework-arduinoespressif32@src-537c58760dafe7fcc8a1d9bbcf00b6f6/tools/sdk/esp32s3/include/esp-sr/include/esp32s3 -I/home/franstein/.platformio/packages/framework-arduinoespressif32@src-537c58760dafe7fcc8a1d9bbcf00b6f6/tools/sdk/esp32s3/include/esp32-camera/driver/include -I/home/franstein/.platformio/packages/framework-arduinoespressif32@src-537c58760dafe7fcc8a1d9bbcf00b6f6/tools/sdk/esp32s3/include/esp32-camera/conversions/include -I/home/franstein/.platformio/packages/framework-arduinoespressif32@src-537c58760dafe7fcc8a1d9bbcf00b6f6/tools/sdk/esp32s3/include/fb_gfx/include -I/home/franstein/.platformio/packages/framework-arduinoespressif32@src-537c58760dafe7fcc8a1d9bbcf00b6f6/tools/sdk/esp32s3/qio_opi/include -I/home/franstein/.platformio/packages/framework-arduinoespressif32@src-537c58760dafe7fcc8a1d9bbcf00b6f6/cores/esp32 -I/home/franstein/.platformio/packages/framework-arduinoespressif32@src-537c58760dafe7fcc8a1d9bbcf00b6f6/variants/esp32s3 /home/franstein/.platformio/packages/framework-arduinoespressif32@src-537c58760dafe7fcc8a1d9bbcf00b6f6/cores/esp32/esp32-hal-timer.c
xtensa-esp32s3-elf-gcc -o .pio/build/esp32/FrameworkArduino/esp32-hal-tinyusb.c.o -c -std=gnu99 -Wno-old-style-declaration -Os -mlongcalls -ffunction-sections -fdata-sections -Wno-error=unused-function -Wno-error=unused-variable -Wno-error=deprecated-declarations -Wno-unused-parameter -Wno-sign-compare -ggdb -freorder-blocks -Wwrite-strings -fstack-protector -fstrict-volatile-bitfields -Wno-error=unused-but-set-variable -fno-jump-tables -fno-tree-switch-conversion -MMD -DPLATFORMIO=60107 -DBOARD_HAS_PSRAM -DARDUINO_USB_MODE=1 -DARDUINO_USB_CDC_ON_BOOT=1 -DHAVE_CONFIG_H -DMBEDTLS_CONFIG_FILE=\"mbedtls/esp_config.h\" -DUNITY_INCLUDE_CONFIG_H -DWITH_POSIX -D_GNU_SOURCE -DIDF_VER=\"v4.4.3\" -DESP_PLATFORM -D_POSIX_READER_WRITER_LOCKS -DARDUINO_ARCH_ESP32 -DESP32 -DF_CPU=240000000L -DARDUINO=10812 -DARDUINO_VARIANT=\"esp32s3\" "-DARDUINO_BOARD=\"LILYGO T3-S3\"" -DARDUINO_PARTITION_default -I/home/franstein/.platformio/packages/framework-arduinoespressif32@src-537c58760dafe7fcc8a1d9bbcf00b6f6/tools/sdk/esp32s3/include/newlib/platform_include -I/home/franstein/.platformio/packages/framework-arduinoespressif32@src-537c58760dafe7fcc8a1d9bbcf00b6f6/tools/sdk/esp32s3/include/freertos/include -I/home/franstein/.platformio/packages/framework-arduinoespressif32@src-537c58760dafe7fcc8a1d9bbcf00b6f6/tools/sdk/esp32s3/include/freertos/include/esp_additions/freertos -I/home/franstein/.platformio/packages/framework-arduinoespressif32@src-537c58760dafe7fcc8a1d9bbcf00b6f6/tools/sdk/esp32s3/include/freertos/port/xtensa/include -I/home/franstein/.platformio/packages/framework-arduinoespressif32@src-537c58760dafe7fcc8a1d9bbcf00b6f6/tools/sdk/esp32s3/include/freertos/include/esp_additions -I/home/franstein/.platformio/packages/framework-arduinoespressif32@src-537c58760dafe7fcc8a1d9bbcf00b6f6/tools/sdk/esp32s3/include/esp_hw_support/include -I/home/franstein/.platformio/packages/framework-arduinoespressif32@src-537c58760dafe7fcc8a1d9bbcf00b6f6/tools/sdk/esp32s3/include/esp_hw_support/include/soc -I/home/franstein/.platformio/packages/framework-arduinoespressif32@src-537c58760dafe7fcc8a1d9bbcf00b6f6/tools/sdk/esp32s3/include/esp_hw_support/include/soc/esp32s3 -I/home/franstein/.platformio/packages/framework-arduinoespressif32@src-537c58760dafe7fcc8a1d9bbcf00b6f6/tools/sdk/esp32s3/include/esp_hw_support/port/esp32s3 -I/home/franstein/.platformio/packages/framework-arduinoespressif32@src-537c58760dafe7fcc8a1d9bbcf00b6f6/tools/sdk/esp32s3/include/esp_hw_support/port/esp32s3/private_include -I/home/franstein/.platformio/packages/framework-arduinoespressif32@src-537c58760dafe7fcc8a1d9bbcf00b6f6/tools/sdk/esp32s3/include/heap/include -I/home/franstein/.platformio/packages/framework-arduinoespressif32@src-537c58760dafe7fcc8a1d9bbcf00b6f6/tools/sdk/esp32s3/include/log/include -I/home/franstein/.platformio/packages/framework-arduinoespressif32@src-537c58760dafe7fcc8a1d9bbcf00b6f6/tools/sdk/esp32s3/include/lwip/include/apps -I/home/franstein/.platformio/packages/framework-arduinoespressif32@src-537c58760dafe7fcc8a1d9bbcf00b6f6/tools/sdk/esp32s3/include/lwip/include/apps/sntp -I/home/franstein/.platformio/packages/framework-arduinoespressif32@src-537c58760dafe7fcc8a1d9bbcf00b6f6/tools/sdk/esp32s3/include/lwip/lwip/src/include -I/home/franstein/.platformio/packages/framework-arduinoespressif32@src-537c58760dafe7fcc8a1d9bbcf00b6f6/tools/sdk/esp32s3/include/lwip/port/esp32/include -I/home/franstein/.platformio/packages/framework-arduinoespressif32@src-537c58760dafe7fcc8a1d9bbcf00b6f6/tools/sdk/esp32s3/include/lwip/port/esp32/include/arch -I/home/franstein/.platformio/packages/framework-arduinoespressif32@src-537c58760dafe7fcc8a1d9bbcf00b6f6/tools/sdk/esp32s3/include/soc/include -I/home/franstein/.platformio/packages/framework-arduinoespressif32@src-537c58760dafe7fcc8a1d9bbcf00b6f6/tools/sdk/esp32s3/include/soc/esp32s3 -I/home/franstein/.platformio/packages/framework-arduinoespressif32@src-537c58760dafe7fcc8a1d9bbcf00b6f6/tools/sdk/esp32s3/include/soc/esp32s3/include -I/home/franstein/.platformio/packages/framework-arduinoespressif32@src-537c58760dafe7fcc8a1d9bbcf00b6f6/tools/sdk/esp32s3/include/hal/esp32s3/include -I/home/franstein/.platformio/packages/framework-arduinoespressif32@src-537c58760dafe7fcc8a1d9bbcf00b6f6/tools/sdk/esp32s3/include/hal/include -I/home/franstein/.platformio/packages/framework-arduinoespressif32@src-537c58760dafe7fcc8a1d9bbcf00b6f6/tools/sdk/esp32s3/include/hal/platform_port/include -I/home/franstein/.platformio/packages/framework-arduinoespressif32@src-537c58760dafe7fcc8a1d9bbcf00b6f6/tools/sdk/esp32s3/include/esp_rom/include -I/home/franstein/.platformio/packages/framework-arduinoespressif32@src-537c58760dafe7fcc8a1d9bbcf00b6f6/tools/sdk/esp32s3/include/esp_rom/include/esp32s3 -I/home/franstein/.platformio/packages/framework-arduinoespressif32@src-537c58760dafe7fcc8a1d9bbcf00b6f6/tools/sdk/esp32s3/include/esp_rom/esp32s3 -I/home/franstein/.platformio/packages/framework-arduinoespressif32@src-537c58760dafe7fcc8a1d9bbcf00b6f6/tools/sdk/esp32s3/include/esp_common/include -I/home/franstein/.platformio/packages/framework-arduinoespressif32@src-537c58760dafe7fcc8a1d9bbcf00b6f6/tools/sdk/esp32s3/include/esp_system/include -I/home/franstein/.platformio/packages/framework-arduinoespressif32@src-537c58760dafe7fcc8a1d9bbcf00b6f6/tools/sdk/esp32s3/include/esp_system/port/soc -I/home/franstein/.platformio/packages/framework-arduinoespressif32@src-537c58760dafe7fcc8a1d9bbcf00b6f6/tools/sdk/esp32s3/include/esp_system/port/public_compat -I/home/franstein/.platformio/packages/framework-arduinoespressif32@src-537c58760dafe7fcc8a1d9bbcf00b6f6/tools/sdk/esp32s3/include/xtensa/include -I/home/franstein/.platformio/packages/framework-arduinoespressif32@src-537c58760dafe7fcc8a1d9bbcf00b6f6/tools/sdk/esp32s3/include/xtensa/esp32s3/include -I/home/franstein/.platformio/packages/framework-arduinoespressif32@src-537c58760dafe7fcc8a1d9bbcf00b6f6/tools/sdk/esp32s3/include/driver/include -I/home/franstein/.platformio/packages/framework-arduinoespressif32@src-537c58760dafe7fcc8a1d9bbcf00b6f6/tools/sdk/esp32s3/include/driver/esp32s3/include -I/home/franstein/.platformio/packages/framework-arduinoespressif32@src-537c58760dafe7fcc8a1d9bbcf00b6f6/tools/sdk/esp32s3/include/esp_pm/include -I/home/franstein/.platformio/packages/framework-arduinoespressif32@src-537c58760dafe7fcc8a1d9bbcf00b6f6/tools/sdk/esp32s3/include/esp_ringbuf/include -I/home/franstein/.platformio/packages/framework-arduinoespressif32@src-537c58760dafe7fcc8a1d9bbcf00b6f6/tools/sdk/esp32s3/include/efuse/include -I/home/franstein/.platformio/packages/framework-arduinoespressif32@src-537c58760dafe7fcc8a1d9bbcf00b6f6/tools/sdk/esp32s3/include/efuse/esp32s3/include -I/home/franstein/.platformio/packages/framework-arduinoespressif32@src-537c58760dafe7fcc8a1d9bbcf00b6f6/tools/sdk/esp32s3/include/vfs/include -I/home/franstein/.platformio/packages/framework-arduinoespressif32@src-537c58760dafe7fcc8a1d9bbcf00b6f6/tools/sdk/esp32s3/include/esp_wifi/include -I/home/franstein/.platformio/packages/framework-arduinoespressif32@src-537c58760dafe7fcc8a1d9bbcf00b6f6/tools/sdk/esp32s3/include/esp_event/include -I/home/franstein/.platformio/packages/framework-arduinoespressif32@src-537c58760dafe7fcc8a1d9bbcf00b6f6/tools/sdk/esp32s3/include/esp_netif/include -I/home/franstein/.platformio/packages/framework-arduinoespressif32@src-537c58760dafe7fcc8a1d9bbcf00b6f6/tools/sdk/esp32s3/include/esp_eth/include -I/home/franstein/.platformio/packages/framework-arduinoespressif32@src-537c58760dafe7fcc8a1d9bbcf00b6f6/tools/sdk/esp32s3/include/tcpip_adapter/include -I/home/franstein/.platformio/packages/framework-arduinoespressif32@src-537c58760dafe7fcc8a1d9bbcf00b6f6/tools/sdk/esp32s3/include/esp_phy/include -I/home/franstein/.platformio/packages/framework-arduinoespressif32@src-537c58760dafe7fcc8a1d9bbcf00b6f6/tools/sdk/esp32s3/include/esp_phy/esp32s3/include -I/home/franstein/.platformio/packages/framework-arduinoespressif32@src-537c58760dafe7fcc8a1d9bbcf00b6f6/tools/sdk/esp32s3/include/esp_ipc/include -I/home/franstein/.platformio/packages/framework-arduinoespressif32@src-537c58760dafe7fcc8a1d9bbcf00b6f6/tools/sdk/esp32s3/include/app_trace/include -I/home/franstein/.platformio/packages/framework-arduinoespressif32@src-537c58760dafe7fcc8a1d9bbcf00b6f6/tools/sdk/esp32s3/include/esp_timer/include -I/home/franstein/.platformio/packages/framework-arduinoespressif32@src-537c58760dafe7fcc8a1d9bbcf00b6f6/tools/sdk/esp32s3/include/mbedtls/port/include -I/home/franstein/.platformio/packages/framework-arduinoespressif32@src-537c58760dafe7fcc8a1d9bbcf00b6f6/tools/sdk/esp32s3/include/mbedtls/mbedtls/include -I/home/franstein/.platformio/packages/framework-arduinoespressif32@src-537c58760dafe7fcc8a1d9bbcf00b6f6/tools/sdk/esp32s3/include/mbedtls/esp_crt_bundle/include -I/home/franstein/.platformio/packages/framework-arduinoespressif32@src-537c58760dafe7fcc8a1d9bbcf00b6f6/tools/sdk/esp32s3/include/app_update/include -I/home/franstein/.platformio/packages/framework-arduinoespressif32@src-537c58760dafe7fcc8a1d9bbcf00b6f6/tools/sdk/esp32s3/include/spi_flash/include -I/home/franstein/.platformio/packages/framework-arduinoespressif32@src-537c58760dafe7fcc8a1d9bbcf00b6f6/tools/sdk/esp32s3/include/bootloader_support/include -I/home/franstein/.platformio/packages/framework-arduinoespressif32@src-537c58760dafe7fcc8a1d9bbcf00b6f6/tools/sdk/esp32s3/include/nvs_flash/include -I/home/franstein/.platformio/packages/framework-arduinoespressif32@src-537c58760dafe7fcc8a1d9bbcf00b6f6/tools/sdk/esp32s3/include/pthread/include -I/home/franstein/.platformio/packages/framework-arduinoespressif32@src-537c58760dafe7fcc8a1d9bbcf00b6f6/tools/sdk/esp32s3/include/esp_gdbstub/include -I/home/franstein/.platformio/packages/framework-arduinoespressif32@src-537c58760dafe7fcc8a1d9bbcf00b6f6/tools/sdk/esp32s3/include/esp_gdbstub/xtensa -I/home/franstein/.platformio/packages/framework-arduinoespressif32@src-537c58760dafe7fcc8a1d9bbcf00b6f6/tools/sdk/esp32s3/include/esp_gdbstub/esp32s3 -I/home/franstein/.platformio/packages/framework-arduinoespressif32@src-537c58760dafe7fcc8a1d9bbcf00b6f6/tools/sdk/esp32s3/include/espcoredump/include -I/home/franstein/.platformio/packages/framework-arduinoespressif32@src-537c58760dafe7fcc8a1d9bbcf00b6f6/tools/sdk/esp32s3/include/espcoredump/include/port/xtensa -I/home/franstein/.platformio/packages/framework-arduinoespressif32@src-537c58760dafe7fcc8a1d9bbcf00b6f6/tools/sdk/esp32s3/include/wpa_supplicant/include -I/home/franstein/.platformio/packages/framework-arduinoespressif32@src-537c58760dafe7fcc8a1d9bbcf00b6f6/tools/sdk/esp32s3/include/wpa_supplicant/port/include -I/home/franstein/.platformio/packages/framework-arduinoespressif32@src-537c58760dafe7fcc8a1d9bbcf00b6f6/tools/sdk/esp32s3/include/wpa_supplicant/esp_supplicant/include -I/home/franstein/.platformio/packages/framework-arduinoespressif32@src-537c58760dafe7fcc8a1d9bbcf00b6f6/tools/sdk/esp32s3/include/ieee802154/include -I/home/franstein/.platformio/packages/framework-arduinoespressif32@src-537c58760dafe7fcc8a1d9bbcf00b6f6/tools/sdk/esp32s3/include/console -I/home/franstein/.platformio/packages/framework-arduinoespressif32@src-537c58760dafe7fcc8a1d9bbcf00b6f6/tools/sdk/esp32s3/include/asio/asio/asio/include -I/home/franstein/.platformio/packages/framework-arduinoespressif32@src-537c58760dafe7fcc8a1d9bbcf00b6f6/tools/sdk/esp32s3/include/asio/port/include -I/home/franstein/.platformio/packages/framework-arduinoespressif32@src-537c58760dafe7fcc8a1d9bbcf00b6f6/tools/sdk/esp32s3/include/bt/common/osi/include -I/home/franstein/.platformio/packages/framework-arduinoespressif32@src-537c58760dafe7fcc8a1d9bbcf00b6f6/tools/sdk/esp32s3/include/bt/include/esp32s3/include -I/home/franstein/.platformio/packages/framework-arduinoespressif32@src-537c58760dafe7fcc8a1d9bbcf00b6f6/tools/sdk/esp32s3/include/bt/common/api/include/api -I/home/franstein/.platformio/packages/framework-arduinoespressif32@src-537c58760dafe7fcc8a1d9bbcf00b6f6/tools/sdk/esp32s3/include/bt/common/btc/profile/esp/blufi/include -I/home/franstein/.platformio/packages/framework-arduinoespressif32@src-537c58760dafe7fcc8a1d9bbcf00b6f6/tools/sdk/esp32s3/include/bt/common/btc/profile/esp/include -I/home/franstein/.platformio/packages/framework-arduinoespressif32@src-537c58760dafe7fcc8a1d9bbcf00b6f6/tools/sdk/esp32s3/include/bt/host/bluedroid/api/include/api -I/home/franstein/.platformio/packages/framework-arduinoespressif32@src-537c58760dafe7fcc8a1d9bbcf00b6f6/tools/sdk/esp32s3/include/bt/esp_ble_mesh/mesh_common/include -I/home/franstein/.platformio/packages/framework-arduinoespressif32@src-537c58760dafe7fcc8a1d9bbcf00b6f6/tools/sdk/esp32s3/include/bt/esp_ble_mesh/mesh_common/tinycrypt/include -I/home/franstein/.platformio/packages/framework-arduinoespressif32@src-537c58760dafe7fcc8a1d9bbcf00b6f6/tools/sdk/esp32s3/include/bt/esp_ble_mesh/mesh_core -I/home/franstein/.platformio/packages/framework-arduinoespressif32@src-537c58760dafe7fcc8a1d9bbcf00b6f6/tools/sdk/esp32s3/include/bt/esp_ble_mesh/mesh_core/include -I/home/franstein/.platformio/packages/framework-arduinoespressif32@src-537c58760dafe7fcc8a1d9bbcf00b6f6/tools/sdk/esp32s3/include/bt/esp_ble_mesh/mesh_core/storage -I/home/franstein/.platformio/packages/framework-arduinoespressif32@src-537c58760dafe7fcc8a1d9bbcf00b6f6/tools/sdk/esp32s3/include/bt/esp_ble_mesh/btc/include -I/home/franstein/.platformio/packages/framework-arduinoespressif32@src-537c58760dafe7fcc8a1d9bbcf00b6f6/tools/sdk/esp32s3/include/bt/esp_ble_mesh/mesh_models/common/include -I/home/franstein/.platformio/packages/framework-arduinoespressif32@src-537c58760dafe7fcc8a1d9bbcf00b6f6/tools/sdk/esp32s3/include/bt/esp_ble_mesh/mesh_models/client/include -I/home/franstein/.platformio/packages/framework-arduinoespressif32@src-537c58760dafe7fcc8a1d9bbcf00b6f6/tools/sdk/esp32s3/include/bt/esp_ble_mesh/mesh_models/server/include -I/home/franstein/.platformio/packages/framework-arduinoespressif32@src-537c58760dafe7fcc8a1d9bbcf00b6f6/tools/sdk/esp32s3/include/bt/esp_ble_mesh/api/core/include -I/home/franstein/.platformio/packages/framework-arduinoespressif32@src-537c58760dafe7fcc8a1d9bbcf00b6f6/tools/sdk/esp32s3/include/bt/esp_ble_mesh/api/models/include -I/home/franstein/.platformio/packages/framework-arduinoespressif32@src-537c58760dafe7fcc8a1d9bbcf00b6f6/tools/sdk/esp32s3/include/bt/esp_ble_mesh/api -I/home/franstein/.platformio/packages/framework-arduinoespressif32@src-537c58760dafe7fcc8a1d9bbcf00b6f6/tools/sdk/esp32s3/include/cbor/port/include -I/home/franstein/.platformio/packages/framework-arduinoespressif32@src-537c58760dafe7fcc8a1d9bbcf00b6f6/tools/sdk/esp32s3/include/unity/include -I/home/franstein/.platformio/packages/framework-arduinoespressif32@src-537c58760dafe7fcc8a1d9bbcf00b6f6/tools/sdk/esp32s3/include/unity/unity/src -I/home/franstein/.platformio/packages/framework-arduinoespressif32@src-537c58760dafe7fcc8a1d9bbcf00b6f6/tools/sdk/esp32s3/include/cmock/CMock/src -I/home/franstein/.platformio/packages/framework-arduinoespressif32@src-537c58760dafe7fcc8a1d9bbcf00b6f6/tools/sdk/esp32s3/include/coap/port/include -I/home/franstein/.platformio/packages/framework-arduinoespressif32@src-537c58760dafe7fcc8a1d9bbcf00b6f6/tools/sdk/esp32s3/include/coap/libcoap/include -I/home/franstein/.platformio/packages/framework-arduinoespressif32@src-537c58760dafe7fcc8a1d9bbcf00b6f6/tools/sdk/esp32s3/include/nghttp/port/include -I/home/franstein/.platformio/packages/framework-arduinoespressif32@src-537c58760dafe7fcc8a1d9bbcf00b6f6/tools/sdk/esp32s3/include/nghttp/nghttp2/lib/includes -I/home/franstein/.platformio/packages/framework-arduinoespressif32@src-537c58760dafe7fcc8a1d9bbcf00b6f6/tools/sdk/esp32s3/include/esp-tls -I/home/franstein/.platformio/packages/framework-arduinoespressif32@src-537c58760dafe7fcc8a1d9bbcf00b6f6/tools/sdk/esp32s3/include/esp-tls/esp-tls-crypto -I/home/franstein/.platformio/packages/framework-arduinoespressif32@src-537c58760dafe7fcc8a1d9bbcf00b6f6/tools/sdk/esp32s3/include/esp_adc_cal/include -I/home/franstein/.platformio/packages/framework-arduinoespressif32@src-537c58760dafe7fcc8a1d9bbcf00b6f6/tools/sdk/esp32s3/include/esp_hid/include -I/home/franstein/.platformio/packages/framework-arduinoespressif32@src-537c58760dafe7fcc8a1d9bbcf00b6f6/tools/sdk/esp32s3/include/tcp_transport/include -I/home/franstein/.platformio/packages/framework-arduinoespressif32@src-537c58760dafe7fcc8a1d9bbcf00b6f6/tools/sdk/esp32s3/include/esp_http_client/include -I/home/franstein/.platformio/packages/framework-arduinoespressif32@src-537c58760dafe7fcc8a1d9bbcf00b6f6/tools/sdk/esp32s3/include/esp_http_server/include -I/home/franstein/.platformio/packages/framework-arduinoespressif32@src-537c58760dafe7fcc8a1d9bbcf00b6f6/tools/sdk/esp32s3/include/esp_https_ota/include -I/home/franstein/.platformio/packages/framework-arduinoespressif32@src-537c58760dafe7fcc8a1d9bbcf00b6f6/tools/sdk/esp32s3/include/esp_https_server/include -I/home/franstein/.platformio/packages/framework-arduinoespressif32@src-537c58760dafe7fcc8a1d9bbcf00b6f6/tools/sdk/esp32s3/include/esp_lcd/include -I/home/franstein/.platformio/packages/framework-arduinoespressif32@src-537c58760dafe7fcc8a1d9bbcf00b6f6/tools/sdk/esp32s3/include/esp_lcd/interface -I/home/franstein/.platformio/packages/framework-arduinoespressif32@src-537c58760dafe7fcc8a1d9bbcf00b6f6/tools/sdk/esp32s3/include/protobuf-c/protobuf-c -I/home/franstein/.platformio/packages/framework-arduinoespressif32@src-537c58760dafe7fcc8a1d9bbcf00b6f6/tools/sdk/esp32s3/include/protocomm/include/common -I/home/franstein/.platformio/packages/framework-arduinoespressif32@src-537c58760dafe7fcc8a1d9bbcf00b6f6/tools/sdk/esp32s3/include/protocomm/include/security -I/home/franstein/.platformio/packages/framework-arduinoespressif32@src-537c58760dafe7fcc8a1d9bbcf00b6f6/tools/sdk/esp32s3/include/protocomm/include/transports -I/home/franstein/.platformio/packages/framework-arduinoespressif32@src-537c58760dafe7fcc8a1d9bbcf00b6f6/tools/sdk/esp32s3/include/mdns/include -I/home/franstein/.platformio/packages/framework-arduinoespressif32@src-537c58760dafe7fcc8a1d9bbcf00b6f6/tools/sdk/esp32s3/include/esp_local_ctrl/include -I/home/franstein/.platformio/packages/framework-arduinoespressif32@src-537c58760dafe7fcc8a1d9bbcf00b6f6/tools/sdk/esp32s3/include/sdmmc/include -I/home/franstein/.platformio/packages/framework-arduinoespressif32@src-537c58760dafe7fcc8a1d9bbcf00b6f6/tools/sdk/esp32s3/include/esp_serial_slave_link/include -I/home/franstein/.platformio/packages/framework-arduinoespressif32@src-537c58760dafe7fcc8a1d9bbcf00b6f6/tools/sdk/esp32s3/include/esp_websocket_client/include -I/home/franstein/.platformio/packages/framework-arduinoespressif32@src-537c58760dafe7fcc8a1d9bbcf00b6f6/tools/sdk/esp32s3/include/expat/expat/expat/lib -I/home/franstein/.platformio/packages/framework-arduinoespressif32@src-537c58760dafe7fcc8a1d9bbcf00b6f6/tools/sdk/esp32s3/include/expat/port/include -I/home/franstein/.platformio/packages/framework-arduinoespressif32@src-537c58760dafe7fcc8a1d9bbcf00b6f6/tools/sdk/esp32s3/include/wear_levelling/include -I/home/franstein/.platformio/packages/framework-arduinoespressif32@src-537c58760dafe7fcc8a1d9bbcf00b6f6/tools/sdk/esp32s3/include/fatfs/diskio -I/home/franstein/.platformio/packages/framework-arduinoespressif32@src-537c58760dafe7fcc8a1d9bbcf00b6f6/tools/sdk/esp32s3/include/fatfs/vfs -I/home/franstein/.platformio/packages/framework-arduinoespressif32@src-537c58760dafe7fcc8a1d9bbcf00b6f6/tools/sdk/esp32s3/include/fatfs/src -I/home/franstein/.platformio/packages/framework-arduinoespressif32@src-537c58760dafe7fcc8a1d9bbcf00b6f6/tools/sdk/esp32s3/include/freemodbus/common/include -I/home/franstein/.platformio/packages/framework-arduinoespressif32@src-537c58760dafe7fcc8a1d9bbcf00b6f6/tools/sdk/esp32s3/include/idf_test/include -I/home/franstein/.platformio/packages/framework-arduinoespressif32@src-537c58760dafe7fcc8a1d9bbcf00b6f6/tools/sdk/esp32s3/include/idf_test/include/esp32s3 -I/home/franstein/.platformio/packages/framework-arduinoespressif32@src-537c58760dafe7fcc8a1d9bbcf00b6f6/tools/sdk/esp32s3/include/jsmn/include -I/home/franstein/.platformio/packages/framework-arduinoespressif32@src-537c58760dafe7fcc8a1d9bbcf00b6f6/tools/sdk/esp32s3/include/json/cJSON -I/home/franstein/.platformio/packages/framework-arduinoespressif32@src-537c58760dafe7fcc8a1d9bbcf00b6f6/tools/sdk/esp32s3/include/libsodium/libsodium/src/libsodium/include -I/home/franstein/.platformio/packages/framework-arduinoespressif32@src-537c58760dafe7fcc8a1d9bbcf00b6f6/tools/sdk/esp32s3/include/libsodium/port_include -I/home/franstein/.platformio/packages/framework-arduinoespressif32@src-537c58760dafe7fcc8a1d9bbcf00b6f6/tools/sdk/esp32s3/include/mqtt/esp-mqtt/include -I/home/franstein/.platformio/packages/framework-arduinoespressif32@src-537c58760dafe7fcc8a1d9bbcf00b6f6/tools/sdk/esp32s3/include/openssl/include -I/home/franstein/.platformio/packages/framework-arduinoespressif32@src-537c58760dafe7fcc8a1d9bbcf00b6f6/tools/sdk/esp32s3/include/perfmon/include -I/home/franstein/.platformio/packages/framework-arduinoespressif32@src-537c58760dafe7fcc8a1d9bbcf00b6f6/tools/sdk/esp32s3/include/spiffs/include -I/home/franstein/.platformio/packages/framework-arduinoespressif32@src-537c58760dafe7fcc8a1d9bbcf00b6f6/tools/sdk/esp32s3/include/usb/include -I/home/franstein/.platformio/packages/framework-arduinoespressif32@src-537c58760dafe7fcc8a1d9bbcf00b6f6/tools/sdk/esp32s3/include/ulp/include -I/home/franstein/.platformio/packages/framework-arduinoespressif32@src-537c58760dafe7fcc8a1d9bbcf00b6f6/tools/sdk/esp32s3/include/wifi_provisioning/include -I/home/franstein/.platformio/packages/framework-arduinoespressif32@src-537c58760dafe7fcc8a1d9bbcf00b6f6/tools/sdk/esp32s3/include/rmaker_common/include -I/home/franstein/.platformio/packages/framework-arduinoespressif32@src-537c58760dafe7fcc8a1d9bbcf00b6f6/tools/sdk/esp32s3/include/json_parser/upstream/include -I/home/franstein/.platformio/packages/framework-arduinoespressif32@src-537c58760dafe7fcc8a1d9bbcf00b6f6/tools/sdk/esp32s3/include/json_parser/upstream -I/home/franstein/.platformio/packages/framework-arduinoespressif32@src-537c58760dafe7fcc8a1d9bbcf00b6f6/tools/sdk/esp32s3/include/json_generator/upstream -I/home/franstein/.platformio/packages/framework-arduinoespressif32@src-537c58760dafe7fcc8a1d9bbcf00b6f6/tools/sdk/esp32s3/include/esp_schedule/include -I/home/franstein/.platformio/packages/framework-arduinoespressif32@src-537c58760dafe7fcc8a1d9bbcf00b6f6/tools/sdk/esp32s3/include/esp_rainmaker/include -I/home/franstein/.platformio/packages/framework-arduinoespressif32@src-537c58760dafe7fcc8a1d9bbcf00b6f6/tools/sdk/esp32s3/include/gpio_button/button/include -I/home/franstein/.platformio/packages/framework-arduinoespressif32@src-537c58760dafe7fcc8a1d9bbcf00b6f6/tools/sdk/esp32s3/include/qrcode/include -I/home/franstein/.platformio/packages/framework-arduinoespressif32@src-537c58760dafe7fcc8a1d9bbcf00b6f6/tools/sdk/esp32s3/include/ws2812_led -I/home/franstein/.platformio/packages/framework-arduinoespressif32@src-537c58760dafe7fcc8a1d9bbcf00b6f6/tools/sdk/esp32s3/include/esp_diagnostics/include -I/home/franstein/.platformio/packages/framework-arduinoespressif32@src-537c58760dafe7fcc8a1d9bbcf00b6f6/tools/sdk/esp32s3/include/rtc_store/include -I/home/franstein/.platformio/packages/framework-arduinoespressif32@src-537c58760dafe7fcc8a1d9bbcf00b6f6/tools/sdk/esp32s3/include/esp_insights/include -I/home/franstein/.platformio/packages/framework-arduinoespressif32@src-537c58760dafe7fcc8a1d9bbcf00b6f6/tools/sdk/esp32s3/include/esp-dsp/modules/dotprod/include -I/home/franstein/.platformio/packages/framework-arduinoespressif32@src-537c58760dafe7fcc8a1d9bbcf00b6f6/tools/sdk/esp32s3/include/esp-dsp/modules/support/include -I/home/franstein/.platformio/packages/framework-arduinoespressif32@src-537c58760dafe7fcc8a1d9bbcf00b6f6/tools/sdk/esp32s3/include/esp-dsp/modules/windows/include -I/home/franstein/.platformio/packages/framework-arduinoespressif32@src-537c58760dafe7fcc8a1d9bbcf00b6f6/tools/sdk/esp32s3/include/esp-dsp/modules/windows/hann/include -I/home/franstein/.platformio/packages/framework-arduinoespressif32@src-537c58760dafe7fcc8a1d9bbcf00b6f6/tools/sdk/esp32s3/include/esp-dsp/modules/windows/blackman/include -I/home/franstein/.platformio/packages/framework-arduinoespressif32@src-537c58760dafe7fcc8a1d9bbcf00b6f6/tools/sdk/esp32s3/include/esp-dsp/modules/windows/blackman_harris/include -I/home/franstein/.platformio/packages/framework-arduinoespressif32@src-537c58760dafe7fcc8a1d9bbcf00b6f6/tools/sdk/esp32s3/include/esp-dsp/modules/windows/blackman_nuttall/include -I/home/franstein/.platformio/packages/framework-arduinoespressif32@src-537c58760dafe7fcc8a1d9bbcf00b6f6/tools/sdk/esp32s3/include/esp-dsp/modules/windows/nuttall/include -I/home/franstein/.platformio/packages/framework-arduinoespressif32@src-537c58760dafe7fcc8a1d9bbcf00b6f6/tools/sdk/esp32s3/include/esp-dsp/modules/windows/flat_top/include -I/home/franstein/.platformio/packages/framework-arduinoespressif32@src-537c58760dafe7fcc8a1d9bbcf00b6f6/tools/sdk/esp32s3/include/esp-dsp/modules/iir/include -I/home/franstein/.platformio/packages/framework-arduinoespressif32@src-537c58760dafe7fcc8a1d9bbcf00b6f6/tools/sdk/esp32s3/include/esp-dsp/modules/fir/include -I/home/franstein/.platformio/packages/framework-arduinoespressif32@src-537c58760dafe7fcc8a1d9bbcf00b6f6/tools/sdk/esp32s3/include/esp-dsp/modules/math/include -I/home/franstein/.platformio/packages/framework-arduinoespressif32@src-537c58760dafe7fcc8a1d9bbcf00b6f6/tools/sdk/esp32s3/include/esp-dsp/modules/math/add/include -I/home/franstein/.platformio/packages/framework-arduinoespressif32@src-537c58760dafe7fcc8a1d9bbcf00b6f6/tools/sdk/esp32s3/include/esp-dsp/modules/math/sub/include -I/home/franstein/.platformio/packages/framework-arduinoespressif32@src-537c58760dafe7fcc8a1d9bbcf00b6f6/tools/sdk/esp32s3/include/esp-dsp/modules/math/mul/include -I/home/franstein/.platformio/packages/framework-arduinoespressif32@src-537c58760dafe7fcc8a1d9bbcf00b6f6/tools/sdk/esp32s3/include/esp-dsp/modules/math/addc/include -I/home/franstein/.platformio/packages/framework-arduinoespressif32@src-537c58760dafe7fcc8a1d9bbcf00b6f6/tools/sdk/esp32s3/include/esp-dsp/modules/math/mulc/include -I/home/franstein/.platformio/packages/framework-arduinoespressif32@src-537c58760dafe7fcc8a1d9bbcf00b6f6/tools/sdk/esp32s3/include/esp-dsp/modules/math/sqrt/include -I/home/franstein/.platformio/packages/framework-arduinoespressif32@src-537c58760dafe7fcc8a1d9bbcf00b6f6/tools/sdk/esp32s3/include/esp-dsp/modules/matrix/include -I/home/franstein/.platformio/packages/framework-arduinoespressif32@src-537c58760dafe7fcc8a1d9bbcf00b6f6/tools/sdk/esp32s3/include/esp-dsp/modules/fft/include -I/home/franstein/.platformio/packages/framework-arduinoespressif32@src-537c58760dafe7fcc8a1d9bbcf00b6f6/tools/sdk/esp32s3/include/esp-dsp/modules/dct/include -I/home/franstein/.platformio/packages/framework-arduinoespressif32@src-537c58760dafe7fcc8a1d9bbcf00b6f6/tools/sdk/esp32s3/include/esp-dsp/modules/conv/include -I/home/franstein/.platformio/packages/framework-arduinoespressif32@src-537c58760dafe7fcc8a1d9bbcf00b6f6/tools/sdk/esp32s3/include/esp-dsp/modules/common/include -I/home/franstein/.platformio/packages/framework-arduinoespressif32@src-537c58760dafe7fcc8a1d9bbcf00b6f6/tools/sdk/esp32s3/include/esp-dsp/modules/kalman/ekf/include -I/home/franstein/.platformio/packages/framework-arduinoespressif32@src-537c58760dafe7fcc8a1d9bbcf00b6f6/tools/sdk/esp32s3/include/esp-dsp/modules/kalman/ekf_imu13states/include -I/home/franstein/.platformio/packages/framework-arduinoespressif32@src-537c58760dafe7fcc8a1d9bbcf00b6f6/tools/sdk/esp32s3/include/freertos/include/freertos -I/home/franstein/.platformio/packages/framework-arduinoespressif32@src-537c58760dafe7fcc8a1d9bbcf00b6f6/tools/sdk/esp32s3/include/arduino_tinyusb/tinyusb/src -I/home/franstein/.platformio/packages/framework-arduinoespressif32@src-537c58760dafe7fcc8a1d9bbcf00b6f6/tools/sdk/esp32s3/include/arduino_tinyusb/include -I/home/franstein/.platformio/packages/framework-arduinoespressif32@src-537c58760dafe7fcc8a1d9bbcf00b6f6/tools/sdk/esp32s3/include/esp_littlefs/include -I/home/franstein/.platformio/packages/framework-arduinoespressif32@src-537c58760dafe7fcc8a1d9bbcf00b6f6/tools/sdk/esp32s3/include/esp-dl/include -I/home/franstein/.platformio/packages/framework-arduinoespressif32@src-537c58760dafe7fcc8a1d9bbcf00b6f6/tools/sdk/esp32s3/include/esp-dl/include/tool -I/home/franstein/.platformio/packages/framework-arduinoespressif32@src-537c58760dafe7fcc8a1d9bbcf00b6f6/tools/sdk/esp32s3/include/esp-dl/include/typedef -I/home/franstein/.platformio/packages/framework-arduinoespressif32@src-537c58760dafe7fcc8a1d9bbcf00b6f6/tools/sdk/esp32s3/include/esp-dl/include/image -I/home/franstein/.platformio/packages/framework-arduinoespressif32@src-537c58760dafe7fcc8a1d9bbcf00b6f6/tools/sdk/esp32s3/include/esp-dl/include/math -I/home/franstein/.platformio/packages/framework-arduinoespressif32@src-537c58760dafe7fcc8a1d9bbcf00b6f6/tools/sdk/esp32s3/include/esp-dl/include/nn -I/home/franstein/.platformio/packages/framework-arduinoespressif32@src-537c58760dafe7fcc8a1d9bbcf00b6f6/tools/sdk/esp32s3/include/esp-dl/include/layer -I/home/franstein/.platformio/packages/framework-arduinoespressif32@src-537c58760dafe7fcc8a1d9bbcf00b6f6/tools/sdk/esp32s3/include/esp-dl/include/detect -I/home/franstein/.platformio/packages/framework-arduinoespressif32@src-537c58760dafe7fcc8a1d9bbcf00b6f6/tools/sdk/esp32s3/include/esp-dl/include/model_zoo -I/home/franstein/.platformio/packages/framework-arduinoespressif32@src-537c58760dafe7fcc8a1d9bbcf00b6f6/tools/sdk/esp32s3/include/esp-sr/src/include -I/home/franstein/.platformio/packages/framework-arduinoespressif32@src-537c58760dafe7fcc8a1d9bbcf00b6f6/tools/sdk/esp32s3/include/esp-sr/esp-tts/esp_tts_chinese/include -I/home/franstein/.platformio/packages/framework-arduinoespressif32@src-537c58760dafe7fcc8a1d9bbcf00b6f6/tools/sdk/esp32s3/include/esp-sr/include/esp32s3 -I/home/franstein/.platformio/packages/framework-arduinoespressif32@src-537c58760dafe7fcc8a1d9bbcf00b6f6/tools/sdk/esp32s3/include/esp32-camera/driver/include -I/home/franstein/.platformio/packages/framework-arduinoespressif32@src-537c58760dafe7fcc8a1d9bbcf00b6f6/tools/sdk/esp32s3/include/esp32-camera/conversions/include -I/home/franstein/.platformio/packages/framework-arduinoespressif32@src-537c58760dafe7fcc8a1d9bbcf00b6f6/tools/sdk/esp32s3/include/fb_gfx/include -I/home/franstein/.platformio/packages/framework-arduinoespressif32@src-537c58760dafe7fcc8a1d9bbcf00b6f6/tools/sdk/esp32s3/qio_opi/include -I/home/franstein/.platformio/packages/framework-arduinoespressif32@src-537c58760dafe7fcc8a1d9bbcf00b6f6/cores/esp32 -I/home/franstein/.platformio/packages/framework-arduinoespressif32@src-537c58760dafe7fcc8a1d9bbcf00b6f6/variants/esp32s3 /home/franstein/.platformio/packages/framework-arduinoespressif32@src-537c58760dafe7fcc8a1d9bbcf00b6f6/cores/esp32/esp32-hal-tinyusb.c
xtensa-esp32s3-elf-gcc -o .pio/build/esp32/FrameworkArduino/esp32-hal-touch.c.o -c -std=gnu99 -Wno-old-style-declaration -Os -mlongcalls -ffunction-sections -fdata-sections -Wno-error=unused-function -Wno-error=unused-variable -Wno-error=deprecated-declarations -Wno-unused-parameter -Wno-sign-compare -ggdb -freorder-blocks -Wwrite-strings -fstack-protector -fstrict-volatile-bitfields -Wno-error=unused-but-set-variable -fno-jump-tables -fno-tree-switch-conversion -MMD -DPLATFORMIO=60107 -DBOARD_HAS_PSRAM -DARDUINO_USB_MODE=1 -DARDUINO_USB_CDC_ON_BOOT=1 -DHAVE_CONFIG_H -DMBEDTLS_CONFIG_FILE=\"mbedtls/esp_config.h\" -DUNITY_INCLUDE_CONFIG_H -DWITH_POSIX -D_GNU_SOURCE -DIDF_VER=\"v4.4.3\" -DESP_PLATFORM -D_POSIX_READER_WRITER_LOCKS -DARDUINO_ARCH_ESP32 -DESP32 -DF_CPU=240000000L -DARDUINO=10812 -DARDUINO_VARIANT=\"esp32s3\" "-DARDUINO_BOARD=\"LILYGO T3-S3\"" -DARDUINO_PARTITION_default -I/home/franstein/.platformio/packages/framework-arduinoespressif32@src-537c58760dafe7fcc8a1d9bbcf00b6f6/tools/sdk/esp32s3/include/newlib/platform_include -I/home/franstein/.platformio/packages/framework-arduinoespressif32@src-537c58760dafe7fcc8a1d9bbcf00b6f6/tools/sdk/esp32s3/include/freertos/include -I/home/franstein/.platformio/packages/framework-arduinoespressif32@src-537c58760dafe7fcc8a1d9bbcf00b6f6/tools/sdk/esp32s3/include/freertos/include/esp_additions/freertos -I/home/franstein/.platformio/packages/framework-arduinoespressif32@src-537c58760dafe7fcc8a1d9bbcf00b6f6/tools/sdk/esp32s3/include/freertos/port/xtensa/include -I/home/franstein/.platformio/packages/framework-arduinoespressif32@src-537c58760dafe7fcc8a1d9bbcf00b6f6/tools/sdk/esp32s3/include/freertos/include/esp_additions -I/home/franstein/.platformio/packages/framework-arduinoespressif32@src-537c58760dafe7fcc8a1d9bbcf00b6f6/tools/sdk/esp32s3/include/esp_hw_support/include -I/home/franstein/.platformio/packages/framework-arduinoespressif32@src-537c58760dafe7fcc8a1d9bbcf00b6f6/tools/sdk/esp32s3/include/esp_hw_support/include/soc -I/home/franstein/.platformio/packages/framework-arduinoespressif32@src-537c58760dafe7fcc8a1d9bbcf00b6f6/tools/sdk/esp32s3/include/esp_hw_support/include/soc/esp32s3 -I/home/franstein/.platformio/packages/framework-arduinoespressif32@src-537c58760dafe7fcc8a1d9bbcf00b6f6/tools/sdk/esp32s3/include/esp_hw_support/port/esp32s3 -I/home/franstein/.platformio/packages/framework-arduinoespressif32@src-537c58760dafe7fcc8a1d9bbcf00b6f6/tools/sdk/esp32s3/include/esp_hw_support/port/esp32s3/private_include -I/home/franstein/.platformio/packages/framework-arduinoespressif32@src-537c58760dafe7fcc8a1d9bbcf00b6f6/tools/sdk/esp32s3/include/heap/include -I/home/franstein/.platformio/packages/framework-arduinoespressif32@src-537c58760dafe7fcc8a1d9bbcf00b6f6/tools/sdk/esp32s3/include/log/include -I/home/franstein/.platformio/packages/framework-arduinoespressif32@src-537c58760dafe7fcc8a1d9bbcf00b6f6/tools/sdk/esp32s3/include/lwip/include/apps -I/home/franstein/.platformio/packages/framework-arduinoespressif32@src-537c58760dafe7fcc8a1d9bbcf00b6f6/tools/sdk/esp32s3/include/lwip/include/apps/sntp -I/home/franstein/.platformio/packages/framework-arduinoespressif32@src-537c58760dafe7fcc8a1d9bbcf00b6f6/tools/sdk/esp32s3/include/lwip/lwip/src/include -I/home/franstein/.platformio/packages/framework-arduinoespressif32@src-537c58760dafe7fcc8a1d9bbcf00b6f6/tools/sdk/esp32s3/include/lwip/port/esp32/include -I/home/franstein/.platformio/packages/framework-arduinoespressif32@src-537c58760dafe7fcc8a1d9bbcf00b6f6/tools/sdk/esp32s3/include/lwip/port/esp32/include/arch -I/home/franstein/.platformio/packages/framework-arduinoespressif32@src-537c58760dafe7fcc8a1d9bbcf00b6f6/tools/sdk/esp32s3/include/soc/include -I/home/franstein/.platformio/packages/framework-arduinoespressif32@src-537c58760dafe7fcc8a1d9bbcf00b6f6/tools/sdk/esp32s3/include/soc/esp32s3 -I/home/franstein/.platformio/packages/framework-arduinoespressif32@src-537c58760dafe7fcc8a1d9bbcf00b6f6/tools/sdk/esp32s3/include/soc/esp32s3/include -I/home/franstein/.platformio/packages/framework-arduinoespressif32@src-537c58760dafe7fcc8a1d9bbcf00b6f6/tools/sdk/esp32s3/include/hal/esp32s3/include -I/home/franstein/.platformio/packages/framework-arduinoespressif32@src-537c58760dafe7fcc8a1d9bbcf00b6f6/tools/sdk/esp32s3/include/hal/include -I/home/franstein/.platformio/packages/framework-arduinoespressif32@src-537c58760dafe7fcc8a1d9bbcf00b6f6/tools/sdk/esp32s3/include/hal/platform_port/include -I/home/franstein/.platformio/packages/framework-arduinoespressif32@src-537c58760dafe7fcc8a1d9bbcf00b6f6/tools/sdk/esp32s3/include/esp_rom/include -I/home/franstein/.platformio/packages/framework-arduinoespressif32@src-537c58760dafe7fcc8a1d9bbcf00b6f6/tools/sdk/esp32s3/include/esp_rom/include/esp32s3 -I/home/franstein/.platformio/packages/framework-arduinoespressif32@src-537c58760dafe7fcc8a1d9bbcf00b6f6/tools/sdk/esp32s3/include/esp_rom/esp32s3 -I/home/franstein/.platformio/packages/framework-arduinoespressif32@src-537c58760dafe7fcc8a1d9bbcf00b6f6/tools/sdk/esp32s3/include/esp_common/include -I/home/franstein/.platformio/packages/framework-arduinoespressif32@src-537c58760dafe7fcc8a1d9bbcf00b6f6/tools/sdk/esp32s3/include/esp_system/include -I/home/franstein/.platformio/packages/framework-arduinoespressif32@src-537c58760dafe7fcc8a1d9bbcf00b6f6/tools/sdk/esp32s3/include/esp_system/port/soc -I/home/franstein/.platformio/packages/framework-arduinoespressif32@src-537c58760dafe7fcc8a1d9bbcf00b6f6/tools/sdk/esp32s3/include/esp_system/port/public_compat -I/home/franstein/.platformio/packages/framework-arduinoespressif32@src-537c58760dafe7fcc8a1d9bbcf00b6f6/tools/sdk/esp32s3/include/xtensa/include -I/home/franstein/.platformio/packages/framework-arduinoespressif32@src-537c58760dafe7fcc8a1d9bbcf00b6f6/tools/sdk/esp32s3/include/xtensa/esp32s3/include -I/home/franstein/.platformio/packages/framework-arduinoespressif32@src-537c58760dafe7fcc8a1d9bbcf00b6f6/tools/sdk/esp32s3/include/driver/include -I/home/franstein/.platformio/packages/framework-arduinoespressif32@src-537c58760dafe7fcc8a1d9bbcf00b6f6/tools/sdk/esp32s3/include/driver/esp32s3/include -I/home/franstein/.platformio/packages/framework-arduinoespressif32@src-537c58760dafe7fcc8a1d9bbcf00b6f6/tools/sdk/esp32s3/include/esp_pm/include -I/home/franstein/.platformio/packages/framework-arduinoespressif32@src-537c58760dafe7fcc8a1d9bbcf00b6f6/tools/sdk/esp32s3/include/esp_ringbuf/include -I/home/franstein/.platformio/packages/framework-arduinoespressif32@src-537c58760dafe7fcc8a1d9bbcf00b6f6/tools/sdk/esp32s3/include/efuse/include -I/home/franstein/.platformio/packages/framework-arduinoespressif32@src-537c58760dafe7fcc8a1d9bbcf00b6f6/tools/sdk/esp32s3/include/efuse/esp32s3/include -I/home/franstein/.platformio/packages/framework-arduinoespressif32@src-537c58760dafe7fcc8a1d9bbcf00b6f6/tools/sdk/esp32s3/include/vfs/include -I/home/franstein/.platformio/packages/framework-arduinoespressif32@src-537c58760dafe7fcc8a1d9bbcf00b6f6/tools/sdk/esp32s3/include/esp_wifi/include -I/home/franstein/.platformio/packages/framework-arduinoespressif32@src-537c58760dafe7fcc8a1d9bbcf00b6f6/tools/sdk/esp32s3/include/esp_event/include -I/home/franstein/.platformio/packages/framework-arduinoespressif32@src-537c58760dafe7fcc8a1d9bbcf00b6f6/tools/sdk/esp32s3/include/esp_netif/include -I/home/franstein/.platformio/packages/framework-arduinoespressif32@src-537c58760dafe7fcc8a1d9bbcf00b6f6/tools/sdk/esp32s3/include/esp_eth/include -I/home/franstein/.platformio/packages/framework-arduinoespressif32@src-537c58760dafe7fcc8a1d9bbcf00b6f6/tools/sdk/esp32s3/include/tcpip_adapter/include -I/home/franstein/.platformio/packages/framework-arduinoespressif32@src-537c58760dafe7fcc8a1d9bbcf00b6f6/tools/sdk/esp32s3/include/esp_phy/include -I/home/franstein/.platformio/packages/framework-arduinoespressif32@src-537c58760dafe7fcc8a1d9bbcf00b6f6/tools/sdk/esp32s3/include/esp_phy/esp32s3/include -I/home/franstein/.platformio/packages/framework-arduinoespressif32@src-537c58760dafe7fcc8a1d9bbcf00b6f6/tools/sdk/esp32s3/include/esp_ipc/include -I/home/franstein/.platformio/packages/framework-arduinoespressif32@src-537c58760dafe7fcc8a1d9bbcf00b6f6/tools/sdk/esp32s3/include/app_trace/include -I/home/franstein/.platformio/packages/framework-arduinoespressif32@src-537c58760dafe7fcc8a1d9bbcf00b6f6/tools/sdk/esp32s3/include/esp_timer/include -I/home/franstein/.platformio/packages/framework-arduinoespressif32@src-537c58760dafe7fcc8a1d9bbcf00b6f6/tools/sdk/esp32s3/include/mbedtls/port/include -I/home/franstein/.platformio/packages/framework-arduinoespressif32@src-537c58760dafe7fcc8a1d9bbcf00b6f6/tools/sdk/esp32s3/include/mbedtls/mbedtls/include -I/home/franstein/.platformio/packages/framework-arduinoespressif32@src-537c58760dafe7fcc8a1d9bbcf00b6f6/tools/sdk/esp32s3/include/mbedtls/esp_crt_bundle/include -I/home/franstein/.platformio/packages/framework-arduinoespressif32@src-537c58760dafe7fcc8a1d9bbcf00b6f6/tools/sdk/esp32s3/include/app_update/include -I/home/franstein/.platformio/packages/framework-arduinoespressif32@src-537c58760dafe7fcc8a1d9bbcf00b6f6/tools/sdk/esp32s3/include/spi_flash/include -I/home/franstein/.platformio/packages/framework-arduinoespressif32@src-537c58760dafe7fcc8a1d9bbcf00b6f6/tools/sdk/esp32s3/include/bootloader_support/include -I/home/franstein/.platformio/packages/framework-arduinoespressif32@src-537c58760dafe7fcc8a1d9bbcf00b6f6/tools/sdk/esp32s3/include/nvs_flash/include -I/home/franstein/.platformio/packages/framework-arduinoespressif32@src-537c58760dafe7fcc8a1d9bbcf00b6f6/tools/sdk/esp32s3/include/pthread/include -I/home/franstein/.platformio/packages/framework-arduinoespressif32@src-537c58760dafe7fcc8a1d9bbcf00b6f6/tools/sdk/esp32s3/include/esp_gdbstub/include -I/home/franstein/.platformio/packages/framework-arduinoespressif32@src-537c58760dafe7fcc8a1d9bbcf00b6f6/tools/sdk/esp32s3/include/esp_gdbstub/xtensa -I/home/franstein/.platformio/packages/framework-arduinoespressif32@src-537c58760dafe7fcc8a1d9bbcf00b6f6/tools/sdk/esp32s3/include/esp_gdbstub/esp32s3 -I/home/franstein/.platformio/packages/framework-arduinoespressif32@src-537c58760dafe7fcc8a1d9bbcf00b6f6/tools/sdk/esp32s3/include/espcoredump/include -I/home/franstein/.platformio/packages/framework-arduinoespressif32@src-537c58760dafe7fcc8a1d9bbcf00b6f6/tools/sdk/esp32s3/include/espcoredump/include/port/xtensa -I/home/franstein/.platformio/packages/framework-arduinoespressif32@src-537c58760dafe7fcc8a1d9bbcf00b6f6/tools/sdk/esp32s3/include/wpa_supplicant/include -I/home/franstein/.platformio/packages/framework-arduinoespressif32@src-537c58760dafe7fcc8a1d9bbcf00b6f6/tools/sdk/esp32s3/include/wpa_supplicant/port/include -I/home/franstein/.platformio/packages/framework-arduinoespressif32@src-537c58760dafe7fcc8a1d9bbcf00b6f6/tools/sdk/esp32s3/include/wpa_supplicant/esp_supplicant/include -I/home/franstein/.platformio/packages/framework-arduinoespressif32@src-537c58760dafe7fcc8a1d9bbcf00b6f6/tools/sdk/esp32s3/include/ieee802154/include -I/home/franstein/.platformio/packages/framework-arduinoespressif32@src-537c58760dafe7fcc8a1d9bbcf00b6f6/tools/sdk/esp32s3/include/console -I/home/franstein/.platformio/packages/framework-arduinoespressif32@src-537c58760dafe7fcc8a1d9bbcf00b6f6/tools/sdk/esp32s3/include/asio/asio/asio/include -I/home/franstein/.platformio/packages/framework-arduinoespressif32@src-537c58760dafe7fcc8a1d9bbcf00b6f6/tools/sdk/esp32s3/include/asio/port/include -I/home/franstein/.platformio/packages/framework-arduinoespressif32@src-537c58760dafe7fcc8a1d9bbcf00b6f6/tools/sdk/esp32s3/include/bt/common/osi/include -I/home/franstein/.platformio/packages/framework-arduinoespressif32@src-537c58760dafe7fcc8a1d9bbcf00b6f6/tools/sdk/esp32s3/include/bt/include/esp32s3/include -I/home/franstein/.platformio/packages/framework-arduinoespressif32@src-537c58760dafe7fcc8a1d9bbcf00b6f6/tools/sdk/esp32s3/include/bt/common/api/include/api -I/home/franstein/.platformio/packages/framework-arduinoespressif32@src-537c58760dafe7fcc8a1d9bbcf00b6f6/tools/sdk/esp32s3/include/bt/common/btc/profile/esp/blufi/include -I/home/franstein/.platformio/packages/framework-arduinoespressif32@src-537c58760dafe7fcc8a1d9bbcf00b6f6/tools/sdk/esp32s3/include/bt/common/btc/profile/esp/include -I/home/franstein/.platformio/packages/framework-arduinoespressif32@src-537c58760dafe7fcc8a1d9bbcf00b6f6/tools/sdk/esp32s3/include/bt/host/bluedroid/api/include/api -I/home/franstein/.platformio/packages/framework-arduinoespressif32@src-537c58760dafe7fcc8a1d9bbcf00b6f6/tools/sdk/esp32s3/include/bt/esp_ble_mesh/mesh_common/include -I/home/franstein/.platformio/packages/framework-arduinoespressif32@src-537c58760dafe7fcc8a1d9bbcf00b6f6/tools/sdk/esp32s3/include/bt/esp_ble_mesh/mesh_common/tinycrypt/include -I/home/franstein/.platformio/packages/framework-arduinoespressif32@src-537c58760dafe7fcc8a1d9bbcf00b6f6/tools/sdk/esp32s3/include/bt/esp_ble_mesh/mesh_core -I/home/franstein/.platformio/packages/framework-arduinoespressif32@src-537c58760dafe7fcc8a1d9bbcf00b6f6/tools/sdk/esp32s3/include/bt/esp_ble_mesh/mesh_core/include -I/home/franstein/.platformio/packages/framework-arduinoespressif32@src-537c58760dafe7fcc8a1d9bbcf00b6f6/tools/sdk/esp32s3/include/bt/esp_ble_mesh/mesh_core/storage -I/home/franstein/.platformio/packages/framework-arduinoespressif32@src-537c58760dafe7fcc8a1d9bbcf00b6f6/tools/sdk/esp32s3/include/bt/esp_ble_mesh/btc/include -I/home/franstein/.platformio/packages/framework-arduinoespressif32@src-537c58760dafe7fcc8a1d9bbcf00b6f6/tools/sdk/esp32s3/include/bt/esp_ble_mesh/mesh_models/common/include -I/home/franstein/.platformio/packages/framework-arduinoespressif32@src-537c58760dafe7fcc8a1d9bbcf00b6f6/tools/sdk/esp32s3/include/bt/esp_ble_mesh/mesh_models/client/include -I/home/franstein/.platformio/packages/framework-arduinoespressif32@src-537c58760dafe7fcc8a1d9bbcf00b6f6/tools/sdk/esp32s3/include/bt/esp_ble_mesh/mesh_models/server/include -I/home/franstein/.platformio/packages/framework-arduinoespressif32@src-537c58760dafe7fcc8a1d9bbcf00b6f6/tools/sdk/esp32s3/include/bt/esp_ble_mesh/api/core/include -I/home/franstein/.platformio/packages/framework-arduinoespressif32@src-537c58760dafe7fcc8a1d9bbcf00b6f6/tools/sdk/esp32s3/include/bt/esp_ble_mesh/api/models/include -I/home/franstein/.platformio/packages/framework-arduinoespressif32@src-537c58760dafe7fcc8a1d9bbcf00b6f6/tools/sdk/esp32s3/include/bt/esp_ble_mesh/api -I/home/franstein/.platformio/packages/framework-arduinoespressif32@src-537c58760dafe7fcc8a1d9bbcf00b6f6/tools/sdk/esp32s3/include/cbor/port/include -I/home/franstein/.platformio/packages/framework-arduinoespressif32@src-537c58760dafe7fcc8a1d9bbcf00b6f6/tools/sdk/esp32s3/include/unity/include -I/home/franstein/.platformio/packages/framework-arduinoespressif32@src-537c58760dafe7fcc8a1d9bbcf00b6f6/tools/sdk/esp32s3/include/unity/unity/src -I/home/franstein/.platformio/packages/framework-arduinoespressif32@src-537c58760dafe7fcc8a1d9bbcf00b6f6/tools/sdk/esp32s3/include/cmock/CMock/src -I/home/franstein/.platformio/packages/framework-arduinoespressif32@src-537c58760dafe7fcc8a1d9bbcf00b6f6/tools/sdk/esp32s3/include/coap/port/include -I/home/franstein/.platformio/packages/framework-arduinoespressif32@src-537c58760dafe7fcc8a1d9bbcf00b6f6/tools/sdk/esp32s3/include/coap/libcoap/include -I/home/franstein/.platformio/packages/framework-arduinoespressif32@src-537c58760dafe7fcc8a1d9bbcf00b6f6/tools/sdk/esp32s3/include/nghttp/port/include -I/home/franstein/.platformio/packages/framework-arduinoespressif32@src-537c58760dafe7fcc8a1d9bbcf00b6f6/tools/sdk/esp32s3/include/nghttp/nghttp2/lib/includes -I/home/franstein/.platformio/packages/framework-arduinoespressif32@src-537c58760dafe7fcc8a1d9bbcf00b6f6/tools/sdk/esp32s3/include/esp-tls -I/home/franstein/.platformio/packages/framework-arduinoespressif32@src-537c58760dafe7fcc8a1d9bbcf00b6f6/tools/sdk/esp32s3/include/esp-tls/esp-tls-crypto -I/home/franstein/.platformio/packages/framework-arduinoespressif32@src-537c58760dafe7fcc8a1d9bbcf00b6f6/tools/sdk/esp32s3/include/esp_adc_cal/include -I/home/franstein/.platformio/packages/framework-arduinoespressif32@src-537c58760dafe7fcc8a1d9bbcf00b6f6/tools/sdk/esp32s3/include/esp_hid/include -I/home/franstein/.platformio/packages/framework-arduinoespressif32@src-537c58760dafe7fcc8a1d9bbcf00b6f6/tools/sdk/esp32s3/include/tcp_transport/include -I/home/franstein/.platformio/packages/framework-arduinoespressif32@src-537c58760dafe7fcc8a1d9bbcf00b6f6/tools/sdk/esp32s3/include/esp_http_client/include -I/home/franstein/.platformio/packages/framework-arduinoespressif32@src-537c58760dafe7fcc8a1d9bbcf00b6f6/tools/sdk/esp32s3/include/esp_http_server/include -I/home/franstein/.platformio/packages/framework-arduinoespressif32@src-537c58760dafe7fcc8a1d9bbcf00b6f6/tools/sdk/esp32s3/include/esp_https_ota/include -I/home/franstein/.platformio/packages/framework-arduinoespressif32@src-537c58760dafe7fcc8a1d9bbcf00b6f6/tools/sdk/esp32s3/include/esp_https_server/include -I/home/franstein/.platformio/packages/framework-arduinoespressif32@src-537c58760dafe7fcc8a1d9bbcf00b6f6/tools/sdk/esp32s3/include/esp_lcd/include -I/home/franstein/.platformio/packages/framework-arduinoespressif32@src-537c58760dafe7fcc8a1d9bbcf00b6f6/tools/sdk/esp32s3/include/esp_lcd/interface -I/home/franstein/.platformio/packages/framework-arduinoespressif32@src-537c58760dafe7fcc8a1d9bbcf00b6f6/tools/sdk/esp32s3/include/protobuf-c/protobuf-c -I/home/franstein/.platformio/packages/framework-arduinoespressif32@src-537c58760dafe7fcc8a1d9bbcf00b6f6/tools/sdk/esp32s3/include/protocomm/include/common -I/home/franstein/.platformio/packages/framework-arduinoespressif32@src-537c58760dafe7fcc8a1d9bbcf00b6f6/tools/sdk/esp32s3/include/protocomm/include/security -I/home/franstein/.platformio/packages/framework-arduinoespressif32@src-537c58760dafe7fcc8a1d9bbcf00b6f6/tools/sdk/esp32s3/include/protocomm/include/transports -I/home/franstein/.platformio/packages/framework-arduinoespressif32@src-537c58760dafe7fcc8a1d9bbcf00b6f6/tools/sdk/esp32s3/include/mdns/include -I/home/franstein/.platformio/packages/framework-arduinoespressif32@src-537c58760dafe7fcc8a1d9bbcf00b6f6/tools/sdk/esp32s3/include/esp_local_ctrl/include -I/home/franstein/.platformio/packages/framework-arduinoespressif32@src-537c58760dafe7fcc8a1d9bbcf00b6f6/tools/sdk/esp32s3/include/sdmmc/include -I/home/franstein/.platformio/packages/framework-arduinoespressif32@src-537c58760dafe7fcc8a1d9bbcf00b6f6/tools/sdk/esp32s3/include/esp_serial_slave_link/include -I/home/franstein/.platformio/packages/framework-arduinoespressif32@src-537c58760dafe7fcc8a1d9bbcf00b6f6/tools/sdk/esp32s3/include/esp_websocket_client/include -I/home/franstein/.platformio/packages/framework-arduinoespressif32@src-537c58760dafe7fcc8a1d9bbcf00b6f6/tools/sdk/esp32s3/include/expat/expat/expat/lib -I/home/franstein/.platformio/packages/framework-arduinoespressif32@src-537c58760dafe7fcc8a1d9bbcf00b6f6/tools/sdk/esp32s3/include/expat/port/include -I/home/franstein/.platformio/packages/framework-arduinoespressif32@src-537c58760dafe7fcc8a1d9bbcf00b6f6/tools/sdk/esp32s3/include/wear_levelling/include -I/home/franstein/.platformio/packages/framework-arduinoespressif32@src-537c58760dafe7fcc8a1d9bbcf00b6f6/tools/sdk/esp32s3/include/fatfs/diskio -I/home/franstein/.platformio/packages/framework-arduinoespressif32@src-537c58760dafe7fcc8a1d9bbcf00b6f6/tools/sdk/esp32s3/include/fatfs/vfs -I/home/franstein/.platformio/packages/framework-arduinoespressif32@src-537c58760dafe7fcc8a1d9bbcf00b6f6/tools/sdk/esp32s3/include/fatfs/src -I/home/franstein/.platformio/packages/framework-arduinoespressif32@src-537c58760dafe7fcc8a1d9bbcf00b6f6/tools/sdk/esp32s3/include/freemodbus/common/include -I/home/franstein/.platformio/packages/framework-arduinoespressif32@src-537c58760dafe7fcc8a1d9bbcf00b6f6/tools/sdk/esp32s3/include/idf_test/include -I/home/franstein/.platformio/packages/framework-arduinoespressif32@src-537c58760dafe7fcc8a1d9bbcf00b6f6/tools/sdk/esp32s3/include/idf_test/include/esp32s3 -I/home/franstein/.platformio/packages/framework-arduinoespressif32@src-537c58760dafe7fcc8a1d9bbcf00b6f6/tools/sdk/esp32s3/include/jsmn/include -I/home/franstein/.platformio/packages/framework-arduinoespressif32@src-537c58760dafe7fcc8a1d9bbcf00b6f6/tools/sdk/esp32s3/include/json/cJSON -I/home/franstein/.platformio/packages/framework-arduinoespressif32@src-537c58760dafe7fcc8a1d9bbcf00b6f6/tools/sdk/esp32s3/include/libsodium/libsodium/src/libsodium/include -I/home/franstein/.platformio/packages/framework-arduinoespressif32@src-537c58760dafe7fcc8a1d9bbcf00b6f6/tools/sdk/esp32s3/include/libsodium/port_include -I/home/franstein/.platformio/packages/framework-arduinoespressif32@src-537c58760dafe7fcc8a1d9bbcf00b6f6/tools/sdk/esp32s3/include/mqtt/esp-mqtt/include -I/home/franstein/.platformio/packages/framework-arduinoespressif32@src-537c58760dafe7fcc8a1d9bbcf00b6f6/tools/sdk/esp32s3/include/openssl/include -I/home/franstein/.platformio/packages/framework-arduinoespressif32@src-537c58760dafe7fcc8a1d9bbcf00b6f6/tools/sdk/esp32s3/include/perfmon/include -I/home/franstein/.platformio/packages/framework-arduinoespressif32@src-537c58760dafe7fcc8a1d9bbcf00b6f6/tools/sdk/esp32s3/include/spiffs/include -I/home/franstein/.platformio/packages/framework-arduinoespressif32@src-537c58760dafe7fcc8a1d9bbcf00b6f6/tools/sdk/esp32s3/include/usb/include -I/home/franstein/.platformio/packages/framework-arduinoespressif32@src-537c58760dafe7fcc8a1d9bbcf00b6f6/tools/sdk/esp32s3/include/ulp/include -I/home/franstein/.platformio/packages/framework-arduinoespressif32@src-537c58760dafe7fcc8a1d9bbcf00b6f6/tools/sdk/esp32s3/include/wifi_provisioning/include -I/home/franstein/.platformio/packages/framework-arduinoespressif32@src-537c58760dafe7fcc8a1d9bbcf00b6f6/tools/sdk/esp32s3/include/rmaker_common/include -I/home/franstein/.platformio/packages/framework-arduinoespressif32@src-537c58760dafe7fcc8a1d9bbcf00b6f6/tools/sdk/esp32s3/include/json_parser/upstream/include -I/home/franstein/.platformio/packages/framework-arduinoespressif32@src-537c58760dafe7fcc8a1d9bbcf00b6f6/tools/sdk/esp32s3/include/json_parser/upstream -I/home/franstein/.platformio/packages/framework-arduinoespressif32@src-537c58760dafe7fcc8a1d9bbcf00b6f6/tools/sdk/esp32s3/include/json_generator/upstream -I/home/franstein/.platformio/packages/framework-arduinoespressif32@src-537c58760dafe7fcc8a1d9bbcf00b6f6/tools/sdk/esp32s3/include/esp_schedule/include -I/home/franstein/.platformio/packages/framework-arduinoespressif32@src-537c58760dafe7fcc8a1d9bbcf00b6f6/tools/sdk/esp32s3/include/esp_rainmaker/include -I/home/franstein/.platformio/packages/framework-arduinoespressif32@src-537c58760dafe7fcc8a1d9bbcf00b6f6/tools/sdk/esp32s3/include/gpio_button/button/include -I/home/franstein/.platformio/packages/framework-arduinoespressif32@src-537c58760dafe7fcc8a1d9bbcf00b6f6/tools/sdk/esp32s3/include/qrcode/include -I/home/franstein/.platformio/packages/framework-arduinoespressif32@src-537c58760dafe7fcc8a1d9bbcf00b6f6/tools/sdk/esp32s3/include/ws2812_led -I/home/franstein/.platformio/packages/framework-arduinoespressif32@src-537c58760dafe7fcc8a1d9bbcf00b6f6/tools/sdk/esp32s3/include/esp_diagnostics/include -I/home/franstein/.platformio/packages/framework-arduinoespressif32@src-537c58760dafe7fcc8a1d9bbcf00b6f6/tools/sdk/esp32s3/include/rtc_store/include -I/home/franstein/.platformio/packages/framework-arduinoespressif32@src-537c58760dafe7fcc8a1d9bbcf00b6f6/tools/sdk/esp32s3/include/esp_insights/include -I/home/franstein/.platformio/packages/framework-arduinoespressif32@src-537c58760dafe7fcc8a1d9bbcf00b6f6/tools/sdk/esp32s3/include/esp-dsp/modules/dotprod/include -I/home/franstein/.platformio/packages/framework-arduinoespressif32@src-537c58760dafe7fcc8a1d9bbcf00b6f6/tools/sdk/esp32s3/include/esp-dsp/modules/support/include -I/home/franstein/.platformio/packages/framework-arduinoespressif32@src-537c58760dafe7fcc8a1d9bbcf00b6f6/tools/sdk/esp32s3/include/esp-dsp/modules/windows/include -I/home/franstein/.platformio/packages/framework-arduinoespressif32@src-537c58760dafe7fcc8a1d9bbcf00b6f6/tools/sdk/esp32s3/include/esp-dsp/modules/windows/hann/include -I/home/franstein/.platformio/packages/framework-arduinoespressif32@src-537c58760dafe7fcc8a1d9bbcf00b6f6/tools/sdk/esp32s3/include/esp-dsp/modules/windows/blackman/include -I/home/franstein/.platformio/packages/framework-arduinoespressif32@src-537c58760dafe7fcc8a1d9bbcf00b6f6/tools/sdk/esp32s3/include/esp-dsp/modules/windows/blackman_harris/include -I/home/franstein/.platformio/packages/framework-arduinoespressif32@src-537c58760dafe7fcc8a1d9bbcf00b6f6/tools/sdk/esp32s3/include/esp-dsp/modules/windows/blackman_nuttall/include -I/home/franstein/.platformio/packages/framework-arduinoespressif32@src-537c58760dafe7fcc8a1d9bbcf00b6f6/tools/sdk/esp32s3/include/esp-dsp/modules/windows/nuttall/include -I/home/franstein/.platformio/packages/framework-arduinoespressif32@src-537c58760dafe7fcc8a1d9bbcf00b6f6/tools/sdk/esp32s3/include/esp-dsp/modules/windows/flat_top/include -I/home/franstein/.platformio/packages/framework-arduinoespressif32@src-537c58760dafe7fcc8a1d9bbcf00b6f6/tools/sdk/esp32s3/include/esp-dsp/modules/iir/include -I/home/franstein/.platformio/packages/framework-arduinoespressif32@src-537c58760dafe7fcc8a1d9bbcf00b6f6/tools/sdk/esp32s3/include/esp-dsp/modules/fir/include -I/home/franstein/.platformio/packages/framework-arduinoespressif32@src-537c58760dafe7fcc8a1d9bbcf00b6f6/tools/sdk/esp32s3/include/esp-dsp/modules/math/include -I/home/franstein/.platformio/packages/framework-arduinoespressif32@src-537c58760dafe7fcc8a1d9bbcf00b6f6/tools/sdk/esp32s3/include/esp-dsp/modules/math/add/include -I/home/franstein/.platformio/packages/framework-arduinoespressif32@src-537c58760dafe7fcc8a1d9bbcf00b6f6/tools/sdk/esp32s3/include/esp-dsp/modules/math/sub/include -I/home/franstein/.platformio/packages/framework-arduinoespressif32@src-537c58760dafe7fcc8a1d9bbcf00b6f6/tools/sdk/esp32s3/include/esp-dsp/modules/math/mul/include -I/home/franstein/.platformio/packages/framework-arduinoespressif32@src-537c58760dafe7fcc8a1d9bbcf00b6f6/tools/sdk/esp32s3/include/esp-dsp/modules/math/addc/include -I/home/franstein/.platformio/packages/framework-arduinoespressif32@src-537c58760dafe7fcc8a1d9bbcf00b6f6/tools/sdk/esp32s3/include/esp-dsp/modules/math/mulc/include -I/home/franstein/.platformio/packages/framework-arduinoespressif32@src-537c58760dafe7fcc8a1d9bbcf00b6f6/tools/sdk/esp32s3/include/esp-dsp/modules/math/sqrt/include -I/home/franstein/.platformio/packages/framework-arduinoespressif32@src-537c58760dafe7fcc8a1d9bbcf00b6f6/tools/sdk/esp32s3/include/esp-dsp/modules/matrix/include -I/home/franstein/.platformio/packages/framework-arduinoespressif32@src-537c58760dafe7fcc8a1d9bbcf00b6f6/tools/sdk/esp32s3/include/esp-dsp/modules/fft/include -I/home/franstein/.platformio/packages/framework-arduinoespressif32@src-537c58760dafe7fcc8a1d9bbcf00b6f6/tools/sdk/esp32s3/include/esp-dsp/modules/dct/include -I/home/franstein/.platformio/packages/framework-arduinoespressif32@src-537c58760dafe7fcc8a1d9bbcf00b6f6/tools/sdk/esp32s3/include/esp-dsp/modules/conv/include -I/home/franstein/.platformio/packages/framework-arduinoespressif32@src-537c58760dafe7fcc8a1d9bbcf00b6f6/tools/sdk/esp32s3/include/esp-dsp/modules/common/include -I/home/franstein/.platformio/packages/framework-arduinoespressif32@src-537c58760dafe7fcc8a1d9bbcf00b6f6/tools/sdk/esp32s3/include/esp-dsp/modules/kalman/ekf/include -I/home/franstein/.platformio/packages/framework-arduinoespressif32@src-537c58760dafe7fcc8a1d9bbcf00b6f6/tools/sdk/esp32s3/include/esp-dsp/modules/kalman/ekf_imu13states/include -I/home/franstein/.platformio/packages/framework-arduinoespressif32@src-537c58760dafe7fcc8a1d9bbcf00b6f6/tools/sdk/esp32s3/include/freertos/include/freertos -I/home/franstein/.platformio/packages/framework-arduinoespressif32@src-537c58760dafe7fcc8a1d9bbcf00b6f6/tools/sdk/esp32s3/include/arduino_tinyusb/tinyusb/src -I/home/franstein/.platformio/packages/framework-arduinoespressif32@src-537c58760dafe7fcc8a1d9bbcf00b6f6/tools/sdk/esp32s3/include/arduino_tinyusb/include -I/home/franstein/.platformio/packages/framework-arduinoespressif32@src-537c58760dafe7fcc8a1d9bbcf00b6f6/tools/sdk/esp32s3/include/esp_littlefs/include -I/home/franstein/.platformio/packages/framework-arduinoespressif32@src-537c58760dafe7fcc8a1d9bbcf00b6f6/tools/sdk/esp32s3/include/esp-dl/include -I/home/franstein/.platformio/packages/framework-arduinoespressif32@src-537c58760dafe7fcc8a1d9bbcf00b6f6/tools/sdk/esp32s3/include/esp-dl/include/tool -I/home/franstein/.platformio/packages/framework-arduinoespressif32@src-537c58760dafe7fcc8a1d9bbcf00b6f6/tools/sdk/esp32s3/include/esp-dl/include/typedef -I/home/franstein/.platformio/packages/framework-arduinoespressif32@src-537c58760dafe7fcc8a1d9bbcf00b6f6/tools/sdk/esp32s3/include/esp-dl/include/image -I/home/franstein/.platformio/packages/framework-arduinoespressif32@src-537c58760dafe7fcc8a1d9bbcf00b6f6/tools/sdk/esp32s3/include/esp-dl/include/math -I/home/franstein/.platformio/packages/framework-arduinoespressif32@src-537c58760dafe7fcc8a1d9bbcf00b6f6/tools/sdk/esp32s3/include/esp-dl/include/nn -I/home/franstein/.platformio/packages/framework-arduinoespressif32@src-537c58760dafe7fcc8a1d9bbcf00b6f6/tools/sdk/esp32s3/include/esp-dl/include/layer -I/home/franstein/.platformio/packages/framework-arduinoespressif32@src-537c58760dafe7fcc8a1d9bbcf00b6f6/tools/sdk/esp32s3/include/esp-dl/include/detect -I/home/franstein/.platformio/packages/framework-arduinoespressif32@src-537c58760dafe7fcc8a1d9bbcf00b6f6/tools/sdk/esp32s3/include/esp-dl/include/model_zoo -I/home/franstein/.platformio/packages/framework-arduinoespressif32@src-537c58760dafe7fcc8a1d9bbcf00b6f6/tools/sdk/esp32s3/include/esp-sr/src/include -I/home/franstein/.platformio/packages/framework-arduinoespressif32@src-537c58760dafe7fcc8a1d9bbcf00b6f6/tools/sdk/esp32s3/include/esp-sr/esp-tts/esp_tts_chinese/include -I/home/franstein/.platformio/packages/framework-arduinoespressif32@src-537c58760dafe7fcc8a1d9bbcf00b6f6/tools/sdk/esp32s3/include/esp-sr/include/esp32s3 -I/home/franstein/.platformio/packages/framework-arduinoespressif32@src-537c58760dafe7fcc8a1d9bbcf00b6f6/tools/sdk/esp32s3/include/esp32-camera/driver/include -I/home/franstein/.platformio/packages/framework-arduinoespressif32@src-537c58760dafe7fcc8a1d9bbcf00b6f6/tools/sdk/esp32s3/include/esp32-camera/conversions/include -I/home/franstein/.platformio/packages/framework-arduinoespressif32@src-537c58760dafe7fcc8a1d9bbcf00b6f6/tools/sdk/esp32s3/include/fb_gfx/include -I/home/franstein/.platformio/packages/framework-arduinoespressif32@src-537c58760dafe7fcc8a1d9bbcf00b6f6/tools/sdk/esp32s3/qio_opi/include -I/home/franstein/.platformio/packages/framework-arduinoespressif32@src-537c58760dafe7fcc8a1d9bbcf00b6f6/cores/esp32 -I/home/franstein/.platformio/packages/framework-arduinoespressif32@src-537c58760dafe7fcc8a1d9bbcf00b6f6/variants/esp32s3 /home/franstein/.platformio/packages/framework-arduinoespressif32@src-537c58760dafe7fcc8a1d9bbcf00b6f6/cores/esp32/esp32-hal-touch.c
xtensa-esp32s3-elf-gcc -o .pio/build/esp32/FrameworkArduino/esp32-hal-uart.c.o -c -std=gnu99 -Wno-old-style-declaration -Os -mlongcalls -ffunction-sections -fdata-sections -Wno-error=unused-function -Wno-error=unused-variable -Wno-error=deprecated-declarations -Wno-unused-parameter -Wno-sign-compare -ggdb -freorder-blocks -Wwrite-strings -fstack-protector -fstrict-volatile-bitfields -Wno-error=unused-but-set-variable -fno-jump-tables -fno-tree-switch-conversion -MMD -DPLATFORMIO=60107 -DBOARD_HAS_PSRAM -DARDUINO_USB_MODE=1 -DARDUINO_USB_CDC_ON_BOOT=1 -DHAVE_CONFIG_H -DMBEDTLS_CONFIG_FILE=\"mbedtls/esp_config.h\" -DUNITY_INCLUDE_CONFIG_H -DWITH_POSIX -D_GNU_SOURCE -DIDF_VER=\"v4.4.3\" -DESP_PLATFORM -D_POSIX_READER_WRITER_LOCKS -DARDUINO_ARCH_ESP32 -DESP32 -DF_CPU=240000000L -DARDUINO=10812 -DARDUINO_VARIANT=\"esp32s3\" "-DARDUINO_BOARD=\"LILYGO T3-S3\"" -DARDUINO_PARTITION_default -I/home/franstein/.platformio/packages/framework-arduinoespressif32@src-537c58760dafe7fcc8a1d9bbcf00b6f6/tools/sdk/esp32s3/include/newlib/platform_include -I/home/franstein/.platformio/packages/framework-arduinoespressif32@src-537c58760dafe7fcc8a1d9bbcf00b6f6/tools/sdk/esp32s3/include/freertos/include -I/home/franstein/.platformio/packages/framework-arduinoespressif32@src-537c58760dafe7fcc8a1d9bbcf00b6f6/tools/sdk/esp32s3/include/freertos/include/esp_additions/freertos -I/home/franstein/.platformio/packages/framework-arduinoespressif32@src-537c58760dafe7fcc8a1d9bbcf00b6f6/tools/sdk/esp32s3/include/freertos/port/xtensa/include -I/home/franstein/.platformio/packages/framework-arduinoespressif32@src-537c58760dafe7fcc8a1d9bbcf00b6f6/tools/sdk/esp32s3/include/freertos/include/esp_additions -I/home/franstein/.platformio/packages/framework-arduinoespressif32@src-537c58760dafe7fcc8a1d9bbcf00b6f6/tools/sdk/esp32s3/include/esp_hw_support/include -I/home/franstein/.platformio/packages/framework-arduinoespressif32@src-537c58760dafe7fcc8a1d9bbcf00b6f6/tools/sdk/esp32s3/include/esp_hw_support/include/soc -I/home/franstein/.platformio/packages/framework-arduinoespressif32@src-537c58760dafe7fcc8a1d9bbcf00b6f6/tools/sdk/esp32s3/include/esp_hw_support/include/soc/esp32s3 -I/home/franstein/.platformio/packages/framework-arduinoespressif32@src-537c58760dafe7fcc8a1d9bbcf00b6f6/tools/sdk/esp32s3/include/esp_hw_support/port/esp32s3 -I/home/franstein/.platformio/packages/framework-arduinoespressif32@src-537c58760dafe7fcc8a1d9bbcf00b6f6/tools/sdk/esp32s3/include/esp_hw_support/port/esp32s3/private_include -I/home/franstein/.platformio/packages/framework-arduinoespressif32@src-537c58760dafe7fcc8a1d9bbcf00b6f6/tools/sdk/esp32s3/include/heap/include -I/home/franstein/.platformio/packages/framework-arduinoespressif32@src-537c58760dafe7fcc8a1d9bbcf00b6f6/tools/sdk/esp32s3/include/log/include -I/home/franstein/.platformio/packages/framework-arduinoespressif32@src-537c58760dafe7fcc8a1d9bbcf00b6f6/tools/sdk/esp32s3/include/lwip/include/apps -I/home/franstein/.platformio/packages/framework-arduinoespressif32@src-537c58760dafe7fcc8a1d9bbcf00b6f6/tools/sdk/esp32s3/include/lwip/include/apps/sntp -I/home/franstein/.platformio/packages/framework-arduinoespressif32@src-537c58760dafe7fcc8a1d9bbcf00b6f6/tools/sdk/esp32s3/include/lwip/lwip/src/include -I/home/franstein/.platformio/packages/framework-arduinoespressif32@src-537c58760dafe7fcc8a1d9bbcf00b6f6/tools/sdk/esp32s3/include/lwip/port/esp32/include -I/home/franstein/.platformio/packages/framework-arduinoespressif32@src-537c58760dafe7fcc8a1d9bbcf00b6f6/tools/sdk/esp32s3/include/lwip/port/esp32/include/arch -I/home/franstein/.platformio/packages/framework-arduinoespressif32@src-537c58760dafe7fcc8a1d9bbcf00b6f6/tools/sdk/esp32s3/include/soc/include -I/home/franstein/.platformio/packages/framework-arduinoespressif32@src-537c58760dafe7fcc8a1d9bbcf00b6f6/tools/sdk/esp32s3/include/soc/esp32s3 -I/home/franstein/.platformio/packages/framework-arduinoespressif32@src-537c58760dafe7fcc8a1d9bbcf00b6f6/tools/sdk/esp32s3/include/soc/esp32s3/include -I/home/franstein/.platformio/packages/framework-arduinoespressif32@src-537c58760dafe7fcc8a1d9bbcf00b6f6/tools/sdk/esp32s3/include/hal/esp32s3/include -I/home/franstein/.platformio/packages/framework-arduinoespressif32@src-537c58760dafe7fcc8a1d9bbcf00b6f6/tools/sdk/esp32s3/include/hal/include -I/home/franstein/.platformio/packages/framework-arduinoespressif32@src-537c58760dafe7fcc8a1d9bbcf00b6f6/tools/sdk/esp32s3/include/hal/platform_port/include -I/home/franstein/.platformio/packages/framework-arduinoespressif32@src-537c58760dafe7fcc8a1d9bbcf00b6f6/tools/sdk/esp32s3/include/esp_rom/include -I/home/franstein/.platformio/packages/framework-arduinoespressif32@src-537c58760dafe7fcc8a1d9bbcf00b6f6/tools/sdk/esp32s3/include/esp_rom/include/esp32s3 -I/home/franstein/.platformio/packages/framework-arduinoespressif32@src-537c58760dafe7fcc8a1d9bbcf00b6f6/tools/sdk/esp32s3/include/esp_rom/esp32s3 -I/home/franstein/.platformio/packages/framework-arduinoespressif32@src-537c58760dafe7fcc8a1d9bbcf00b6f6/tools/sdk/esp32s3/include/esp_common/include -I/home/franstein/.platformio/packages/framework-arduinoespressif32@src-537c58760dafe7fcc8a1d9bbcf00b6f6/tools/sdk/esp32s3/include/esp_system/include -I/home/franstein/.platformio/packages/framework-arduinoespressif32@src-537c58760dafe7fcc8a1d9bbcf00b6f6/tools/sdk/esp32s3/include/esp_system/port/soc -I/home/franstein/.platformio/packages/framework-arduinoespressif32@src-537c58760dafe7fcc8a1d9bbcf00b6f6/tools/sdk/esp32s3/include/esp_system/port/public_compat -I/home/franstein/.platformio/packages/framework-arduinoespressif32@src-537c58760dafe7fcc8a1d9bbcf00b6f6/tools/sdk/esp32s3/include/xtensa/include -I/home/franstein/.platformio/packages/framework-arduinoespressif32@src-537c58760dafe7fcc8a1d9bbcf00b6f6/tools/sdk/esp32s3/include/xtensa/esp32s3/include -I/home/franstein/.platformio/packages/framework-arduinoespressif32@src-537c58760dafe7fcc8a1d9bbcf00b6f6/tools/sdk/esp32s3/include/driver/include -I/home/franstein/.platformio/packages/framework-arduinoespressif32@src-537c58760dafe7fcc8a1d9bbcf00b6f6/tools/sdk/esp32s3/include/driver/esp32s3/include -I/home/franstein/.platformio/packages/framework-arduinoespressif32@src-537c58760dafe7fcc8a1d9bbcf00b6f6/tools/sdk/esp32s3/include/esp_pm/include -I/home/franstein/.platformio/packages/framework-arduinoespressif32@src-537c58760dafe7fcc8a1d9bbcf00b6f6/tools/sdk/esp32s3/include/esp_ringbuf/include -I/home/franstein/.platformio/packages/framework-arduinoespressif32@src-537c58760dafe7fcc8a1d9bbcf00b6f6/tools/sdk/esp32s3/include/efuse/include -I/home/franstein/.platformio/packages/framework-arduinoespressif32@src-537c58760dafe7fcc8a1d9bbcf00b6f6/tools/sdk/esp32s3/include/efuse/esp32s3/include -I/home/franstein/.platformio/packages/framework-arduinoespressif32@src-537c58760dafe7fcc8a1d9bbcf00b6f6/tools/sdk/esp32s3/include/vfs/include -I/home/franstein/.platformio/packages/framework-arduinoespressif32@src-537c58760dafe7fcc8a1d9bbcf00b6f6/tools/sdk/esp32s3/include/esp_wifi/include -I/home/franstein/.platformio/packages/framework-arduinoespressif32@src-537c58760dafe7fcc8a1d9bbcf00b6f6/tools/sdk/esp32s3/include/esp_event/include -I/home/franstein/.platformio/packages/framework-arduinoespressif32@src-537c58760dafe7fcc8a1d9bbcf00b6f6/tools/sdk/esp32s3/include/esp_netif/include -I/home/franstein/.platformio/packages/framework-arduinoespressif32@src-537c58760dafe7fcc8a1d9bbcf00b6f6/tools/sdk/esp32s3/include/esp_eth/include -I/home/franstein/.platformio/packages/framework-arduinoespressif32@src-537c58760dafe7fcc8a1d9bbcf00b6f6/tools/sdk/esp32s3/include/tcpip_adapter/include -I/home/franstein/.platformio/packages/framework-arduinoespressif32@src-537c58760dafe7fcc8a1d9bbcf00b6f6/tools/sdk/esp32s3/include/esp_phy/include -I/home/franstein/.platformio/packages/framework-arduinoespressif32@src-537c58760dafe7fcc8a1d9bbcf00b6f6/tools/sdk/esp32s3/include/esp_phy/esp32s3/include -I/home/franstein/.platformio/packages/framework-arduinoespressif32@src-537c58760dafe7fcc8a1d9bbcf00b6f6/tools/sdk/esp32s3/include/esp_ipc/include -I/home/franstein/.platformio/packages/framework-arduinoespressif32@src-537c58760dafe7fcc8a1d9bbcf00b6f6/tools/sdk/esp32s3/include/app_trace/include -I/home/franstein/.platformio/packages/framework-arduinoespressif32@src-537c58760dafe7fcc8a1d9bbcf00b6f6/tools/sdk/esp32s3/include/esp_timer/include -I/home/franstein/.platformio/packages/framework-arduinoespressif32@src-537c58760dafe7fcc8a1d9bbcf00b6f6/tools/sdk/esp32s3/include/mbedtls/port/include -I/home/franstein/.platformio/packages/framework-arduinoespressif32@src-537c58760dafe7fcc8a1d9bbcf00b6f6/tools/sdk/esp32s3/include/mbedtls/mbedtls/include -I/home/franstein/.platformio/packages/framework-arduinoespressif32@src-537c58760dafe7fcc8a1d9bbcf00b6f6/tools/sdk/esp32s3/include/mbedtls/esp_crt_bundle/include -I/home/franstein/.platformio/packages/framework-arduinoespressif32@src-537c58760dafe7fcc8a1d9bbcf00b6f6/tools/sdk/esp32s3/include/app_update/include -I/home/franstein/.platformio/packages/framework-arduinoespressif32@src-537c58760dafe7fcc8a1d9bbcf00b6f6/tools/sdk/esp32s3/include/spi_flash/include -I/home/franstein/.platformio/packages/framework-arduinoespressif32@src-537c58760dafe7fcc8a1d9bbcf00b6f6/tools/sdk/esp32s3/include/bootloader_support/include -I/home/franstein/.platformio/packages/framework-arduinoespressif32@src-537c58760dafe7fcc8a1d9bbcf00b6f6/tools/sdk/esp32s3/include/nvs_flash/include -I/home/franstein/.platformio/packages/framework-arduinoespressif32@src-537c58760dafe7fcc8a1d9bbcf00b6f6/tools/sdk/esp32s3/include/pthread/include -I/home/franstein/.platformio/packages/framework-arduinoespressif32@src-537c58760dafe7fcc8a1d9bbcf00b6f6/tools/sdk/esp32s3/include/esp_gdbstub/include -I/home/franstein/.platformio/packages/framework-arduinoespressif32@src-537c58760dafe7fcc8a1d9bbcf00b6f6/tools/sdk/esp32s3/include/esp_gdbstub/xtensa -I/home/franstein/.platformio/packages/framework-arduinoespressif32@src-537c58760dafe7fcc8a1d9bbcf00b6f6/tools/sdk/esp32s3/include/esp_gdbstub/esp32s3 -I/home/franstein/.platformio/packages/framework-arduinoespressif32@src-537c58760dafe7fcc8a1d9bbcf00b6f6/tools/sdk/esp32s3/include/espcoredump/include -I/home/franstein/.platformio/packages/framework-arduinoespressif32@src-537c58760dafe7fcc8a1d9bbcf00b6f6/tools/sdk/esp32s3/include/espcoredump/include/port/xtensa -I/home/franstein/.platformio/packages/framework-arduinoespressif32@src-537c58760dafe7fcc8a1d9bbcf00b6f6/tools/sdk/esp32s3/include/wpa_supplicant/include -I/home/franstein/.platformio/packages/framework-arduinoespressif32@src-537c58760dafe7fcc8a1d9bbcf00b6f6/tools/sdk/esp32s3/include/wpa_supplicant/port/include -I/home/franstein/.platformio/packages/framework-arduinoespressif32@src-537c58760dafe7fcc8a1d9bbcf00b6f6/tools/sdk/esp32s3/include/wpa_supplicant/esp_supplicant/include -I/home/franstein/.platformio/packages/framework-arduinoespressif32@src-537c58760dafe7fcc8a1d9bbcf00b6f6/tools/sdk/esp32s3/include/ieee802154/include -I/home/franstein/.platformio/packages/framework-arduinoespressif32@src-537c58760dafe7fcc8a1d9bbcf00b6f6/tools/sdk/esp32s3/include/console -I/home/franstein/.platformio/packages/framework-arduinoespressif32@src-537c58760dafe7fcc8a1d9bbcf00b6f6/tools/sdk/esp32s3/include/asio/asio/asio/include -I/home/franstein/.platformio/packages/framework-arduinoespressif32@src-537c58760dafe7fcc8a1d9bbcf00b6f6/tools/sdk/esp32s3/include/asio/port/include -I/home/franstein/.platformio/packages/framework-arduinoespressif32@src-537c58760dafe7fcc8a1d9bbcf00b6f6/tools/sdk/esp32s3/include/bt/common/osi/include -I/home/franstein/.platformio/packages/framework-arduinoespressif32@src-537c58760dafe7fcc8a1d9bbcf00b6f6/tools/sdk/esp32s3/include/bt/include/esp32s3/include -I/home/franstein/.platformio/packages/framework-arduinoespressif32@src-537c58760dafe7fcc8a1d9bbcf00b6f6/tools/sdk/esp32s3/include/bt/common/api/include/api -I/home/franstein/.platformio/packages/framework-arduinoespressif32@src-537c58760dafe7fcc8a1d9bbcf00b6f6/tools/sdk/esp32s3/include/bt/common/btc/profile/esp/blufi/include -I/home/franstein/.platformio/packages/framework-arduinoespressif32@src-537c58760dafe7fcc8a1d9bbcf00b6f6/tools/sdk/esp32s3/include/bt/common/btc/profile/esp/include -I/home/franstein/.platformio/packages/framework-arduinoespressif32@src-537c58760dafe7fcc8a1d9bbcf00b6f6/tools/sdk/esp32s3/include/bt/host/bluedroid/api/include/api -I/home/franstein/.platformio/packages/framework-arduinoespressif32@src-537c58760dafe7fcc8a1d9bbcf00b6f6/tools/sdk/esp32s3/include/bt/esp_ble_mesh/mesh_common/include -I/home/franstein/.platformio/packages/framework-arduinoespressif32@src-537c58760dafe7fcc8a1d9bbcf00b6f6/tools/sdk/esp32s3/include/bt/esp_ble_mesh/mesh_common/tinycrypt/include -I/home/franstein/.platformio/packages/framework-arduinoespressif32@src-537c58760dafe7fcc8a1d9bbcf00b6f6/tools/sdk/esp32s3/include/bt/esp_ble_mesh/mesh_core -I/home/franstein/.platformio/packages/framework-arduinoespressif32@src-537c58760dafe7fcc8a1d9bbcf00b6f6/tools/sdk/esp32s3/include/bt/esp_ble_mesh/mesh_core/include -I/home/franstein/.platformio/packages/framework-arduinoespressif32@src-537c58760dafe7fcc8a1d9bbcf00b6f6/tools/sdk/esp32s3/include/bt/esp_ble_mesh/mesh_core/storage -I/home/franstein/.platformio/packages/framework-arduinoespressif32@src-537c58760dafe7fcc8a1d9bbcf00b6f6/tools/sdk/esp32s3/include/bt/esp_ble_mesh/btc/include -I/home/franstein/.platformio/packages/framework-arduinoespressif32@src-537c58760dafe7fcc8a1d9bbcf00b6f6/tools/sdk/esp32s3/include/bt/esp_ble_mesh/mesh_models/common/include -I/home/franstein/.platformio/packages/framework-arduinoespressif32@src-537c58760dafe7fcc8a1d9bbcf00b6f6/tools/sdk/esp32s3/include/bt/esp_ble_mesh/mesh_models/client/include -I/home/franstein/.platformio/packages/framework-arduinoespressif32@src-537c58760dafe7fcc8a1d9bbcf00b6f6/tools/sdk/esp32s3/include/bt/esp_ble_mesh/mesh_models/server/include -I/home/franstein/.platformio/packages/framework-arduinoespressif32@src-537c58760dafe7fcc8a1d9bbcf00b6f6/tools/sdk/esp32s3/include/bt/esp_ble_mesh/api/core/include -I/home/franstein/.platformio/packages/framework-arduinoespressif32@src-537c58760dafe7fcc8a1d9bbcf00b6f6/tools/sdk/esp32s3/include/bt/esp_ble_mesh/api/models/include -I/home/franstein/.platformio/packages/framework-arduinoespressif32@src-537c58760dafe7fcc8a1d9bbcf00b6f6/tools/sdk/esp32s3/include/bt/esp_ble_mesh/api -I/home/franstein/.platformio/packages/framework-arduinoespressif32@src-537c58760dafe7fcc8a1d9bbcf00b6f6/tools/sdk/esp32s3/include/cbor/port/include -I/home/franstein/.platformio/packages/framework-arduinoespressif32@src-537c58760dafe7fcc8a1d9bbcf00b6f6/tools/sdk/esp32s3/include/unity/include -I/home/franstein/.platformio/packages/framework-arduinoespressif32@src-537c58760dafe7fcc8a1d9bbcf00b6f6/tools/sdk/esp32s3/include/unity/unity/src -I/home/franstein/.platformio/packages/framework-arduinoespressif32@src-537c58760dafe7fcc8a1d9bbcf00b6f6/tools/sdk/esp32s3/include/cmock/CMock/src -I/home/franstein/.platformio/packages/framework-arduinoespressif32@src-537c58760dafe7fcc8a1d9bbcf00b6f6/tools/sdk/esp32s3/include/coap/port/include -I/home/franstein/.platformio/packages/framework-arduinoespressif32@src-537c58760dafe7fcc8a1d9bbcf00b6f6/tools/sdk/esp32s3/include/coap/libcoap/include -I/home/franstein/.platformio/packages/framework-arduinoespressif32@src-537c58760dafe7fcc8a1d9bbcf00b6f6/tools/sdk/esp32s3/include/nghttp/port/include -I/home/franstein/.platformio/packages/framework-arduinoespressif32@src-537c58760dafe7fcc8a1d9bbcf00b6f6/tools/sdk/esp32s3/include/nghttp/nghttp2/lib/includes -I/home/franstein/.platformio/packages/framework-arduinoespressif32@src-537c58760dafe7fcc8a1d9bbcf00b6f6/tools/sdk/esp32s3/include/esp-tls -I/home/franstein/.platformio/packages/framework-arduinoespressif32@src-537c58760dafe7fcc8a1d9bbcf00b6f6/tools/sdk/esp32s3/include/esp-tls/esp-tls-crypto -I/home/franstein/.platformio/packages/framework-arduinoespressif32@src-537c58760dafe7fcc8a1d9bbcf00b6f6/tools/sdk/esp32s3/include/esp_adc_cal/include -I/home/franstein/.platformio/packages/framework-arduinoespressif32@src-537c58760dafe7fcc8a1d9bbcf00b6f6/tools/sdk/esp32s3/include/esp_hid/include -I/home/franstein/.platformio/packages/framework-arduinoespressif32@src-537c58760dafe7fcc8a1d9bbcf00b6f6/tools/sdk/esp32s3/include/tcp_transport/include -I/home/franstein/.platformio/packages/framework-arduinoespressif32@src-537c58760dafe7fcc8a1d9bbcf00b6f6/tools/sdk/esp32s3/include/esp_http_client/include -I/home/franstein/.platformio/packages/framework-arduinoespressif32@src-537c58760dafe7fcc8a1d9bbcf00b6f6/tools/sdk/esp32s3/include/esp_http_server/include -I/home/franstein/.platformio/packages/framework-arduinoespressif32@src-537c58760dafe7fcc8a1d9bbcf00b6f6/tools/sdk/esp32s3/include/esp_https_ota/include -I/home/franstein/.platformio/packages/framework-arduinoespressif32@src-537c58760dafe7fcc8a1d9bbcf00b6f6/tools/sdk/esp32s3/include/esp_https_server/include -I/home/franstein/.platformio/packages/framework-arduinoespressif32@src-537c58760dafe7fcc8a1d9bbcf00b6f6/tools/sdk/esp32s3/include/esp_lcd/include -I/home/franstein/.platformio/packages/framework-arduinoespressif32@src-537c58760dafe7fcc8a1d9bbcf00b6f6/tools/sdk/esp32s3/include/esp_lcd/interface -I/home/franstein/.platformio/packages/framework-arduinoespressif32@src-537c58760dafe7fcc8a1d9bbcf00b6f6/tools/sdk/esp32s3/include/protobuf-c/protobuf-c -I/home/franstein/.platformio/packages/framework-arduinoespressif32@src-537c58760dafe7fcc8a1d9bbcf00b6f6/tools/sdk/esp32s3/include/protocomm/include/common -I/home/franstein/.platformio/packages/framework-arduinoespressif32@src-537c58760dafe7fcc8a1d9bbcf00b6f6/tools/sdk/esp32s3/include/protocomm/include/security -I/home/franstein/.platformio/packages/framework-arduinoespressif32@src-537c58760dafe7fcc8a1d9bbcf00b6f6/tools/sdk/esp32s3/include/protocomm/include/transports -I/home/franstein/.platformio/packages/framework-arduinoespressif32@src-537c58760dafe7fcc8a1d9bbcf00b6f6/tools/sdk/esp32s3/include/mdns/include -I/home/franstein/.platformio/packages/framework-arduinoespressif32@src-537c58760dafe7fcc8a1d9bbcf00b6f6/tools/sdk/esp32s3/include/esp_local_ctrl/include -I/home/franstein/.platformio/packages/framework-arduinoespressif32@src-537c58760dafe7fcc8a1d9bbcf00b6f6/tools/sdk/esp32s3/include/sdmmc/include -I/home/franstein/.platformio/packages/framework-arduinoespressif32@src-537c58760dafe7fcc8a1d9bbcf00b6f6/tools/sdk/esp32s3/include/esp_serial_slave_link/include -I/home/franstein/.platformio/packages/framework-arduinoespressif32@src-537c58760dafe7fcc8a1d9bbcf00b6f6/tools/sdk/esp32s3/include/esp_websocket_client/include -I/home/franstein/.platformio/packages/framework-arduinoespressif32@src-537c58760dafe7fcc8a1d9bbcf00b6f6/tools/sdk/esp32s3/include/expat/expat/expat/lib -I/home/franstein/.platformio/packages/framework-arduinoespressif32@src-537c58760dafe7fcc8a1d9bbcf00b6f6/tools/sdk/esp32s3/include/expat/port/include -I/home/franstein/.platformio/packages/framework-arduinoespressif32@src-537c58760dafe7fcc8a1d9bbcf00b6f6/tools/sdk/esp32s3/include/wear_levelling/include -I/home/franstein/.platformio/packages/framework-arduinoespressif32@src-537c58760dafe7fcc8a1d9bbcf00b6f6/tools/sdk/esp32s3/include/fatfs/diskio -I/home/franstein/.platformio/packages/framework-arduinoespressif32@src-537c58760dafe7fcc8a1d9bbcf00b6f6/tools/sdk/esp32s3/include/fatfs/vfs -I/home/franstein/.platformio/packages/framework-arduinoespressif32@src-537c58760dafe7fcc8a1d9bbcf00b6f6/tools/sdk/esp32s3/include/fatfs/src -I/home/franstein/.platformio/packages/framework-arduinoespressif32@src-537c58760dafe7fcc8a1d9bbcf00b6f6/tools/sdk/esp32s3/include/freemodbus/common/include -I/home/franstein/.platformio/packages/framework-arduinoespressif32@src-537c58760dafe7fcc8a1d9bbcf00b6f6/tools/sdk/esp32s3/include/idf_test/include -I/home/franstein/.platformio/packages/framework-arduinoespressif32@src-537c58760dafe7fcc8a1d9bbcf00b6f6/tools/sdk/esp32s3/include/idf_test/include/esp32s3 -I/home/franstein/.platformio/packages/framework-arduinoespressif32@src-537c58760dafe7fcc8a1d9bbcf00b6f6/tools/sdk/esp32s3/include/jsmn/include -I/home/franstein/.platformio/packages/framework-arduinoespressif32@src-537c58760dafe7fcc8a1d9bbcf00b6f6/tools/sdk/esp32s3/include/json/cJSON -I/home/franstein/.platformio/packages/framework-arduinoespressif32@src-537c58760dafe7fcc8a1d9bbcf00b6f6/tools/sdk/esp32s3/include/libsodium/libsodium/src/libsodium/include -I/home/franstein/.platformio/packages/framework-arduinoespressif32@src-537c58760dafe7fcc8a1d9bbcf00b6f6/tools/sdk/esp32s3/include/libsodium/port_include -I/home/franstein/.platformio/packages/framework-arduinoespressif32@src-537c58760dafe7fcc8a1d9bbcf00b6f6/tools/sdk/esp32s3/include/mqtt/esp-mqtt/include -I/home/franstein/.platformio/packages/framework-arduinoespressif32@src-537c58760dafe7fcc8a1d9bbcf00b6f6/tools/sdk/esp32s3/include/openssl/include -I/home/franstein/.platformio/packages/framework-arduinoespressif32@src-537c58760dafe7fcc8a1d9bbcf00b6f6/tools/sdk/esp32s3/include/perfmon/include -I/home/franstein/.platformio/packages/framework-arduinoespressif32@src-537c58760dafe7fcc8a1d9bbcf00b6f6/tools/sdk/esp32s3/include/spiffs/include -I/home/franstein/.platformio/packages/framework-arduinoespressif32@src-537c58760dafe7fcc8a1d9bbcf00b6f6/tools/sdk/esp32s3/include/usb/include -I/home/franstein/.platformio/packages/framework-arduinoespressif32@src-537c58760dafe7fcc8a1d9bbcf00b6f6/tools/sdk/esp32s3/include/ulp/include -I/home/franstein/.platformio/packages/framework-arduinoespressif32@src-537c58760dafe7fcc8a1d9bbcf00b6f6/tools/sdk/esp32s3/include/wifi_provisioning/include -I/home/franstein/.platformio/packages/framework-arduinoespressif32@src-537c58760dafe7fcc8a1d9bbcf00b6f6/tools/sdk/esp32s3/include/rmaker_common/include -I/home/franstein/.platformio/packages/framework-arduinoespressif32@src-537c58760dafe7fcc8a1d9bbcf00b6f6/tools/sdk/esp32s3/include/json_parser/upstream/include -I/home/franstein/.platformio/packages/framework-arduinoespressif32@src-537c58760dafe7fcc8a1d9bbcf00b6f6/tools/sdk/esp32s3/include/json_parser/upstream -I/home/franstein/.platformio/packages/framework-arduinoespressif32@src-537c58760dafe7fcc8a1d9bbcf00b6f6/tools/sdk/esp32s3/include/json_generator/upstream -I/home/franstein/.platformio/packages/framework-arduinoespressif32@src-537c58760dafe7fcc8a1d9bbcf00b6f6/tools/sdk/esp32s3/include/esp_schedule/include -I/home/franstein/.platformio/packages/framework-arduinoespressif32@src-537c58760dafe7fcc8a1d9bbcf00b6f6/tools/sdk/esp32s3/include/esp_rainmaker/include -I/home/franstein/.platformio/packages/framework-arduinoespressif32@src-537c58760dafe7fcc8a1d9bbcf00b6f6/tools/sdk/esp32s3/include/gpio_button/button/include -I/home/franstein/.platformio/packages/framework-arduinoespressif32@src-537c58760dafe7fcc8a1d9bbcf00b6f6/tools/sdk/esp32s3/include/qrcode/include -I/home/franstein/.platformio/packages/framework-arduinoespressif32@src-537c58760dafe7fcc8a1d9bbcf00b6f6/tools/sdk/esp32s3/include/ws2812_led -I/home/franstein/.platformio/packages/framework-arduinoespressif32@src-537c58760dafe7fcc8a1d9bbcf00b6f6/tools/sdk/esp32s3/include/esp_diagnostics/include -I/home/franstein/.platformio/packages/framework-arduinoespressif32@src-537c58760dafe7fcc8a1d9bbcf00b6f6/tools/sdk/esp32s3/include/rtc_store/include -I/home/franstein/.platformio/packages/framework-arduinoespressif32@src-537c58760dafe7fcc8a1d9bbcf00b6f6/tools/sdk/esp32s3/include/esp_insights/include -I/home/franstein/.platformio/packages/framework-arduinoespressif32@src-537c58760dafe7fcc8a1d9bbcf00b6f6/tools/sdk/esp32s3/include/esp-dsp/modules/dotprod/include -I/home/franstein/.platformio/packages/framework-arduinoespressif32@src-537c58760dafe7fcc8a1d9bbcf00b6f6/tools/sdk/esp32s3/include/esp-dsp/modules/support/include -I/home/franstein/.platformio/packages/framework-arduinoespressif32@src-537c58760dafe7fcc8a1d9bbcf00b6f6/tools/sdk/esp32s3/include/esp-dsp/modules/windows/include -I/home/franstein/.platformio/packages/framework-arduinoespressif32@src-537c58760dafe7fcc8a1d9bbcf00b6f6/tools/sdk/esp32s3/include/esp-dsp/modules/windows/hann/include -I/home/franstein/.platformio/packages/framework-arduinoespressif32@src-537c58760dafe7fcc8a1d9bbcf00b6f6/tools/sdk/esp32s3/include/esp-dsp/modules/windows/blackman/include -I/home/franstein/.platformio/packages/framework-arduinoespressif32@src-537c58760dafe7fcc8a1d9bbcf00b6f6/tools/sdk/esp32s3/include/esp-dsp/modules/windows/blackman_harris/include -I/home/franstein/.platformio/packages/framework-arduinoespressif32@src-537c58760dafe7fcc8a1d9bbcf00b6f6/tools/sdk/esp32s3/include/esp-dsp/modules/windows/blackman_nuttall/include -I/home/franstein/.platformio/packages/framework-arduinoespressif32@src-537c58760dafe7fcc8a1d9bbcf00b6f6/tools/sdk/esp32s3/include/esp-dsp/modules/windows/nuttall/include -I/home/franstein/.platformio/packages/framework-arduinoespressif32@src-537c58760dafe7fcc8a1d9bbcf00b6f6/tools/sdk/esp32s3/include/esp-dsp/modules/windows/flat_top/include -I/home/franstein/.platformio/packages/framework-arduinoespressif32@src-537c58760dafe7fcc8a1d9bbcf00b6f6/tools/sdk/esp32s3/include/esp-dsp/modules/iir/include -I/home/franstein/.platformio/packages/framework-arduinoespressif32@src-537c58760dafe7fcc8a1d9bbcf00b6f6/tools/sdk/esp32s3/include/esp-dsp/modules/fir/include -I/home/franstein/.platformio/packages/framework-arduinoespressif32@src-537c58760dafe7fcc8a1d9bbcf00b6f6/tools/sdk/esp32s3/include/esp-dsp/modules/math/include -I/home/franstein/.platformio/packages/framework-arduinoespressif32@src-537c58760dafe7fcc8a1d9bbcf00b6f6/tools/sdk/esp32s3/include/esp-dsp/modules/math/add/include -I/home/franstein/.platformio/packages/framework-arduinoespressif32@src-537c58760dafe7fcc8a1d9bbcf00b6f6/tools/sdk/esp32s3/include/esp-dsp/modules/math/sub/include -I/home/franstein/.platformio/packages/framework-arduinoespressif32@src-537c58760dafe7fcc8a1d9bbcf00b6f6/tools/sdk/esp32s3/include/esp-dsp/modules/math/mul/include -I/home/franstein/.platformio/packages/framework-arduinoespressif32@src-537c58760dafe7fcc8a1d9bbcf00b6f6/tools/sdk/esp32s3/include/esp-dsp/modules/math/addc/include -I/home/franstein/.platformio/packages/framework-arduinoespressif32@src-537c58760dafe7fcc8a1d9bbcf00b6f6/tools/sdk/esp32s3/include/esp-dsp/modules/math/mulc/include -I/home/franstein/.platformio/packages/framework-arduinoespressif32@src-537c58760dafe7fcc8a1d9bbcf00b6f6/tools/sdk/esp32s3/include/esp-dsp/modules/math/sqrt/include -I/home/franstein/.platformio/packages/framework-arduinoespressif32@src-537c58760dafe7fcc8a1d9bbcf00b6f6/tools/sdk/esp32s3/include/esp-dsp/modules/matrix/include -I/home/franstein/.platformio/packages/framework-arduinoespressif32@src-537c58760dafe7fcc8a1d9bbcf00b6f6/tools/sdk/esp32s3/include/esp-dsp/modules/fft/include -I/home/franstein/.platformio/packages/framework-arduinoespressif32@src-537c58760dafe7fcc8a1d9bbcf00b6f6/tools/sdk/esp32s3/include/esp-dsp/modules/dct/include -I/home/franstein/.platformio/packages/framework-arduinoespressif32@src-537c58760dafe7fcc8a1d9bbcf00b6f6/tools/sdk/esp32s3/include/esp-dsp/modules/conv/include -I/home/franstein/.platformio/packages/framework-arduinoespressif32@src-537c58760dafe7fcc8a1d9bbcf00b6f6/tools/sdk/esp32s3/include/esp-dsp/modules/common/include -I/home/franstein/.platformio/packages/framework-arduinoespressif32@src-537c58760dafe7fcc8a1d9bbcf00b6f6/tools/sdk/esp32s3/include/esp-dsp/modules/kalman/ekf/include -I/home/franstein/.platformio/packages/framework-arduinoespressif32@src-537c58760dafe7fcc8a1d9bbcf00b6f6/tools/sdk/esp32s3/include/esp-dsp/modules/kalman/ekf_imu13states/include -I/home/franstein/.platformio/packages/framework-arduinoespressif32@src-537c58760dafe7fcc8a1d9bbcf00b6f6/tools/sdk/esp32s3/include/freertos/include/freertos -I/home/franstein/.platformio/packages/framework-arduinoespressif32@src-537c58760dafe7fcc8a1d9bbcf00b6f6/tools/sdk/esp32s3/include/arduino_tinyusb/tinyusb/src -I/home/franstein/.platformio/packages/framework-arduinoespressif32@src-537c58760dafe7fcc8a1d9bbcf00b6f6/tools/sdk/esp32s3/include/arduino_tinyusb/include -I/home/franstein/.platformio/packages/framework-arduinoespressif32@src-537c58760dafe7fcc8a1d9bbcf00b6f6/tools/sdk/esp32s3/include/esp_littlefs/include -I/home/franstein/.platformio/packages/framework-arduinoespressif32@src-537c58760dafe7fcc8a1d9bbcf00b6f6/tools/sdk/esp32s3/include/esp-dl/include -I/home/franstein/.platformio/packages/framework-arduinoespressif32@src-537c58760dafe7fcc8a1d9bbcf00b6f6/tools/sdk/esp32s3/include/esp-dl/include/tool -I/home/franstein/.platformio/packages/framework-arduinoespressif32@src-537c58760dafe7fcc8a1d9bbcf00b6f6/tools/sdk/esp32s3/include/esp-dl/include/typedef -I/home/franstein/.platformio/packages/framework-arduinoespressif32@src-537c58760dafe7fcc8a1d9bbcf00b6f6/tools/sdk/esp32s3/include/esp-dl/include/image -I/home/franstein/.platformio/packages/framework-arduinoespressif32@src-537c58760dafe7fcc8a1d9bbcf00b6f6/tools/sdk/esp32s3/include/esp-dl/include/math -I/home/franstein/.platformio/packages/framework-arduinoespressif32@src-537c58760dafe7fcc8a1d9bbcf00b6f6/tools/sdk/esp32s3/include/esp-dl/include/nn -I/home/franstein/.platformio/packages/framework-arduinoespressif32@src-537c58760dafe7fcc8a1d9bbcf00b6f6/tools/sdk/esp32s3/include/esp-dl/include/layer -I/home/franstein/.platformio/packages/framework-arduinoespressif32@src-537c58760dafe7fcc8a1d9bbcf00b6f6/tools/sdk/esp32s3/include/esp-dl/include/detect -I/home/franstein/.platformio/packages/framework-arduinoespressif32@src-537c58760dafe7fcc8a1d9bbcf00b6f6/tools/sdk/esp32s3/include/esp-dl/include/model_zoo -I/home/franstein/.platformio/packages/framework-arduinoespressif32@src-537c58760dafe7fcc8a1d9bbcf00b6f6/tools/sdk/esp32s3/include/esp-sr/src/include -I/home/franstein/.platformio/packages/framework-arduinoespressif32@src-537c58760dafe7fcc8a1d9bbcf00b6f6/tools/sdk/esp32s3/include/esp-sr/esp-tts/esp_tts_chinese/include -I/home/franstein/.platformio/packages/framework-arduinoespressif32@src-537c58760dafe7fcc8a1d9bbcf00b6f6/tools/sdk/esp32s3/include/esp-sr/include/esp32s3 -I/home/franstein/.platformio/packages/framework-arduinoespressif32@src-537c58760dafe7fcc8a1d9bbcf00b6f6/tools/sdk/esp32s3/include/esp32-camera/driver/include -I/home/franstein/.platformio/packages/framework-arduinoespressif32@src-537c58760dafe7fcc8a1d9bbcf00b6f6/tools/sdk/esp32s3/include/esp32-camera/conversions/include -I/home/franstein/.platformio/packages/framework-arduinoespressif32@src-537c58760dafe7fcc8a1d9bbcf00b6f6/tools/sdk/esp32s3/include/fb_gfx/include -I/home/franstein/.platformio/packages/framework-arduinoespressif32@src-537c58760dafe7fcc8a1d9bbcf00b6f6/tools/sdk/esp32s3/qio_opi/include -I/home/franstein/.platformio/packages/framework-arduinoespressif32@src-537c58760dafe7fcc8a1d9bbcf00b6f6/cores/esp32 -I/home/franstein/.platformio/packages/framework-arduinoespressif32@src-537c58760dafe7fcc8a1d9bbcf00b6f6/variants/esp32s3 /home/franstein/.platformio/packages/framework-arduinoespressif32@src-537c58760dafe7fcc8a1d9bbcf00b6f6/cores/esp32/esp32-hal-uart.c
xtensa-esp32s3-elf-gcc -o .pio/build/esp32/FrameworkArduino/firmware_msc_fat.c.o -c -std=gnu99 -Wno-old-style-declaration -Os -mlongcalls -ffunction-sections -fdata-sections -Wno-error=unused-function -Wno-error=unused-variable -Wno-error=deprecated-declarations -Wno-unused-parameter -Wno-sign-compare -ggdb -freorder-blocks -Wwrite-strings -fstack-protector -fstrict-volatile-bitfields -Wno-error=unused-but-set-variable -fno-jump-tables -fno-tree-switch-conversion -MMD -DPLATFORMIO=60107 -DBOARD_HAS_PSRAM -DARDUINO_USB_MODE=1 -DARDUINO_USB_CDC_ON_BOOT=1 -DHAVE_CONFIG_H -DMBEDTLS_CONFIG_FILE=\"mbedtls/esp_config.h\" -DUNITY_INCLUDE_CONFIG_H -DWITH_POSIX -D_GNU_SOURCE -DIDF_VER=\"v4.4.3\" -DESP_PLATFORM -D_POSIX_READER_WRITER_LOCKS -DARDUINO_ARCH_ESP32 -DESP32 -DF_CPU=240000000L -DARDUINO=10812 -DARDUINO_VARIANT=\"esp32s3\" "-DARDUINO_BOARD=\"LILYGO T3-S3\"" -DARDUINO_PARTITION_default -I/home/franstein/.platformio/packages/framework-arduinoespressif32@src-537c58760dafe7fcc8a1d9bbcf00b6f6/tools/sdk/esp32s3/include/newlib/platform_include -I/home/franstein/.platformio/packages/framework-arduinoespressif32@src-537c58760dafe7fcc8a1d9bbcf00b6f6/tools/sdk/esp32s3/include/freertos/include -I/home/franstein/.platformio/packages/framework-arduinoespressif32@src-537c58760dafe7fcc8a1d9bbcf00b6f6/tools/sdk/esp32s3/include/freertos/include/esp_additions/freertos -I/home/franstein/.platformio/packages/framework-arduinoespressif32@src-537c58760dafe7fcc8a1d9bbcf00b6f6/tools/sdk/esp32s3/include/freertos/port/xtensa/include -I/home/franstein/.platformio/packages/framework-arduinoespressif32@src-537c58760dafe7fcc8a1d9bbcf00b6f6/tools/sdk/esp32s3/include/freertos/include/esp_additions -I/home/franstein/.platformio/packages/framework-arduinoespressif32@src-537c58760dafe7fcc8a1d9bbcf00b6f6/tools/sdk/esp32s3/include/esp_hw_support/include -I/home/franstein/.platformio/packages/framework-arduinoespressif32@src-537c58760dafe7fcc8a1d9bbcf00b6f6/tools/sdk/esp32s3/include/esp_hw_support/include/soc -I/home/franstein/.platformio/packages/framework-arduinoespressif32@src-537c58760dafe7fcc8a1d9bbcf00b6f6/tools/sdk/esp32s3/include/esp_hw_support/include/soc/esp32s3 -I/home/franstein/.platformio/packages/framework-arduinoespressif32@src-537c58760dafe7fcc8a1d9bbcf00b6f6/tools/sdk/esp32s3/include/esp_hw_support/port/esp32s3 -I/home/franstein/.platformio/packages/framework-arduinoespressif32@src-537c58760dafe7fcc8a1d9bbcf00b6f6/tools/sdk/esp32s3/include/esp_hw_support/port/esp32s3/private_include -I/home/franstein/.platformio/packages/framework-arduinoespressif32@src-537c58760dafe7fcc8a1d9bbcf00b6f6/tools/sdk/esp32s3/include/heap/include -I/home/franstein/.platformio/packages/framework-arduinoespressif32@src-537c58760dafe7fcc8a1d9bbcf00b6f6/tools/sdk/esp32s3/include/log/include -I/home/franstein/.platformio/packages/framework-arduinoespressif32@src-537c58760dafe7fcc8a1d9bbcf00b6f6/tools/sdk/esp32s3/include/lwip/include/apps -I/home/franstein/.platformio/packages/framework-arduinoespressif32@src-537c58760dafe7fcc8a1d9bbcf00b6f6/tools/sdk/esp32s3/include/lwip/include/apps/sntp -I/home/franstein/.platformio/packages/framework-arduinoespressif32@src-537c58760dafe7fcc8a1d9bbcf00b6f6/tools/sdk/esp32s3/include/lwip/lwip/src/include -I/home/franstein/.platformio/packages/framework-arduinoespressif32@src-537c58760dafe7fcc8a1d9bbcf00b6f6/tools/sdk/esp32s3/include/lwip/port/esp32/include -I/home/franstein/.platformio/packages/framework-arduinoespressif32@src-537c58760dafe7fcc8a1d9bbcf00b6f6/tools/sdk/esp32s3/include/lwip/port/esp32/include/arch -I/home/franstein/.platformio/packages/framework-arduinoespressif32@src-537c58760dafe7fcc8a1d9bbcf00b6f6/tools/sdk/esp32s3/include/soc/include -I/home/franstein/.platformio/packages/framework-arduinoespressif32@src-537c58760dafe7fcc8a1d9bbcf00b6f6/tools/sdk/esp32s3/include/soc/esp32s3 -I/home/franstein/.platformio/packages/framework-arduinoespressif32@src-537c58760dafe7fcc8a1d9bbcf00b6f6/tools/sdk/esp32s3/include/soc/esp32s3/include -I/home/franstein/.platformio/packages/framework-arduinoespressif32@src-537c58760dafe7fcc8a1d9bbcf00b6f6/tools/sdk/esp32s3/include/hal/esp32s3/include -I/home/franstein/.platformio/packages/framework-arduinoespressif32@src-537c58760dafe7fcc8a1d9bbcf00b6f6/tools/sdk/esp32s3/include/hal/include -I/home/franstein/.platformio/packages/framework-arduinoespressif32@src-537c58760dafe7fcc8a1d9bbcf00b6f6/tools/sdk/esp32s3/include/hal/platform_port/include -I/home/franstein/.platformio/packages/framework-arduinoespressif32@src-537c58760dafe7fcc8a1d9bbcf00b6f6/tools/sdk/esp32s3/include/esp_rom/include -I/home/franstein/.platformio/packages/framework-arduinoespressif32@src-537c58760dafe7fcc8a1d9bbcf00b6f6/tools/sdk/esp32s3/include/esp_rom/include/esp32s3 -I/home/franstein/.platformio/packages/framework-arduinoespressif32@src-537c58760dafe7fcc8a1d9bbcf00b6f6/tools/sdk/esp32s3/include/esp_rom/esp32s3 -I/home/franstein/.platformio/packages/framework-arduinoespressif32@src-537c58760dafe7fcc8a1d9bbcf00b6f6/tools/sdk/esp32s3/include/esp_common/include -I/home/franstein/.platformio/packages/framework-arduinoespressif32@src-537c58760dafe7fcc8a1d9bbcf00b6f6/tools/sdk/esp32s3/include/esp_system/include -I/home/franstein/.platformio/packages/framework-arduinoespressif32@src-537c58760dafe7fcc8a1d9bbcf00b6f6/tools/sdk/esp32s3/include/esp_system/port/soc -I/home/franstein/.platformio/packages/framework-arduinoespressif32@src-537c58760dafe7fcc8a1d9bbcf00b6f6/tools/sdk/esp32s3/include/esp_system/port/public_compat -I/home/franstein/.platformio/packages/framework-arduinoespressif32@src-537c58760dafe7fcc8a1d9bbcf00b6f6/tools/sdk/esp32s3/include/xtensa/include -I/home/franstein/.platformio/packages/framework-arduinoespressif32@src-537c58760dafe7fcc8a1d9bbcf00b6f6/tools/sdk/esp32s3/include/xtensa/esp32s3/include -I/home/franstein/.platformio/packages/framework-arduinoespressif32@src-537c58760dafe7fcc8a1d9bbcf00b6f6/tools/sdk/esp32s3/include/driver/include -I/home/franstein/.platformio/packages/framework-arduinoespressif32@src-537c58760dafe7fcc8a1d9bbcf00b6f6/tools/sdk/esp32s3/include/driver/esp32s3/include -I/home/franstein/.platformio/packages/framework-arduinoespressif32@src-537c58760dafe7fcc8a1d9bbcf00b6f6/tools/sdk/esp32s3/include/esp_pm/include -I/home/franstein/.platformio/packages/framework-arduinoespressif32@src-537c58760dafe7fcc8a1d9bbcf00b6f6/tools/sdk/esp32s3/include/esp_ringbuf/include -I/home/franstein/.platformio/packages/framework-arduinoespressif32@src-537c58760dafe7fcc8a1d9bbcf00b6f6/tools/sdk/esp32s3/include/efuse/include -I/home/franstein/.platformio/packages/framework-arduinoespressif32@src-537c58760dafe7fcc8a1d9bbcf00b6f6/tools/sdk/esp32s3/include/efuse/esp32s3/include -I/home/franstein/.platformio/packages/framework-arduinoespressif32@src-537c58760dafe7fcc8a1d9bbcf00b6f6/tools/sdk/esp32s3/include/vfs/include -I/home/franstein/.platformio/packages/framework-arduinoespressif32@src-537c58760dafe7fcc8a1d9bbcf00b6f6/tools/sdk/esp32s3/include/esp_wifi/include -I/home/franstein/.platformio/packages/framework-arduinoespressif32@src-537c58760dafe7fcc8a1d9bbcf00b6f6/tools/sdk/esp32s3/include/esp_event/include -I/home/franstein/.platformio/packages/framework-arduinoespressif32@src-537c58760dafe7fcc8a1d9bbcf00b6f6/tools/sdk/esp32s3/include/esp_netif/include -I/home/franstein/.platformio/packages/framework-arduinoespressif32@src-537c58760dafe7fcc8a1d9bbcf00b6f6/tools/sdk/esp32s3/include/esp_eth/include -I/home/franstein/.platformio/packages/framework-arduinoespressif32@src-537c58760dafe7fcc8a1d9bbcf00b6f6/tools/sdk/esp32s3/include/tcpip_adapter/include -I/home/franstein/.platformio/packages/framework-arduinoespressif32@src-537c58760dafe7fcc8a1d9bbcf00b6f6/tools/sdk/esp32s3/include/esp_phy/include -I/home/franstein/.platformio/packages/framework-arduinoespressif32@src-537c58760dafe7fcc8a1d9bbcf00b6f6/tools/sdk/esp32s3/include/esp_phy/esp32s3/include -I/home/franstein/.platformio/packages/framework-arduinoespressif32@src-537c58760dafe7fcc8a1d9bbcf00b6f6/tools/sdk/esp32s3/include/esp_ipc/include -I/home/franstein/.platformio/packages/framework-arduinoespressif32@src-537c58760dafe7fcc8a1d9bbcf00b6f6/tools/sdk/esp32s3/include/app_trace/include -I/home/franstein/.platformio/packages/framework-arduinoespressif32@src-537c58760dafe7fcc8a1d9bbcf00b6f6/tools/sdk/esp32s3/include/esp_timer/include -I/home/franstein/.platformio/packages/framework-arduinoespressif32@src-537c58760dafe7fcc8a1d9bbcf00b6f6/tools/sdk/esp32s3/include/mbedtls/port/include -I/home/franstein/.platformio/packages/framework-arduinoespressif32@src-537c58760dafe7fcc8a1d9bbcf00b6f6/tools/sdk/esp32s3/include/mbedtls/mbedtls/include -I/home/franstein/.platformio/packages/framework-arduinoespressif32@src-537c58760dafe7fcc8a1d9bbcf00b6f6/tools/sdk/esp32s3/include/mbedtls/esp_crt_bundle/include -I/home/franstein/.platformio/packages/framework-arduinoespressif32@src-537c58760dafe7fcc8a1d9bbcf00b6f6/tools/sdk/esp32s3/include/app_update/include -I/home/franstein/.platformio/packages/framework-arduinoespressif32@src-537c58760dafe7fcc8a1d9bbcf00b6f6/tools/sdk/esp32s3/include/spi_flash/include -I/home/franstein/.platformio/packages/framework-arduinoespressif32@src-537c58760dafe7fcc8a1d9bbcf00b6f6/tools/sdk/esp32s3/include/bootloader_support/include -I/home/franstein/.platformio/packages/framework-arduinoespressif32@src-537c58760dafe7fcc8a1d9bbcf00b6f6/tools/sdk/esp32s3/include/nvs_flash/include -I/home/franstein/.platformio/packages/framework-arduinoespressif32@src-537c58760dafe7fcc8a1d9bbcf00b6f6/tools/sdk/esp32s3/include/pthread/include -I/home/franstein/.platformio/packages/framework-arduinoespressif32@src-537c58760dafe7fcc8a1d9bbcf00b6f6/tools/sdk/esp32s3/include/esp_gdbstub/include -I/home/franstein/.platformio/packages/framework-arduinoespressif32@src-537c58760dafe7fcc8a1d9bbcf00b6f6/tools/sdk/esp32s3/include/esp_gdbstub/xtensa -I/home/franstein/.platformio/packages/framework-arduinoespressif32@src-537c58760dafe7fcc8a1d9bbcf00b6f6/tools/sdk/esp32s3/include/esp_gdbstub/esp32s3 -I/home/franstein/.platformio/packages/framework-arduinoespressif32@src-537c58760dafe7fcc8a1d9bbcf00b6f6/tools/sdk/esp32s3/include/espcoredump/include -I/home/franstein/.platformio/packages/framework-arduinoespressif32@src-537c58760dafe7fcc8a1d9bbcf00b6f6/tools/sdk/esp32s3/include/espcoredump/include/port/xtensa -I/home/franstein/.platformio/packages/framework-arduinoespressif32@src-537c58760dafe7fcc8a1d9bbcf00b6f6/tools/sdk/esp32s3/include/wpa_supplicant/include -I/home/franstein/.platformio/packages/framework-arduinoespressif32@src-537c58760dafe7fcc8a1d9bbcf00b6f6/tools/sdk/esp32s3/include/wpa_supplicant/port/include -I/home/franstein/.platformio/packages/framework-arduinoespressif32@src-537c58760dafe7fcc8a1d9bbcf00b6f6/tools/sdk/esp32s3/include/wpa_supplicant/esp_supplicant/include -I/home/franstein/.platformio/packages/framework-arduinoespressif32@src-537c58760dafe7fcc8a1d9bbcf00b6f6/tools/sdk/esp32s3/include/ieee802154/include -I/home/franstein/.platformio/packages/framework-arduinoespressif32@src-537c58760dafe7fcc8a1d9bbcf00b6f6/tools/sdk/esp32s3/include/console -I/home/franstein/.platformio/packages/framework-arduinoespressif32@src-537c58760dafe7fcc8a1d9bbcf00b6f6/tools/sdk/esp32s3/include/asio/asio/asio/include -I/home/franstein/.platformio/packages/framework-arduinoespressif32@src-537c58760dafe7fcc8a1d9bbcf00b6f6/tools/sdk/esp32s3/include/asio/port/include -I/home/franstein/.platformio/packages/framework-arduinoespressif32@src-537c58760dafe7fcc8a1d9bbcf00b6f6/tools/sdk/esp32s3/include/bt/common/osi/include -I/home/franstein/.platformio/packages/framework-arduinoespressif32@src-537c58760dafe7fcc8a1d9bbcf00b6f6/tools/sdk/esp32s3/include/bt/include/esp32s3/include -I/home/franstein/.platformio/packages/framework-arduinoespressif32@src-537c58760dafe7fcc8a1d9bbcf00b6f6/tools/sdk/esp32s3/include/bt/common/api/include/api -I/home/franstein/.platformio/packages/framework-arduinoespressif32@src-537c58760dafe7fcc8a1d9bbcf00b6f6/tools/sdk/esp32s3/include/bt/common/btc/profile/esp/blufi/include -I/home/franstein/.platformio/packages/framework-arduinoespressif32@src-537c58760dafe7fcc8a1d9bbcf00b6f6/tools/sdk/esp32s3/include/bt/common/btc/profile/esp/include -I/home/franstein/.platformio/packages/framework-arduinoespressif32@src-537c58760dafe7fcc8a1d9bbcf00b6f6/tools/sdk/esp32s3/include/bt/host/bluedroid/api/include/api -I/home/franstein/.platformio/packages/framework-arduinoespressif32@src-537c58760dafe7fcc8a1d9bbcf00b6f6/tools/sdk/esp32s3/include/bt/esp_ble_mesh/mesh_common/include -I/home/franstein/.platformio/packages/framework-arduinoespressif32@src-537c58760dafe7fcc8a1d9bbcf00b6f6/tools/sdk/esp32s3/include/bt/esp_ble_mesh/mesh_common/tinycrypt/include -I/home/franstein/.platformio/packages/framework-arduinoespressif32@src-537c58760dafe7fcc8a1d9bbcf00b6f6/tools/sdk/esp32s3/include/bt/esp_ble_mesh/mesh_core -I/home/franstein/.platformio/packages/framework-arduinoespressif32@src-537c58760dafe7fcc8a1d9bbcf00b6f6/tools/sdk/esp32s3/include/bt/esp_ble_mesh/mesh_core/include -I/home/franstein/.platformio/packages/framework-arduinoespressif32@src-537c58760dafe7fcc8a1d9bbcf00b6f6/tools/sdk/esp32s3/include/bt/esp_ble_mesh/mesh_core/storage -I/home/franstein/.platformio/packages/framework-arduinoespressif32@src-537c58760dafe7fcc8a1d9bbcf00b6f6/tools/sdk/esp32s3/include/bt/esp_ble_mesh/btc/include -I/home/franstein/.platformio/packages/framework-arduinoespressif32@src-537c58760dafe7fcc8a1d9bbcf00b6f6/tools/sdk/esp32s3/include/bt/esp_ble_mesh/mesh_models/common/include -I/home/franstein/.platformio/packages/framework-arduinoespressif32@src-537c58760dafe7fcc8a1d9bbcf00b6f6/tools/sdk/esp32s3/include/bt/esp_ble_mesh/mesh_models/client/include -I/home/franstein/.platformio/packages/framework-arduinoespressif32@src-537c58760dafe7fcc8a1d9bbcf00b6f6/tools/sdk/esp32s3/include/bt/esp_ble_mesh/mesh_models/server/include -I/home/franstein/.platformio/packages/framework-arduinoespressif32@src-537c58760dafe7fcc8a1d9bbcf00b6f6/tools/sdk/esp32s3/include/bt/esp_ble_mesh/api/core/include -I/home/franstein/.platformio/packages/framework-arduinoespressif32@src-537c58760dafe7fcc8a1d9bbcf00b6f6/tools/sdk/esp32s3/include/bt/esp_ble_mesh/api/models/include -I/home/franstein/.platformio/packages/framework-arduinoespressif32@src-537c58760dafe7fcc8a1d9bbcf00b6f6/tools/sdk/esp32s3/include/bt/esp_ble_mesh/api -I/home/franstein/.platformio/packages/framework-arduinoespressif32@src-537c58760dafe7fcc8a1d9bbcf00b6f6/tools/sdk/esp32s3/include/cbor/port/include -I/home/franstein/.platformio/packages/framework-arduinoespressif32@src-537c58760dafe7fcc8a1d9bbcf00b6f6/tools/sdk/esp32s3/include/unity/include -I/home/franstein/.platformio/packages/framework-arduinoespressif32@src-537c58760dafe7fcc8a1d9bbcf00b6f6/tools/sdk/esp32s3/include/unity/unity/src -I/home/franstein/.platformio/packages/framework-arduinoespressif32@src-537c58760dafe7fcc8a1d9bbcf00b6f6/tools/sdk/esp32s3/include/cmock/CMock/src -I/home/franstein/.platformio/packages/framework-arduinoespressif32@src-537c58760dafe7fcc8a1d9bbcf00b6f6/tools/sdk/esp32s3/include/coap/port/include -I/home/franstein/.platformio/packages/framework-arduinoespressif32@src-537c58760dafe7fcc8a1d9bbcf00b6f6/tools/sdk/esp32s3/include/coap/libcoap/include -I/home/franstein/.platformio/packages/framework-arduinoespressif32@src-537c58760dafe7fcc8a1d9bbcf00b6f6/tools/sdk/esp32s3/include/nghttp/port/include -I/home/franstein/.platformio/packages/framework-arduinoespressif32@src-537c58760dafe7fcc8a1d9bbcf00b6f6/tools/sdk/esp32s3/include/nghttp/nghttp2/lib/includes -I/home/franstein/.platformio/packages/framework-arduinoespressif32@src-537c58760dafe7fcc8a1d9bbcf00b6f6/tools/sdk/esp32s3/include/esp-tls -I/home/franstein/.platformio/packages/framework-arduinoespressif32@src-537c58760dafe7fcc8a1d9bbcf00b6f6/tools/sdk/esp32s3/include/esp-tls/esp-tls-crypto -I/home/franstein/.platformio/packages/framework-arduinoespressif32@src-537c58760dafe7fcc8a1d9bbcf00b6f6/tools/sdk/esp32s3/include/esp_adc_cal/include -I/home/franstein/.platformio/packages/framework-arduinoespressif32@src-537c58760dafe7fcc8a1d9bbcf00b6f6/tools/sdk/esp32s3/include/esp_hid/include -I/home/franstein/.platformio/packages/framework-arduinoespressif32@src-537c58760dafe7fcc8a1d9bbcf00b6f6/tools/sdk/esp32s3/include/tcp_transport/include -I/home/franstein/.platformio/packages/framework-arduinoespressif32@src-537c58760dafe7fcc8a1d9bbcf00b6f6/tools/sdk/esp32s3/include/esp_http_client/include -I/home/franstein/.platformio/packages/framework-arduinoespressif32@src-537c58760dafe7fcc8a1d9bbcf00b6f6/tools/sdk/esp32s3/include/esp_http_server/include -I/home/franstein/.platformio/packages/framework-arduinoespressif32@src-537c58760dafe7fcc8a1d9bbcf00b6f6/tools/sdk/esp32s3/include/esp_https_ota/include -I/home/franstein/.platformio/packages/framework-arduinoespressif32@src-537c58760dafe7fcc8a1d9bbcf00b6f6/tools/sdk/esp32s3/include/esp_https_server/include -I/home/franstein/.platformio/packages/framework-arduinoespressif32@src-537c58760dafe7fcc8a1d9bbcf00b6f6/tools/sdk/esp32s3/include/esp_lcd/include -I/home/franstein/.platformio/packages/framework-arduinoespressif32@src-537c58760dafe7fcc8a1d9bbcf00b6f6/tools/sdk/esp32s3/include/esp_lcd/interface -I/home/franstein/.platformio/packages/framework-arduinoespressif32@src-537c58760dafe7fcc8a1d9bbcf00b6f6/tools/sdk/esp32s3/include/protobuf-c/protobuf-c -I/home/franstein/.platformio/packages/framework-arduinoespressif32@src-537c58760dafe7fcc8a1d9bbcf00b6f6/tools/sdk/esp32s3/include/protocomm/include/common -I/home/franstein/.platformio/packages/framework-arduinoespressif32@src-537c58760dafe7fcc8a1d9bbcf00b6f6/tools/sdk/esp32s3/include/protocomm/include/security -I/home/franstein/.platformio/packages/framework-arduinoespressif32@src-537c58760dafe7fcc8a1d9bbcf00b6f6/tools/sdk/esp32s3/include/protocomm/include/transports -I/home/franstein/.platformio/packages/framework-arduinoespressif32@src-537c58760dafe7fcc8a1d9bbcf00b6f6/tools/sdk/esp32s3/include/mdns/include -I/home/franstein/.platformio/packages/framework-arduinoespressif32@src-537c58760dafe7fcc8a1d9bbcf00b6f6/tools/sdk/esp32s3/include/esp_local_ctrl/include -I/home/franstein/.platformio/packages/framework-arduinoespressif32@src-537c58760dafe7fcc8a1d9bbcf00b6f6/tools/sdk/esp32s3/include/sdmmc/include -I/home/franstein/.platformio/packages/framework-arduinoespressif32@src-537c58760dafe7fcc8a1d9bbcf00b6f6/tools/sdk/esp32s3/include/esp_serial_slave_link/include -I/home/franstein/.platformio/packages/framework-arduinoespressif32@src-537c58760dafe7fcc8a1d9bbcf00b6f6/tools/sdk/esp32s3/include/esp_websocket_client/include -I/home/franstein/.platformio/packages/framework-arduinoespressif32@src-537c58760dafe7fcc8a1d9bbcf00b6f6/tools/sdk/esp32s3/include/expat/expat/expat/lib -I/home/franstein/.platformio/packages/framework-arduinoespressif32@src-537c58760dafe7fcc8a1d9bbcf00b6f6/tools/sdk/esp32s3/include/expat/port/include -I/home/franstein/.platformio/packages/framework-arduinoespressif32@src-537c58760dafe7fcc8a1d9bbcf00b6f6/tools/sdk/esp32s3/include/wear_levelling/include -I/home/franstein/.platformio/packages/framework-arduinoespressif32@src-537c58760dafe7fcc8a1d9bbcf00b6f6/tools/sdk/esp32s3/include/fatfs/diskio -I/home/franstein/.platformio/packages/framework-arduinoespressif32@src-537c58760dafe7fcc8a1d9bbcf00b6f6/tools/sdk/esp32s3/include/fatfs/vfs -I/home/franstein/.platformio/packages/framework-arduinoespressif32@src-537c58760dafe7fcc8a1d9bbcf00b6f6/tools/sdk/esp32s3/include/fatfs/src -I/home/franstein/.platformio/packages/framework-arduinoespressif32@src-537c58760dafe7fcc8a1d9bbcf00b6f6/tools/sdk/esp32s3/include/freemodbus/common/include -I/home/franstein/.platformio/packages/framework-arduinoespressif32@src-537c58760dafe7fcc8a1d9bbcf00b6f6/tools/sdk/esp32s3/include/idf_test/include -I/home/franstein/.platformio/packages/framework-arduinoespressif32@src-537c58760dafe7fcc8a1d9bbcf00b6f6/tools/sdk/esp32s3/include/idf_test/include/esp32s3 -I/home/franstein/.platformio/packages/framework-arduinoespressif32@src-537c58760dafe7fcc8a1d9bbcf00b6f6/tools/sdk/esp32s3/include/jsmn/include -I/home/franstein/.platformio/packages/framework-arduinoespressif32@src-537c58760dafe7fcc8a1d9bbcf00b6f6/tools/sdk/esp32s3/include/json/cJSON -I/home/franstein/.platformio/packages/framework-arduinoespressif32@src-537c58760dafe7fcc8a1d9bbcf00b6f6/tools/sdk/esp32s3/include/libsodium/libsodium/src/libsodium/include -I/home/franstein/.platformio/packages/framework-arduinoespressif32@src-537c58760dafe7fcc8a1d9bbcf00b6f6/tools/sdk/esp32s3/include/libsodium/port_include -I/home/franstein/.platformio/packages/framework-arduinoespressif32@src-537c58760dafe7fcc8a1d9bbcf00b6f6/tools/sdk/esp32s3/include/mqtt/esp-mqtt/include -I/home/franstein/.platformio/packages/framework-arduinoespressif32@src-537c58760dafe7fcc8a1d9bbcf00b6f6/tools/sdk/esp32s3/include/openssl/include -I/home/franstein/.platformio/packages/framework-arduinoespressif32@src-537c58760dafe7fcc8a1d9bbcf00b6f6/tools/sdk/esp32s3/include/perfmon/include -I/home/franstein/.platformio/packages/framework-arduinoespressif32@src-537c58760dafe7fcc8a1d9bbcf00b6f6/tools/sdk/esp32s3/include/spiffs/include -I/home/franstein/.platformio/packages/framework-arduinoespressif32@src-537c58760dafe7fcc8a1d9bbcf00b6f6/tools/sdk/esp32s3/include/usb/include -I/home/franstein/.platformio/packages/framework-arduinoespressif32@src-537c58760dafe7fcc8a1d9bbcf00b6f6/tools/sdk/esp32s3/include/ulp/include -I/home/franstein/.platformio/packages/framework-arduinoespressif32@src-537c58760dafe7fcc8a1d9bbcf00b6f6/tools/sdk/esp32s3/include/wifi_provisioning/include -I/home/franstein/.platformio/packages/framework-arduinoespressif32@src-537c58760dafe7fcc8a1d9bbcf00b6f6/tools/sdk/esp32s3/include/rmaker_common/include -I/home/franstein/.platformio/packages/framework-arduinoespressif32@src-537c58760dafe7fcc8a1d9bbcf00b6f6/tools/sdk/esp32s3/include/json_parser/upstream/include -I/home/franstein/.platformio/packages/framework-arduinoespressif32@src-537c58760dafe7fcc8a1d9bbcf00b6f6/tools/sdk/esp32s3/include/json_parser/upstream -I/home/franstein/.platformio/packages/framework-arduinoespressif32@src-537c58760dafe7fcc8a1d9bbcf00b6f6/tools/sdk/esp32s3/include/json_generator/upstream -I/home/franstein/.platformio/packages/framework-arduinoespressif32@src-537c58760dafe7fcc8a1d9bbcf00b6f6/tools/sdk/esp32s3/include/esp_schedule/include -I/home/franstein/.platformio/packages/framework-arduinoespressif32@src-537c58760dafe7fcc8a1d9bbcf00b6f6/tools/sdk/esp32s3/include/esp_rainmaker/include -I/home/franstein/.platformio/packages/framework-arduinoespressif32@src-537c58760dafe7fcc8a1d9bbcf00b6f6/tools/sdk/esp32s3/include/gpio_button/button/include -I/home/franstein/.platformio/packages/framework-arduinoespressif32@src-537c58760dafe7fcc8a1d9bbcf00b6f6/tools/sdk/esp32s3/include/qrcode/include -I/home/franstein/.platformio/packages/framework-arduinoespressif32@src-537c58760dafe7fcc8a1d9bbcf00b6f6/tools/sdk/esp32s3/include/ws2812_led -I/home/franstein/.platformio/packages/framework-arduinoespressif32@src-537c58760dafe7fcc8a1d9bbcf00b6f6/tools/sdk/esp32s3/include/esp_diagnostics/include -I/home/franstein/.platformio/packages/framework-arduinoespressif32@src-537c58760dafe7fcc8a1d9bbcf00b6f6/tools/sdk/esp32s3/include/rtc_store/include -I/home/franstein/.platformio/packages/framework-arduinoespressif32@src-537c58760dafe7fcc8a1d9bbcf00b6f6/tools/sdk/esp32s3/include/esp_insights/include -I/home/franstein/.platformio/packages/framework-arduinoespressif32@src-537c58760dafe7fcc8a1d9bbcf00b6f6/tools/sdk/esp32s3/include/esp-dsp/modules/dotprod/include -I/home/franstein/.platformio/packages/framework-arduinoespressif32@src-537c58760dafe7fcc8a1d9bbcf00b6f6/tools/sdk/esp32s3/include/esp-dsp/modules/support/include -I/home/franstein/.platformio/packages/framework-arduinoespressif32@src-537c58760dafe7fcc8a1d9bbcf00b6f6/tools/sdk/esp32s3/include/esp-dsp/modules/windows/include -I/home/franstein/.platformio/packages/framework-arduinoespressif32@src-537c58760dafe7fcc8a1d9bbcf00b6f6/tools/sdk/esp32s3/include/esp-dsp/modules/windows/hann/include -I/home/franstein/.platformio/packages/framework-arduinoespressif32@src-537c58760dafe7fcc8a1d9bbcf00b6f6/tools/sdk/esp32s3/include/esp-dsp/modules/windows/blackman/include -I/home/franstein/.platformio/packages/framework-arduinoespressif32@src-537c58760dafe7fcc8a1d9bbcf00b6f6/tools/sdk/esp32s3/include/esp-dsp/modules/windows/blackman_harris/include -I/home/franstein/.platformio/packages/framework-arduinoespressif32@src-537c58760dafe7fcc8a1d9bbcf00b6f6/tools/sdk/esp32s3/include/esp-dsp/modules/windows/blackman_nuttall/include -I/home/franstein/.platformio/packages/framework-arduinoespressif32@src-537c58760dafe7fcc8a1d9bbcf00b6f6/tools/sdk/esp32s3/include/esp-dsp/modules/windows/nuttall/include -I/home/franstein/.platformio/packages/framework-arduinoespressif32@src-537c58760dafe7fcc8a1d9bbcf00b6f6/tools/sdk/esp32s3/include/esp-dsp/modules/windows/flat_top/include -I/home/franstein/.platformio/packages/framework-arduinoespressif32@src-537c58760dafe7fcc8a1d9bbcf00b6f6/tools/sdk/esp32s3/include/esp-dsp/modules/iir/include -I/home/franstein/.platformio/packages/framework-arduinoespressif32@src-537c58760dafe7fcc8a1d9bbcf00b6f6/tools/sdk/esp32s3/include/esp-dsp/modules/fir/include -I/home/franstein/.platformio/packages/framework-arduinoespressif32@src-537c58760dafe7fcc8a1d9bbcf00b6f6/tools/sdk/esp32s3/include/esp-dsp/modules/math/include -I/home/franstein/.platformio/packages/framework-arduinoespressif32@src-537c58760dafe7fcc8a1d9bbcf00b6f6/tools/sdk/esp32s3/include/esp-dsp/modules/math/add/include -I/home/franstein/.platformio/packages/framework-arduinoespressif32@src-537c58760dafe7fcc8a1d9bbcf00b6f6/tools/sdk/esp32s3/include/esp-dsp/modules/math/sub/include -I/home/franstein/.platformio/packages/framework-arduinoespressif32@src-537c58760dafe7fcc8a1d9bbcf00b6f6/tools/sdk/esp32s3/include/esp-dsp/modules/math/mul/include -I/home/franstein/.platformio/packages/framework-arduinoespressif32@src-537c58760dafe7fcc8a1d9bbcf00b6f6/tools/sdk/esp32s3/include/esp-dsp/modules/math/addc/include -I/home/franstein/.platformio/packages/framework-arduinoespressif32@src-537c58760dafe7fcc8a1d9bbcf00b6f6/tools/sdk/esp32s3/include/esp-dsp/modules/math/mulc/include -I/home/franstein/.platformio/packages/framework-arduinoespressif32@src-537c58760dafe7fcc8a1d9bbcf00b6f6/tools/sdk/esp32s3/include/esp-dsp/modules/math/sqrt/include -I/home/franstein/.platformio/packages/framework-arduinoespressif32@src-537c58760dafe7fcc8a1d9bbcf00b6f6/tools/sdk/esp32s3/include/esp-dsp/modules/matrix/include -I/home/franstein/.platformio/packages/framework-arduinoespressif32@src-537c58760dafe7fcc8a1d9bbcf00b6f6/tools/sdk/esp32s3/include/esp-dsp/modules/fft/include -I/home/franstein/.platformio/packages/framework-arduinoespressif32@src-537c58760dafe7fcc8a1d9bbcf00b6f6/tools/sdk/esp32s3/include/esp-dsp/modules/dct/include -I/home/franstein/.platformio/packages/framework-arduinoespressif32@src-537c58760dafe7fcc8a1d9bbcf00b6f6/tools/sdk/esp32s3/include/esp-dsp/modules/conv/include -I/home/franstein/.platformio/packages/framework-arduinoespressif32@src-537c58760dafe7fcc8a1d9bbcf00b6f6/tools/sdk/esp32s3/include/esp-dsp/modules/common/include -I/home/franstein/.platformio/packages/framework-arduinoespressif32@src-537c58760dafe7fcc8a1d9bbcf00b6f6/tools/sdk/esp32s3/include/esp-dsp/modules/kalman/ekf/include -I/home/franstein/.platformio/packages/framework-arduinoespressif32@src-537c58760dafe7fcc8a1d9bbcf00b6f6/tools/sdk/esp32s3/include/esp-dsp/modules/kalman/ekf_imu13states/include -I/home/franstein/.platformio/packages/framework-arduinoespressif32@src-537c58760dafe7fcc8a1d9bbcf00b6f6/tools/sdk/esp32s3/include/freertos/include/freertos -I/home/franstein/.platformio/packages/framework-arduinoespressif32@src-537c58760dafe7fcc8a1d9bbcf00b6f6/tools/sdk/esp32s3/include/arduino_tinyusb/tinyusb/src -I/home/franstein/.platformio/packages/framework-arduinoespressif32@src-537c58760dafe7fcc8a1d9bbcf00b6f6/tools/sdk/esp32s3/include/arduino_tinyusb/include -I/home/franstein/.platformio/packages/framework-arduinoespressif32@src-537c58760dafe7fcc8a1d9bbcf00b6f6/tools/sdk/esp32s3/include/esp_littlefs/include -I/home/franstein/.platformio/packages/framework-arduinoespressif32@src-537c58760dafe7fcc8a1d9bbcf00b6f6/tools/sdk/esp32s3/include/esp-dl/include -I/home/franstein/.platformio/packages/framework-arduinoespressif32@src-537c58760dafe7fcc8a1d9bbcf00b6f6/tools/sdk/esp32s3/include/esp-dl/include/tool -I/home/franstein/.platformio/packages/framework-arduinoespressif32@src-537c58760dafe7fcc8a1d9bbcf00b6f6/tools/sdk/esp32s3/include/esp-dl/include/typedef -I/home/franstein/.platformio/packages/framework-arduinoespressif32@src-537c58760dafe7fcc8a1d9bbcf00b6f6/tools/sdk/esp32s3/include/esp-dl/include/image -I/home/franstein/.platformio/packages/framework-arduinoespressif32@src-537c58760dafe7fcc8a1d9bbcf00b6f6/tools/sdk/esp32s3/include/esp-dl/include/math -I/home/franstein/.platformio/packages/framework-arduinoespressif32@src-537c58760dafe7fcc8a1d9bbcf00b6f6/tools/sdk/esp32s3/include/esp-dl/include/nn -I/home/franstein/.platformio/packages/framework-arduinoespressif32@src-537c58760dafe7fcc8a1d9bbcf00b6f6/tools/sdk/esp32s3/include/esp-dl/include/layer -I/home/franstein/.platformio/packages/framework-arduinoespressif32@src-537c58760dafe7fcc8a1d9bbcf00b6f6/tools/sdk/esp32s3/include/esp-dl/include/detect -I/home/franstein/.platformio/packages/framework-arduinoespressif32@src-537c58760dafe7fcc8a1d9bbcf00b6f6/tools/sdk/esp32s3/include/esp-dl/include/model_zoo -I/home/franstein/.platformio/packages/framework-arduinoespressif32@src-537c58760dafe7fcc8a1d9bbcf00b6f6/tools/sdk/esp32s3/include/esp-sr/src/include -I/home/franstein/.platformio/packages/framework-arduinoespressif32@src-537c58760dafe7fcc8a1d9bbcf00b6f6/tools/sdk/esp32s3/include/esp-sr/esp-tts/esp_tts_chinese/include -I/home/franstein/.platformio/packages/framework-arduinoespressif32@src-537c58760dafe7fcc8a1d9bbcf00b6f6/tools/sdk/esp32s3/include/esp-sr/include/esp32s3 -I/home/franstein/.platformio/packages/framework-arduinoespressif32@src-537c58760dafe7fcc8a1d9bbcf00b6f6/tools/sdk/esp32s3/include/esp32-camera/driver/include -I/home/franstein/.platformio/packages/framework-arduinoespressif32@src-537c58760dafe7fcc8a1d9bbcf00b6f6/tools/sdk/esp32s3/include/esp32-camera/conversions/include -I/home/franstein/.platformio/packages/framework-arduinoespressif32@src-537c58760dafe7fcc8a1d9bbcf00b6f6/tools/sdk/esp32s3/include/fb_gfx/include -I/home/franstein/.platformio/packages/framework-arduinoespressif32@src-537c58760dafe7fcc8a1d9bbcf00b6f6/tools/sdk/esp32s3/qio_opi/include -I/home/franstein/.platformio/packages/framework-arduinoespressif32@src-537c58760dafe7fcc8a1d9bbcf00b6f6/cores/esp32 -I/home/franstein/.platformio/packages/framework-arduinoespressif32@src-537c58760dafe7fcc8a1d9bbcf00b6f6/variants/esp32s3 /home/franstein/.platformio/packages/framework-arduinoespressif32@src-537c58760dafe7fcc8a1d9bbcf00b6f6/cores/esp32/firmware_msc_fat.c
xtensa-esp32s3-elf-gcc -o .pio/build/esp32/FrameworkArduino/libb64/cdecode.c.o -c -std=gnu99 -Wno-old-style-declaration -Os -mlongcalls -ffunction-sections -fdata-sections -Wno-error=unused-function -Wno-error=unused-variable -Wno-error=deprecated-declarations -Wno-unused-parameter -Wno-sign-compare -ggdb -freorder-blocks -Wwrite-strings -fstack-protector -fstrict-volatile-bitfields -Wno-error=unused-but-set-variable -fno-jump-tables -fno-tree-switch-conversion -MMD -DPLATFORMIO=60107 -DBOARD_HAS_PSRAM -DARDUINO_USB_MODE=1 -DARDUINO_USB_CDC_ON_BOOT=1 -DHAVE_CONFIG_H -DMBEDTLS_CONFIG_FILE=\"mbedtls/esp_config.h\" -DUNITY_INCLUDE_CONFIG_H -DWITH_POSIX -D_GNU_SOURCE -DIDF_VER=\"v4.4.3\" -DESP_PLATFORM -D_POSIX_READER_WRITER_LOCKS -DARDUINO_ARCH_ESP32 -DESP32 -DF_CPU=240000000L -DARDUINO=10812 -DARDUINO_VARIANT=\"esp32s3\" "-DARDUINO_BOARD=\"LILYGO T3-S3\"" -DARDUINO_PARTITION_default -I/home/franstein/.platformio/packages/framework-arduinoespressif32@src-537c58760dafe7fcc8a1d9bbcf00b6f6/tools/sdk/esp32s3/include/newlib/platform_include -I/home/franstein/.platformio/packages/framework-arduinoespressif32@src-537c58760dafe7fcc8a1d9bbcf00b6f6/tools/sdk/esp32s3/include/freertos/include -I/home/franstein/.platformio/packages/framework-arduinoespressif32@src-537c58760dafe7fcc8a1d9bbcf00b6f6/tools/sdk/esp32s3/include/freertos/include/esp_additions/freertos -I/home/franstein/.platformio/packages/framework-arduinoespressif32@src-537c58760dafe7fcc8a1d9bbcf00b6f6/tools/sdk/esp32s3/include/freertos/port/xtensa/include -I/home/franstein/.platformio/packages/framework-arduinoespressif32@src-537c58760dafe7fcc8a1d9bbcf00b6f6/tools/sdk/esp32s3/include/freertos/include/esp_additions -I/home/franstein/.platformio/packages/framework-arduinoespressif32@src-537c58760dafe7fcc8a1d9bbcf00b6f6/tools/sdk/esp32s3/include/esp_hw_support/include -I/home/franstein/.platformio/packages/framework-arduinoespressif32@src-537c58760dafe7fcc8a1d9bbcf00b6f6/tools/sdk/esp32s3/include/esp_hw_support/include/soc -I/home/franstein/.platformio/packages/framework-arduinoespressif32@src-537c58760dafe7fcc8a1d9bbcf00b6f6/tools/sdk/esp32s3/include/esp_hw_support/include/soc/esp32s3 -I/home/franstein/.platformio/packages/framework-arduinoespressif32@src-537c58760dafe7fcc8a1d9bbcf00b6f6/tools/sdk/esp32s3/include/esp_hw_support/port/esp32s3 -I/home/franstein/.platformio/packages/framework-arduinoespressif32@src-537c58760dafe7fcc8a1d9bbcf00b6f6/tools/sdk/esp32s3/include/esp_hw_support/port/esp32s3/private_include -I/home/franstein/.platformio/packages/framework-arduinoespressif32@src-537c58760dafe7fcc8a1d9bbcf00b6f6/tools/sdk/esp32s3/include/heap/include -I/home/franstein/.platformio/packages/framework-arduinoespressif32@src-537c58760dafe7fcc8a1d9bbcf00b6f6/tools/sdk/esp32s3/include/log/include -I/home/franstein/.platformio/packages/framework-arduinoespressif32@src-537c58760dafe7fcc8a1d9bbcf00b6f6/tools/sdk/esp32s3/include/lwip/include/apps -I/home/franstein/.platformio/packages/framework-arduinoespressif32@src-537c58760dafe7fcc8a1d9bbcf00b6f6/tools/sdk/esp32s3/include/lwip/include/apps/sntp -I/home/franstein/.platformio/packages/framework-arduinoespressif32@src-537c58760dafe7fcc8a1d9bbcf00b6f6/tools/sdk/esp32s3/include/lwip/lwip/src/include -I/home/franstein/.platformio/packages/framework-arduinoespressif32@src-537c58760dafe7fcc8a1d9bbcf00b6f6/tools/sdk/esp32s3/include/lwip/port/esp32/include -I/home/franstein/.platformio/packages/framework-arduinoespressif32@src-537c58760dafe7fcc8a1d9bbcf00b6f6/tools/sdk/esp32s3/include/lwip/port/esp32/include/arch -I/home/franstein/.platformio/packages/framework-arduinoespressif32@src-537c58760dafe7fcc8a1d9bbcf00b6f6/tools/sdk/esp32s3/include/soc/include -I/home/franstein/.platformio/packages/framework-arduinoespressif32@src-537c58760dafe7fcc8a1d9bbcf00b6f6/tools/sdk/esp32s3/include/soc/esp32s3 -I/home/franstein/.platformio/packages/framework-arduinoespressif32@src-537c58760dafe7fcc8a1d9bbcf00b6f6/tools/sdk/esp32s3/include/soc/esp32s3/include -I/home/franstein/.platformio/packages/framework-arduinoespressif32@src-537c58760dafe7fcc8a1d9bbcf00b6f6/tools/sdk/esp32s3/include/hal/esp32s3/include -I/home/franstein/.platformio/packages/framework-arduinoespressif32@src-537c58760dafe7fcc8a1d9bbcf00b6f6/tools/sdk/esp32s3/include/hal/include -I/home/franstein/.platformio/packages/framework-arduinoespressif32@src-537c58760dafe7fcc8a1d9bbcf00b6f6/tools/sdk/esp32s3/include/hal/platform_port/include -I/home/franstein/.platformio/packages/framework-arduinoespressif32@src-537c58760dafe7fcc8a1d9bbcf00b6f6/tools/sdk/esp32s3/include/esp_rom/include -I/home/franstein/.platformio/packages/framework-arduinoespressif32@src-537c58760dafe7fcc8a1d9bbcf00b6f6/tools/sdk/esp32s3/include/esp_rom/include/esp32s3 -I/home/franstein/.platformio/packages/framework-arduinoespressif32@src-537c58760dafe7fcc8a1d9bbcf00b6f6/tools/sdk/esp32s3/include/esp_rom/esp32s3 -I/home/franstein/.platformio/packages/framework-arduinoespressif32@src-537c58760dafe7fcc8a1d9bbcf00b6f6/tools/sdk/esp32s3/include/esp_common/include -I/home/franstein/.platformio/packages/framework-arduinoespressif32@src-537c58760dafe7fcc8a1d9bbcf00b6f6/tools/sdk/esp32s3/include/esp_system/include -I/home/franstein/.platformio/packages/framework-arduinoespressif32@src-537c58760dafe7fcc8a1d9bbcf00b6f6/tools/sdk/esp32s3/include/esp_system/port/soc -I/home/franstein/.platformio/packages/framework-arduinoespressif32@src-537c58760dafe7fcc8a1d9bbcf00b6f6/tools/sdk/esp32s3/include/esp_system/port/public_compat -I/home/franstein/.platformio/packages/framework-arduinoespressif32@src-537c58760dafe7fcc8a1d9bbcf00b6f6/tools/sdk/esp32s3/include/xtensa/include -I/home/franstein/.platformio/packages/framework-arduinoespressif32@src-537c58760dafe7fcc8a1d9bbcf00b6f6/tools/sdk/esp32s3/include/xtensa/esp32s3/include -I/home/franstein/.platformio/packages/framework-arduinoespressif32@src-537c58760dafe7fcc8a1d9bbcf00b6f6/tools/sdk/esp32s3/include/driver/include -I/home/franstein/.platformio/packages/framework-arduinoespressif32@src-537c58760dafe7fcc8a1d9bbcf00b6f6/tools/sdk/esp32s3/include/driver/esp32s3/include -I/home/franstein/.platformio/packages/framework-arduinoespressif32@src-537c58760dafe7fcc8a1d9bbcf00b6f6/tools/sdk/esp32s3/include/esp_pm/include -I/home/franstein/.platformio/packages/framework-arduinoespressif32@src-537c58760dafe7fcc8a1d9bbcf00b6f6/tools/sdk/esp32s3/include/esp_ringbuf/include -I/home/franstein/.platformio/packages/framework-arduinoespressif32@src-537c58760dafe7fcc8a1d9bbcf00b6f6/tools/sdk/esp32s3/include/efuse/include -I/home/franstein/.platformio/packages/framework-arduinoespressif32@src-537c58760dafe7fcc8a1d9bbcf00b6f6/tools/sdk/esp32s3/include/efuse/esp32s3/include -I/home/franstein/.platformio/packages/framework-arduinoespressif32@src-537c58760dafe7fcc8a1d9bbcf00b6f6/tools/sdk/esp32s3/include/vfs/include -I/home/franstein/.platformio/packages/framework-arduinoespressif32@src-537c58760dafe7fcc8a1d9bbcf00b6f6/tools/sdk/esp32s3/include/esp_wifi/include -I/home/franstein/.platformio/packages/framework-arduinoespressif32@src-537c58760dafe7fcc8a1d9bbcf00b6f6/tools/sdk/esp32s3/include/esp_event/include -I/home/franstein/.platformio/packages/framework-arduinoespressif32@src-537c58760dafe7fcc8a1d9bbcf00b6f6/tools/sdk/esp32s3/include/esp_netif/include -I/home/franstein/.platformio/packages/framework-arduinoespressif32@src-537c58760dafe7fcc8a1d9bbcf00b6f6/tools/sdk/esp32s3/include/esp_eth/include -I/home/franstein/.platformio/packages/framework-arduinoespressif32@src-537c58760dafe7fcc8a1d9bbcf00b6f6/tools/sdk/esp32s3/include/tcpip_adapter/include -I/home/franstein/.platformio/packages/framework-arduinoespressif32@src-537c58760dafe7fcc8a1d9bbcf00b6f6/tools/sdk/esp32s3/include/esp_phy/include -I/home/franstein/.platformio/packages/framework-arduinoespressif32@src-537c58760dafe7fcc8a1d9bbcf00b6f6/tools/sdk/esp32s3/include/esp_phy/esp32s3/include -I/home/franstein/.platformio/packages/framework-arduinoespressif32@src-537c58760dafe7fcc8a1d9bbcf00b6f6/tools/sdk/esp32s3/include/esp_ipc/include -I/home/franstein/.platformio/packages/framework-arduinoespressif32@src-537c58760dafe7fcc8a1d9bbcf00b6f6/tools/sdk/esp32s3/include/app_trace/include -I/home/franstein/.platformio/packages/framework-arduinoespressif32@src-537c58760dafe7fcc8a1d9bbcf00b6f6/tools/sdk/esp32s3/include/esp_timer/include -I/home/franstein/.platformio/packages/framework-arduinoespressif32@src-537c58760dafe7fcc8a1d9bbcf00b6f6/tools/sdk/esp32s3/include/mbedtls/port/include -I/home/franstein/.platformio/packages/framework-arduinoespressif32@src-537c58760dafe7fcc8a1d9bbcf00b6f6/tools/sdk/esp32s3/include/mbedtls/mbedtls/include -I/home/franstein/.platformio/packages/framework-arduinoespressif32@src-537c58760dafe7fcc8a1d9bbcf00b6f6/tools/sdk/esp32s3/include/mbedtls/esp_crt_bundle/include -I/home/franstein/.platformio/packages/framework-arduinoespressif32@src-537c58760dafe7fcc8a1d9bbcf00b6f6/tools/sdk/esp32s3/include/app_update/include -I/home/franstein/.platformio/packages/framework-arduinoespressif32@src-537c58760dafe7fcc8a1d9bbcf00b6f6/tools/sdk/esp32s3/include/spi_flash/include -I/home/franstein/.platformio/packages/framework-arduinoespressif32@src-537c58760dafe7fcc8a1d9bbcf00b6f6/tools/sdk/esp32s3/include/bootloader_support/include -I/home/franstein/.platformio/packages/framework-arduinoespressif32@src-537c58760dafe7fcc8a1d9bbcf00b6f6/tools/sdk/esp32s3/include/nvs_flash/include -I/home/franstein/.platformio/packages/framework-arduinoespressif32@src-537c58760dafe7fcc8a1d9bbcf00b6f6/tools/sdk/esp32s3/include/pthread/include -I/home/franstein/.platformio/packages/framework-arduinoespressif32@src-537c58760dafe7fcc8a1d9bbcf00b6f6/tools/sdk/esp32s3/include/esp_gdbstub/include -I/home/franstein/.platformio/packages/framework-arduinoespressif32@src-537c58760dafe7fcc8a1d9bbcf00b6f6/tools/sdk/esp32s3/include/esp_gdbstub/xtensa -I/home/franstein/.platformio/packages/framework-arduinoespressif32@src-537c58760dafe7fcc8a1d9bbcf00b6f6/tools/sdk/esp32s3/include/esp_gdbstub/esp32s3 -I/home/franstein/.platformio/packages/framework-arduinoespressif32@src-537c58760dafe7fcc8a1d9bbcf00b6f6/tools/sdk/esp32s3/include/espcoredump/include -I/home/franstein/.platformio/packages/framework-arduinoespressif32@src-537c58760dafe7fcc8a1d9bbcf00b6f6/tools/sdk/esp32s3/include/espcoredump/include/port/xtensa -I/home/franstein/.platformio/packages/framework-arduinoespressif32@src-537c58760dafe7fcc8a1d9bbcf00b6f6/tools/sdk/esp32s3/include/wpa_supplicant/include -I/home/franstein/.platformio/packages/framework-arduinoespressif32@src-537c58760dafe7fcc8a1d9bbcf00b6f6/tools/sdk/esp32s3/include/wpa_supplicant/port/include -I/home/franstein/.platformio/packages/framework-arduinoespressif32@src-537c58760dafe7fcc8a1d9bbcf00b6f6/tools/sdk/esp32s3/include/wpa_supplicant/esp_supplicant/include -I/home/franstein/.platformio/packages/framework-arduinoespressif32@src-537c58760dafe7fcc8a1d9bbcf00b6f6/tools/sdk/esp32s3/include/ieee802154/include -I/home/franstein/.platformio/packages/framework-arduinoespressif32@src-537c58760dafe7fcc8a1d9bbcf00b6f6/tools/sdk/esp32s3/include/console -I/home/franstein/.platformio/packages/framework-arduinoespressif32@src-537c58760dafe7fcc8a1d9bbcf00b6f6/tools/sdk/esp32s3/include/asio/asio/asio/include -I/home/franstein/.platformio/packages/framework-arduinoespressif32@src-537c58760dafe7fcc8a1d9bbcf00b6f6/tools/sdk/esp32s3/include/asio/port/include -I/home/franstein/.platformio/packages/framework-arduinoespressif32@src-537c58760dafe7fcc8a1d9bbcf00b6f6/tools/sdk/esp32s3/include/bt/common/osi/include -I/home/franstein/.platformio/packages/framework-arduinoespressif32@src-537c58760dafe7fcc8a1d9bbcf00b6f6/tools/sdk/esp32s3/include/bt/include/esp32s3/include -I/home/franstein/.platformio/packages/framework-arduinoespressif32@src-537c58760dafe7fcc8a1d9bbcf00b6f6/tools/sdk/esp32s3/include/bt/common/api/include/api -I/home/franstein/.platformio/packages/framework-arduinoespressif32@src-537c58760dafe7fcc8a1d9bbcf00b6f6/tools/sdk/esp32s3/include/bt/common/btc/profile/esp/blufi/include -I/home/franstein/.platformio/packages/framework-arduinoespressif32@src-537c58760dafe7fcc8a1d9bbcf00b6f6/tools/sdk/esp32s3/include/bt/common/btc/profile/esp/include -I/home/franstein/.platformio/packages/framework-arduinoespressif32@src-537c58760dafe7fcc8a1d9bbcf00b6f6/tools/sdk/esp32s3/include/bt/host/bluedroid/api/include/api -I/home/franstein/.platformio/packages/framework-arduinoespressif32@src-537c58760dafe7fcc8a1d9bbcf00b6f6/tools/sdk/esp32s3/include/bt/esp_ble_mesh/mesh_common/include -I/home/franstein/.platformio/packages/framework-arduinoespressif32@src-537c58760dafe7fcc8a1d9bbcf00b6f6/tools/sdk/esp32s3/include/bt/esp_ble_mesh/mesh_common/tinycrypt/include -I/home/franstein/.platformio/packages/framework-arduinoespressif32@src-537c58760dafe7fcc8a1d9bbcf00b6f6/tools/sdk/esp32s3/include/bt/esp_ble_mesh/mesh_core -I/home/franstein/.platformio/packages/framework-arduinoespressif32@src-537c58760dafe7fcc8a1d9bbcf00b6f6/tools/sdk/esp32s3/include/bt/esp_ble_mesh/mesh_core/include -I/home/franstein/.platformio/packages/framework-arduinoespressif32@src-537c58760dafe7fcc8a1d9bbcf00b6f6/tools/sdk/esp32s3/include/bt/esp_ble_mesh/mesh_core/storage -I/home/franstein/.platformio/packages/framework-arduinoespressif32@src-537c58760dafe7fcc8a1d9bbcf00b6f6/tools/sdk/esp32s3/include/bt/esp_ble_mesh/btc/include -I/home/franstein/.platformio/packages/framework-arduinoespressif32@src-537c58760dafe7fcc8a1d9bbcf00b6f6/tools/sdk/esp32s3/include/bt/esp_ble_mesh/mesh_models/common/include -I/home/franstein/.platformio/packages/framework-arduinoespressif32@src-537c58760dafe7fcc8a1d9bbcf00b6f6/tools/sdk/esp32s3/include/bt/esp_ble_mesh/mesh_models/client/include -I/home/franstein/.platformio/packages/framework-arduinoespressif32@src-537c58760dafe7fcc8a1d9bbcf00b6f6/tools/sdk/esp32s3/include/bt/esp_ble_mesh/mesh_models/server/include -I/home/franstein/.platformio/packages/framework-arduinoespressif32@src-537c58760dafe7fcc8a1d9bbcf00b6f6/tools/sdk/esp32s3/include/bt/esp_ble_mesh/api/core/include -I/home/franstein/.platformio/packages/framework-arduinoespressif32@src-537c58760dafe7fcc8a1d9bbcf00b6f6/tools/sdk/esp32s3/include/bt/esp_ble_mesh/api/models/include -I/home/franstein/.platformio/packages/framework-arduinoespressif32@src-537c58760dafe7fcc8a1d9bbcf00b6f6/tools/sdk/esp32s3/include/bt/esp_ble_mesh/api -I/home/franstein/.platformio/packages/framework-arduinoespressif32@src-537c58760dafe7fcc8a1d9bbcf00b6f6/tools/sdk/esp32s3/include/cbor/port/include -I/home/franstein/.platformio/packages/framework-arduinoespressif32@src-537c58760dafe7fcc8a1d9bbcf00b6f6/tools/sdk/esp32s3/include/unity/include -I/home/franstein/.platformio/packages/framework-arduinoespressif32@src-537c58760dafe7fcc8a1d9bbcf00b6f6/tools/sdk/esp32s3/include/unity/unity/src -I/home/franstein/.platformio/packages/framework-arduinoespressif32@src-537c58760dafe7fcc8a1d9bbcf00b6f6/tools/sdk/esp32s3/include/cmock/CMock/src -I/home/franstein/.platformio/packages/framework-arduinoespressif32@src-537c58760dafe7fcc8a1d9bbcf00b6f6/tools/sdk/esp32s3/include/coap/port/include -I/home/franstein/.platformio/packages/framework-arduinoespressif32@src-537c58760dafe7fcc8a1d9bbcf00b6f6/tools/sdk/esp32s3/include/coap/libcoap/include -I/home/franstein/.platformio/packages/framework-arduinoespressif32@src-537c58760dafe7fcc8a1d9bbcf00b6f6/tools/sdk/esp32s3/include/nghttp/port/include -I/home/franstein/.platformio/packages/framework-arduinoespressif32@src-537c58760dafe7fcc8a1d9bbcf00b6f6/tools/sdk/esp32s3/include/nghttp/nghttp2/lib/includes -I/home/franstein/.platformio/packages/framework-arduinoespressif32@src-537c58760dafe7fcc8a1d9bbcf00b6f6/tools/sdk/esp32s3/include/esp-tls -I/home/franstein/.platformio/packages/framework-arduinoespressif32@src-537c58760dafe7fcc8a1d9bbcf00b6f6/tools/sdk/esp32s3/include/esp-tls/esp-tls-crypto -I/home/franstein/.platformio/packages/framework-arduinoespressif32@src-537c58760dafe7fcc8a1d9bbcf00b6f6/tools/sdk/esp32s3/include/esp_adc_cal/include -I/home/franstein/.platformio/packages/framework-arduinoespressif32@src-537c58760dafe7fcc8a1d9bbcf00b6f6/tools/sdk/esp32s3/include/esp_hid/include -I/home/franstein/.platformio/packages/framework-arduinoespressif32@src-537c58760dafe7fcc8a1d9bbcf00b6f6/tools/sdk/esp32s3/include/tcp_transport/include -I/home/franstein/.platformio/packages/framework-arduinoespressif32@src-537c58760dafe7fcc8a1d9bbcf00b6f6/tools/sdk/esp32s3/include/esp_http_client/include -I/home/franstein/.platformio/packages/framework-arduinoespressif32@src-537c58760dafe7fcc8a1d9bbcf00b6f6/tools/sdk/esp32s3/include/esp_http_server/include -I/home/franstein/.platformio/packages/framework-arduinoespressif32@src-537c58760dafe7fcc8a1d9bbcf00b6f6/tools/sdk/esp32s3/include/esp_https_ota/include -I/home/franstein/.platformio/packages/framework-arduinoespressif32@src-537c58760dafe7fcc8a1d9bbcf00b6f6/tools/sdk/esp32s3/include/esp_https_server/include -I/home/franstein/.platformio/packages/framework-arduinoespressif32@src-537c58760dafe7fcc8a1d9bbcf00b6f6/tools/sdk/esp32s3/include/esp_lcd/include -I/home/franstein/.platformio/packages/framework-arduinoespressif32@src-537c58760dafe7fcc8a1d9bbcf00b6f6/tools/sdk/esp32s3/include/esp_lcd/interface -I/home/franstein/.platformio/packages/framework-arduinoespressif32@src-537c58760dafe7fcc8a1d9bbcf00b6f6/tools/sdk/esp32s3/include/protobuf-c/protobuf-c -I/home/franstein/.platformio/packages/framework-arduinoespressif32@src-537c58760dafe7fcc8a1d9bbcf00b6f6/tools/sdk/esp32s3/include/protocomm/include/common -I/home/franstein/.platformio/packages/framework-arduinoespressif32@src-537c58760dafe7fcc8a1d9bbcf00b6f6/tools/sdk/esp32s3/include/protocomm/include/security -I/home/franstein/.platformio/packages/framework-arduinoespressif32@src-537c58760dafe7fcc8a1d9bbcf00b6f6/tools/sdk/esp32s3/include/protocomm/include/transports -I/home/franstein/.platformio/packages/framework-arduinoespressif32@src-537c58760dafe7fcc8a1d9bbcf00b6f6/tools/sdk/esp32s3/include/mdns/include -I/home/franstein/.platformio/packages/framework-arduinoespressif32@src-537c58760dafe7fcc8a1d9bbcf00b6f6/tools/sdk/esp32s3/include/esp_local_ctrl/include -I/home/franstein/.platformio/packages/framework-arduinoespressif32@src-537c58760dafe7fcc8a1d9bbcf00b6f6/tools/sdk/esp32s3/include/sdmmc/include -I/home/franstein/.platformio/packages/framework-arduinoespressif32@src-537c58760dafe7fcc8a1d9bbcf00b6f6/tools/sdk/esp32s3/include/esp_serial_slave_link/include -I/home/franstein/.platformio/packages/framework-arduinoespressif32@src-537c58760dafe7fcc8a1d9bbcf00b6f6/tools/sdk/esp32s3/include/esp_websocket_client/include -I/home/franstein/.platformio/packages/framework-arduinoespressif32@src-537c58760dafe7fcc8a1d9bbcf00b6f6/tools/sdk/esp32s3/include/expat/expat/expat/lib -I/home/franstein/.platformio/packages/framework-arduinoespressif32@src-537c58760dafe7fcc8a1d9bbcf00b6f6/tools/sdk/esp32s3/include/expat/port/include -I/home/franstein/.platformio/packages/framework-arduinoespressif32@src-537c58760dafe7fcc8a1d9bbcf00b6f6/tools/sdk/esp32s3/include/wear_levelling/include -I/home/franstein/.platformio/packages/framework-arduinoespressif32@src-537c58760dafe7fcc8a1d9bbcf00b6f6/tools/sdk/esp32s3/include/fatfs/diskio -I/home/franstein/.platformio/packages/framework-arduinoespressif32@src-537c58760dafe7fcc8a1d9bbcf00b6f6/tools/sdk/esp32s3/include/fatfs/vfs -I/home/franstein/.platformio/packages/framework-arduinoespressif32@src-537c58760dafe7fcc8a1d9bbcf00b6f6/tools/sdk/esp32s3/include/fatfs/src -I/home/franstein/.platformio/packages/framework-arduinoespressif32@src-537c58760dafe7fcc8a1d9bbcf00b6f6/tools/sdk/esp32s3/include/freemodbus/common/include -I/home/franstein/.platformio/packages/framework-arduinoespressif32@src-537c58760dafe7fcc8a1d9bbcf00b6f6/tools/sdk/esp32s3/include/idf_test/include -I/home/franstein/.platformio/packages/framework-arduinoespressif32@src-537c58760dafe7fcc8a1d9bbcf00b6f6/tools/sdk/esp32s3/include/idf_test/include/esp32s3 -I/home/franstein/.platformio/packages/framework-arduinoespressif32@src-537c58760dafe7fcc8a1d9bbcf00b6f6/tools/sdk/esp32s3/include/jsmn/include -I/home/franstein/.platformio/packages/framework-arduinoespressif32@src-537c58760dafe7fcc8a1d9bbcf00b6f6/tools/sdk/esp32s3/include/json/cJSON -I/home/franstein/.platformio/packages/framework-arduinoespressif32@src-537c58760dafe7fcc8a1d9bbcf00b6f6/tools/sdk/esp32s3/include/libsodium/libsodium/src/libsodium/include -I/home/franstein/.platformio/packages/framework-arduinoespressif32@src-537c58760dafe7fcc8a1d9bbcf00b6f6/tools/sdk/esp32s3/include/libsodium/port_include -I/home/franstein/.platformio/packages/framework-arduinoespressif32@src-537c58760dafe7fcc8a1d9bbcf00b6f6/tools/sdk/esp32s3/include/mqtt/esp-mqtt/include -I/home/franstein/.platformio/packages/framework-arduinoespressif32@src-537c58760dafe7fcc8a1d9bbcf00b6f6/tools/sdk/esp32s3/include/openssl/include -I/home/franstein/.platformio/packages/framework-arduinoespressif32@src-537c58760dafe7fcc8a1d9bbcf00b6f6/tools/sdk/esp32s3/include/perfmon/include -I/home/franstein/.platformio/packages/framework-arduinoespressif32@src-537c58760dafe7fcc8a1d9bbcf00b6f6/tools/sdk/esp32s3/include/spiffs/include -I/home/franstein/.platformio/packages/framework-arduinoespressif32@src-537c58760dafe7fcc8a1d9bbcf00b6f6/tools/sdk/esp32s3/include/usb/include -I/home/franstein/.platformio/packages/framework-arduinoespressif32@src-537c58760dafe7fcc8a1d9bbcf00b6f6/tools/sdk/esp32s3/include/ulp/include -I/home/franstein/.platformio/packages/framework-arduinoespressif32@src-537c58760dafe7fcc8a1d9bbcf00b6f6/tools/sdk/esp32s3/include/wifi_provisioning/include -I/home/franstein/.platformio/packages/framework-arduinoespressif32@src-537c58760dafe7fcc8a1d9bbcf00b6f6/tools/sdk/esp32s3/include/rmaker_common/include -I/home/franstein/.platformio/packages/framework-arduinoespressif32@src-537c58760dafe7fcc8a1d9bbcf00b6f6/tools/sdk/esp32s3/include/json_parser/upstream/include -I/home/franstein/.platformio/packages/framework-arduinoespressif32@src-537c58760dafe7fcc8a1d9bbcf00b6f6/tools/sdk/esp32s3/include/json_parser/upstream -I/home/franstein/.platformio/packages/framework-arduinoespressif32@src-537c58760dafe7fcc8a1d9bbcf00b6f6/tools/sdk/esp32s3/include/json_generator/upstream -I/home/franstein/.platformio/packages/framework-arduinoespressif32@src-537c58760dafe7fcc8a1d9bbcf00b6f6/tools/sdk/esp32s3/include/esp_schedule/include -I/home/franstein/.platformio/packages/framework-arduinoespressif32@src-537c58760dafe7fcc8a1d9bbcf00b6f6/tools/sdk/esp32s3/include/esp_rainmaker/include -I/home/franstein/.platformio/packages/framework-arduinoespressif32@src-537c58760dafe7fcc8a1d9bbcf00b6f6/tools/sdk/esp32s3/include/gpio_button/button/include -I/home/franstein/.platformio/packages/framework-arduinoespressif32@src-537c58760dafe7fcc8a1d9bbcf00b6f6/tools/sdk/esp32s3/include/qrcode/include -I/home/franstein/.platformio/packages/framework-arduinoespressif32@src-537c58760dafe7fcc8a1d9bbcf00b6f6/tools/sdk/esp32s3/include/ws2812_led -I/home/franstein/.platformio/packages/framework-arduinoespressif32@src-537c58760dafe7fcc8a1d9bbcf00b6f6/tools/sdk/esp32s3/include/esp_diagnostics/include -I/home/franstein/.platformio/packages/framework-arduinoespressif32@src-537c58760dafe7fcc8a1d9bbcf00b6f6/tools/sdk/esp32s3/include/rtc_store/include -I/home/franstein/.platformio/packages/framework-arduinoespressif32@src-537c58760dafe7fcc8a1d9bbcf00b6f6/tools/sdk/esp32s3/include/esp_insights/include -I/home/franstein/.platformio/packages/framework-arduinoespressif32@src-537c58760dafe7fcc8a1d9bbcf00b6f6/tools/sdk/esp32s3/include/esp-dsp/modules/dotprod/include -I/home/franstein/.platformio/packages/framework-arduinoespressif32@src-537c58760dafe7fcc8a1d9bbcf00b6f6/tools/sdk/esp32s3/include/esp-dsp/modules/support/include -I/home/franstein/.platformio/packages/framework-arduinoespressif32@src-537c58760dafe7fcc8a1d9bbcf00b6f6/tools/sdk/esp32s3/include/esp-dsp/modules/windows/include -I/home/franstein/.platformio/packages/framework-arduinoespressif32@src-537c58760dafe7fcc8a1d9bbcf00b6f6/tools/sdk/esp32s3/include/esp-dsp/modules/windows/hann/include -I/home/franstein/.platformio/packages/framework-arduinoespressif32@src-537c58760dafe7fcc8a1d9bbcf00b6f6/tools/sdk/esp32s3/include/esp-dsp/modules/windows/blackman/include -I/home/franstein/.platformio/packages/framework-arduinoespressif32@src-537c58760dafe7fcc8a1d9bbcf00b6f6/tools/sdk/esp32s3/include/esp-dsp/modules/windows/blackman_harris/include -I/home/franstein/.platformio/packages/framework-arduinoespressif32@src-537c58760dafe7fcc8a1d9bbcf00b6f6/tools/sdk/esp32s3/include/esp-dsp/modules/windows/blackman_nuttall/include -I/home/franstein/.platformio/packages/framework-arduinoespressif32@src-537c58760dafe7fcc8a1d9bbcf00b6f6/tools/sdk/esp32s3/include/esp-dsp/modules/windows/nuttall/include -I/home/franstein/.platformio/packages/framework-arduinoespressif32@src-537c58760dafe7fcc8a1d9bbcf00b6f6/tools/sdk/esp32s3/include/esp-dsp/modules/windows/flat_top/include -I/home/franstein/.platformio/packages/framework-arduinoespressif32@src-537c58760dafe7fcc8a1d9bbcf00b6f6/tools/sdk/esp32s3/include/esp-dsp/modules/iir/include -I/home/franstein/.platformio/packages/framework-arduinoespressif32@src-537c58760dafe7fcc8a1d9bbcf00b6f6/tools/sdk/esp32s3/include/esp-dsp/modules/fir/include -I/home/franstein/.platformio/packages/framework-arduinoespressif32@src-537c58760dafe7fcc8a1d9bbcf00b6f6/tools/sdk/esp32s3/include/esp-dsp/modules/math/include -I/home/franstein/.platformio/packages/framework-arduinoespressif32@src-537c58760dafe7fcc8a1d9bbcf00b6f6/tools/sdk/esp32s3/include/esp-dsp/modules/math/add/include -I/home/franstein/.platformio/packages/framework-arduinoespressif32@src-537c58760dafe7fcc8a1d9bbcf00b6f6/tools/sdk/esp32s3/include/esp-dsp/modules/math/sub/include -I/home/franstein/.platformio/packages/framework-arduinoespressif32@src-537c58760dafe7fcc8a1d9bbcf00b6f6/tools/sdk/esp32s3/include/esp-dsp/modules/math/mul/include -I/home/franstein/.platformio/packages/framework-arduinoespressif32@src-537c58760dafe7fcc8a1d9bbcf00b6f6/tools/sdk/esp32s3/include/esp-dsp/modules/math/addc/include -I/home/franstein/.platformio/packages/framework-arduinoespressif32@src-537c58760dafe7fcc8a1d9bbcf00b6f6/tools/sdk/esp32s3/include/esp-dsp/modules/math/mulc/include -I/home/franstein/.platformio/packages/framework-arduinoespressif32@src-537c58760dafe7fcc8a1d9bbcf00b6f6/tools/sdk/esp32s3/include/esp-dsp/modules/math/sqrt/include -I/home/franstein/.platformio/packages/framework-arduinoespressif32@src-537c58760dafe7fcc8a1d9bbcf00b6f6/tools/sdk/esp32s3/include/esp-dsp/modules/matrix/include -I/home/franstein/.platformio/packages/framework-arduinoespressif32@src-537c58760dafe7fcc8a1d9bbcf00b6f6/tools/sdk/esp32s3/include/esp-dsp/modules/fft/include -I/home/franstein/.platformio/packages/framework-arduinoespressif32@src-537c58760dafe7fcc8a1d9bbcf00b6f6/tools/sdk/esp32s3/include/esp-dsp/modules/dct/include -I/home/franstein/.platformio/packages/framework-arduinoespressif32@src-537c58760dafe7fcc8a1d9bbcf00b6f6/tools/sdk/esp32s3/include/esp-dsp/modules/conv/include -I/home/franstein/.platformio/packages/framework-arduinoespressif32@src-537c58760dafe7fcc8a1d9bbcf00b6f6/tools/sdk/esp32s3/include/esp-dsp/modules/common/include -I/home/franstein/.platformio/packages/framework-arduinoespressif32@src-537c58760dafe7fcc8a1d9bbcf00b6f6/tools/sdk/esp32s3/include/esp-dsp/modules/kalman/ekf/include -I/home/franstein/.platformio/packages/framework-arduinoespressif32@src-537c58760dafe7fcc8a1d9bbcf00b6f6/tools/sdk/esp32s3/include/esp-dsp/modules/kalman/ekf_imu13states/include -I/home/franstein/.platformio/packages/framework-arduinoespressif32@src-537c58760dafe7fcc8a1d9bbcf00b6f6/tools/sdk/esp32s3/include/freertos/include/freertos -I/home/franstein/.platformio/packages/framework-arduinoespressif32@src-537c58760dafe7fcc8a1d9bbcf00b6f6/tools/sdk/esp32s3/include/arduino_tinyusb/tinyusb/src -I/home/franstein/.platformio/packages/framework-arduinoespressif32@src-537c58760dafe7fcc8a1d9bbcf00b6f6/tools/sdk/esp32s3/include/arduino_tinyusb/include -I/home/franstein/.platformio/packages/framework-arduinoespressif32@src-537c58760dafe7fcc8a1d9bbcf00b6f6/tools/sdk/esp32s3/include/esp_littlefs/include -I/home/franstein/.platformio/packages/framework-arduinoespressif32@src-537c58760dafe7fcc8a1d9bbcf00b6f6/tools/sdk/esp32s3/include/esp-dl/include -I/home/franstein/.platformio/packages/framework-arduinoespressif32@src-537c58760dafe7fcc8a1d9bbcf00b6f6/tools/sdk/esp32s3/include/esp-dl/include/tool -I/home/franstein/.platformio/packages/framework-arduinoespressif32@src-537c58760dafe7fcc8a1d9bbcf00b6f6/tools/sdk/esp32s3/include/esp-dl/include/typedef -I/home/franstein/.platformio/packages/framework-arduinoespressif32@src-537c58760dafe7fcc8a1d9bbcf00b6f6/tools/sdk/esp32s3/include/esp-dl/include/image -I/home/franstein/.platformio/packages/framework-arduinoespressif32@src-537c58760dafe7fcc8a1d9bbcf00b6f6/tools/sdk/esp32s3/include/esp-dl/include/math -I/home/franstein/.platformio/packages/framework-arduinoespressif32@src-537c58760dafe7fcc8a1d9bbcf00b6f6/tools/sdk/esp32s3/include/esp-dl/include/nn -I/home/franstein/.platformio/packages/framework-arduinoespressif32@src-537c58760dafe7fcc8a1d9bbcf00b6f6/tools/sdk/esp32s3/include/esp-dl/include/layer -I/home/franstein/.platformio/packages/framework-arduinoespressif32@src-537c58760dafe7fcc8a1d9bbcf00b6f6/tools/sdk/esp32s3/include/esp-dl/include/detect -I/home/franstein/.platformio/packages/framework-arduinoespressif32@src-537c58760dafe7fcc8a1d9bbcf00b6f6/tools/sdk/esp32s3/include/esp-dl/include/model_zoo -I/home/franstein/.platformio/packages/framework-arduinoespressif32@src-537c58760dafe7fcc8a1d9bbcf00b6f6/tools/sdk/esp32s3/include/esp-sr/src/include -I/home/franstein/.platformio/packages/framework-arduinoespressif32@src-537c58760dafe7fcc8a1d9bbcf00b6f6/tools/sdk/esp32s3/include/esp-sr/esp-tts/esp_tts_chinese/include -I/home/franstein/.platformio/packages/framework-arduinoespressif32@src-537c58760dafe7fcc8a1d9bbcf00b6f6/tools/sdk/esp32s3/include/esp-sr/include/esp32s3 -I/home/franstein/.platformio/packages/framework-arduinoespressif32@src-537c58760dafe7fcc8a1d9bbcf00b6f6/tools/sdk/esp32s3/include/esp32-camera/driver/include -I/home/franstein/.platformio/packages/framework-arduinoespressif32@src-537c58760dafe7fcc8a1d9bbcf00b6f6/tools/sdk/esp32s3/include/esp32-camera/conversions/include -I/home/franstein/.platformio/packages/framework-arduinoespressif32@src-537c58760dafe7fcc8a1d9bbcf00b6f6/tools/sdk/esp32s3/include/fb_gfx/include -I/home/franstein/.platformio/packages/framework-arduinoespressif32@src-537c58760dafe7fcc8a1d9bbcf00b6f6/tools/sdk/esp32s3/qio_opi/include -I/home/franstein/.platformio/packages/framework-arduinoespressif32@src-537c58760dafe7fcc8a1d9bbcf00b6f6/cores/esp32 -I/home/franstein/.platformio/packages/framework-arduinoespressif32@src-537c58760dafe7fcc8a1d9bbcf00b6f6/variants/esp32s3 /home/franstein/.platformio/packages/framework-arduinoespressif32@src-537c58760dafe7fcc8a1d9bbcf00b6f6/cores/esp32/libb64/cdecode.c
xtensa-esp32s3-elf-gcc -o .pio/build/esp32/FrameworkArduino/libb64/cencode.c.o -c -std=gnu99 -Wno-old-style-declaration -Os -mlongcalls -ffunction-sections -fdata-sections -Wno-error=unused-function -Wno-error=unused-variable -Wno-error=deprecated-declarations -Wno-unused-parameter -Wno-sign-compare -ggdb -freorder-blocks -Wwrite-strings -fstack-protector -fstrict-volatile-bitfields -Wno-error=unused-but-set-variable -fno-jump-tables -fno-tree-switch-conversion -MMD -DPLATFORMIO=60107 -DBOARD_HAS_PSRAM -DARDUINO_USB_MODE=1 -DARDUINO_USB_CDC_ON_BOOT=1 -DHAVE_CONFIG_H -DMBEDTLS_CONFIG_FILE=\"mbedtls/esp_config.h\" -DUNITY_INCLUDE_CONFIG_H -DWITH_POSIX -D_GNU_SOURCE -DIDF_VER=\"v4.4.3\" -DESP_PLATFORM -D_POSIX_READER_WRITER_LOCKS -DARDUINO_ARCH_ESP32 -DESP32 -DF_CPU=240000000L -DARDUINO=10812 -DARDUINO_VARIANT=\"esp32s3\" "-DARDUINO_BOARD=\"LILYGO T3-S3\"" -DARDUINO_PARTITION_default -I/home/franstein/.platformio/packages/framework-arduinoespressif32@src-537c58760dafe7fcc8a1d9bbcf00b6f6/tools/sdk/esp32s3/include/newlib/platform_include -I/home/franstein/.platformio/packages/framework-arduinoespressif32@src-537c58760dafe7fcc8a1d9bbcf00b6f6/tools/sdk/esp32s3/include/freertos/include -I/home/franstein/.platformio/packages/framework-arduinoespressif32@src-537c58760dafe7fcc8a1d9bbcf00b6f6/tools/sdk/esp32s3/include/freertos/include/esp_additions/freertos -I/home/franstein/.platformio/packages/framework-arduinoespressif32@src-537c58760dafe7fcc8a1d9bbcf00b6f6/tools/sdk/esp32s3/include/freertos/port/xtensa/include -I/home/franstein/.platformio/packages/framework-arduinoespressif32@src-537c58760dafe7fcc8a1d9bbcf00b6f6/tools/sdk/esp32s3/include/freertos/include/esp_additions -I/home/franstein/.platformio/packages/framework-arduinoespressif32@src-537c58760dafe7fcc8a1d9bbcf00b6f6/tools/sdk/esp32s3/include/esp_hw_support/include -I/home/franstein/.platformio/packages/framework-arduinoespressif32@src-537c58760dafe7fcc8a1d9bbcf00b6f6/tools/sdk/esp32s3/include/esp_hw_support/include/soc -I/home/franstein/.platformio/packages/framework-arduinoespressif32@src-537c58760dafe7fcc8a1d9bbcf00b6f6/tools/sdk/esp32s3/include/esp_hw_support/include/soc/esp32s3 -I/home/franstein/.platformio/packages/framework-arduinoespressif32@src-537c58760dafe7fcc8a1d9bbcf00b6f6/tools/sdk/esp32s3/include/esp_hw_support/port/esp32s3 -I/home/franstein/.platformio/packages/framework-arduinoespressif32@src-537c58760dafe7fcc8a1d9bbcf00b6f6/tools/sdk/esp32s3/include/esp_hw_support/port/esp32s3/private_include -I/home/franstein/.platformio/packages/framework-arduinoespressif32@src-537c58760dafe7fcc8a1d9bbcf00b6f6/tools/sdk/esp32s3/include/heap/include -I/home/franstein/.platformio/packages/framework-arduinoespressif32@src-537c58760dafe7fcc8a1d9bbcf00b6f6/tools/sdk/esp32s3/include/log/include -I/home/franstein/.platformio/packages/framework-arduinoespressif32@src-537c58760dafe7fcc8a1d9bbcf00b6f6/tools/sdk/esp32s3/include/lwip/include/apps -I/home/franstein/.platformio/packages/framework-arduinoespressif32@src-537c58760dafe7fcc8a1d9bbcf00b6f6/tools/sdk/esp32s3/include/lwip/include/apps/sntp -I/home/franstein/.platformio/packages/framework-arduinoespressif32@src-537c58760dafe7fcc8a1d9bbcf00b6f6/tools/sdk/esp32s3/include/lwip/lwip/src/include -I/home/franstein/.platformio/packages/framework-arduinoespressif32@src-537c58760dafe7fcc8a1d9bbcf00b6f6/tools/sdk/esp32s3/include/lwip/port/esp32/include -I/home/franstein/.platformio/packages/framework-arduinoespressif32@src-537c58760dafe7fcc8a1d9bbcf00b6f6/tools/sdk/esp32s3/include/lwip/port/esp32/include/arch -I/home/franstein/.platformio/packages/framework-arduinoespressif32@src-537c58760dafe7fcc8a1d9bbcf00b6f6/tools/sdk/esp32s3/include/soc/include -I/home/franstein/.platformio/packages/framework-arduinoespressif32@src-537c58760dafe7fcc8a1d9bbcf00b6f6/tools/sdk/esp32s3/include/soc/esp32s3 -I/home/franstein/.platformio/packages/framework-arduinoespressif32@src-537c58760dafe7fcc8a1d9bbcf00b6f6/tools/sdk/esp32s3/include/soc/esp32s3/include -I/home/franstein/.platformio/packages/framework-arduinoespressif32@src-537c58760dafe7fcc8a1d9bbcf00b6f6/tools/sdk/esp32s3/include/hal/esp32s3/include -I/home/franstein/.platformio/packages/framework-arduinoespressif32@src-537c58760dafe7fcc8a1d9bbcf00b6f6/tools/sdk/esp32s3/include/hal/include -I/home/franstein/.platformio/packages/framework-arduinoespressif32@src-537c58760dafe7fcc8a1d9bbcf00b6f6/tools/sdk/esp32s3/include/hal/platform_port/include -I/home/franstein/.platformio/packages/framework-arduinoespressif32@src-537c58760dafe7fcc8a1d9bbcf00b6f6/tools/sdk/esp32s3/include/esp_rom/include -I/home/franstein/.platformio/packages/framework-arduinoespressif32@src-537c58760dafe7fcc8a1d9bbcf00b6f6/tools/sdk/esp32s3/include/esp_rom/include/esp32s3 -I/home/franstein/.platformio/packages/framework-arduinoespressif32@src-537c58760dafe7fcc8a1d9bbcf00b6f6/tools/sdk/esp32s3/include/esp_rom/esp32s3 -I/home/franstein/.platformio/packages/framework-arduinoespressif32@src-537c58760dafe7fcc8a1d9bbcf00b6f6/tools/sdk/esp32s3/include/esp_common/include -I/home/franstein/.platformio/packages/framework-arduinoespressif32@src-537c58760dafe7fcc8a1d9bbcf00b6f6/tools/sdk/esp32s3/include/esp_system/include -I/home/franstein/.platformio/packages/framework-arduinoespressif32@src-537c58760dafe7fcc8a1d9bbcf00b6f6/tools/sdk/esp32s3/include/esp_system/port/soc -I/home/franstein/.platformio/packages/framework-arduinoespressif32@src-537c58760dafe7fcc8a1d9bbcf00b6f6/tools/sdk/esp32s3/include/esp_system/port/public_compat -I/home/franstein/.platformio/packages/framework-arduinoespressif32@src-537c58760dafe7fcc8a1d9bbcf00b6f6/tools/sdk/esp32s3/include/xtensa/include -I/home/franstein/.platformio/packages/framework-arduinoespressif32@src-537c58760dafe7fcc8a1d9bbcf00b6f6/tools/sdk/esp32s3/include/xtensa/esp32s3/include -I/home/franstein/.platformio/packages/framework-arduinoespressif32@src-537c58760dafe7fcc8a1d9bbcf00b6f6/tools/sdk/esp32s3/include/driver/include -I/home/franstein/.platformio/packages/framework-arduinoespressif32@src-537c58760dafe7fcc8a1d9bbcf00b6f6/tools/sdk/esp32s3/include/driver/esp32s3/include -I/home/franstein/.platformio/packages/framework-arduinoespressif32@src-537c58760dafe7fcc8a1d9bbcf00b6f6/tools/sdk/esp32s3/include/esp_pm/include -I/home/franstein/.platformio/packages/framework-arduinoespressif32@src-537c58760dafe7fcc8a1d9bbcf00b6f6/tools/sdk/esp32s3/include/esp_ringbuf/include -I/home/franstein/.platformio/packages/framework-arduinoespressif32@src-537c58760dafe7fcc8a1d9bbcf00b6f6/tools/sdk/esp32s3/include/efuse/include -I/home/franstein/.platformio/packages/framework-arduinoespressif32@src-537c58760dafe7fcc8a1d9bbcf00b6f6/tools/sdk/esp32s3/include/efuse/esp32s3/include -I/home/franstein/.platformio/packages/framework-arduinoespressif32@src-537c58760dafe7fcc8a1d9bbcf00b6f6/tools/sdk/esp32s3/include/vfs/include -I/home/franstein/.platformio/packages/framework-arduinoespressif32@src-537c58760dafe7fcc8a1d9bbcf00b6f6/tools/sdk/esp32s3/include/esp_wifi/include -I/home/franstein/.platformio/packages/framework-arduinoespressif32@src-537c58760dafe7fcc8a1d9bbcf00b6f6/tools/sdk/esp32s3/include/esp_event/include -I/home/franstein/.platformio/packages/framework-arduinoespressif32@src-537c58760dafe7fcc8a1d9bbcf00b6f6/tools/sdk/esp32s3/include/esp_netif/include -I/home/franstein/.platformio/packages/framework-arduinoespressif32@src-537c58760dafe7fcc8a1d9bbcf00b6f6/tools/sdk/esp32s3/include/esp_eth/include -I/home/franstein/.platformio/packages/framework-arduinoespressif32@src-537c58760dafe7fcc8a1d9bbcf00b6f6/tools/sdk/esp32s3/include/tcpip_adapter/include -I/home/franstein/.platformio/packages/framework-arduinoespressif32@src-537c58760dafe7fcc8a1d9bbcf00b6f6/tools/sdk/esp32s3/include/esp_phy/include -I/home/franstein/.platformio/packages/framework-arduinoespressif32@src-537c58760dafe7fcc8a1d9bbcf00b6f6/tools/sdk/esp32s3/include/esp_phy/esp32s3/include -I/home/franstein/.platformio/packages/framework-arduinoespressif32@src-537c58760dafe7fcc8a1d9bbcf00b6f6/tools/sdk/esp32s3/include/esp_ipc/include -I/home/franstein/.platformio/packages/framework-arduinoespressif32@src-537c58760dafe7fcc8a1d9bbcf00b6f6/tools/sdk/esp32s3/include/app_trace/include -I/home/franstein/.platformio/packages/framework-arduinoespressif32@src-537c58760dafe7fcc8a1d9bbcf00b6f6/tools/sdk/esp32s3/include/esp_timer/include -I/home/franstein/.platformio/packages/framework-arduinoespressif32@src-537c58760dafe7fcc8a1d9bbcf00b6f6/tools/sdk/esp32s3/include/mbedtls/port/include -I/home/franstein/.platformio/packages/framework-arduinoespressif32@src-537c58760dafe7fcc8a1d9bbcf00b6f6/tools/sdk/esp32s3/include/mbedtls/mbedtls/include -I/home/franstein/.platformio/packages/framework-arduinoespressif32@src-537c58760dafe7fcc8a1d9bbcf00b6f6/tools/sdk/esp32s3/include/mbedtls/esp_crt_bundle/include -I/home/franstein/.platformio/packages/framework-arduinoespressif32@src-537c58760dafe7fcc8a1d9bbcf00b6f6/tools/sdk/esp32s3/include/app_update/include -I/home/franstein/.platformio/packages/framework-arduinoespressif32@src-537c58760dafe7fcc8a1d9bbcf00b6f6/tools/sdk/esp32s3/include/spi_flash/include -I/home/franstein/.platformio/packages/framework-arduinoespressif32@src-537c58760dafe7fcc8a1d9bbcf00b6f6/tools/sdk/esp32s3/include/bootloader_support/include -I/home/franstein/.platformio/packages/framework-arduinoespressif32@src-537c58760dafe7fcc8a1d9bbcf00b6f6/tools/sdk/esp32s3/include/nvs_flash/include -I/home/franstein/.platformio/packages/framework-arduinoespressif32@src-537c58760dafe7fcc8a1d9bbcf00b6f6/tools/sdk/esp32s3/include/pthread/include -I/home/franstein/.platformio/packages/framework-arduinoespressif32@src-537c58760dafe7fcc8a1d9bbcf00b6f6/tools/sdk/esp32s3/include/esp_gdbstub/include -I/home/franstein/.platformio/packages/framework-arduinoespressif32@src-537c58760dafe7fcc8a1d9bbcf00b6f6/tools/sdk/esp32s3/include/esp_gdbstub/xtensa -I/home/franstein/.platformio/packages/framework-arduinoespressif32@src-537c58760dafe7fcc8a1d9bbcf00b6f6/tools/sdk/esp32s3/include/esp_gdbstub/esp32s3 -I/home/franstein/.platformio/packages/framework-arduinoespressif32@src-537c58760dafe7fcc8a1d9bbcf00b6f6/tools/sdk/esp32s3/include/espcoredump/include -I/home/franstein/.platformio/packages/framework-arduinoespressif32@src-537c58760dafe7fcc8a1d9bbcf00b6f6/tools/sdk/esp32s3/include/espcoredump/include/port/xtensa -I/home/franstein/.platformio/packages/framework-arduinoespressif32@src-537c58760dafe7fcc8a1d9bbcf00b6f6/tools/sdk/esp32s3/include/wpa_supplicant/include -I/home/franstein/.platformio/packages/framework-arduinoespressif32@src-537c58760dafe7fcc8a1d9bbcf00b6f6/tools/sdk/esp32s3/include/wpa_supplicant/port/include -I/home/franstein/.platformio/packages/framework-arduinoespressif32@src-537c58760dafe7fcc8a1d9bbcf00b6f6/tools/sdk/esp32s3/include/wpa_supplicant/esp_supplicant/include -I/home/franstein/.platformio/packages/framework-arduinoespressif32@src-537c58760dafe7fcc8a1d9bbcf00b6f6/tools/sdk/esp32s3/include/ieee802154/include -I/home/franstein/.platformio/packages/framework-arduinoespressif32@src-537c58760dafe7fcc8a1d9bbcf00b6f6/tools/sdk/esp32s3/include/console -I/home/franstein/.platformio/packages/framework-arduinoespressif32@src-537c58760dafe7fcc8a1d9bbcf00b6f6/tools/sdk/esp32s3/include/asio/asio/asio/include -I/home/franstein/.platformio/packages/framework-arduinoespressif32@src-537c58760dafe7fcc8a1d9bbcf00b6f6/tools/sdk/esp32s3/include/asio/port/include -I/home/franstein/.platformio/packages/framework-arduinoespressif32@src-537c58760dafe7fcc8a1d9bbcf00b6f6/tools/sdk/esp32s3/include/bt/common/osi/include -I/home/franstein/.platformio/packages/framework-arduinoespressif32@src-537c58760dafe7fcc8a1d9bbcf00b6f6/tools/sdk/esp32s3/include/bt/include/esp32s3/include -I/home/franstein/.platformio/packages/framework-arduinoespressif32@src-537c58760dafe7fcc8a1d9bbcf00b6f6/tools/sdk/esp32s3/include/bt/common/api/include/api -I/home/franstein/.platformio/packages/framework-arduinoespressif32@src-537c58760dafe7fcc8a1d9bbcf00b6f6/tools/sdk/esp32s3/include/bt/common/btc/profile/esp/blufi/include -I/home/franstein/.platformio/packages/framework-arduinoespressif32@src-537c58760dafe7fcc8a1d9bbcf00b6f6/tools/sdk/esp32s3/include/bt/common/btc/profile/esp/include -I/home/franstein/.platformio/packages/framework-arduinoespressif32@src-537c58760dafe7fcc8a1d9bbcf00b6f6/tools/sdk/esp32s3/include/bt/host/bluedroid/api/include/api -I/home/franstein/.platformio/packages/framework-arduinoespressif32@src-537c58760dafe7fcc8a1d9bbcf00b6f6/tools/sdk/esp32s3/include/bt/esp_ble_mesh/mesh_common/include -I/home/franstein/.platformio/packages/framework-arduinoespressif32@src-537c58760dafe7fcc8a1d9bbcf00b6f6/tools/sdk/esp32s3/include/bt/esp_ble_mesh/mesh_common/tinycrypt/include -I/home/franstein/.platformio/packages/framework-arduinoespressif32@src-537c58760dafe7fcc8a1d9bbcf00b6f6/tools/sdk/esp32s3/include/bt/esp_ble_mesh/mesh_core -I/home/franstein/.platformio/packages/framework-arduinoespressif32@src-537c58760dafe7fcc8a1d9bbcf00b6f6/tools/sdk/esp32s3/include/bt/esp_ble_mesh/mesh_core/include -I/home/franstein/.platformio/packages/framework-arduinoespressif32@src-537c58760dafe7fcc8a1d9bbcf00b6f6/tools/sdk/esp32s3/include/bt/esp_ble_mesh/mesh_core/storage -I/home/franstein/.platformio/packages/framework-arduinoespressif32@src-537c58760dafe7fcc8a1d9bbcf00b6f6/tools/sdk/esp32s3/include/bt/esp_ble_mesh/btc/include -I/home/franstein/.platformio/packages/framework-arduinoespressif32@src-537c58760dafe7fcc8a1d9bbcf00b6f6/tools/sdk/esp32s3/include/bt/esp_ble_mesh/mesh_models/common/include -I/home/franstein/.platformio/packages/framework-arduinoespressif32@src-537c58760dafe7fcc8a1d9bbcf00b6f6/tools/sdk/esp32s3/include/bt/esp_ble_mesh/mesh_models/client/include -I/home/franstein/.platformio/packages/framework-arduinoespressif32@src-537c58760dafe7fcc8a1d9bbcf00b6f6/tools/sdk/esp32s3/include/bt/esp_ble_mesh/mesh_models/server/include -I/home/franstein/.platformio/packages/framework-arduinoespressif32@src-537c58760dafe7fcc8a1d9bbcf00b6f6/tools/sdk/esp32s3/include/bt/esp_ble_mesh/api/core/include -I/home/franstein/.platformio/packages/framework-arduinoespressif32@src-537c58760dafe7fcc8a1d9bbcf00b6f6/tools/sdk/esp32s3/include/bt/esp_ble_mesh/api/models/include -I/home/franstein/.platformio/packages/framework-arduinoespressif32@src-537c58760dafe7fcc8a1d9bbcf00b6f6/tools/sdk/esp32s3/include/bt/esp_ble_mesh/api -I/home/franstein/.platformio/packages/framework-arduinoespressif32@src-537c58760dafe7fcc8a1d9bbcf00b6f6/tools/sdk/esp32s3/include/cbor/port/include -I/home/franstein/.platformio/packages/framework-arduinoespressif32@src-537c58760dafe7fcc8a1d9bbcf00b6f6/tools/sdk/esp32s3/include/unity/include -I/home/franstein/.platformio/packages/framework-arduinoespressif32@src-537c58760dafe7fcc8a1d9bbcf00b6f6/tools/sdk/esp32s3/include/unity/unity/src -I/home/franstein/.platformio/packages/framework-arduinoespressif32@src-537c58760dafe7fcc8a1d9bbcf00b6f6/tools/sdk/esp32s3/include/cmock/CMock/src -I/home/franstein/.platformio/packages/framework-arduinoespressif32@src-537c58760dafe7fcc8a1d9bbcf00b6f6/tools/sdk/esp32s3/include/coap/port/include -I/home/franstein/.platformio/packages/framework-arduinoespressif32@src-537c58760dafe7fcc8a1d9bbcf00b6f6/tools/sdk/esp32s3/include/coap/libcoap/include -I/home/franstein/.platformio/packages/framework-arduinoespressif32@src-537c58760dafe7fcc8a1d9bbcf00b6f6/tools/sdk/esp32s3/include/nghttp/port/include -I/home/franstein/.platformio/packages/framework-arduinoespressif32@src-537c58760dafe7fcc8a1d9bbcf00b6f6/tools/sdk/esp32s3/include/nghttp/nghttp2/lib/includes -I/home/franstein/.platformio/packages/framework-arduinoespressif32@src-537c58760dafe7fcc8a1d9bbcf00b6f6/tools/sdk/esp32s3/include/esp-tls -I/home/franstein/.platformio/packages/framework-arduinoespressif32@src-537c58760dafe7fcc8a1d9bbcf00b6f6/tools/sdk/esp32s3/include/esp-tls/esp-tls-crypto -I/home/franstein/.platformio/packages/framework-arduinoespressif32@src-537c58760dafe7fcc8a1d9bbcf00b6f6/tools/sdk/esp32s3/include/esp_adc_cal/include -I/home/franstein/.platformio/packages/framework-arduinoespressif32@src-537c58760dafe7fcc8a1d9bbcf00b6f6/tools/sdk/esp32s3/include/esp_hid/include -I/home/franstein/.platformio/packages/framework-arduinoespressif32@src-537c58760dafe7fcc8a1d9bbcf00b6f6/tools/sdk/esp32s3/include/tcp_transport/include -I/home/franstein/.platformio/packages/framework-arduinoespressif32@src-537c58760dafe7fcc8a1d9bbcf00b6f6/tools/sdk/esp32s3/include/esp_http_client/include -I/home/franstein/.platformio/packages/framework-arduinoespressif32@src-537c58760dafe7fcc8a1d9bbcf00b6f6/tools/sdk/esp32s3/include/esp_http_server/include -I/home/franstein/.platformio/packages/framework-arduinoespressif32@src-537c58760dafe7fcc8a1d9bbcf00b6f6/tools/sdk/esp32s3/include/esp_https_ota/include -I/home/franstein/.platformio/packages/framework-arduinoespressif32@src-537c58760dafe7fcc8a1d9bbcf00b6f6/tools/sdk/esp32s3/include/esp_https_server/include -I/home/franstein/.platformio/packages/framework-arduinoespressif32@src-537c58760dafe7fcc8a1d9bbcf00b6f6/tools/sdk/esp32s3/include/esp_lcd/include -I/home/franstein/.platformio/packages/framework-arduinoespressif32@src-537c58760dafe7fcc8a1d9bbcf00b6f6/tools/sdk/esp32s3/include/esp_lcd/interface -I/home/franstein/.platformio/packages/framework-arduinoespressif32@src-537c58760dafe7fcc8a1d9bbcf00b6f6/tools/sdk/esp32s3/include/protobuf-c/protobuf-c -I/home/franstein/.platformio/packages/framework-arduinoespressif32@src-537c58760dafe7fcc8a1d9bbcf00b6f6/tools/sdk/esp32s3/include/protocomm/include/common -I/home/franstein/.platformio/packages/framework-arduinoespressif32@src-537c58760dafe7fcc8a1d9bbcf00b6f6/tools/sdk/esp32s3/include/protocomm/include/security -I/home/franstein/.platformio/packages/framework-arduinoespressif32@src-537c58760dafe7fcc8a1d9bbcf00b6f6/tools/sdk/esp32s3/include/protocomm/include/transports -I/home/franstein/.platformio/packages/framework-arduinoespressif32@src-537c58760dafe7fcc8a1d9bbcf00b6f6/tools/sdk/esp32s3/include/mdns/include -I/home/franstein/.platformio/packages/framework-arduinoespressif32@src-537c58760dafe7fcc8a1d9bbcf00b6f6/tools/sdk/esp32s3/include/esp_local_ctrl/include -I/home/franstein/.platformio/packages/framework-arduinoespressif32@src-537c58760dafe7fcc8a1d9bbcf00b6f6/tools/sdk/esp32s3/include/sdmmc/include -I/home/franstein/.platformio/packages/framework-arduinoespressif32@src-537c58760dafe7fcc8a1d9bbcf00b6f6/tools/sdk/esp32s3/include/esp_serial_slave_link/include -I/home/franstein/.platformio/packages/framework-arduinoespressif32@src-537c58760dafe7fcc8a1d9bbcf00b6f6/tools/sdk/esp32s3/include/esp_websocket_client/include -I/home/franstein/.platformio/packages/framework-arduinoespressif32@src-537c58760dafe7fcc8a1d9bbcf00b6f6/tools/sdk/esp32s3/include/expat/expat/expat/lib -I/home/franstein/.platformio/packages/framework-arduinoespressif32@src-537c58760dafe7fcc8a1d9bbcf00b6f6/tools/sdk/esp32s3/include/expat/port/include -I/home/franstein/.platformio/packages/framework-arduinoespressif32@src-537c58760dafe7fcc8a1d9bbcf00b6f6/tools/sdk/esp32s3/include/wear_levelling/include -I/home/franstein/.platformio/packages/framework-arduinoespressif32@src-537c58760dafe7fcc8a1d9bbcf00b6f6/tools/sdk/esp32s3/include/fatfs/diskio -I/home/franstein/.platformio/packages/framework-arduinoespressif32@src-537c58760dafe7fcc8a1d9bbcf00b6f6/tools/sdk/esp32s3/include/fatfs/vfs -I/home/franstein/.platformio/packages/framework-arduinoespressif32@src-537c58760dafe7fcc8a1d9bbcf00b6f6/tools/sdk/esp32s3/include/fatfs/src -I/home/franstein/.platformio/packages/framework-arduinoespressif32@src-537c58760dafe7fcc8a1d9bbcf00b6f6/tools/sdk/esp32s3/include/freemodbus/common/include -I/home/franstein/.platformio/packages/framework-arduinoespressif32@src-537c58760dafe7fcc8a1d9bbcf00b6f6/tools/sdk/esp32s3/include/idf_test/include -I/home/franstein/.platformio/packages/framework-arduinoespressif32@src-537c58760dafe7fcc8a1d9bbcf00b6f6/tools/sdk/esp32s3/include/idf_test/include/esp32s3 -I/home/franstein/.platformio/packages/framework-arduinoespressif32@src-537c58760dafe7fcc8a1d9bbcf00b6f6/tools/sdk/esp32s3/include/jsmn/include -I/home/franstein/.platformio/packages/framework-arduinoespressif32@src-537c58760dafe7fcc8a1d9bbcf00b6f6/tools/sdk/esp32s3/include/json/cJSON -I/home/franstein/.platformio/packages/framework-arduinoespressif32@src-537c58760dafe7fcc8a1d9bbcf00b6f6/tools/sdk/esp32s3/include/libsodium/libsodium/src/libsodium/include -I/home/franstein/.platformio/packages/framework-arduinoespressif32@src-537c58760dafe7fcc8a1d9bbcf00b6f6/tools/sdk/esp32s3/include/libsodium/port_include -I/home/franstein/.platformio/packages/framework-arduinoespressif32@src-537c58760dafe7fcc8a1d9bbcf00b6f6/tools/sdk/esp32s3/include/mqtt/esp-mqtt/include -I/home/franstein/.platformio/packages/framework-arduinoespressif32@src-537c58760dafe7fcc8a1d9bbcf00b6f6/tools/sdk/esp32s3/include/openssl/include -I/home/franstein/.platformio/packages/framework-arduinoespressif32@src-537c58760dafe7fcc8a1d9bbcf00b6f6/tools/sdk/esp32s3/include/perfmon/include -I/home/franstein/.platformio/packages/framework-arduinoespressif32@src-537c58760dafe7fcc8a1d9bbcf00b6f6/tools/sdk/esp32s3/include/spiffs/include -I/home/franstein/.platformio/packages/framework-arduinoespressif32@src-537c58760dafe7fcc8a1d9bbcf00b6f6/tools/sdk/esp32s3/include/usb/include -I/home/franstein/.platformio/packages/framework-arduinoespressif32@src-537c58760dafe7fcc8a1d9bbcf00b6f6/tools/sdk/esp32s3/include/ulp/include -I/home/franstein/.platformio/packages/framework-arduinoespressif32@src-537c58760dafe7fcc8a1d9bbcf00b6f6/tools/sdk/esp32s3/include/wifi_provisioning/include -I/home/franstein/.platformio/packages/framework-arduinoespressif32@src-537c58760dafe7fcc8a1d9bbcf00b6f6/tools/sdk/esp32s3/include/rmaker_common/include -I/home/franstein/.platformio/packages/framework-arduinoespressif32@src-537c58760dafe7fcc8a1d9bbcf00b6f6/tools/sdk/esp32s3/include/json_parser/upstream/include -I/home/franstein/.platformio/packages/framework-arduinoespressif32@src-537c58760dafe7fcc8a1d9bbcf00b6f6/tools/sdk/esp32s3/include/json_parser/upstream -I/home/franstein/.platformio/packages/framework-arduinoespressif32@src-537c58760dafe7fcc8a1d9bbcf00b6f6/tools/sdk/esp32s3/include/json_generator/upstream -I/home/franstein/.platformio/packages/framework-arduinoespressif32@src-537c58760dafe7fcc8a1d9bbcf00b6f6/tools/sdk/esp32s3/include/esp_schedule/include -I/home/franstein/.platformio/packages/framework-arduinoespressif32@src-537c58760dafe7fcc8a1d9bbcf00b6f6/tools/sdk/esp32s3/include/esp_rainmaker/include -I/home/franstein/.platformio/packages/framework-arduinoespressif32@src-537c58760dafe7fcc8a1d9bbcf00b6f6/tools/sdk/esp32s3/include/gpio_button/button/include -I/home/franstein/.platformio/packages/framework-arduinoespressif32@src-537c58760dafe7fcc8a1d9bbcf00b6f6/tools/sdk/esp32s3/include/qrcode/include -I/home/franstein/.platformio/packages/framework-arduinoespressif32@src-537c58760dafe7fcc8a1d9bbcf00b6f6/tools/sdk/esp32s3/include/ws2812_led -I/home/franstein/.platformio/packages/framework-arduinoespressif32@src-537c58760dafe7fcc8a1d9bbcf00b6f6/tools/sdk/esp32s3/include/esp_diagnostics/include -I/home/franstein/.platformio/packages/framework-arduinoespressif32@src-537c58760dafe7fcc8a1d9bbcf00b6f6/tools/sdk/esp32s3/include/rtc_store/include -I/home/franstein/.platformio/packages/framework-arduinoespressif32@src-537c58760dafe7fcc8a1d9bbcf00b6f6/tools/sdk/esp32s3/include/esp_insights/include -I/home/franstein/.platformio/packages/framework-arduinoespressif32@src-537c58760dafe7fcc8a1d9bbcf00b6f6/tools/sdk/esp32s3/include/esp-dsp/modules/dotprod/include -I/home/franstein/.platformio/packages/framework-arduinoespressif32@src-537c58760dafe7fcc8a1d9bbcf00b6f6/tools/sdk/esp32s3/include/esp-dsp/modules/support/include -I/home/franstein/.platformio/packages/framework-arduinoespressif32@src-537c58760dafe7fcc8a1d9bbcf00b6f6/tools/sdk/esp32s3/include/esp-dsp/modules/windows/include -I/home/franstein/.platformio/packages/framework-arduinoespressif32@src-537c58760dafe7fcc8a1d9bbcf00b6f6/tools/sdk/esp32s3/include/esp-dsp/modules/windows/hann/include -I/home/franstein/.platformio/packages/framework-arduinoespressif32@src-537c58760dafe7fcc8a1d9bbcf00b6f6/tools/sdk/esp32s3/include/esp-dsp/modules/windows/blackman/include -I/home/franstein/.platformio/packages/framework-arduinoespressif32@src-537c58760dafe7fcc8a1d9bbcf00b6f6/tools/sdk/esp32s3/include/esp-dsp/modules/windows/blackman_harris/include -I/home/franstein/.platformio/packages/framework-arduinoespressif32@src-537c58760dafe7fcc8a1d9bbcf00b6f6/tools/sdk/esp32s3/include/esp-dsp/modules/windows/blackman_nuttall/include -I/home/franstein/.platformio/packages/framework-arduinoespressif32@src-537c58760dafe7fcc8a1d9bbcf00b6f6/tools/sdk/esp32s3/include/esp-dsp/modules/windows/nuttall/include -I/home/franstein/.platformio/packages/framework-arduinoespressif32@src-537c58760dafe7fcc8a1d9bbcf00b6f6/tools/sdk/esp32s3/include/esp-dsp/modules/windows/flat_top/include -I/home/franstein/.platformio/packages/framework-arduinoespressif32@src-537c58760dafe7fcc8a1d9bbcf00b6f6/tools/sdk/esp32s3/include/esp-dsp/modules/iir/include -I/home/franstein/.platformio/packages/framework-arduinoespressif32@src-537c58760dafe7fcc8a1d9bbcf00b6f6/tools/sdk/esp32s3/include/esp-dsp/modules/fir/include -I/home/franstein/.platformio/packages/framework-arduinoespressif32@src-537c58760dafe7fcc8a1d9bbcf00b6f6/tools/sdk/esp32s3/include/esp-dsp/modules/math/include -I/home/franstein/.platformio/packages/framework-arduinoespressif32@src-537c58760dafe7fcc8a1d9bbcf00b6f6/tools/sdk/esp32s3/include/esp-dsp/modules/math/add/include -I/home/franstein/.platformio/packages/framework-arduinoespressif32@src-537c58760dafe7fcc8a1d9bbcf00b6f6/tools/sdk/esp32s3/include/esp-dsp/modules/math/sub/include -I/home/franstein/.platformio/packages/framework-arduinoespressif32@src-537c58760dafe7fcc8a1d9bbcf00b6f6/tools/sdk/esp32s3/include/esp-dsp/modules/math/mul/include -I/home/franstein/.platformio/packages/framework-arduinoespressif32@src-537c58760dafe7fcc8a1d9bbcf00b6f6/tools/sdk/esp32s3/include/esp-dsp/modules/math/addc/include -I/home/franstein/.platformio/packages/framework-arduinoespressif32@src-537c58760dafe7fcc8a1d9bbcf00b6f6/tools/sdk/esp32s3/include/esp-dsp/modules/math/mulc/include -I/home/franstein/.platformio/packages/framework-arduinoespressif32@src-537c58760dafe7fcc8a1d9bbcf00b6f6/tools/sdk/esp32s3/include/esp-dsp/modules/math/sqrt/include -I/home/franstein/.platformio/packages/framework-arduinoespressif32@src-537c58760dafe7fcc8a1d9bbcf00b6f6/tools/sdk/esp32s3/include/esp-dsp/modules/matrix/include -I/home/franstein/.platformio/packages/framework-arduinoespressif32@src-537c58760dafe7fcc8a1d9bbcf00b6f6/tools/sdk/esp32s3/include/esp-dsp/modules/fft/include -I/home/franstein/.platformio/packages/framework-arduinoespressif32@src-537c58760dafe7fcc8a1d9bbcf00b6f6/tools/sdk/esp32s3/include/esp-dsp/modules/dct/include -I/home/franstein/.platformio/packages/framework-arduinoespressif32@src-537c58760dafe7fcc8a1d9bbcf00b6f6/tools/sdk/esp32s3/include/esp-dsp/modules/conv/include -I/home/franstein/.platformio/packages/framework-arduinoespressif32@src-537c58760dafe7fcc8a1d9bbcf00b6f6/tools/sdk/esp32s3/include/esp-dsp/modules/common/include -I/home/franstein/.platformio/packages/framework-arduinoespressif32@src-537c58760dafe7fcc8a1d9bbcf00b6f6/tools/sdk/esp32s3/include/esp-dsp/modules/kalman/ekf/include -I/home/franstein/.platformio/packages/framework-arduinoespressif32@src-537c58760dafe7fcc8a1d9bbcf00b6f6/tools/sdk/esp32s3/include/esp-dsp/modules/kalman/ekf_imu13states/include -I/home/franstein/.platformio/packages/framework-arduinoespressif32@src-537c58760dafe7fcc8a1d9bbcf00b6f6/tools/sdk/esp32s3/include/freertos/include/freertos -I/home/franstein/.platformio/packages/framework-arduinoespressif32@src-537c58760dafe7fcc8a1d9bbcf00b6f6/tools/sdk/esp32s3/include/arduino_tinyusb/tinyusb/src -I/home/franstein/.platformio/packages/framework-arduinoespressif32@src-537c58760dafe7fcc8a1d9bbcf00b6f6/tools/sdk/esp32s3/include/arduino_tinyusb/include -I/home/franstein/.platformio/packages/framework-arduinoespressif32@src-537c58760dafe7fcc8a1d9bbcf00b6f6/tools/sdk/esp32s3/include/esp_littlefs/include -I/home/franstein/.platformio/packages/framework-arduinoespressif32@src-537c58760dafe7fcc8a1d9bbcf00b6f6/tools/sdk/esp32s3/include/esp-dl/include -I/home/franstein/.platformio/packages/framework-arduinoespressif32@src-537c58760dafe7fcc8a1d9bbcf00b6f6/tools/sdk/esp32s3/include/esp-dl/include/tool -I/home/franstein/.platformio/packages/framework-arduinoespressif32@src-537c58760dafe7fcc8a1d9bbcf00b6f6/tools/sdk/esp32s3/include/esp-dl/include/typedef -I/home/franstein/.platformio/packages/framework-arduinoespressif32@src-537c58760dafe7fcc8a1d9bbcf00b6f6/tools/sdk/esp32s3/include/esp-dl/include/image -I/home/franstein/.platformio/packages/framework-arduinoespressif32@src-537c58760dafe7fcc8a1d9bbcf00b6f6/tools/sdk/esp32s3/include/esp-dl/include/math -I/home/franstein/.platformio/packages/framework-arduinoespressif32@src-537c58760dafe7fcc8a1d9bbcf00b6f6/tools/sdk/esp32s3/include/esp-dl/include/nn -I/home/franstein/.platformio/packages/framework-arduinoespressif32@src-537c58760dafe7fcc8a1d9bbcf00b6f6/tools/sdk/esp32s3/include/esp-dl/include/layer -I/home/franstein/.platformio/packages/framework-arduinoespressif32@src-537c58760dafe7fcc8a1d9bbcf00b6f6/tools/sdk/esp32s3/include/esp-dl/include/detect -I/home/franstein/.platformio/packages/framework-arduinoespressif32@src-537c58760dafe7fcc8a1d9bbcf00b6f6/tools/sdk/esp32s3/include/esp-dl/include/model_zoo -I/home/franstein/.platformio/packages/framework-arduinoespressif32@src-537c58760dafe7fcc8a1d9bbcf00b6f6/tools/sdk/esp32s3/include/esp-sr/src/include -I/home/franstein/.platformio/packages/framework-arduinoespressif32@src-537c58760dafe7fcc8a1d9bbcf00b6f6/tools/sdk/esp32s3/include/esp-sr/esp-tts/esp_tts_chinese/include -I/home/franstein/.platformio/packages/framework-arduinoespressif32@src-537c58760dafe7fcc8a1d9bbcf00b6f6/tools/sdk/esp32s3/include/esp-sr/include/esp32s3 -I/home/franstein/.platformio/packages/framework-arduinoespressif32@src-537c58760dafe7fcc8a1d9bbcf00b6f6/tools/sdk/esp32s3/include/esp32-camera/driver/include -I/home/franstein/.platformio/packages/framework-arduinoespressif32@src-537c58760dafe7fcc8a1d9bbcf00b6f6/tools/sdk/esp32s3/include/esp32-camera/conversions/include -I/home/franstein/.platformio/packages/framework-arduinoespressif32@src-537c58760dafe7fcc8a1d9bbcf00b6f6/tools/sdk/esp32s3/include/fb_gfx/include -I/home/franstein/.platformio/packages/framework-arduinoespressif32@src-537c58760dafe7fcc8a1d9bbcf00b6f6/tools/sdk/esp32s3/qio_opi/include -I/home/franstein/.platformio/packages/framework-arduinoespressif32@src-537c58760dafe7fcc8a1d9bbcf00b6f6/cores/esp32 -I/home/franstein/.platformio/packages/framework-arduinoespressif32@src-537c58760dafe7fcc8a1d9bbcf00b6f6/variants/esp32s3 /home/franstein/.platformio/packages/framework-arduinoespressif32@src-537c58760dafe7fcc8a1d9bbcf00b6f6/cores/esp32/libb64/cencode.c
xtensa-esp32s3-elf-g++ -o .pio/build/esp32/FrameworkArduino/main.cpp.o -c -std=gnu++11 -fexceptions -fno-rtti -Os -mlongcalls -ffunction-sections -fdata-sections -Wno-error=unused-function -Wno-error=unused-variable -Wno-error=deprecated-declarations -Wno-unused-parameter -Wno-sign-compare -ggdb -freorder-blocks -Wwrite-strings -fstack-protector -fstrict-volatile-bitfields -Wno-error=unused-but-set-variable -fno-jump-tables -fno-tree-switch-conversion -MMD -DPLATFORMIO=60107 -DBOARD_HAS_PSRAM -DARDUINO_USB_MODE=1 -DARDUINO_USB_CDC_ON_BOOT=1 -DHAVE_CONFIG_H -DMBEDTLS_CONFIG_FILE=\"mbedtls/esp_config.h\" -DUNITY_INCLUDE_CONFIG_H -DWITH_POSIX -D_GNU_SOURCE -DIDF_VER=\"v4.4.3\" -DESP_PLATFORM -D_POSIX_READER_WRITER_LOCKS -DARDUINO_ARCH_ESP32 -DESP32 -DF_CPU=240000000L -DARDUINO=10812 -DARDUINO_VARIANT=\"esp32s3\" "-DARDUINO_BOARD=\"LILYGO T3-S3\"" -DARDUINO_PARTITION_default -I/home/franstein/.platformio/packages/framework-arduinoespressif32@src-537c58760dafe7fcc8a1d9bbcf00b6f6/tools/sdk/esp32s3/include/newlib/platform_include -I/home/franstein/.platformio/packages/framework-arduinoespressif32@src-537c58760dafe7fcc8a1d9bbcf00b6f6/tools/sdk/esp32s3/include/freertos/include -I/home/franstein/.platformio/packages/framework-arduinoespressif32@src-537c58760dafe7fcc8a1d9bbcf00b6f6/tools/sdk/esp32s3/include/freertos/include/esp_additions/freertos -I/home/franstein/.platformio/packages/framework-arduinoespressif32@src-537c58760dafe7fcc8a1d9bbcf00b6f6/tools/sdk/esp32s3/include/freertos/port/xtensa/include -I/home/franstein/.platformio/packages/framework-arduinoespressif32@src-537c58760dafe7fcc8a1d9bbcf00b6f6/tools/sdk/esp32s3/include/freertos/include/esp_additions -I/home/franstein/.platformio/packages/framework-arduinoespressif32@src-537c58760dafe7fcc8a1d9bbcf00b6f6/tools/sdk/esp32s3/include/esp_hw_support/include -I/home/franstein/.platformio/packages/framework-arduinoespressif32@src-537c58760dafe7fcc8a1d9bbcf00b6f6/tools/sdk/esp32s3/include/esp_hw_support/include/soc -I/home/franstein/.platformio/packages/framework-arduinoespressif32@src-537c58760dafe7fcc8a1d9bbcf00b6f6/tools/sdk/esp32s3/include/esp_hw_support/include/soc/esp32s3 -I/home/franstein/.platformio/packages/framework-arduinoespressif32@src-537c58760dafe7fcc8a1d9bbcf00b6f6/tools/sdk/esp32s3/include/esp_hw_support/port/esp32s3 -I/home/franstein/.platformio/packages/framework-arduinoespressif32@src-537c58760dafe7fcc8a1d9bbcf00b6f6/tools/sdk/esp32s3/include/esp_hw_support/port/esp32s3/private_include -I/home/franstein/.platformio/packages/framework-arduinoespressif32@src-537c58760dafe7fcc8a1d9bbcf00b6f6/tools/sdk/esp32s3/include/heap/include -I/home/franstein/.platformio/packages/framework-arduinoespressif32@src-537c58760dafe7fcc8a1d9bbcf00b6f6/tools/sdk/esp32s3/include/log/include -I/home/franstein/.platformio/packages/framework-arduinoespressif32@src-537c58760dafe7fcc8a1d9bbcf00b6f6/tools/sdk/esp32s3/include/lwip/include/apps -I/home/franstein/.platformio/packages/framework-arduinoespressif32@src-537c58760dafe7fcc8a1d9bbcf00b6f6/tools/sdk/esp32s3/include/lwip/include/apps/sntp -I/home/franstein/.platformio/packages/framework-arduinoespressif32@src-537c58760dafe7fcc8a1d9bbcf00b6f6/tools/sdk/esp32s3/include/lwip/lwip/src/include -I/home/franstein/.platformio/packages/framework-arduinoespressif32@src-537c58760dafe7fcc8a1d9bbcf00b6f6/tools/sdk/esp32s3/include/lwip/port/esp32/include -I/home/franstein/.platformio/packages/framework-arduinoespressif32@src-537c58760dafe7fcc8a1d9bbcf00b6f6/tools/sdk/esp32s3/include/lwip/port/esp32/include/arch -I/home/franstein/.platformio/packages/framework-arduinoespressif32@src-537c58760dafe7fcc8a1d9bbcf00b6f6/tools/sdk/esp32s3/include/soc/include -I/home/franstein/.platformio/packages/framework-arduinoespressif32@src-537c58760dafe7fcc8a1d9bbcf00b6f6/tools/sdk/esp32s3/include/soc/esp32s3 -I/home/franstein/.platformio/packages/framework-arduinoespressif32@src-537c58760dafe7fcc8a1d9bbcf00b6f6/tools/sdk/esp32s3/include/soc/esp32s3/include -I/home/franstein/.platformio/packages/framework-arduinoespressif32@src-537c58760dafe7fcc8a1d9bbcf00b6f6/tools/sdk/esp32s3/include/hal/esp32s3/include -I/home/franstein/.platformio/packages/framework-arduinoespressif32@src-537c58760dafe7fcc8a1d9bbcf00b6f6/tools/sdk/esp32s3/include/hal/include -I/home/franstein/.platformio/packages/framework-arduinoespressif32@src-537c58760dafe7fcc8a1d9bbcf00b6f6/tools/sdk/esp32s3/include/hal/platform_port/include -I/home/franstein/.platformio/packages/framework-arduinoespressif32@src-537c58760dafe7fcc8a1d9bbcf00b6f6/tools/sdk/esp32s3/include/esp_rom/include -I/home/franstein/.platformio/packages/framework-arduinoespressif32@src-537c58760dafe7fcc8a1d9bbcf00b6f6/tools/sdk/esp32s3/include/esp_rom/include/esp32s3 -I/home/franstein/.platformio/packages/framework-arduinoespressif32@src-537c58760dafe7fcc8a1d9bbcf00b6f6/tools/sdk/esp32s3/include/esp_rom/esp32s3 -I/home/franstein/.platformio/packages/framework-arduinoespressif32@src-537c58760dafe7fcc8a1d9bbcf00b6f6/tools/sdk/esp32s3/include/esp_common/include -I/home/franstein/.platformio/packages/framework-arduinoespressif32@src-537c58760dafe7fcc8a1d9bbcf00b6f6/tools/sdk/esp32s3/include/esp_system/include -I/home/franstein/.platformio/packages/framework-arduinoespressif32@src-537c58760dafe7fcc8a1d9bbcf00b6f6/tools/sdk/esp32s3/include/esp_system/port/soc -I/home/franstein/.platformio/packages/framework-arduinoespressif32@src-537c58760dafe7fcc8a1d9bbcf00b6f6/tools/sdk/esp32s3/include/esp_system/port/public_compat -I/home/franstein/.platformio/packages/framework-arduinoespressif32@src-537c58760dafe7fcc8a1d9bbcf00b6f6/tools/sdk/esp32s3/include/xtensa/include -I/home/franstein/.platformio/packages/framework-arduinoespressif32@src-537c58760dafe7fcc8a1d9bbcf00b6f6/tools/sdk/esp32s3/include/xtensa/esp32s3/include -I/home/franstein/.platformio/packages/framework-arduinoespressif32@src-537c58760dafe7fcc8a1d9bbcf00b6f6/tools/sdk/esp32s3/include/driver/include -I/home/franstein/.platformio/packages/framework-arduinoespressif32@src-537c58760dafe7fcc8a1d9bbcf00b6f6/tools/sdk/esp32s3/include/driver/esp32s3/include -I/home/franstein/.platformio/packages/framework-arduinoespressif32@src-537c58760dafe7fcc8a1d9bbcf00b6f6/tools/sdk/esp32s3/include/esp_pm/include -I/home/franstein/.platformio/packages/framework-arduinoespressif32@src-537c58760dafe7fcc8a1d9bbcf00b6f6/tools/sdk/esp32s3/include/esp_ringbuf/include -I/home/franstein/.platformio/packages/framework-arduinoespressif32@src-537c58760dafe7fcc8a1d9bbcf00b6f6/tools/sdk/esp32s3/include/efuse/include -I/home/franstein/.platformio/packages/framework-arduinoespressif32@src-537c58760dafe7fcc8a1d9bbcf00b6f6/tools/sdk/esp32s3/include/efuse/esp32s3/include -I/home/franstein/.platformio/packages/framework-arduinoespressif32@src-537c58760dafe7fcc8a1d9bbcf00b6f6/tools/sdk/esp32s3/include/vfs/include -I/home/franstein/.platformio/packages/framework-arduinoespressif32@src-537c58760dafe7fcc8a1d9bbcf00b6f6/tools/sdk/esp32s3/include/esp_wifi/include -I/home/franstein/.platformio/packages/framework-arduinoespressif32@src-537c58760dafe7fcc8a1d9bbcf00b6f6/tools/sdk/esp32s3/include/esp_event/include -I/home/franstein/.platformio/packages/framework-arduinoespressif32@src-537c58760dafe7fcc8a1d9bbcf00b6f6/tools/sdk/esp32s3/include/esp_netif/include -I/home/franstein/.platformio/packages/framework-arduinoespressif32@src-537c58760dafe7fcc8a1d9bbcf00b6f6/tools/sdk/esp32s3/include/esp_eth/include -I/home/franstein/.platformio/packages/framework-arduinoespressif32@src-537c58760dafe7fcc8a1d9bbcf00b6f6/tools/sdk/esp32s3/include/tcpip_adapter/include -I/home/franstein/.platformio/packages/framework-arduinoespressif32@src-537c58760dafe7fcc8a1d9bbcf00b6f6/tools/sdk/esp32s3/include/esp_phy/include -I/home/franstein/.platformio/packages/framework-arduinoespressif32@src-537c58760dafe7fcc8a1d9bbcf00b6f6/tools/sdk/esp32s3/include/esp_phy/esp32s3/include -I/home/franstein/.platformio/packages/framework-arduinoespressif32@src-537c58760dafe7fcc8a1d9bbcf00b6f6/tools/sdk/esp32s3/include/esp_ipc/include -I/home/franstein/.platformio/packages/framework-arduinoespressif32@src-537c58760dafe7fcc8a1d9bbcf00b6f6/tools/sdk/esp32s3/include/app_trace/include -I/home/franstein/.platformio/packages/framework-arduinoespressif32@src-537c58760dafe7fcc8a1d9bbcf00b6f6/tools/sdk/esp32s3/include/esp_timer/include -I/home/franstein/.platformio/packages/framework-arduinoespressif32@src-537c58760dafe7fcc8a1d9bbcf00b6f6/tools/sdk/esp32s3/include/mbedtls/port/include -I/home/franstein/.platformio/packages/framework-arduinoespressif32@src-537c58760dafe7fcc8a1d9bbcf00b6f6/tools/sdk/esp32s3/include/mbedtls/mbedtls/include -I/home/franstein/.platformio/packages/framework-arduinoespressif32@src-537c58760dafe7fcc8a1d9bbcf00b6f6/tools/sdk/esp32s3/include/mbedtls/esp_crt_bundle/include -I/home/franstein/.platformio/packages/framework-arduinoespressif32@src-537c58760dafe7fcc8a1d9bbcf00b6f6/tools/sdk/esp32s3/include/app_update/include -I/home/franstein/.platformio/packages/framework-arduinoespressif32@src-537c58760dafe7fcc8a1d9bbcf00b6f6/tools/sdk/esp32s3/include/spi_flash/include -I/home/franstein/.platformio/packages/framework-arduinoespressif32@src-537c58760dafe7fcc8a1d9bbcf00b6f6/tools/sdk/esp32s3/include/bootloader_support/include -I/home/franstein/.platformio/packages/framework-arduinoespressif32@src-537c58760dafe7fcc8a1d9bbcf00b6f6/tools/sdk/esp32s3/include/nvs_flash/include -I/home/franstein/.platformio/packages/framework-arduinoespressif32@src-537c58760dafe7fcc8a1d9bbcf00b6f6/tools/sdk/esp32s3/include/pthread/include -I/home/franstein/.platformio/packages/framework-arduinoespressif32@src-537c58760dafe7fcc8a1d9bbcf00b6f6/tools/sdk/esp32s3/include/esp_gdbstub/include -I/home/franstein/.platformio/packages/framework-arduinoespressif32@src-537c58760dafe7fcc8a1d9bbcf00b6f6/tools/sdk/esp32s3/include/esp_gdbstub/xtensa -I/home/franstein/.platformio/packages/framework-arduinoespressif32@src-537c58760dafe7fcc8a1d9bbcf00b6f6/tools/sdk/esp32s3/include/esp_gdbstub/esp32s3 -I/home/franstein/.platformio/packages/framework-arduinoespressif32@src-537c58760dafe7fcc8a1d9bbcf00b6f6/tools/sdk/esp32s3/include/espcoredump/include -I/home/franstein/.platformio/packages/framework-arduinoespressif32@src-537c58760dafe7fcc8a1d9bbcf00b6f6/tools/sdk/esp32s3/include/espcoredump/include/port/xtensa -I/home/franstein/.platformio/packages/framework-arduinoespressif32@src-537c58760dafe7fcc8a1d9bbcf00b6f6/tools/sdk/esp32s3/include/wpa_supplicant/include -I/home/franstein/.platformio/packages/framework-arduinoespressif32@src-537c58760dafe7fcc8a1d9bbcf00b6f6/tools/sdk/esp32s3/include/wpa_supplicant/port/include -I/home/franstein/.platformio/packages/framework-arduinoespressif32@src-537c58760dafe7fcc8a1d9bbcf00b6f6/tools/sdk/esp32s3/include/wpa_supplicant/esp_supplicant/include -I/home/franstein/.platformio/packages/framework-arduinoespressif32@src-537c58760dafe7fcc8a1d9bbcf00b6f6/tools/sdk/esp32s3/include/ieee802154/include -I/home/franstein/.platformio/packages/framework-arduinoespressif32@src-537c58760dafe7fcc8a1d9bbcf00b6f6/tools/sdk/esp32s3/include/console -I/home/franstein/.platformio/packages/framework-arduinoespressif32@src-537c58760dafe7fcc8a1d9bbcf00b6f6/tools/sdk/esp32s3/include/asio/asio/asio/include -I/home/franstein/.platformio/packages/framework-arduinoespressif32@src-537c58760dafe7fcc8a1d9bbcf00b6f6/tools/sdk/esp32s3/include/asio/port/include -I/home/franstein/.platformio/packages/framework-arduinoespressif32@src-537c58760dafe7fcc8a1d9bbcf00b6f6/tools/sdk/esp32s3/include/bt/common/osi/include -I/home/franstein/.platformio/packages/framework-arduinoespressif32@src-537c58760dafe7fcc8a1d9bbcf00b6f6/tools/sdk/esp32s3/include/bt/include/esp32s3/include -I/home/franstein/.platformio/packages/framework-arduinoespressif32@src-537c58760dafe7fcc8a1d9bbcf00b6f6/tools/sdk/esp32s3/include/bt/common/api/include/api -I/home/franstein/.platformio/packages/framework-arduinoespressif32@src-537c58760dafe7fcc8a1d9bbcf00b6f6/tools/sdk/esp32s3/include/bt/common/btc/profile/esp/blufi/include -I/home/franstein/.platformio/packages/framework-arduinoespressif32@src-537c58760dafe7fcc8a1d9bbcf00b6f6/tools/sdk/esp32s3/include/bt/common/btc/profile/esp/include -I/home/franstein/.platformio/packages/framework-arduinoespressif32@src-537c58760dafe7fcc8a1d9bbcf00b6f6/tools/sdk/esp32s3/include/bt/host/bluedroid/api/include/api -I/home/franstein/.platformio/packages/framework-arduinoespressif32@src-537c58760dafe7fcc8a1d9bbcf00b6f6/tools/sdk/esp32s3/include/bt/esp_ble_mesh/mesh_common/include -I/home/franstein/.platformio/packages/framework-arduinoespressif32@src-537c58760dafe7fcc8a1d9bbcf00b6f6/tools/sdk/esp32s3/include/bt/esp_ble_mesh/mesh_common/tinycrypt/include -I/home/franstein/.platformio/packages/framework-arduinoespressif32@src-537c58760dafe7fcc8a1d9bbcf00b6f6/tools/sdk/esp32s3/include/bt/esp_ble_mesh/mesh_core -I/home/franstein/.platformio/packages/framework-arduinoespressif32@src-537c58760dafe7fcc8a1d9bbcf00b6f6/tools/sdk/esp32s3/include/bt/esp_ble_mesh/mesh_core/include -I/home/franstein/.platformio/packages/framework-arduinoespressif32@src-537c58760dafe7fcc8a1d9bbcf00b6f6/tools/sdk/esp32s3/include/bt/esp_ble_mesh/mesh_core/storage -I/home/franstein/.platformio/packages/framework-arduinoespressif32@src-537c58760dafe7fcc8a1d9bbcf00b6f6/tools/sdk/esp32s3/include/bt/esp_ble_mesh/btc/include -I/home/franstein/.platformio/packages/framework-arduinoespressif32@src-537c58760dafe7fcc8a1d9bbcf00b6f6/tools/sdk/esp32s3/include/bt/esp_ble_mesh/mesh_models/common/include -I/home/franstein/.platformio/packages/framework-arduinoespressif32@src-537c58760dafe7fcc8a1d9bbcf00b6f6/tools/sdk/esp32s3/include/bt/esp_ble_mesh/mesh_models/client/include -I/home/franstein/.platformio/packages/framework-arduinoespressif32@src-537c58760dafe7fcc8a1d9bbcf00b6f6/tools/sdk/esp32s3/include/bt/esp_ble_mesh/mesh_models/server/include -I/home/franstein/.platformio/packages/framework-arduinoespressif32@src-537c58760dafe7fcc8a1d9bbcf00b6f6/tools/sdk/esp32s3/include/bt/esp_ble_mesh/api/core/include -I/home/franstein/.platformio/packages/framework-arduinoespressif32@src-537c58760dafe7fcc8a1d9bbcf00b6f6/tools/sdk/esp32s3/include/bt/esp_ble_mesh/api/models/include -I/home/franstein/.platformio/packages/framework-arduinoespressif32@src-537c58760dafe7fcc8a1d9bbcf00b6f6/tools/sdk/esp32s3/include/bt/esp_ble_mesh/api -I/home/franstein/.platformio/packages/framework-arduinoespressif32@src-537c58760dafe7fcc8a1d9bbcf00b6f6/tools/sdk/esp32s3/include/cbor/port/include -I/home/franstein/.platformio/packages/framework-arduinoespressif32@src-537c58760dafe7fcc8a1d9bbcf00b6f6/tools/sdk/esp32s3/include/unity/include -I/home/franstein/.platformio/packages/framework-arduinoespressif32@src-537c58760dafe7fcc8a1d9bbcf00b6f6/tools/sdk/esp32s3/include/unity/unity/src -I/home/franstein/.platformio/packages/framework-arduinoespressif32@src-537c58760dafe7fcc8a1d9bbcf00b6f6/tools/sdk/esp32s3/include/cmock/CMock/src -I/home/franstein/.platformio/packages/framework-arduinoespressif32@src-537c58760dafe7fcc8a1d9bbcf00b6f6/tools/sdk/esp32s3/include/coap/port/include -I/home/franstein/.platformio/packages/framework-arduinoespressif32@src-537c58760dafe7fcc8a1d9bbcf00b6f6/tools/sdk/esp32s3/include/coap/libcoap/include -I/home/franstein/.platformio/packages/framework-arduinoespressif32@src-537c58760dafe7fcc8a1d9bbcf00b6f6/tools/sdk/esp32s3/include/nghttp/port/include -I/home/franstein/.platformio/packages/framework-arduinoespressif32@src-537c58760dafe7fcc8a1d9bbcf00b6f6/tools/sdk/esp32s3/include/nghttp/nghttp2/lib/includes -I/home/franstein/.platformio/packages/framework-arduinoespressif32@src-537c58760dafe7fcc8a1d9bbcf00b6f6/tools/sdk/esp32s3/include/esp-tls -I/home/franstein/.platformio/packages/framework-arduinoespressif32@src-537c58760dafe7fcc8a1d9bbcf00b6f6/tools/sdk/esp32s3/include/esp-tls/esp-tls-crypto -I/home/franstein/.platformio/packages/framework-arduinoespressif32@src-537c58760dafe7fcc8a1d9bbcf00b6f6/tools/sdk/esp32s3/include/esp_adc_cal/include -I/home/franstein/.platformio/packages/framework-arduinoespressif32@src-537c58760dafe7fcc8a1d9bbcf00b6f6/tools/sdk/esp32s3/include/esp_hid/include -I/home/franstein/.platformio/packages/framework-arduinoespressif32@src-537c58760dafe7fcc8a1d9bbcf00b6f6/tools/sdk/esp32s3/include/tcp_transport/include -I/home/franstein/.platformio/packages/framework-arduinoespressif32@src-537c58760dafe7fcc8a1d9bbcf00b6f6/tools/sdk/esp32s3/include/esp_http_client/include -I/home/franstein/.platformio/packages/framework-arduinoespressif32@src-537c58760dafe7fcc8a1d9bbcf00b6f6/tools/sdk/esp32s3/include/esp_http_server/include -I/home/franstein/.platformio/packages/framework-arduinoespressif32@src-537c58760dafe7fcc8a1d9bbcf00b6f6/tools/sdk/esp32s3/include/esp_https_ota/include -I/home/franstein/.platformio/packages/framework-arduinoespressif32@src-537c58760dafe7fcc8a1d9bbcf00b6f6/tools/sdk/esp32s3/include/esp_https_server/include -I/home/franstein/.platformio/packages/framework-arduinoespressif32@src-537c58760dafe7fcc8a1d9bbcf00b6f6/tools/sdk/esp32s3/include/esp_lcd/include -I/home/franstein/.platformio/packages/framework-arduinoespressif32@src-537c58760dafe7fcc8a1d9bbcf00b6f6/tools/sdk/esp32s3/include/esp_lcd/interface -I/home/franstein/.platformio/packages/framework-arduinoespressif32@src-537c58760dafe7fcc8a1d9bbcf00b6f6/tools/sdk/esp32s3/include/protobuf-c/protobuf-c -I/home/franstein/.platformio/packages/framework-arduinoespressif32@src-537c58760dafe7fcc8a1d9bbcf00b6f6/tools/sdk/esp32s3/include/protocomm/include/common -I/home/franstein/.platformio/packages/framework-arduinoespressif32@src-537c58760dafe7fcc8a1d9bbcf00b6f6/tools/sdk/esp32s3/include/protocomm/include/security -I/home/franstein/.platformio/packages/framework-arduinoespressif32@src-537c58760dafe7fcc8a1d9bbcf00b6f6/tools/sdk/esp32s3/include/protocomm/include/transports -I/home/franstein/.platformio/packages/framework-arduinoespressif32@src-537c58760dafe7fcc8a1d9bbcf00b6f6/tools/sdk/esp32s3/include/mdns/include -I/home/franstein/.platformio/packages/framework-arduinoespressif32@src-537c58760dafe7fcc8a1d9bbcf00b6f6/tools/sdk/esp32s3/include/esp_local_ctrl/include -I/home/franstein/.platformio/packages/framework-arduinoespressif32@src-537c58760dafe7fcc8a1d9bbcf00b6f6/tools/sdk/esp32s3/include/sdmmc/include -I/home/franstein/.platformio/packages/framework-arduinoespressif32@src-537c58760dafe7fcc8a1d9bbcf00b6f6/tools/sdk/esp32s3/include/esp_serial_slave_link/include -I/home/franstein/.platformio/packages/framework-arduinoespressif32@src-537c58760dafe7fcc8a1d9bbcf00b6f6/tools/sdk/esp32s3/include/esp_websocket_client/include -I/home/franstein/.platformio/packages/framework-arduinoespressif32@src-537c58760dafe7fcc8a1d9bbcf00b6f6/tools/sdk/esp32s3/include/expat/expat/expat/lib -I/home/franstein/.platformio/packages/framework-arduinoespressif32@src-537c58760dafe7fcc8a1d9bbcf00b6f6/tools/sdk/esp32s3/include/expat/port/include -I/home/franstein/.platformio/packages/framework-arduinoespressif32@src-537c58760dafe7fcc8a1d9bbcf00b6f6/tools/sdk/esp32s3/include/wear_levelling/include -I/home/franstein/.platformio/packages/framework-arduinoespressif32@src-537c58760dafe7fcc8a1d9bbcf00b6f6/tools/sdk/esp32s3/include/fatfs/diskio -I/home/franstein/.platformio/packages/framework-arduinoespressif32@src-537c58760dafe7fcc8a1d9bbcf00b6f6/tools/sdk/esp32s3/include/fatfs/vfs -I/home/franstein/.platformio/packages/framework-arduinoespressif32@src-537c58760dafe7fcc8a1d9bbcf00b6f6/tools/sdk/esp32s3/include/fatfs/src -I/home/franstein/.platformio/packages/framework-arduinoespressif32@src-537c58760dafe7fcc8a1d9bbcf00b6f6/tools/sdk/esp32s3/include/freemodbus/common/include -I/home/franstein/.platformio/packages/framework-arduinoespressif32@src-537c58760dafe7fcc8a1d9bbcf00b6f6/tools/sdk/esp32s3/include/idf_test/include -I/home/franstein/.platformio/packages/framework-arduinoespressif32@src-537c58760dafe7fcc8a1d9bbcf00b6f6/tools/sdk/esp32s3/include/idf_test/include/esp32s3 -I/home/franstein/.platformio/packages/framework-arduinoespressif32@src-537c58760dafe7fcc8a1d9bbcf00b6f6/tools/sdk/esp32s3/include/jsmn/include -I/home/franstein/.platformio/packages/framework-arduinoespressif32@src-537c58760dafe7fcc8a1d9bbcf00b6f6/tools/sdk/esp32s3/include/json/cJSON -I/home/franstein/.platformio/packages/framework-arduinoespressif32@src-537c58760dafe7fcc8a1d9bbcf00b6f6/tools/sdk/esp32s3/include/libsodium/libsodium/src/libsodium/include -I/home/franstein/.platformio/packages/framework-arduinoespressif32@src-537c58760dafe7fcc8a1d9bbcf00b6f6/tools/sdk/esp32s3/include/libsodium/port_include -I/home/franstein/.platformio/packages/framework-arduinoespressif32@src-537c58760dafe7fcc8a1d9bbcf00b6f6/tools/sdk/esp32s3/include/mqtt/esp-mqtt/include -I/home/franstein/.platformio/packages/framework-arduinoespressif32@src-537c58760dafe7fcc8a1d9bbcf00b6f6/tools/sdk/esp32s3/include/openssl/include -I/home/franstein/.platformio/packages/framework-arduinoespressif32@src-537c58760dafe7fcc8a1d9bbcf00b6f6/tools/sdk/esp32s3/include/perfmon/include -I/home/franstein/.platformio/packages/framework-arduinoespressif32@src-537c58760dafe7fcc8a1d9bbcf00b6f6/tools/sdk/esp32s3/include/spiffs/include -I/home/franstein/.platformio/packages/framework-arduinoespressif32@src-537c58760dafe7fcc8a1d9bbcf00b6f6/tools/sdk/esp32s3/include/usb/include -I/home/franstein/.platformio/packages/framework-arduinoespressif32@src-537c58760dafe7fcc8a1d9bbcf00b6f6/tools/sdk/esp32s3/include/ulp/include -I/home/franstein/.platformio/packages/framework-arduinoespressif32@src-537c58760dafe7fcc8a1d9bbcf00b6f6/tools/sdk/esp32s3/include/wifi_provisioning/include -I/home/franstein/.platformio/packages/framework-arduinoespressif32@src-537c58760dafe7fcc8a1d9bbcf00b6f6/tools/sdk/esp32s3/include/rmaker_common/include -I/home/franstein/.platformio/packages/framework-arduinoespressif32@src-537c58760dafe7fcc8a1d9bbcf00b6f6/tools/sdk/esp32s3/include/json_parser/upstream/include -I/home/franstein/.platformio/packages/framework-arduinoespressif32@src-537c58760dafe7fcc8a1d9bbcf00b6f6/tools/sdk/esp32s3/include/json_parser/upstream -I/home/franstein/.platformio/packages/framework-arduinoespressif32@src-537c58760dafe7fcc8a1d9bbcf00b6f6/tools/sdk/esp32s3/include/json_generator/upstream -I/home/franstein/.platformio/packages/framework-arduinoespressif32@src-537c58760dafe7fcc8a1d9bbcf00b6f6/tools/sdk/esp32s3/include/esp_schedule/include -I/home/franstein/.platformio/packages/framework-arduinoespressif32@src-537c58760dafe7fcc8a1d9bbcf00b6f6/tools/sdk/esp32s3/include/esp_rainmaker/include -I/home/franstein/.platformio/packages/framework-arduinoespressif32@src-537c58760dafe7fcc8a1d9bbcf00b6f6/tools/sdk/esp32s3/include/gpio_button/button/include -I/home/franstein/.platformio/packages/framework-arduinoespressif32@src-537c58760dafe7fcc8a1d9bbcf00b6f6/tools/sdk/esp32s3/include/qrcode/include -I/home/franstein/.platformio/packages/framework-arduinoespressif32@src-537c58760dafe7fcc8a1d9bbcf00b6f6/tools/sdk/esp32s3/include/ws2812_led -I/home/franstein/.platformio/packages/framework-arduinoespressif32@src-537c58760dafe7fcc8a1d9bbcf00b6f6/tools/sdk/esp32s3/include/esp_diagnostics/include -I/home/franstein/.platformio/packages/framework-arduinoespressif32@src-537c58760dafe7fcc8a1d9bbcf00b6f6/tools/sdk/esp32s3/include/rtc_store/include -I/home/franstein/.platformio/packages/framework-arduinoespressif32@src-537c58760dafe7fcc8a1d9bbcf00b6f6/tools/sdk/esp32s3/include/esp_insights/include -I/home/franstein/.platformio/packages/framework-arduinoespressif32@src-537c58760dafe7fcc8a1d9bbcf00b6f6/tools/sdk/esp32s3/include/esp-dsp/modules/dotprod/include -I/home/franstein/.platformio/packages/framework-arduinoespressif32@src-537c58760dafe7fcc8a1d9bbcf00b6f6/tools/sdk/esp32s3/include/esp-dsp/modules/support/include -I/home/franstein/.platformio/packages/framework-arduinoespressif32@src-537c58760dafe7fcc8a1d9bbcf00b6f6/tools/sdk/esp32s3/include/esp-dsp/modules/windows/include -I/home/franstein/.platformio/packages/framework-arduinoespressif32@src-537c58760dafe7fcc8a1d9bbcf00b6f6/tools/sdk/esp32s3/include/esp-dsp/modules/windows/hann/include -I/home/franstein/.platformio/packages/framework-arduinoespressif32@src-537c58760dafe7fcc8a1d9bbcf00b6f6/tools/sdk/esp32s3/include/esp-dsp/modules/windows/blackman/include -I/home/franstein/.platformio/packages/framework-arduinoespressif32@src-537c58760dafe7fcc8a1d9bbcf00b6f6/tools/sdk/esp32s3/include/esp-dsp/modules/windows/blackman_harris/include -I/home/franstein/.platformio/packages/framework-arduinoespressif32@src-537c58760dafe7fcc8a1d9bbcf00b6f6/tools/sdk/esp32s3/include/esp-dsp/modules/windows/blackman_nuttall/include -I/home/franstein/.platformio/packages/framework-arduinoespressif32@src-537c58760dafe7fcc8a1d9bbcf00b6f6/tools/sdk/esp32s3/include/esp-dsp/modules/windows/nuttall/include -I/home/franstein/.platformio/packages/framework-arduinoespressif32@src-537c58760dafe7fcc8a1d9bbcf00b6f6/tools/sdk/esp32s3/include/esp-dsp/modules/windows/flat_top/include -I/home/franstein/.platformio/packages/framework-arduinoespressif32@src-537c58760dafe7fcc8a1d9bbcf00b6f6/tools/sdk/esp32s3/include/esp-dsp/modules/iir/include -I/home/franstein/.platformio/packages/framework-arduinoespressif32@src-537c58760dafe7fcc8a1d9bbcf00b6f6/tools/sdk/esp32s3/include/esp-dsp/modules/fir/include -I/home/franstein/.platformio/packages/framework-arduinoespressif32@src-537c58760dafe7fcc8a1d9bbcf00b6f6/tools/sdk/esp32s3/include/esp-dsp/modules/math/include -I/home/franstein/.platformio/packages/framework-arduinoespressif32@src-537c58760dafe7fcc8a1d9bbcf00b6f6/tools/sdk/esp32s3/include/esp-dsp/modules/math/add/include -I/home/franstein/.platformio/packages/framework-arduinoespressif32@src-537c58760dafe7fcc8a1d9bbcf00b6f6/tools/sdk/esp32s3/include/esp-dsp/modules/math/sub/include -I/home/franstein/.platformio/packages/framework-arduinoespressif32@src-537c58760dafe7fcc8a1d9bbcf00b6f6/tools/sdk/esp32s3/include/esp-dsp/modules/math/mul/include -I/home/franstein/.platformio/packages/framework-arduinoespressif32@src-537c58760dafe7fcc8a1d9bbcf00b6f6/tools/sdk/esp32s3/include/esp-dsp/modules/math/addc/include -I/home/franstein/.platformio/packages/framework-arduinoespressif32@src-537c58760dafe7fcc8a1d9bbcf00b6f6/tools/sdk/esp32s3/include/esp-dsp/modules/math/mulc/include -I/home/franstein/.platformio/packages/framework-arduinoespressif32@src-537c58760dafe7fcc8a1d9bbcf00b6f6/tools/sdk/esp32s3/include/esp-dsp/modules/math/sqrt/include -I/home/franstein/.platformio/packages/framework-arduinoespressif32@src-537c58760dafe7fcc8a1d9bbcf00b6f6/tools/sdk/esp32s3/include/esp-dsp/modules/matrix/include -I/home/franstein/.platformio/packages/framework-arduinoespressif32@src-537c58760dafe7fcc8a1d9bbcf00b6f6/tools/sdk/esp32s3/include/esp-dsp/modules/fft/include -I/home/franstein/.platformio/packages/framework-arduinoespressif32@src-537c58760dafe7fcc8a1d9bbcf00b6f6/tools/sdk/esp32s3/include/esp-dsp/modules/dct/include -I/home/franstein/.platformio/packages/framework-arduinoespressif32@src-537c58760dafe7fcc8a1d9bbcf00b6f6/tools/sdk/esp32s3/include/esp-dsp/modules/conv/include -I/home/franstein/.platformio/packages/framework-arduinoespressif32@src-537c58760dafe7fcc8a1d9bbcf00b6f6/tools/sdk/esp32s3/include/esp-dsp/modules/common/include -I/home/franstein/.platformio/packages/framework-arduinoespressif32@src-537c58760dafe7fcc8a1d9bbcf00b6f6/tools/sdk/esp32s3/include/esp-dsp/modules/kalman/ekf/include -I/home/franstein/.platformio/packages/framework-arduinoespressif32@src-537c58760dafe7fcc8a1d9bbcf00b6f6/tools/sdk/esp32s3/include/esp-dsp/modules/kalman/ekf_imu13states/include -I/home/franstein/.platformio/packages/framework-arduinoespressif32@src-537c58760dafe7fcc8a1d9bbcf00b6f6/tools/sdk/esp32s3/include/freertos/include/freertos -I/home/franstein/.platformio/packages/framework-arduinoespressif32@src-537c58760dafe7fcc8a1d9bbcf00b6f6/tools/sdk/esp32s3/include/arduino_tinyusb/tinyusb/src -I/home/franstein/.platformio/packages/framework-arduinoespressif32@src-537c58760dafe7fcc8a1d9bbcf00b6f6/tools/sdk/esp32s3/include/arduino_tinyusb/include -I/home/franstein/.platformio/packages/framework-arduinoespressif32@src-537c58760dafe7fcc8a1d9bbcf00b6f6/tools/sdk/esp32s3/include/esp_littlefs/include -I/home/franstein/.platformio/packages/framework-arduinoespressif32@src-537c58760dafe7fcc8a1d9bbcf00b6f6/tools/sdk/esp32s3/include/esp-dl/include -I/home/franstein/.platformio/packages/framework-arduinoespressif32@src-537c58760dafe7fcc8a1d9bbcf00b6f6/tools/sdk/esp32s3/include/esp-dl/include/tool -I/home/franstein/.platformio/packages/framework-arduinoespressif32@src-537c58760dafe7fcc8a1d9bbcf00b6f6/tools/sdk/esp32s3/include/esp-dl/include/typedef -I/home/franstein/.platformio/packages/framework-arduinoespressif32@src-537c58760dafe7fcc8a1d9bbcf00b6f6/tools/sdk/esp32s3/include/esp-dl/include/image -I/home/franstein/.platformio/packages/framework-arduinoespressif32@src-537c58760dafe7fcc8a1d9bbcf00b6f6/tools/sdk/esp32s3/include/esp-dl/include/math -I/home/franstein/.platformio/packages/framework-arduinoespressif32@src-537c58760dafe7fcc8a1d9bbcf00b6f6/tools/sdk/esp32s3/include/esp-dl/include/nn -I/home/franstein/.platformio/packages/framework-arduinoespressif32@src-537c58760dafe7fcc8a1d9bbcf00b6f6/tools/sdk/esp32s3/include/esp-dl/include/layer -I/home/franstein/.platformio/packages/framework-arduinoespressif32@src-537c58760dafe7fcc8a1d9bbcf00b6f6/tools/sdk/esp32s3/include/esp-dl/include/detect -I/home/franstein/.platformio/packages/framework-arduinoespressif32@src-537c58760dafe7fcc8a1d9bbcf00b6f6/tools/sdk/esp32s3/include/esp-dl/include/model_zoo -I/home/franstein/.platformio/packages/framework-arduinoespressif32@src-537c58760dafe7fcc8a1d9bbcf00b6f6/tools/sdk/esp32s3/include/esp-sr/src/include -I/home/franstein/.platformio/packages/framework-arduinoespressif32@src-537c58760dafe7fcc8a1d9bbcf00b6f6/tools/sdk/esp32s3/include/esp-sr/esp-tts/esp_tts_chinese/include -I/home/franstein/.platformio/packages/framework-arduinoespressif32@src-537c58760dafe7fcc8a1d9bbcf00b6f6/tools/sdk/esp32s3/include/esp-sr/include/esp32s3 -I/home/franstein/.platformio/packages/framework-arduinoespressif32@src-537c58760dafe7fcc8a1d9bbcf00b6f6/tools/sdk/esp32s3/include/esp32-camera/driver/include -I/home/franstein/.platformio/packages/framework-arduinoespressif32@src-537c58760dafe7fcc8a1d9bbcf00b6f6/tools/sdk/esp32s3/include/esp32-camera/conversions/include -I/home/franstein/.platformio/packages/framework-arduinoespressif32@src-537c58760dafe7fcc8a1d9bbcf00b6f6/tools/sdk/esp32s3/include/fb_gfx/include -I/home/franstein/.platformio/packages/framework-arduinoespressif32@src-537c58760dafe7fcc8a1d9bbcf00b6f6/tools/sdk/esp32s3/qio_opi/include -I/home/franstein/.platformio/packages/framework-arduinoespressif32@src-537c58760dafe7fcc8a1d9bbcf00b6f6/cores/esp32 -I/home/franstein/.platformio/packages/framework-arduinoespressif32@src-537c58760dafe7fcc8a1d9bbcf00b6f6/variants/esp32s3 /home/franstein/.platformio/packages/framework-arduinoespressif32@src-537c58760dafe7fcc8a1d9bbcf00b6f6/cores/esp32/main.cpp
xtensa-esp32s3-elf-gcc -o .pio/build/esp32/FrameworkArduino/stdlib_noniso.c.o -c -std=gnu99 -Wno-old-style-declaration -Os -mlongcalls -ffunction-sections -fdata-sections -Wno-error=unused-function -Wno-error=unused-variable -Wno-error=deprecated-declarations -Wno-unused-parameter -Wno-sign-compare -ggdb -freorder-blocks -Wwrite-strings -fstack-protector -fstrict-volatile-bitfields -Wno-error=unused-but-set-variable -fno-jump-tables -fno-tree-switch-conversion -MMD -DPLATFORMIO=60107 -DBOARD_HAS_PSRAM -DARDUINO_USB_MODE=1 -DARDUINO_USB_CDC_ON_BOOT=1 -DHAVE_CONFIG_H -DMBEDTLS_CONFIG_FILE=\"mbedtls/esp_config.h\" -DUNITY_INCLUDE_CONFIG_H -DWITH_POSIX -D_GNU_SOURCE -DIDF_VER=\"v4.4.3\" -DESP_PLATFORM -D_POSIX_READER_WRITER_LOCKS -DARDUINO_ARCH_ESP32 -DESP32 -DF_CPU=240000000L -DARDUINO=10812 -DARDUINO_VARIANT=\"esp32s3\" "-DARDUINO_BOARD=\"LILYGO T3-S3\"" -DARDUINO_PARTITION_default -I/home/franstein/.platformio/packages/framework-arduinoespressif32@src-537c58760dafe7fcc8a1d9bbcf00b6f6/tools/sdk/esp32s3/include/newlib/platform_include -I/home/franstein/.platformio/packages/framework-arduinoespressif32@src-537c58760dafe7fcc8a1d9bbcf00b6f6/tools/sdk/esp32s3/include/freertos/include -I/home/franstein/.platformio/packages/framework-arduinoespressif32@src-537c58760dafe7fcc8a1d9bbcf00b6f6/tools/sdk/esp32s3/include/freertos/include/esp_additions/freertos -I/home/franstein/.platformio/packages/framework-arduinoespressif32@src-537c58760dafe7fcc8a1d9bbcf00b6f6/tools/sdk/esp32s3/include/freertos/port/xtensa/include -I/home/franstein/.platformio/packages/framework-arduinoespressif32@src-537c58760dafe7fcc8a1d9bbcf00b6f6/tools/sdk/esp32s3/include/freertos/include/esp_additions -I/home/franstein/.platformio/packages/framework-arduinoespressif32@src-537c58760dafe7fcc8a1d9bbcf00b6f6/tools/sdk/esp32s3/include/esp_hw_support/include -I/home/franstein/.platformio/packages/framework-arduinoespressif32@src-537c58760dafe7fcc8a1d9bbcf00b6f6/tools/sdk/esp32s3/include/esp_hw_support/include/soc -I/home/franstein/.platformio/packages/framework-arduinoespressif32@src-537c58760dafe7fcc8a1d9bbcf00b6f6/tools/sdk/esp32s3/include/esp_hw_support/include/soc/esp32s3 -I/home/franstein/.platformio/packages/framework-arduinoespressif32@src-537c58760dafe7fcc8a1d9bbcf00b6f6/tools/sdk/esp32s3/include/esp_hw_support/port/esp32s3 -I/home/franstein/.platformio/packages/framework-arduinoespressif32@src-537c58760dafe7fcc8a1d9bbcf00b6f6/tools/sdk/esp32s3/include/esp_hw_support/port/esp32s3/private_include -I/home/franstein/.platformio/packages/framework-arduinoespressif32@src-537c58760dafe7fcc8a1d9bbcf00b6f6/tools/sdk/esp32s3/include/heap/include -I/home/franstein/.platformio/packages/framework-arduinoespressif32@src-537c58760dafe7fcc8a1d9bbcf00b6f6/tools/sdk/esp32s3/include/log/include -I/home/franstein/.platformio/packages/framework-arduinoespressif32@src-537c58760dafe7fcc8a1d9bbcf00b6f6/tools/sdk/esp32s3/include/lwip/include/apps -I/home/franstein/.platformio/packages/framework-arduinoespressif32@src-537c58760dafe7fcc8a1d9bbcf00b6f6/tools/sdk/esp32s3/include/lwip/include/apps/sntp -I/home/franstein/.platformio/packages/framework-arduinoespressif32@src-537c58760dafe7fcc8a1d9bbcf00b6f6/tools/sdk/esp32s3/include/lwip/lwip/src/include -I/home/franstein/.platformio/packages/framework-arduinoespressif32@src-537c58760dafe7fcc8a1d9bbcf00b6f6/tools/sdk/esp32s3/include/lwip/port/esp32/include -I/home/franstein/.platformio/packages/framework-arduinoespressif32@src-537c58760dafe7fcc8a1d9bbcf00b6f6/tools/sdk/esp32s3/include/lwip/port/esp32/include/arch -I/home/franstein/.platformio/packages/framework-arduinoespressif32@src-537c58760dafe7fcc8a1d9bbcf00b6f6/tools/sdk/esp32s3/include/soc/include -I/home/franstein/.platformio/packages/framework-arduinoespressif32@src-537c58760dafe7fcc8a1d9bbcf00b6f6/tools/sdk/esp32s3/include/soc/esp32s3 -I/home/franstein/.platformio/packages/framework-arduinoespressif32@src-537c58760dafe7fcc8a1d9bbcf00b6f6/tools/sdk/esp32s3/include/soc/esp32s3/include -I/home/franstein/.platformio/packages/framework-arduinoespressif32@src-537c58760dafe7fcc8a1d9bbcf00b6f6/tools/sdk/esp32s3/include/hal/esp32s3/include -I/home/franstein/.platformio/packages/framework-arduinoespressif32@src-537c58760dafe7fcc8a1d9bbcf00b6f6/tools/sdk/esp32s3/include/hal/include -I/home/franstein/.platformio/packages/framework-arduinoespressif32@src-537c58760dafe7fcc8a1d9bbcf00b6f6/tools/sdk/esp32s3/include/hal/platform_port/include -I/home/franstein/.platformio/packages/framework-arduinoespressif32@src-537c58760dafe7fcc8a1d9bbcf00b6f6/tools/sdk/esp32s3/include/esp_rom/include -I/home/franstein/.platformio/packages/framework-arduinoespressif32@src-537c58760dafe7fcc8a1d9bbcf00b6f6/tools/sdk/esp32s3/include/esp_rom/include/esp32s3 -I/home/franstein/.platformio/packages/framework-arduinoespressif32@src-537c58760dafe7fcc8a1d9bbcf00b6f6/tools/sdk/esp32s3/include/esp_rom/esp32s3 -I/home/franstein/.platformio/packages/framework-arduinoespressif32@src-537c58760dafe7fcc8a1d9bbcf00b6f6/tools/sdk/esp32s3/include/esp_common/include -I/home/franstein/.platformio/packages/framework-arduinoespressif32@src-537c58760dafe7fcc8a1d9bbcf00b6f6/tools/sdk/esp32s3/include/esp_system/include -I/home/franstein/.platformio/packages/framework-arduinoespressif32@src-537c58760dafe7fcc8a1d9bbcf00b6f6/tools/sdk/esp32s3/include/esp_system/port/soc -I/home/franstein/.platformio/packages/framework-arduinoespressif32@src-537c58760dafe7fcc8a1d9bbcf00b6f6/tools/sdk/esp32s3/include/esp_system/port/public_compat -I/home/franstein/.platformio/packages/framework-arduinoespressif32@src-537c58760dafe7fcc8a1d9bbcf00b6f6/tools/sdk/esp32s3/include/xtensa/include -I/home/franstein/.platformio/packages/framework-arduinoespressif32@src-537c58760dafe7fcc8a1d9bbcf00b6f6/tools/sdk/esp32s3/include/xtensa/esp32s3/include -I/home/franstein/.platformio/packages/framework-arduinoespressif32@src-537c58760dafe7fcc8a1d9bbcf00b6f6/tools/sdk/esp32s3/include/driver/include -I/home/franstein/.platformio/packages/framework-arduinoespressif32@src-537c58760dafe7fcc8a1d9bbcf00b6f6/tools/sdk/esp32s3/include/driver/esp32s3/include -I/home/franstein/.platformio/packages/framework-arduinoespressif32@src-537c58760dafe7fcc8a1d9bbcf00b6f6/tools/sdk/esp32s3/include/esp_pm/include -I/home/franstein/.platformio/packages/framework-arduinoespressif32@src-537c58760dafe7fcc8a1d9bbcf00b6f6/tools/sdk/esp32s3/include/esp_ringbuf/include -I/home/franstein/.platformio/packages/framework-arduinoespressif32@src-537c58760dafe7fcc8a1d9bbcf00b6f6/tools/sdk/esp32s3/include/efuse/include -I/home/franstein/.platformio/packages/framework-arduinoespressif32@src-537c58760dafe7fcc8a1d9bbcf00b6f6/tools/sdk/esp32s3/include/efuse/esp32s3/include -I/home/franstein/.platformio/packages/framework-arduinoespressif32@src-537c58760dafe7fcc8a1d9bbcf00b6f6/tools/sdk/esp32s3/include/vfs/include -I/home/franstein/.platformio/packages/framework-arduinoespressif32@src-537c58760dafe7fcc8a1d9bbcf00b6f6/tools/sdk/esp32s3/include/esp_wifi/include -I/home/franstein/.platformio/packages/framework-arduinoespressif32@src-537c58760dafe7fcc8a1d9bbcf00b6f6/tools/sdk/esp32s3/include/esp_event/include -I/home/franstein/.platformio/packages/framework-arduinoespressif32@src-537c58760dafe7fcc8a1d9bbcf00b6f6/tools/sdk/esp32s3/include/esp_netif/include -I/home/franstein/.platformio/packages/framework-arduinoespressif32@src-537c58760dafe7fcc8a1d9bbcf00b6f6/tools/sdk/esp32s3/include/esp_eth/include -I/home/franstein/.platformio/packages/framework-arduinoespressif32@src-537c58760dafe7fcc8a1d9bbcf00b6f6/tools/sdk/esp32s3/include/tcpip_adapter/include -I/home/franstein/.platformio/packages/framework-arduinoespressif32@src-537c58760dafe7fcc8a1d9bbcf00b6f6/tools/sdk/esp32s3/include/esp_phy/include -I/home/franstein/.platformio/packages/framework-arduinoespressif32@src-537c58760dafe7fcc8a1d9bbcf00b6f6/tools/sdk/esp32s3/include/esp_phy/esp32s3/include -I/home/franstein/.platformio/packages/framework-arduinoespressif32@src-537c58760dafe7fcc8a1d9bbcf00b6f6/tools/sdk/esp32s3/include/esp_ipc/include -I/home/franstein/.platformio/packages/framework-arduinoespressif32@src-537c58760dafe7fcc8a1d9bbcf00b6f6/tools/sdk/esp32s3/include/app_trace/include -I/home/franstein/.platformio/packages/framework-arduinoespressif32@src-537c58760dafe7fcc8a1d9bbcf00b6f6/tools/sdk/esp32s3/include/esp_timer/include -I/home/franstein/.platformio/packages/framework-arduinoespressif32@src-537c58760dafe7fcc8a1d9bbcf00b6f6/tools/sdk/esp32s3/include/mbedtls/port/include -I/home/franstein/.platformio/packages/framework-arduinoespressif32@src-537c58760dafe7fcc8a1d9bbcf00b6f6/tools/sdk/esp32s3/include/mbedtls/mbedtls/include -I/home/franstein/.platformio/packages/framework-arduinoespressif32@src-537c58760dafe7fcc8a1d9bbcf00b6f6/tools/sdk/esp32s3/include/mbedtls/esp_crt_bundle/include -I/home/franstein/.platformio/packages/framework-arduinoespressif32@src-537c58760dafe7fcc8a1d9bbcf00b6f6/tools/sdk/esp32s3/include/app_update/include -I/home/franstein/.platformio/packages/framework-arduinoespressif32@src-537c58760dafe7fcc8a1d9bbcf00b6f6/tools/sdk/esp32s3/include/spi_flash/include -I/home/franstein/.platformio/packages/framework-arduinoespressif32@src-537c58760dafe7fcc8a1d9bbcf00b6f6/tools/sdk/esp32s3/include/bootloader_support/include -I/home/franstein/.platformio/packages/framework-arduinoespressif32@src-537c58760dafe7fcc8a1d9bbcf00b6f6/tools/sdk/esp32s3/include/nvs_flash/include -I/home/franstein/.platformio/packages/framework-arduinoespressif32@src-537c58760dafe7fcc8a1d9bbcf00b6f6/tools/sdk/esp32s3/include/pthread/include -I/home/franstein/.platformio/packages/framework-arduinoespressif32@src-537c58760dafe7fcc8a1d9bbcf00b6f6/tools/sdk/esp32s3/include/esp_gdbstub/include -I/home/franstein/.platformio/packages/framework-arduinoespressif32@src-537c58760dafe7fcc8a1d9bbcf00b6f6/tools/sdk/esp32s3/include/esp_gdbstub/xtensa -I/home/franstein/.platformio/packages/framework-arduinoespressif32@src-537c58760dafe7fcc8a1d9bbcf00b6f6/tools/sdk/esp32s3/include/esp_gdbstub/esp32s3 -I/home/franstein/.platformio/packages/framework-arduinoespressif32@src-537c58760dafe7fcc8a1d9bbcf00b6f6/tools/sdk/esp32s3/include/espcoredump/include -I/home/franstein/.platformio/packages/framework-arduinoespressif32@src-537c58760dafe7fcc8a1d9bbcf00b6f6/tools/sdk/esp32s3/include/espcoredump/include/port/xtensa -I/home/franstein/.platformio/packages/framework-arduinoespressif32@src-537c58760dafe7fcc8a1d9bbcf00b6f6/tools/sdk/esp32s3/include/wpa_supplicant/include -I/home/franstein/.platformio/packages/framework-arduinoespressif32@src-537c58760dafe7fcc8a1d9bbcf00b6f6/tools/sdk/esp32s3/include/wpa_supplicant/port/include -I/home/franstein/.platformio/packages/framework-arduinoespressif32@src-537c58760dafe7fcc8a1d9bbcf00b6f6/tools/sdk/esp32s3/include/wpa_supplicant/esp_supplicant/include -I/home/franstein/.platformio/packages/framework-arduinoespressif32@src-537c58760dafe7fcc8a1d9bbcf00b6f6/tools/sdk/esp32s3/include/ieee802154/include -I/home/franstein/.platformio/packages/framework-arduinoespressif32@src-537c58760dafe7fcc8a1d9bbcf00b6f6/tools/sdk/esp32s3/include/console -I/home/franstein/.platformio/packages/framework-arduinoespressif32@src-537c58760dafe7fcc8a1d9bbcf00b6f6/tools/sdk/esp32s3/include/asio/asio/asio/include -I/home/franstein/.platformio/packages/framework-arduinoespressif32@src-537c58760dafe7fcc8a1d9bbcf00b6f6/tools/sdk/esp32s3/include/asio/port/include -I/home/franstein/.platformio/packages/framework-arduinoespressif32@src-537c58760dafe7fcc8a1d9bbcf00b6f6/tools/sdk/esp32s3/include/bt/common/osi/include -I/home/franstein/.platformio/packages/framework-arduinoespressif32@src-537c58760dafe7fcc8a1d9bbcf00b6f6/tools/sdk/esp32s3/include/bt/include/esp32s3/include -I/home/franstein/.platformio/packages/framework-arduinoespressif32@src-537c58760dafe7fcc8a1d9bbcf00b6f6/tools/sdk/esp32s3/include/bt/common/api/include/api -I/home/franstein/.platformio/packages/framework-arduinoespressif32@src-537c58760dafe7fcc8a1d9bbcf00b6f6/tools/sdk/esp32s3/include/bt/common/btc/profile/esp/blufi/include -I/home/franstein/.platformio/packages/framework-arduinoespressif32@src-537c58760dafe7fcc8a1d9bbcf00b6f6/tools/sdk/esp32s3/include/bt/common/btc/profile/esp/include -I/home/franstein/.platformio/packages/framework-arduinoespressif32@src-537c58760dafe7fcc8a1d9bbcf00b6f6/tools/sdk/esp32s3/include/bt/host/bluedroid/api/include/api -I/home/franstein/.platformio/packages/framework-arduinoespressif32@src-537c58760dafe7fcc8a1d9bbcf00b6f6/tools/sdk/esp32s3/include/bt/esp_ble_mesh/mesh_common/include -I/home/franstein/.platformio/packages/framework-arduinoespressif32@src-537c58760dafe7fcc8a1d9bbcf00b6f6/tools/sdk/esp32s3/include/bt/esp_ble_mesh/mesh_common/tinycrypt/include -I/home/franstein/.platformio/packages/framework-arduinoespressif32@src-537c58760dafe7fcc8a1d9bbcf00b6f6/tools/sdk/esp32s3/include/bt/esp_ble_mesh/mesh_core -I/home/franstein/.platformio/packages/framework-arduinoespressif32@src-537c58760dafe7fcc8a1d9bbcf00b6f6/tools/sdk/esp32s3/include/bt/esp_ble_mesh/mesh_core/include -I/home/franstein/.platformio/packages/framework-arduinoespressif32@src-537c58760dafe7fcc8a1d9bbcf00b6f6/tools/sdk/esp32s3/include/bt/esp_ble_mesh/mesh_core/storage -I/home/franstein/.platformio/packages/framework-arduinoespressif32@src-537c58760dafe7fcc8a1d9bbcf00b6f6/tools/sdk/esp32s3/include/bt/esp_ble_mesh/btc/include -I/home/franstein/.platformio/packages/framework-arduinoespressif32@src-537c58760dafe7fcc8a1d9bbcf00b6f6/tools/sdk/esp32s3/include/bt/esp_ble_mesh/mesh_models/common/include -I/home/franstein/.platformio/packages/framework-arduinoespressif32@src-537c58760dafe7fcc8a1d9bbcf00b6f6/tools/sdk/esp32s3/include/bt/esp_ble_mesh/mesh_models/client/include -I/home/franstein/.platformio/packages/framework-arduinoespressif32@src-537c58760dafe7fcc8a1d9bbcf00b6f6/tools/sdk/esp32s3/include/bt/esp_ble_mesh/mesh_models/server/include -I/home/franstein/.platformio/packages/framework-arduinoespressif32@src-537c58760dafe7fcc8a1d9bbcf00b6f6/tools/sdk/esp32s3/include/bt/esp_ble_mesh/api/core/include -I/home/franstein/.platformio/packages/framework-arduinoespressif32@src-537c58760dafe7fcc8a1d9bbcf00b6f6/tools/sdk/esp32s3/include/bt/esp_ble_mesh/api/models/include -I/home/franstein/.platformio/packages/framework-arduinoespressif32@src-537c58760dafe7fcc8a1d9bbcf00b6f6/tools/sdk/esp32s3/include/bt/esp_ble_mesh/api -I/home/franstein/.platformio/packages/framework-arduinoespressif32@src-537c58760dafe7fcc8a1d9bbcf00b6f6/tools/sdk/esp32s3/include/cbor/port/include -I/home/franstein/.platformio/packages/framework-arduinoespressif32@src-537c58760dafe7fcc8a1d9bbcf00b6f6/tools/sdk/esp32s3/include/unity/include -I/home/franstein/.platformio/packages/framework-arduinoespressif32@src-537c58760dafe7fcc8a1d9bbcf00b6f6/tools/sdk/esp32s3/include/unity/unity/src -I/home/franstein/.platformio/packages/framework-arduinoespressif32@src-537c58760dafe7fcc8a1d9bbcf00b6f6/tools/sdk/esp32s3/include/cmock/CMock/src -I/home/franstein/.platformio/packages/framework-arduinoespressif32@src-537c58760dafe7fcc8a1d9bbcf00b6f6/tools/sdk/esp32s3/include/coap/port/include -I/home/franstein/.platformio/packages/framework-arduinoespressif32@src-537c58760dafe7fcc8a1d9bbcf00b6f6/tools/sdk/esp32s3/include/coap/libcoap/include -I/home/franstein/.platformio/packages/framework-arduinoespressif32@src-537c58760dafe7fcc8a1d9bbcf00b6f6/tools/sdk/esp32s3/include/nghttp/port/include -I/home/franstein/.platformio/packages/framework-arduinoespressif32@src-537c58760dafe7fcc8a1d9bbcf00b6f6/tools/sdk/esp32s3/include/nghttp/nghttp2/lib/includes -I/home/franstein/.platformio/packages/framework-arduinoespressif32@src-537c58760dafe7fcc8a1d9bbcf00b6f6/tools/sdk/esp32s3/include/esp-tls -I/home/franstein/.platformio/packages/framework-arduinoespressif32@src-537c58760dafe7fcc8a1d9bbcf00b6f6/tools/sdk/esp32s3/include/esp-tls/esp-tls-crypto -I/home/franstein/.platformio/packages/framework-arduinoespressif32@src-537c58760dafe7fcc8a1d9bbcf00b6f6/tools/sdk/esp32s3/include/esp_adc_cal/include -I/home/franstein/.platformio/packages/framework-arduinoespressif32@src-537c58760dafe7fcc8a1d9bbcf00b6f6/tools/sdk/esp32s3/include/esp_hid/include -I/home/franstein/.platformio/packages/framework-arduinoespressif32@src-537c58760dafe7fcc8a1d9bbcf00b6f6/tools/sdk/esp32s3/include/tcp_transport/include -I/home/franstein/.platformio/packages/framework-arduinoespressif32@src-537c58760dafe7fcc8a1d9bbcf00b6f6/tools/sdk/esp32s3/include/esp_http_client/include -I/home/franstein/.platformio/packages/framework-arduinoespressif32@src-537c58760dafe7fcc8a1d9bbcf00b6f6/tools/sdk/esp32s3/include/esp_http_server/include -I/home/franstein/.platformio/packages/framework-arduinoespressif32@src-537c58760dafe7fcc8a1d9bbcf00b6f6/tools/sdk/esp32s3/include/esp_https_ota/include -I/home/franstein/.platformio/packages/framework-arduinoespressif32@src-537c58760dafe7fcc8a1d9bbcf00b6f6/tools/sdk/esp32s3/include/esp_https_server/include -I/home/franstein/.platformio/packages/framework-arduinoespressif32@src-537c58760dafe7fcc8a1d9bbcf00b6f6/tools/sdk/esp32s3/include/esp_lcd/include -I/home/franstein/.platformio/packages/framework-arduinoespressif32@src-537c58760dafe7fcc8a1d9bbcf00b6f6/tools/sdk/esp32s3/include/esp_lcd/interface -I/home/franstein/.platformio/packages/framework-arduinoespressif32@src-537c58760dafe7fcc8a1d9bbcf00b6f6/tools/sdk/esp32s3/include/protobuf-c/protobuf-c -I/home/franstein/.platformio/packages/framework-arduinoespressif32@src-537c58760dafe7fcc8a1d9bbcf00b6f6/tools/sdk/esp32s3/include/protocomm/include/common -I/home/franstein/.platformio/packages/framework-arduinoespressif32@src-537c58760dafe7fcc8a1d9bbcf00b6f6/tools/sdk/esp32s3/include/protocomm/include/security -I/home/franstein/.platformio/packages/framework-arduinoespressif32@src-537c58760dafe7fcc8a1d9bbcf00b6f6/tools/sdk/esp32s3/include/protocomm/include/transports -I/home/franstein/.platformio/packages/framework-arduinoespressif32@src-537c58760dafe7fcc8a1d9bbcf00b6f6/tools/sdk/esp32s3/include/mdns/include -I/home/franstein/.platformio/packages/framework-arduinoespressif32@src-537c58760dafe7fcc8a1d9bbcf00b6f6/tools/sdk/esp32s3/include/esp_local_ctrl/include -I/home/franstein/.platformio/packages/framework-arduinoespressif32@src-537c58760dafe7fcc8a1d9bbcf00b6f6/tools/sdk/esp32s3/include/sdmmc/include -I/home/franstein/.platformio/packages/framework-arduinoespressif32@src-537c58760dafe7fcc8a1d9bbcf00b6f6/tools/sdk/esp32s3/include/esp_serial_slave_link/include -I/home/franstein/.platformio/packages/framework-arduinoespressif32@src-537c58760dafe7fcc8a1d9bbcf00b6f6/tools/sdk/esp32s3/include/esp_websocket_client/include -I/home/franstein/.platformio/packages/framework-arduinoespressif32@src-537c58760dafe7fcc8a1d9bbcf00b6f6/tools/sdk/esp32s3/include/expat/expat/expat/lib -I/home/franstein/.platformio/packages/framework-arduinoespressif32@src-537c58760dafe7fcc8a1d9bbcf00b6f6/tools/sdk/esp32s3/include/expat/port/include -I/home/franstein/.platformio/packages/framework-arduinoespressif32@src-537c58760dafe7fcc8a1d9bbcf00b6f6/tools/sdk/esp32s3/include/wear_levelling/include -I/home/franstein/.platformio/packages/framework-arduinoespressif32@src-537c58760dafe7fcc8a1d9bbcf00b6f6/tools/sdk/esp32s3/include/fatfs/diskio -I/home/franstein/.platformio/packages/framework-arduinoespressif32@src-537c58760dafe7fcc8a1d9bbcf00b6f6/tools/sdk/esp32s3/include/fatfs/vfs -I/home/franstein/.platformio/packages/framework-arduinoespressif32@src-537c58760dafe7fcc8a1d9bbcf00b6f6/tools/sdk/esp32s3/include/fatfs/src -I/home/franstein/.platformio/packages/framework-arduinoespressif32@src-537c58760dafe7fcc8a1d9bbcf00b6f6/tools/sdk/esp32s3/include/freemodbus/common/include -I/home/franstein/.platformio/packages/framework-arduinoespressif32@src-537c58760dafe7fcc8a1d9bbcf00b6f6/tools/sdk/esp32s3/include/idf_test/include -I/home/franstein/.platformio/packages/framework-arduinoespressif32@src-537c58760dafe7fcc8a1d9bbcf00b6f6/tools/sdk/esp32s3/include/idf_test/include/esp32s3 -I/home/franstein/.platformio/packages/framework-arduinoespressif32@src-537c58760dafe7fcc8a1d9bbcf00b6f6/tools/sdk/esp32s3/include/jsmn/include -I/home/franstein/.platformio/packages/framework-arduinoespressif32@src-537c58760dafe7fcc8a1d9bbcf00b6f6/tools/sdk/esp32s3/include/json/cJSON -I/home/franstein/.platformio/packages/framework-arduinoespressif32@src-537c58760dafe7fcc8a1d9bbcf00b6f6/tools/sdk/esp32s3/include/libsodium/libsodium/src/libsodium/include -I/home/franstein/.platformio/packages/framework-arduinoespressif32@src-537c58760dafe7fcc8a1d9bbcf00b6f6/tools/sdk/esp32s3/include/libsodium/port_include -I/home/franstein/.platformio/packages/framework-arduinoespressif32@src-537c58760dafe7fcc8a1d9bbcf00b6f6/tools/sdk/esp32s3/include/mqtt/esp-mqtt/include -I/home/franstein/.platformio/packages/framework-arduinoespressif32@src-537c58760dafe7fcc8a1d9bbcf00b6f6/tools/sdk/esp32s3/include/openssl/include -I/home/franstein/.platformio/packages/framework-arduinoespressif32@src-537c58760dafe7fcc8a1d9bbcf00b6f6/tools/sdk/esp32s3/include/perfmon/include -I/home/franstein/.platformio/packages/framework-arduinoespressif32@src-537c58760dafe7fcc8a1d9bbcf00b6f6/tools/sdk/esp32s3/include/spiffs/include -I/home/franstein/.platformio/packages/framework-arduinoespressif32@src-537c58760dafe7fcc8a1d9bbcf00b6f6/tools/sdk/esp32s3/include/usb/include -I/home/franstein/.platformio/packages/framework-arduinoespressif32@src-537c58760dafe7fcc8a1d9bbcf00b6f6/tools/sdk/esp32s3/include/ulp/include -I/home/franstein/.platformio/packages/framework-arduinoespressif32@src-537c58760dafe7fcc8a1d9bbcf00b6f6/tools/sdk/esp32s3/include/wifi_provisioning/include -I/home/franstein/.platformio/packages/framework-arduinoespressif32@src-537c58760dafe7fcc8a1d9bbcf00b6f6/tools/sdk/esp32s3/include/rmaker_common/include -I/home/franstein/.platformio/packages/framework-arduinoespressif32@src-537c58760dafe7fcc8a1d9bbcf00b6f6/tools/sdk/esp32s3/include/json_parser/upstream/include -I/home/franstein/.platformio/packages/framework-arduinoespressif32@src-537c58760dafe7fcc8a1d9bbcf00b6f6/tools/sdk/esp32s3/include/json_parser/upstream -I/home/franstein/.platformio/packages/framework-arduinoespressif32@src-537c58760dafe7fcc8a1d9bbcf00b6f6/tools/sdk/esp32s3/include/json_generator/upstream -I/home/franstein/.platformio/packages/framework-arduinoespressif32@src-537c58760dafe7fcc8a1d9bbcf00b6f6/tools/sdk/esp32s3/include/esp_schedule/include -I/home/franstein/.platformio/packages/framework-arduinoespressif32@src-537c58760dafe7fcc8a1d9bbcf00b6f6/tools/sdk/esp32s3/include/esp_rainmaker/include -I/home/franstein/.platformio/packages/framework-arduinoespressif32@src-537c58760dafe7fcc8a1d9bbcf00b6f6/tools/sdk/esp32s3/include/gpio_button/button/include -I/home/franstein/.platformio/packages/framework-arduinoespressif32@src-537c58760dafe7fcc8a1d9bbcf00b6f6/tools/sdk/esp32s3/include/qrcode/include -I/home/franstein/.platformio/packages/framework-arduinoespressif32@src-537c58760dafe7fcc8a1d9bbcf00b6f6/tools/sdk/esp32s3/include/ws2812_led -I/home/franstein/.platformio/packages/framework-arduinoespressif32@src-537c58760dafe7fcc8a1d9bbcf00b6f6/tools/sdk/esp32s3/include/esp_diagnostics/include -I/home/franstein/.platformio/packages/framework-arduinoespressif32@src-537c58760dafe7fcc8a1d9bbcf00b6f6/tools/sdk/esp32s3/include/rtc_store/include -I/home/franstein/.platformio/packages/framework-arduinoespressif32@src-537c58760dafe7fcc8a1d9bbcf00b6f6/tools/sdk/esp32s3/include/esp_insights/include -I/home/franstein/.platformio/packages/framework-arduinoespressif32@src-537c58760dafe7fcc8a1d9bbcf00b6f6/tools/sdk/esp32s3/include/esp-dsp/modules/dotprod/include -I/home/franstein/.platformio/packages/framework-arduinoespressif32@src-537c58760dafe7fcc8a1d9bbcf00b6f6/tools/sdk/esp32s3/include/esp-dsp/modules/support/include -I/home/franstein/.platformio/packages/framework-arduinoespressif32@src-537c58760dafe7fcc8a1d9bbcf00b6f6/tools/sdk/esp32s3/include/esp-dsp/modules/windows/include -I/home/franstein/.platformio/packages/framework-arduinoespressif32@src-537c58760dafe7fcc8a1d9bbcf00b6f6/tools/sdk/esp32s3/include/esp-dsp/modules/windows/hann/include -I/home/franstein/.platformio/packages/framework-arduinoespressif32@src-537c58760dafe7fcc8a1d9bbcf00b6f6/tools/sdk/esp32s3/include/esp-dsp/modules/windows/blackman/include -I/home/franstein/.platformio/packages/framework-arduinoespressif32@src-537c58760dafe7fcc8a1d9bbcf00b6f6/tools/sdk/esp32s3/include/esp-dsp/modules/windows/blackman_harris/include -I/home/franstein/.platformio/packages/framework-arduinoespressif32@src-537c58760dafe7fcc8a1d9bbcf00b6f6/tools/sdk/esp32s3/include/esp-dsp/modules/windows/blackman_nuttall/include -I/home/franstein/.platformio/packages/framework-arduinoespressif32@src-537c58760dafe7fcc8a1d9bbcf00b6f6/tools/sdk/esp32s3/include/esp-dsp/modules/windows/nuttall/include -I/home/franstein/.platformio/packages/framework-arduinoespressif32@src-537c58760dafe7fcc8a1d9bbcf00b6f6/tools/sdk/esp32s3/include/esp-dsp/modules/windows/flat_top/include -I/home/franstein/.platformio/packages/framework-arduinoespressif32@src-537c58760dafe7fcc8a1d9bbcf00b6f6/tools/sdk/esp32s3/include/esp-dsp/modules/iir/include -I/home/franstein/.platformio/packages/framework-arduinoespressif32@src-537c58760dafe7fcc8a1d9bbcf00b6f6/tools/sdk/esp32s3/include/esp-dsp/modules/fir/include -I/home/franstein/.platformio/packages/framework-arduinoespressif32@src-537c58760dafe7fcc8a1d9bbcf00b6f6/tools/sdk/esp32s3/include/esp-dsp/modules/math/include -I/home/franstein/.platformio/packages/framework-arduinoespressif32@src-537c58760dafe7fcc8a1d9bbcf00b6f6/tools/sdk/esp32s3/include/esp-dsp/modules/math/add/include -I/home/franstein/.platformio/packages/framework-arduinoespressif32@src-537c58760dafe7fcc8a1d9bbcf00b6f6/tools/sdk/esp32s3/include/esp-dsp/modules/math/sub/include -I/home/franstein/.platformio/packages/framework-arduinoespressif32@src-537c58760dafe7fcc8a1d9bbcf00b6f6/tools/sdk/esp32s3/include/esp-dsp/modules/math/mul/include -I/home/franstein/.platformio/packages/framework-arduinoespressif32@src-537c58760dafe7fcc8a1d9bbcf00b6f6/tools/sdk/esp32s3/include/esp-dsp/modules/math/addc/include -I/home/franstein/.platformio/packages/framework-arduinoespressif32@src-537c58760dafe7fcc8a1d9bbcf00b6f6/tools/sdk/esp32s3/include/esp-dsp/modules/math/mulc/include -I/home/franstein/.platformio/packages/framework-arduinoespressif32@src-537c58760dafe7fcc8a1d9bbcf00b6f6/tools/sdk/esp32s3/include/esp-dsp/modules/math/sqrt/include -I/home/franstein/.platformio/packages/framework-arduinoespressif32@src-537c58760dafe7fcc8a1d9bbcf00b6f6/tools/sdk/esp32s3/include/esp-dsp/modules/matrix/include -I/home/franstein/.platformio/packages/framework-arduinoespressif32@src-537c58760dafe7fcc8a1d9bbcf00b6f6/tools/sdk/esp32s3/include/esp-dsp/modules/fft/include -I/home/franstein/.platformio/packages/framework-arduinoespressif32@src-537c58760dafe7fcc8a1d9bbcf00b6f6/tools/sdk/esp32s3/include/esp-dsp/modules/dct/include -I/home/franstein/.platformio/packages/framework-arduinoespressif32@src-537c58760dafe7fcc8a1d9bbcf00b6f6/tools/sdk/esp32s3/include/esp-dsp/modules/conv/include -I/home/franstein/.platformio/packages/framework-arduinoespressif32@src-537c58760dafe7fcc8a1d9bbcf00b6f6/tools/sdk/esp32s3/include/esp-dsp/modules/common/include -I/home/franstein/.platformio/packages/framework-arduinoespressif32@src-537c58760dafe7fcc8a1d9bbcf00b6f6/tools/sdk/esp32s3/include/esp-dsp/modules/kalman/ekf/include -I/home/franstein/.platformio/packages/framework-arduinoespressif32@src-537c58760dafe7fcc8a1d9bbcf00b6f6/tools/sdk/esp32s3/include/esp-dsp/modules/kalman/ekf_imu13states/include -I/home/franstein/.platformio/packages/framework-arduinoespressif32@src-537c58760dafe7fcc8a1d9bbcf00b6f6/tools/sdk/esp32s3/include/freertos/include/freertos -I/home/franstein/.platformio/packages/framework-arduinoespressif32@src-537c58760dafe7fcc8a1d9bbcf00b6f6/tools/sdk/esp32s3/include/arduino_tinyusb/tinyusb/src -I/home/franstein/.platformio/packages/framework-arduinoespressif32@src-537c58760dafe7fcc8a1d9bbcf00b6f6/tools/sdk/esp32s3/include/arduino_tinyusb/include -I/home/franstein/.platformio/packages/framework-arduinoespressif32@src-537c58760dafe7fcc8a1d9bbcf00b6f6/tools/sdk/esp32s3/include/esp_littlefs/include -I/home/franstein/.platformio/packages/framework-arduinoespressif32@src-537c58760dafe7fcc8a1d9bbcf00b6f6/tools/sdk/esp32s3/include/esp-dl/include -I/home/franstein/.platformio/packages/framework-arduinoespressif32@src-537c58760dafe7fcc8a1d9bbcf00b6f6/tools/sdk/esp32s3/include/esp-dl/include/tool -I/home/franstein/.platformio/packages/framework-arduinoespressif32@src-537c58760dafe7fcc8a1d9bbcf00b6f6/tools/sdk/esp32s3/include/esp-dl/include/typedef -I/home/franstein/.platformio/packages/framework-arduinoespressif32@src-537c58760dafe7fcc8a1d9bbcf00b6f6/tools/sdk/esp32s3/include/esp-dl/include/image -I/home/franstein/.platformio/packages/framework-arduinoespressif32@src-537c58760dafe7fcc8a1d9bbcf00b6f6/tools/sdk/esp32s3/include/esp-dl/include/math -I/home/franstein/.platformio/packages/framework-arduinoespressif32@src-537c58760dafe7fcc8a1d9bbcf00b6f6/tools/sdk/esp32s3/include/esp-dl/include/nn -I/home/franstein/.platformio/packages/framework-arduinoespressif32@src-537c58760dafe7fcc8a1d9bbcf00b6f6/tools/sdk/esp32s3/include/esp-dl/include/layer -I/home/franstein/.platformio/packages/framework-arduinoespressif32@src-537c58760dafe7fcc8a1d9bbcf00b6f6/tools/sdk/esp32s3/include/esp-dl/include/detect -I/home/franstein/.platformio/packages/framework-arduinoespressif32@src-537c58760dafe7fcc8a1d9bbcf00b6f6/tools/sdk/esp32s3/include/esp-dl/include/model_zoo -I/home/franstein/.platformio/packages/framework-arduinoespressif32@src-537c58760dafe7fcc8a1d9bbcf00b6f6/tools/sdk/esp32s3/include/esp-sr/src/include -I/home/franstein/.platformio/packages/framework-arduinoespressif32@src-537c58760dafe7fcc8a1d9bbcf00b6f6/tools/sdk/esp32s3/include/esp-sr/esp-tts/esp_tts_chinese/include -I/home/franstein/.platformio/packages/framework-arduinoespressif32@src-537c58760dafe7fcc8a1d9bbcf00b6f6/tools/sdk/esp32s3/include/esp-sr/include/esp32s3 -I/home/franstein/.platformio/packages/framework-arduinoespressif32@src-537c58760dafe7fcc8a1d9bbcf00b6f6/tools/sdk/esp32s3/include/esp32-camera/driver/include -I/home/franstein/.platformio/packages/framework-arduinoespressif32@src-537c58760dafe7fcc8a1d9bbcf00b6f6/tools/sdk/esp32s3/include/esp32-camera/conversions/include -I/home/franstein/.platformio/packages/framework-arduinoespressif32@src-537c58760dafe7fcc8a1d9bbcf00b6f6/tools/sdk/esp32s3/include/fb_gfx/include -I/home/franstein/.platformio/packages/framework-arduinoespressif32@src-537c58760dafe7fcc8a1d9bbcf00b6f6/tools/sdk/esp32s3/qio_opi/include -I/home/franstein/.platformio/packages/framework-arduinoespressif32@src-537c58760dafe7fcc8a1d9bbcf00b6f6/cores/esp32 -I/home/franstein/.platformio/packages/framework-arduinoespressif32@src-537c58760dafe7fcc8a1d9bbcf00b6f6/variants/esp32s3 /home/franstein/.platformio/packages/framework-arduinoespressif32@src-537c58760dafe7fcc8a1d9bbcf00b6f6/cores/esp32/stdlib_noniso.c
xtensa-esp32s3-elf-gcc -o .pio/build/esp32/FrameworkArduino/wiring_pulse.c.o -c -std=gnu99 -Wno-old-style-declaration -Os -mlongcalls -ffunction-sections -fdata-sections -Wno-error=unused-function -Wno-error=unused-variable -Wno-error=deprecated-declarations -Wno-unused-parameter -Wno-sign-compare -ggdb -freorder-blocks -Wwrite-strings -fstack-protector -fstrict-volatile-bitfields -Wno-error=unused-but-set-variable -fno-jump-tables -fno-tree-switch-conversion -MMD -DPLATFORMIO=60107 -DBOARD_HAS_PSRAM -DARDUINO_USB_MODE=1 -DARDUINO_USB_CDC_ON_BOOT=1 -DHAVE_CONFIG_H -DMBEDTLS_CONFIG_FILE=\"mbedtls/esp_config.h\" -DUNITY_INCLUDE_CONFIG_H -DWITH_POSIX -D_GNU_SOURCE -DIDF_VER=\"v4.4.3\" -DESP_PLATFORM -D_POSIX_READER_WRITER_LOCKS -DARDUINO_ARCH_ESP32 -DESP32 -DF_CPU=240000000L -DARDUINO=10812 -DARDUINO_VARIANT=\"esp32s3\" "-DARDUINO_BOARD=\"LILYGO T3-S3\"" -DARDUINO_PARTITION_default -I/home/franstein/.platformio/packages/framework-arduinoespressif32@src-537c58760dafe7fcc8a1d9bbcf00b6f6/tools/sdk/esp32s3/include/newlib/platform_include -I/home/franstein/.platformio/packages/framework-arduinoespressif32@src-537c58760dafe7fcc8a1d9bbcf00b6f6/tools/sdk/esp32s3/include/freertos/include -I/home/franstein/.platformio/packages/framework-arduinoespressif32@src-537c58760dafe7fcc8a1d9bbcf00b6f6/tools/sdk/esp32s3/include/freertos/include/esp_additions/freertos -I/home/franstein/.platformio/packages/framework-arduinoespressif32@src-537c58760dafe7fcc8a1d9bbcf00b6f6/tools/sdk/esp32s3/include/freertos/port/xtensa/include -I/home/franstein/.platformio/packages/framework-arduinoespressif32@src-537c58760dafe7fcc8a1d9bbcf00b6f6/tools/sdk/esp32s3/include/freertos/include/esp_additions -I/home/franstein/.platformio/packages/framework-arduinoespressif32@src-537c58760dafe7fcc8a1d9bbcf00b6f6/tools/sdk/esp32s3/include/esp_hw_support/include -I/home/franstein/.platformio/packages/framework-arduinoespressif32@src-537c58760dafe7fcc8a1d9bbcf00b6f6/tools/sdk/esp32s3/include/esp_hw_support/include/soc -I/home/franstein/.platformio/packages/framework-arduinoespressif32@src-537c58760dafe7fcc8a1d9bbcf00b6f6/tools/sdk/esp32s3/include/esp_hw_support/include/soc/esp32s3 -I/home/franstein/.platformio/packages/framework-arduinoespressif32@src-537c58760dafe7fcc8a1d9bbcf00b6f6/tools/sdk/esp32s3/include/esp_hw_support/port/esp32s3 -I/home/franstein/.platformio/packages/framework-arduinoespressif32@src-537c58760dafe7fcc8a1d9bbcf00b6f6/tools/sdk/esp32s3/include/esp_hw_support/port/esp32s3/private_include -I/home/franstein/.platformio/packages/framework-arduinoespressif32@src-537c58760dafe7fcc8a1d9bbcf00b6f6/tools/sdk/esp32s3/include/heap/include -I/home/franstein/.platformio/packages/framework-arduinoespressif32@src-537c58760dafe7fcc8a1d9bbcf00b6f6/tools/sdk/esp32s3/include/log/include -I/home/franstein/.platformio/packages/framework-arduinoespressif32@src-537c58760dafe7fcc8a1d9bbcf00b6f6/tools/sdk/esp32s3/include/lwip/include/apps -I/home/franstein/.platformio/packages/framework-arduinoespressif32@src-537c58760dafe7fcc8a1d9bbcf00b6f6/tools/sdk/esp32s3/include/lwip/include/apps/sntp -I/home/franstein/.platformio/packages/framework-arduinoespressif32@src-537c58760dafe7fcc8a1d9bbcf00b6f6/tools/sdk/esp32s3/include/lwip/lwip/src/include -I/home/franstein/.platformio/packages/framework-arduinoespressif32@src-537c58760dafe7fcc8a1d9bbcf00b6f6/tools/sdk/esp32s3/include/lwip/port/esp32/include -I/home/franstein/.platformio/packages/framework-arduinoespressif32@src-537c58760dafe7fcc8a1d9bbcf00b6f6/tools/sdk/esp32s3/include/lwip/port/esp32/include/arch -I/home/franstein/.platformio/packages/framework-arduinoespressif32@src-537c58760dafe7fcc8a1d9bbcf00b6f6/tools/sdk/esp32s3/include/soc/include -I/home/franstein/.platformio/packages/framework-arduinoespressif32@src-537c58760dafe7fcc8a1d9bbcf00b6f6/tools/sdk/esp32s3/include/soc/esp32s3 -I/home/franstein/.platformio/packages/framework-arduinoespressif32@src-537c58760dafe7fcc8a1d9bbcf00b6f6/tools/sdk/esp32s3/include/soc/esp32s3/include -I/home/franstein/.platformio/packages/framework-arduinoespressif32@src-537c58760dafe7fcc8a1d9bbcf00b6f6/tools/sdk/esp32s3/include/hal/esp32s3/include -I/home/franstein/.platformio/packages/framework-arduinoespressif32@src-537c58760dafe7fcc8a1d9bbcf00b6f6/tools/sdk/esp32s3/include/hal/include -I/home/franstein/.platformio/packages/framework-arduinoespressif32@src-537c58760dafe7fcc8a1d9bbcf00b6f6/tools/sdk/esp32s3/include/hal/platform_port/include -I/home/franstein/.platformio/packages/framework-arduinoespressif32@src-537c58760dafe7fcc8a1d9bbcf00b6f6/tools/sdk/esp32s3/include/esp_rom/include -I/home/franstein/.platformio/packages/framework-arduinoespressif32@src-537c58760dafe7fcc8a1d9bbcf00b6f6/tools/sdk/esp32s3/include/esp_rom/include/esp32s3 -I/home/franstein/.platformio/packages/framework-arduinoespressif32@src-537c58760dafe7fcc8a1d9bbcf00b6f6/tools/sdk/esp32s3/include/esp_rom/esp32s3 -I/home/franstein/.platformio/packages/framework-arduinoespressif32@src-537c58760dafe7fcc8a1d9bbcf00b6f6/tools/sdk/esp32s3/include/esp_common/include -I/home/franstein/.platformio/packages/framework-arduinoespressif32@src-537c58760dafe7fcc8a1d9bbcf00b6f6/tools/sdk/esp32s3/include/esp_system/include -I/home/franstein/.platformio/packages/framework-arduinoespressif32@src-537c58760dafe7fcc8a1d9bbcf00b6f6/tools/sdk/esp32s3/include/esp_system/port/soc -I/home/franstein/.platformio/packages/framework-arduinoespressif32@src-537c58760dafe7fcc8a1d9bbcf00b6f6/tools/sdk/esp32s3/include/esp_system/port/public_compat -I/home/franstein/.platformio/packages/framework-arduinoespressif32@src-537c58760dafe7fcc8a1d9bbcf00b6f6/tools/sdk/esp32s3/include/xtensa/include -I/home/franstein/.platformio/packages/framework-arduinoespressif32@src-537c58760dafe7fcc8a1d9bbcf00b6f6/tools/sdk/esp32s3/include/xtensa/esp32s3/include -I/home/franstein/.platformio/packages/framework-arduinoespressif32@src-537c58760dafe7fcc8a1d9bbcf00b6f6/tools/sdk/esp32s3/include/driver/include -I/home/franstein/.platformio/packages/framework-arduinoespressif32@src-537c58760dafe7fcc8a1d9bbcf00b6f6/tools/sdk/esp32s3/include/driver/esp32s3/include -I/home/franstein/.platformio/packages/framework-arduinoespressif32@src-537c58760dafe7fcc8a1d9bbcf00b6f6/tools/sdk/esp32s3/include/esp_pm/include -I/home/franstein/.platformio/packages/framework-arduinoespressif32@src-537c58760dafe7fcc8a1d9bbcf00b6f6/tools/sdk/esp32s3/include/esp_ringbuf/include -I/home/franstein/.platformio/packages/framework-arduinoespressif32@src-537c58760dafe7fcc8a1d9bbcf00b6f6/tools/sdk/esp32s3/include/efuse/include -I/home/franstein/.platformio/packages/framework-arduinoespressif32@src-537c58760dafe7fcc8a1d9bbcf00b6f6/tools/sdk/esp32s3/include/efuse/esp32s3/include -I/home/franstein/.platformio/packages/framework-arduinoespressif32@src-537c58760dafe7fcc8a1d9bbcf00b6f6/tools/sdk/esp32s3/include/vfs/include -I/home/franstein/.platformio/packages/framework-arduinoespressif32@src-537c58760dafe7fcc8a1d9bbcf00b6f6/tools/sdk/esp32s3/include/esp_wifi/include -I/home/franstein/.platformio/packages/framework-arduinoespressif32@src-537c58760dafe7fcc8a1d9bbcf00b6f6/tools/sdk/esp32s3/include/esp_event/include -I/home/franstein/.platformio/packages/framework-arduinoespressif32@src-537c58760dafe7fcc8a1d9bbcf00b6f6/tools/sdk/esp32s3/include/esp_netif/include -I/home/franstein/.platformio/packages/framework-arduinoespressif32@src-537c58760dafe7fcc8a1d9bbcf00b6f6/tools/sdk/esp32s3/include/esp_eth/include -I/home/franstein/.platformio/packages/framework-arduinoespressif32@src-537c58760dafe7fcc8a1d9bbcf00b6f6/tools/sdk/esp32s3/include/tcpip_adapter/include -I/home/franstein/.platformio/packages/framework-arduinoespressif32@src-537c58760dafe7fcc8a1d9bbcf00b6f6/tools/sdk/esp32s3/include/esp_phy/include -I/home/franstein/.platformio/packages/framework-arduinoespressif32@src-537c58760dafe7fcc8a1d9bbcf00b6f6/tools/sdk/esp32s3/include/esp_phy/esp32s3/include -I/home/franstein/.platformio/packages/framework-arduinoespressif32@src-537c58760dafe7fcc8a1d9bbcf00b6f6/tools/sdk/esp32s3/include/esp_ipc/include -I/home/franstein/.platformio/packages/framework-arduinoespressif32@src-537c58760dafe7fcc8a1d9bbcf00b6f6/tools/sdk/esp32s3/include/app_trace/include -I/home/franstein/.platformio/packages/framework-arduinoespressif32@src-537c58760dafe7fcc8a1d9bbcf00b6f6/tools/sdk/esp32s3/include/esp_timer/include -I/home/franstein/.platformio/packages/framework-arduinoespressif32@src-537c58760dafe7fcc8a1d9bbcf00b6f6/tools/sdk/esp32s3/include/mbedtls/port/include -I/home/franstein/.platformio/packages/framework-arduinoespressif32@src-537c58760dafe7fcc8a1d9bbcf00b6f6/tools/sdk/esp32s3/include/mbedtls/mbedtls/include -I/home/franstein/.platformio/packages/framework-arduinoespressif32@src-537c58760dafe7fcc8a1d9bbcf00b6f6/tools/sdk/esp32s3/include/mbedtls/esp_crt_bundle/include -I/home/franstein/.platformio/packages/framework-arduinoespressif32@src-537c58760dafe7fcc8a1d9bbcf00b6f6/tools/sdk/esp32s3/include/app_update/include -I/home/franstein/.platformio/packages/framework-arduinoespressif32@src-537c58760dafe7fcc8a1d9bbcf00b6f6/tools/sdk/esp32s3/include/spi_flash/include -I/home/franstein/.platformio/packages/framework-arduinoespressif32@src-537c58760dafe7fcc8a1d9bbcf00b6f6/tools/sdk/esp32s3/include/bootloader_support/include -I/home/franstein/.platformio/packages/framework-arduinoespressif32@src-537c58760dafe7fcc8a1d9bbcf00b6f6/tools/sdk/esp32s3/include/nvs_flash/include -I/home/franstein/.platformio/packages/framework-arduinoespressif32@src-537c58760dafe7fcc8a1d9bbcf00b6f6/tools/sdk/esp32s3/include/pthread/include -I/home/franstein/.platformio/packages/framework-arduinoespressif32@src-537c58760dafe7fcc8a1d9bbcf00b6f6/tools/sdk/esp32s3/include/esp_gdbstub/include -I/home/franstein/.platformio/packages/framework-arduinoespressif32@src-537c58760dafe7fcc8a1d9bbcf00b6f6/tools/sdk/esp32s3/include/esp_gdbstub/xtensa -I/home/franstein/.platformio/packages/framework-arduinoespressif32@src-537c58760dafe7fcc8a1d9bbcf00b6f6/tools/sdk/esp32s3/include/esp_gdbstub/esp32s3 -I/home/franstein/.platformio/packages/framework-arduinoespressif32@src-537c58760dafe7fcc8a1d9bbcf00b6f6/tools/sdk/esp32s3/include/espcoredump/include -I/home/franstein/.platformio/packages/framework-arduinoespressif32@src-537c58760dafe7fcc8a1d9bbcf00b6f6/tools/sdk/esp32s3/include/espcoredump/include/port/xtensa -I/home/franstein/.platformio/packages/framework-arduinoespressif32@src-537c58760dafe7fcc8a1d9bbcf00b6f6/tools/sdk/esp32s3/include/wpa_supplicant/include -I/home/franstein/.platformio/packages/framework-arduinoespressif32@src-537c58760dafe7fcc8a1d9bbcf00b6f6/tools/sdk/esp32s3/include/wpa_supplicant/port/include -I/home/franstein/.platformio/packages/framework-arduinoespressif32@src-537c58760dafe7fcc8a1d9bbcf00b6f6/tools/sdk/esp32s3/include/wpa_supplicant/esp_supplicant/include -I/home/franstein/.platformio/packages/framework-arduinoespressif32@src-537c58760dafe7fcc8a1d9bbcf00b6f6/tools/sdk/esp32s3/include/ieee802154/include -I/home/franstein/.platformio/packages/framework-arduinoespressif32@src-537c58760dafe7fcc8a1d9bbcf00b6f6/tools/sdk/esp32s3/include/console -I/home/franstein/.platformio/packages/framework-arduinoespressif32@src-537c58760dafe7fcc8a1d9bbcf00b6f6/tools/sdk/esp32s3/include/asio/asio/asio/include -I/home/franstein/.platformio/packages/framework-arduinoespressif32@src-537c58760dafe7fcc8a1d9bbcf00b6f6/tools/sdk/esp32s3/include/asio/port/include -I/home/franstein/.platformio/packages/framework-arduinoespressif32@src-537c58760dafe7fcc8a1d9bbcf00b6f6/tools/sdk/esp32s3/include/bt/common/osi/include -I/home/franstein/.platformio/packages/framework-arduinoespressif32@src-537c58760dafe7fcc8a1d9bbcf00b6f6/tools/sdk/esp32s3/include/bt/include/esp32s3/include -I/home/franstein/.platformio/packages/framework-arduinoespressif32@src-537c58760dafe7fcc8a1d9bbcf00b6f6/tools/sdk/esp32s3/include/bt/common/api/include/api -I/home/franstein/.platformio/packages/framework-arduinoespressif32@src-537c58760dafe7fcc8a1d9bbcf00b6f6/tools/sdk/esp32s3/include/bt/common/btc/profile/esp/blufi/include -I/home/franstein/.platformio/packages/framework-arduinoespressif32@src-537c58760dafe7fcc8a1d9bbcf00b6f6/tools/sdk/esp32s3/include/bt/common/btc/profile/esp/include -I/home/franstein/.platformio/packages/framework-arduinoespressif32@src-537c58760dafe7fcc8a1d9bbcf00b6f6/tools/sdk/esp32s3/include/bt/host/bluedroid/api/include/api -I/home/franstein/.platformio/packages/framework-arduinoespressif32@src-537c58760dafe7fcc8a1d9bbcf00b6f6/tools/sdk/esp32s3/include/bt/esp_ble_mesh/mesh_common/include -I/home/franstein/.platformio/packages/framework-arduinoespressif32@src-537c58760dafe7fcc8a1d9bbcf00b6f6/tools/sdk/esp32s3/include/bt/esp_ble_mesh/mesh_common/tinycrypt/include -I/home/franstein/.platformio/packages/framework-arduinoespressif32@src-537c58760dafe7fcc8a1d9bbcf00b6f6/tools/sdk/esp32s3/include/bt/esp_ble_mesh/mesh_core -I/home/franstein/.platformio/packages/framework-arduinoespressif32@src-537c58760dafe7fcc8a1d9bbcf00b6f6/tools/sdk/esp32s3/include/bt/esp_ble_mesh/mesh_core/include -I/home/franstein/.platformio/packages/framework-arduinoespressif32@src-537c58760dafe7fcc8a1d9bbcf00b6f6/tools/sdk/esp32s3/include/bt/esp_ble_mesh/mesh_core/storage -I/home/franstein/.platformio/packages/framework-arduinoespressif32@src-537c58760dafe7fcc8a1d9bbcf00b6f6/tools/sdk/esp32s3/include/bt/esp_ble_mesh/btc/include -I/home/franstein/.platformio/packages/framework-arduinoespressif32@src-537c58760dafe7fcc8a1d9bbcf00b6f6/tools/sdk/esp32s3/include/bt/esp_ble_mesh/mesh_models/common/include -I/home/franstein/.platformio/packages/framework-arduinoespressif32@src-537c58760dafe7fcc8a1d9bbcf00b6f6/tools/sdk/esp32s3/include/bt/esp_ble_mesh/mesh_models/client/include -I/home/franstein/.platformio/packages/framework-arduinoespressif32@src-537c58760dafe7fcc8a1d9bbcf00b6f6/tools/sdk/esp32s3/include/bt/esp_ble_mesh/mesh_models/server/include -I/home/franstein/.platformio/packages/framework-arduinoespressif32@src-537c58760dafe7fcc8a1d9bbcf00b6f6/tools/sdk/esp32s3/include/bt/esp_ble_mesh/api/core/include -I/home/franstein/.platformio/packages/framework-arduinoespressif32@src-537c58760dafe7fcc8a1d9bbcf00b6f6/tools/sdk/esp32s3/include/bt/esp_ble_mesh/api/models/include -I/home/franstein/.platformio/packages/framework-arduinoespressif32@src-537c58760dafe7fcc8a1d9bbcf00b6f6/tools/sdk/esp32s3/include/bt/esp_ble_mesh/api -I/home/franstein/.platformio/packages/framework-arduinoespressif32@src-537c58760dafe7fcc8a1d9bbcf00b6f6/tools/sdk/esp32s3/include/cbor/port/include -I/home/franstein/.platformio/packages/framework-arduinoespressif32@src-537c58760dafe7fcc8a1d9bbcf00b6f6/tools/sdk/esp32s3/include/unity/include -I/home/franstein/.platformio/packages/framework-arduinoespressif32@src-537c58760dafe7fcc8a1d9bbcf00b6f6/tools/sdk/esp32s3/include/unity/unity/src -I/home/franstein/.platformio/packages/framework-arduinoespressif32@src-537c58760dafe7fcc8a1d9bbcf00b6f6/tools/sdk/esp32s3/include/cmock/CMock/src -I/home/franstein/.platformio/packages/framework-arduinoespressif32@src-537c58760dafe7fcc8a1d9bbcf00b6f6/tools/sdk/esp32s3/include/coap/port/include -I/home/franstein/.platformio/packages/framework-arduinoespressif32@src-537c58760dafe7fcc8a1d9bbcf00b6f6/tools/sdk/esp32s3/include/coap/libcoap/include -I/home/franstein/.platformio/packages/framework-arduinoespressif32@src-537c58760dafe7fcc8a1d9bbcf00b6f6/tools/sdk/esp32s3/include/nghttp/port/include -I/home/franstein/.platformio/packages/framework-arduinoespressif32@src-537c58760dafe7fcc8a1d9bbcf00b6f6/tools/sdk/esp32s3/include/nghttp/nghttp2/lib/includes -I/home/franstein/.platformio/packages/framework-arduinoespressif32@src-537c58760dafe7fcc8a1d9bbcf00b6f6/tools/sdk/esp32s3/include/esp-tls -I/home/franstein/.platformio/packages/framework-arduinoespressif32@src-537c58760dafe7fcc8a1d9bbcf00b6f6/tools/sdk/esp32s3/include/esp-tls/esp-tls-crypto -I/home/franstein/.platformio/packages/framework-arduinoespressif32@src-537c58760dafe7fcc8a1d9bbcf00b6f6/tools/sdk/esp32s3/include/esp_adc_cal/include -I/home/franstein/.platformio/packages/framework-arduinoespressif32@src-537c58760dafe7fcc8a1d9bbcf00b6f6/tools/sdk/esp32s3/include/esp_hid/include -I/home/franstein/.platformio/packages/framework-arduinoespressif32@src-537c58760dafe7fcc8a1d9bbcf00b6f6/tools/sdk/esp32s3/include/tcp_transport/include -I/home/franstein/.platformio/packages/framework-arduinoespressif32@src-537c58760dafe7fcc8a1d9bbcf00b6f6/tools/sdk/esp32s3/include/esp_http_client/include -I/home/franstein/.platformio/packages/framework-arduinoespressif32@src-537c58760dafe7fcc8a1d9bbcf00b6f6/tools/sdk/esp32s3/include/esp_http_server/include -I/home/franstein/.platformio/packages/framework-arduinoespressif32@src-537c58760dafe7fcc8a1d9bbcf00b6f6/tools/sdk/esp32s3/include/esp_https_ota/include -I/home/franstein/.platformio/packages/framework-arduinoespressif32@src-537c58760dafe7fcc8a1d9bbcf00b6f6/tools/sdk/esp32s3/include/esp_https_server/include -I/home/franstein/.platformio/packages/framework-arduinoespressif32@src-537c58760dafe7fcc8a1d9bbcf00b6f6/tools/sdk/esp32s3/include/esp_lcd/include -I/home/franstein/.platformio/packages/framework-arduinoespressif32@src-537c58760dafe7fcc8a1d9bbcf00b6f6/tools/sdk/esp32s3/include/esp_lcd/interface -I/home/franstein/.platformio/packages/framework-arduinoespressif32@src-537c58760dafe7fcc8a1d9bbcf00b6f6/tools/sdk/esp32s3/include/protobuf-c/protobuf-c -I/home/franstein/.platformio/packages/framework-arduinoespressif32@src-537c58760dafe7fcc8a1d9bbcf00b6f6/tools/sdk/esp32s3/include/protocomm/include/common -I/home/franstein/.platformio/packages/framework-arduinoespressif32@src-537c58760dafe7fcc8a1d9bbcf00b6f6/tools/sdk/esp32s3/include/protocomm/include/security -I/home/franstein/.platformio/packages/framework-arduinoespressif32@src-537c58760dafe7fcc8a1d9bbcf00b6f6/tools/sdk/esp32s3/include/protocomm/include/transports -I/home/franstein/.platformio/packages/framework-arduinoespressif32@src-537c58760dafe7fcc8a1d9bbcf00b6f6/tools/sdk/esp32s3/include/mdns/include -I/home/franstein/.platformio/packages/framework-arduinoespressif32@src-537c58760dafe7fcc8a1d9bbcf00b6f6/tools/sdk/esp32s3/include/esp_local_ctrl/include -I/home/franstein/.platformio/packages/framework-arduinoespressif32@src-537c58760dafe7fcc8a1d9bbcf00b6f6/tools/sdk/esp32s3/include/sdmmc/include -I/home/franstein/.platformio/packages/framework-arduinoespressif32@src-537c58760dafe7fcc8a1d9bbcf00b6f6/tools/sdk/esp32s3/include/esp_serial_slave_link/include -I/home/franstein/.platformio/packages/framework-arduinoespressif32@src-537c58760dafe7fcc8a1d9bbcf00b6f6/tools/sdk/esp32s3/include/esp_websocket_client/include -I/home/franstein/.platformio/packages/framework-arduinoespressif32@src-537c58760dafe7fcc8a1d9bbcf00b6f6/tools/sdk/esp32s3/include/expat/expat/expat/lib -I/home/franstein/.platformio/packages/framework-arduinoespressif32@src-537c58760dafe7fcc8a1d9bbcf00b6f6/tools/sdk/esp32s3/include/expat/port/include -I/home/franstein/.platformio/packages/framework-arduinoespressif32@src-537c58760dafe7fcc8a1d9bbcf00b6f6/tools/sdk/esp32s3/include/wear_levelling/include -I/home/franstein/.platformio/packages/framework-arduinoespressif32@src-537c58760dafe7fcc8a1d9bbcf00b6f6/tools/sdk/esp32s3/include/fatfs/diskio -I/home/franstein/.platformio/packages/framework-arduinoespressif32@src-537c58760dafe7fcc8a1d9bbcf00b6f6/tools/sdk/esp32s3/include/fatfs/vfs -I/home/franstein/.platformio/packages/framework-arduinoespressif32@src-537c58760dafe7fcc8a1d9bbcf00b6f6/tools/sdk/esp32s3/include/fatfs/src -I/home/franstein/.platformio/packages/framework-arduinoespressif32@src-537c58760dafe7fcc8a1d9bbcf00b6f6/tools/sdk/esp32s3/include/freemodbus/common/include -I/home/franstein/.platformio/packages/framework-arduinoespressif32@src-537c58760dafe7fcc8a1d9bbcf00b6f6/tools/sdk/esp32s3/include/idf_test/include -I/home/franstein/.platformio/packages/framework-arduinoespressif32@src-537c58760dafe7fcc8a1d9bbcf00b6f6/tools/sdk/esp32s3/include/idf_test/include/esp32s3 -I/home/franstein/.platformio/packages/framework-arduinoespressif32@src-537c58760dafe7fcc8a1d9bbcf00b6f6/tools/sdk/esp32s3/include/jsmn/include -I/home/franstein/.platformio/packages/framework-arduinoespressif32@src-537c58760dafe7fcc8a1d9bbcf00b6f6/tools/sdk/esp32s3/include/json/cJSON -I/home/franstein/.platformio/packages/framework-arduinoespressif32@src-537c58760dafe7fcc8a1d9bbcf00b6f6/tools/sdk/esp32s3/include/libsodium/libsodium/src/libsodium/include -I/home/franstein/.platformio/packages/framework-arduinoespressif32@src-537c58760dafe7fcc8a1d9bbcf00b6f6/tools/sdk/esp32s3/include/libsodium/port_include -I/home/franstein/.platformio/packages/framework-arduinoespressif32@src-537c58760dafe7fcc8a1d9bbcf00b6f6/tools/sdk/esp32s3/include/mqtt/esp-mqtt/include -I/home/franstein/.platformio/packages/framework-arduinoespressif32@src-537c58760dafe7fcc8a1d9bbcf00b6f6/tools/sdk/esp32s3/include/openssl/include -I/home/franstein/.platformio/packages/framework-arduinoespressif32@src-537c58760dafe7fcc8a1d9bbcf00b6f6/tools/sdk/esp32s3/include/perfmon/include -I/home/franstein/.platformio/packages/framework-arduinoespressif32@src-537c58760dafe7fcc8a1d9bbcf00b6f6/tools/sdk/esp32s3/include/spiffs/include -I/home/franstein/.platformio/packages/framework-arduinoespressif32@src-537c58760dafe7fcc8a1d9bbcf00b6f6/tools/sdk/esp32s3/include/usb/include -I/home/franstein/.platformio/packages/framework-arduinoespressif32@src-537c58760dafe7fcc8a1d9bbcf00b6f6/tools/sdk/esp32s3/include/ulp/include -I/home/franstein/.platformio/packages/framework-arduinoespressif32@src-537c58760dafe7fcc8a1d9bbcf00b6f6/tools/sdk/esp32s3/include/wifi_provisioning/include -I/home/franstein/.platformio/packages/framework-arduinoespressif32@src-537c58760dafe7fcc8a1d9bbcf00b6f6/tools/sdk/esp32s3/include/rmaker_common/include -I/home/franstein/.platformio/packages/framework-arduinoespressif32@src-537c58760dafe7fcc8a1d9bbcf00b6f6/tools/sdk/esp32s3/include/json_parser/upstream/include -I/home/franstein/.platformio/packages/framework-arduinoespressif32@src-537c58760dafe7fcc8a1d9bbcf00b6f6/tools/sdk/esp32s3/include/json_parser/upstream -I/home/franstein/.platformio/packages/framework-arduinoespressif32@src-537c58760dafe7fcc8a1d9bbcf00b6f6/tools/sdk/esp32s3/include/json_generator/upstream -I/home/franstein/.platformio/packages/framework-arduinoespressif32@src-537c58760dafe7fcc8a1d9bbcf00b6f6/tools/sdk/esp32s3/include/esp_schedule/include -I/home/franstein/.platformio/packages/framework-arduinoespressif32@src-537c58760dafe7fcc8a1d9bbcf00b6f6/tools/sdk/esp32s3/include/esp_rainmaker/include -I/home/franstein/.platformio/packages/framework-arduinoespressif32@src-537c58760dafe7fcc8a1d9bbcf00b6f6/tools/sdk/esp32s3/include/gpio_button/button/include -I/home/franstein/.platformio/packages/framework-arduinoespressif32@src-537c58760dafe7fcc8a1d9bbcf00b6f6/tools/sdk/esp32s3/include/qrcode/include -I/home/franstein/.platformio/packages/framework-arduinoespressif32@src-537c58760dafe7fcc8a1d9bbcf00b6f6/tools/sdk/esp32s3/include/ws2812_led -I/home/franstein/.platformio/packages/framework-arduinoespressif32@src-537c58760dafe7fcc8a1d9bbcf00b6f6/tools/sdk/esp32s3/include/esp_diagnostics/include -I/home/franstein/.platformio/packages/framework-arduinoespressif32@src-537c58760dafe7fcc8a1d9bbcf00b6f6/tools/sdk/esp32s3/include/rtc_store/include -I/home/franstein/.platformio/packages/framework-arduinoespressif32@src-537c58760dafe7fcc8a1d9bbcf00b6f6/tools/sdk/esp32s3/include/esp_insights/include -I/home/franstein/.platformio/packages/framework-arduinoespressif32@src-537c58760dafe7fcc8a1d9bbcf00b6f6/tools/sdk/esp32s3/include/esp-dsp/modules/dotprod/include -I/home/franstein/.platformio/packages/framework-arduinoespressif32@src-537c58760dafe7fcc8a1d9bbcf00b6f6/tools/sdk/esp32s3/include/esp-dsp/modules/support/include -I/home/franstein/.platformio/packages/framework-arduinoespressif32@src-537c58760dafe7fcc8a1d9bbcf00b6f6/tools/sdk/esp32s3/include/esp-dsp/modules/windows/include -I/home/franstein/.platformio/packages/framework-arduinoespressif32@src-537c58760dafe7fcc8a1d9bbcf00b6f6/tools/sdk/esp32s3/include/esp-dsp/modules/windows/hann/include -I/home/franstein/.platformio/packages/framework-arduinoespressif32@src-537c58760dafe7fcc8a1d9bbcf00b6f6/tools/sdk/esp32s3/include/esp-dsp/modules/windows/blackman/include -I/home/franstein/.platformio/packages/framework-arduinoespressif32@src-537c58760dafe7fcc8a1d9bbcf00b6f6/tools/sdk/esp32s3/include/esp-dsp/modules/windows/blackman_harris/include -I/home/franstein/.platformio/packages/framework-arduinoespressif32@src-537c58760dafe7fcc8a1d9bbcf00b6f6/tools/sdk/esp32s3/include/esp-dsp/modules/windows/blackman_nuttall/include -I/home/franstein/.platformio/packages/framework-arduinoespressif32@src-537c58760dafe7fcc8a1d9bbcf00b6f6/tools/sdk/esp32s3/include/esp-dsp/modules/windows/nuttall/include -I/home/franstein/.platformio/packages/framework-arduinoespressif32@src-537c58760dafe7fcc8a1d9bbcf00b6f6/tools/sdk/esp32s3/include/esp-dsp/modules/windows/flat_top/include -I/home/franstein/.platformio/packages/framework-arduinoespressif32@src-537c58760dafe7fcc8a1d9bbcf00b6f6/tools/sdk/esp32s3/include/esp-dsp/modules/iir/include -I/home/franstein/.platformio/packages/framework-arduinoespressif32@src-537c58760dafe7fcc8a1d9bbcf00b6f6/tools/sdk/esp32s3/include/esp-dsp/modules/fir/include -I/home/franstein/.platformio/packages/framework-arduinoespressif32@src-537c58760dafe7fcc8a1d9bbcf00b6f6/tools/sdk/esp32s3/include/esp-dsp/modules/math/include -I/home/franstein/.platformio/packages/framework-arduinoespressif32@src-537c58760dafe7fcc8a1d9bbcf00b6f6/tools/sdk/esp32s3/include/esp-dsp/modules/math/add/include -I/home/franstein/.platformio/packages/framework-arduinoespressif32@src-537c58760dafe7fcc8a1d9bbcf00b6f6/tools/sdk/esp32s3/include/esp-dsp/modules/math/sub/include -I/home/franstein/.platformio/packages/framework-arduinoespressif32@src-537c58760dafe7fcc8a1d9bbcf00b6f6/tools/sdk/esp32s3/include/esp-dsp/modules/math/mul/include -I/home/franstein/.platformio/packages/framework-arduinoespressif32@src-537c58760dafe7fcc8a1d9bbcf00b6f6/tools/sdk/esp32s3/include/esp-dsp/modules/math/addc/include -I/home/franstein/.platformio/packages/framework-arduinoespressif32@src-537c58760dafe7fcc8a1d9bbcf00b6f6/tools/sdk/esp32s3/include/esp-dsp/modules/math/mulc/include -I/home/franstein/.platformio/packages/framework-arduinoespressif32@src-537c58760dafe7fcc8a1d9bbcf00b6f6/tools/sdk/esp32s3/include/esp-dsp/modules/math/sqrt/include -I/home/franstein/.platformio/packages/framework-arduinoespressif32@src-537c58760dafe7fcc8a1d9bbcf00b6f6/tools/sdk/esp32s3/include/esp-dsp/modules/matrix/include -I/home/franstein/.platformio/packages/framework-arduinoespressif32@src-537c58760dafe7fcc8a1d9bbcf00b6f6/tools/sdk/esp32s3/include/esp-dsp/modules/fft/include -I/home/franstein/.platformio/packages/framework-arduinoespressif32@src-537c58760dafe7fcc8a1d9bbcf00b6f6/tools/sdk/esp32s3/include/esp-dsp/modules/dct/include -I/home/franstein/.platformio/packages/framework-arduinoespressif32@src-537c58760dafe7fcc8a1d9bbcf00b6f6/tools/sdk/esp32s3/include/esp-dsp/modules/conv/include -I/home/franstein/.platformio/packages/framework-arduinoespressif32@src-537c58760dafe7fcc8a1d9bbcf00b6f6/tools/sdk/esp32s3/include/esp-dsp/modules/common/include -I/home/franstein/.platformio/packages/framework-arduinoespressif32@src-537c58760dafe7fcc8a1d9bbcf00b6f6/tools/sdk/esp32s3/include/esp-dsp/modules/kalman/ekf/include -I/home/franstein/.platformio/packages/framework-arduinoespressif32@src-537c58760dafe7fcc8a1d9bbcf00b6f6/tools/sdk/esp32s3/include/esp-dsp/modules/kalman/ekf_imu13states/include -I/home/franstein/.platformio/packages/framework-arduinoespressif32@src-537c58760dafe7fcc8a1d9bbcf00b6f6/tools/sdk/esp32s3/include/freertos/include/freertos -I/home/franstein/.platformio/packages/framework-arduinoespressif32@src-537c58760dafe7fcc8a1d9bbcf00b6f6/tools/sdk/esp32s3/include/arduino_tinyusb/tinyusb/src -I/home/franstein/.platformio/packages/framework-arduinoespressif32@src-537c58760dafe7fcc8a1d9bbcf00b6f6/tools/sdk/esp32s3/include/arduino_tinyusb/include -I/home/franstein/.platformio/packages/framework-arduinoespressif32@src-537c58760dafe7fcc8a1d9bbcf00b6f6/tools/sdk/esp32s3/include/esp_littlefs/include -I/home/franstein/.platformio/packages/framework-arduinoespressif32@src-537c58760dafe7fcc8a1d9bbcf00b6f6/tools/sdk/esp32s3/include/esp-dl/include -I/home/franstein/.platformio/packages/framework-arduinoespressif32@src-537c58760dafe7fcc8a1d9bbcf00b6f6/tools/sdk/esp32s3/include/esp-dl/include/tool -I/home/franstein/.platformio/packages/framework-arduinoespressif32@src-537c58760dafe7fcc8a1d9bbcf00b6f6/tools/sdk/esp32s3/include/esp-dl/include/typedef -I/home/franstein/.platformio/packages/framework-arduinoespressif32@src-537c58760dafe7fcc8a1d9bbcf00b6f6/tools/sdk/esp32s3/include/esp-dl/include/image -I/home/franstein/.platformio/packages/framework-arduinoespressif32@src-537c58760dafe7fcc8a1d9bbcf00b6f6/tools/sdk/esp32s3/include/esp-dl/include/math -I/home/franstein/.platformio/packages/framework-arduinoespressif32@src-537c58760dafe7fcc8a1d9bbcf00b6f6/tools/sdk/esp32s3/include/esp-dl/include/nn -I/home/franstein/.platformio/packages/framework-arduinoespressif32@src-537c58760dafe7fcc8a1d9bbcf00b6f6/tools/sdk/esp32s3/include/esp-dl/include/layer -I/home/franstein/.platformio/packages/framework-arduinoespressif32@src-537c58760dafe7fcc8a1d9bbcf00b6f6/tools/sdk/esp32s3/include/esp-dl/include/detect -I/home/franstein/.platformio/packages/framework-arduinoespressif32@src-537c58760dafe7fcc8a1d9bbcf00b6f6/tools/sdk/esp32s3/include/esp-dl/include/model_zoo -I/home/franstein/.platformio/packages/framework-arduinoespressif32@src-537c58760dafe7fcc8a1d9bbcf00b6f6/tools/sdk/esp32s3/include/esp-sr/src/include -I/home/franstein/.platformio/packages/framework-arduinoespressif32@src-537c58760dafe7fcc8a1d9bbcf00b6f6/tools/sdk/esp32s3/include/esp-sr/esp-tts/esp_tts_chinese/include -I/home/franstein/.platformio/packages/framework-arduinoespressif32@src-537c58760dafe7fcc8a1d9bbcf00b6f6/tools/sdk/esp32s3/include/esp-sr/include/esp32s3 -I/home/franstein/.platformio/packages/framework-arduinoespressif32@src-537c58760dafe7fcc8a1d9bbcf00b6f6/tools/sdk/esp32s3/include/esp32-camera/driver/include -I/home/franstein/.platformio/packages/framework-arduinoespressif32@src-537c58760dafe7fcc8a1d9bbcf00b6f6/tools/sdk/esp32s3/include/esp32-camera/conversions/include -I/home/franstein/.platformio/packages/framework-arduinoespressif32@src-537c58760dafe7fcc8a1d9bbcf00b6f6/tools/sdk/esp32s3/include/fb_gfx/include -I/home/franstein/.platformio/packages/framework-arduinoespressif32@src-537c58760dafe7fcc8a1d9bbcf00b6f6/tools/sdk/esp32s3/qio_opi/include -I/home/franstein/.platformio/packages/framework-arduinoespressif32@src-537c58760dafe7fcc8a1d9bbcf00b6f6/cores/esp32 -I/home/franstein/.platformio/packages/framework-arduinoespressif32@src-537c58760dafe7fcc8a1d9bbcf00b6f6/variants/esp32s3 /home/franstein/.platformio/packages/framework-arduinoespressif32@src-537c58760dafe7fcc8a1d9bbcf00b6f6/cores/esp32/wiring_pulse.c
xtensa-esp32s3-elf-gcc -o .pio/build/esp32/FrameworkArduino/wiring_shift.c.o -c -std=gnu99 -Wno-old-style-declaration -Os -mlongcalls -ffunction-sections -fdata-sections -Wno-error=unused-function -Wno-error=unused-variable -Wno-error=deprecated-declarations -Wno-unused-parameter -Wno-sign-compare -ggdb -freorder-blocks -Wwrite-strings -fstack-protector -fstrict-volatile-bitfields -Wno-error=unused-but-set-variable -fno-jump-tables -fno-tree-switch-conversion -MMD -DPLATFORMIO=60107 -DBOARD_HAS_PSRAM -DARDUINO_USB_MODE=1 -DARDUINO_USB_CDC_ON_BOOT=1 -DHAVE_CONFIG_H -DMBEDTLS_CONFIG_FILE=\"mbedtls/esp_config.h\" -DUNITY_INCLUDE_CONFIG_H -DWITH_POSIX -D_GNU_SOURCE -DIDF_VER=\"v4.4.3\" -DESP_PLATFORM -D_POSIX_READER_WRITER_LOCKS -DARDUINO_ARCH_ESP32 -DESP32 -DF_CPU=240000000L -DARDUINO=10812 -DARDUINO_VARIANT=\"esp32s3\" "-DARDUINO_BOARD=\"LILYGO T3-S3\"" -DARDUINO_PARTITION_default -I/home/franstein/.platformio/packages/framework-arduinoespressif32@src-537c58760dafe7fcc8a1d9bbcf00b6f6/tools/sdk/esp32s3/include/newlib/platform_include -I/home/franstein/.platformio/packages/framework-arduinoespressif32@src-537c58760dafe7fcc8a1d9bbcf00b6f6/tools/sdk/esp32s3/include/freertos/include -I/home/franstein/.platformio/packages/framework-arduinoespressif32@src-537c58760dafe7fcc8a1d9bbcf00b6f6/tools/sdk/esp32s3/include/freertos/include/esp_additions/freertos -I/home/franstein/.platformio/packages/framework-arduinoespressif32@src-537c58760dafe7fcc8a1d9bbcf00b6f6/tools/sdk/esp32s3/include/freertos/port/xtensa/include -I/home/franstein/.platformio/packages/framework-arduinoespressif32@src-537c58760dafe7fcc8a1d9bbcf00b6f6/tools/sdk/esp32s3/include/freertos/include/esp_additions -I/home/franstein/.platformio/packages/framework-arduinoespressif32@src-537c58760dafe7fcc8a1d9bbcf00b6f6/tools/sdk/esp32s3/include/esp_hw_support/include -I/home/franstein/.platformio/packages/framework-arduinoespressif32@src-537c58760dafe7fcc8a1d9bbcf00b6f6/tools/sdk/esp32s3/include/esp_hw_support/include/soc -I/home/franstein/.platformio/packages/framework-arduinoespressif32@src-537c58760dafe7fcc8a1d9bbcf00b6f6/tools/sdk/esp32s3/include/esp_hw_support/include/soc/esp32s3 -I/home/franstein/.platformio/packages/framework-arduinoespressif32@src-537c58760dafe7fcc8a1d9bbcf00b6f6/tools/sdk/esp32s3/include/esp_hw_support/port/esp32s3 -I/home/franstein/.platformio/packages/framework-arduinoespressif32@src-537c58760dafe7fcc8a1d9bbcf00b6f6/tools/sdk/esp32s3/include/esp_hw_support/port/esp32s3/private_include -I/home/franstein/.platformio/packages/framework-arduinoespressif32@src-537c58760dafe7fcc8a1d9bbcf00b6f6/tools/sdk/esp32s3/include/heap/include -I/home/franstein/.platformio/packages/framework-arduinoespressif32@src-537c58760dafe7fcc8a1d9bbcf00b6f6/tools/sdk/esp32s3/include/log/include -I/home/franstein/.platformio/packages/framework-arduinoespressif32@src-537c58760dafe7fcc8a1d9bbcf00b6f6/tools/sdk/esp32s3/include/lwip/include/apps -I/home/franstein/.platformio/packages/framework-arduinoespressif32@src-537c58760dafe7fcc8a1d9bbcf00b6f6/tools/sdk/esp32s3/include/lwip/include/apps/sntp -I/home/franstein/.platformio/packages/framework-arduinoespressif32@src-537c58760dafe7fcc8a1d9bbcf00b6f6/tools/sdk/esp32s3/include/lwip/lwip/src/include -I/home/franstein/.platformio/packages/framework-arduinoespressif32@src-537c58760dafe7fcc8a1d9bbcf00b6f6/tools/sdk/esp32s3/include/lwip/port/esp32/include -I/home/franstein/.platformio/packages/framework-arduinoespressif32@src-537c58760dafe7fcc8a1d9bbcf00b6f6/tools/sdk/esp32s3/include/lwip/port/esp32/include/arch -I/home/franstein/.platformio/packages/framework-arduinoespressif32@src-537c58760dafe7fcc8a1d9bbcf00b6f6/tools/sdk/esp32s3/include/soc/include -I/home/franstein/.platformio/packages/framework-arduinoespressif32@src-537c58760dafe7fcc8a1d9bbcf00b6f6/tools/sdk/esp32s3/include/soc/esp32s3 -I/home/franstein/.platformio/packages/framework-arduinoespressif32@src-537c58760dafe7fcc8a1d9bbcf00b6f6/tools/sdk/esp32s3/include/soc/esp32s3/include -I/home/franstein/.platformio/packages/framework-arduinoespressif32@src-537c58760dafe7fcc8a1d9bbcf00b6f6/tools/sdk/esp32s3/include/hal/esp32s3/include -I/home/franstein/.platformio/packages/framework-arduinoespressif32@src-537c58760dafe7fcc8a1d9bbcf00b6f6/tools/sdk/esp32s3/include/hal/include -I/home/franstein/.platformio/packages/framework-arduinoespressif32@src-537c58760dafe7fcc8a1d9bbcf00b6f6/tools/sdk/esp32s3/include/hal/platform_port/include -I/home/franstein/.platformio/packages/framework-arduinoespressif32@src-537c58760dafe7fcc8a1d9bbcf00b6f6/tools/sdk/esp32s3/include/esp_rom/include -I/home/franstein/.platformio/packages/framework-arduinoespressif32@src-537c58760dafe7fcc8a1d9bbcf00b6f6/tools/sdk/esp32s3/include/esp_rom/include/esp32s3 -I/home/franstein/.platformio/packages/framework-arduinoespressif32@src-537c58760dafe7fcc8a1d9bbcf00b6f6/tools/sdk/esp32s3/include/esp_rom/esp32s3 -I/home/franstein/.platformio/packages/framework-arduinoespressif32@src-537c58760dafe7fcc8a1d9bbcf00b6f6/tools/sdk/esp32s3/include/esp_common/include -I/home/franstein/.platformio/packages/framework-arduinoespressif32@src-537c58760dafe7fcc8a1d9bbcf00b6f6/tools/sdk/esp32s3/include/esp_system/include -I/home/franstein/.platformio/packages/framework-arduinoespressif32@src-537c58760dafe7fcc8a1d9bbcf00b6f6/tools/sdk/esp32s3/include/esp_system/port/soc -I/home/franstein/.platformio/packages/framework-arduinoespressif32@src-537c58760dafe7fcc8a1d9bbcf00b6f6/tools/sdk/esp32s3/include/esp_system/port/public_compat -I/home/franstein/.platformio/packages/framework-arduinoespressif32@src-537c58760dafe7fcc8a1d9bbcf00b6f6/tools/sdk/esp32s3/include/xtensa/include -I/home/franstein/.platformio/packages/framework-arduinoespressif32@src-537c58760dafe7fcc8a1d9bbcf00b6f6/tools/sdk/esp32s3/include/xtensa/esp32s3/include -I/home/franstein/.platformio/packages/framework-arduinoespressif32@src-537c58760dafe7fcc8a1d9bbcf00b6f6/tools/sdk/esp32s3/include/driver/include -I/home/franstein/.platformio/packages/framework-arduinoespressif32@src-537c58760dafe7fcc8a1d9bbcf00b6f6/tools/sdk/esp32s3/include/driver/esp32s3/include -I/home/franstein/.platformio/packages/framework-arduinoespressif32@src-537c58760dafe7fcc8a1d9bbcf00b6f6/tools/sdk/esp32s3/include/esp_pm/include -I/home/franstein/.platformio/packages/framework-arduinoespressif32@src-537c58760dafe7fcc8a1d9bbcf00b6f6/tools/sdk/esp32s3/include/esp_ringbuf/include -I/home/franstein/.platformio/packages/framework-arduinoespressif32@src-537c58760dafe7fcc8a1d9bbcf00b6f6/tools/sdk/esp32s3/include/efuse/include -I/home/franstein/.platformio/packages/framework-arduinoespressif32@src-537c58760dafe7fcc8a1d9bbcf00b6f6/tools/sdk/esp32s3/include/efuse/esp32s3/include -I/home/franstein/.platformio/packages/framework-arduinoespressif32@src-537c58760dafe7fcc8a1d9bbcf00b6f6/tools/sdk/esp32s3/include/vfs/include -I/home/franstein/.platformio/packages/framework-arduinoespressif32@src-537c58760dafe7fcc8a1d9bbcf00b6f6/tools/sdk/esp32s3/include/esp_wifi/include -I/home/franstein/.platformio/packages/framework-arduinoespressif32@src-537c58760dafe7fcc8a1d9bbcf00b6f6/tools/sdk/esp32s3/include/esp_event/include -I/home/franstein/.platformio/packages/framework-arduinoespressif32@src-537c58760dafe7fcc8a1d9bbcf00b6f6/tools/sdk/esp32s3/include/esp_netif/include -I/home/franstein/.platformio/packages/framework-arduinoespressif32@src-537c58760dafe7fcc8a1d9bbcf00b6f6/tools/sdk/esp32s3/include/esp_eth/include -I/home/franstein/.platformio/packages/framework-arduinoespressif32@src-537c58760dafe7fcc8a1d9bbcf00b6f6/tools/sdk/esp32s3/include/tcpip_adapter/include -I/home/franstein/.platformio/packages/framework-arduinoespressif32@src-537c58760dafe7fcc8a1d9bbcf00b6f6/tools/sdk/esp32s3/include/esp_phy/include -I/home/franstein/.platformio/packages/framework-arduinoespressif32@src-537c58760dafe7fcc8a1d9bbcf00b6f6/tools/sdk/esp32s3/include/esp_phy/esp32s3/include -I/home/franstein/.platformio/packages/framework-arduinoespressif32@src-537c58760dafe7fcc8a1d9bbcf00b6f6/tools/sdk/esp32s3/include/esp_ipc/include -I/home/franstein/.platformio/packages/framework-arduinoespressif32@src-537c58760dafe7fcc8a1d9bbcf00b6f6/tools/sdk/esp32s3/include/app_trace/include -I/home/franstein/.platformio/packages/framework-arduinoespressif32@src-537c58760dafe7fcc8a1d9bbcf00b6f6/tools/sdk/esp32s3/include/esp_timer/include -I/home/franstein/.platformio/packages/framework-arduinoespressif32@src-537c58760dafe7fcc8a1d9bbcf00b6f6/tools/sdk/esp32s3/include/mbedtls/port/include -I/home/franstein/.platformio/packages/framework-arduinoespressif32@src-537c58760dafe7fcc8a1d9bbcf00b6f6/tools/sdk/esp32s3/include/mbedtls/mbedtls/include -I/home/franstein/.platformio/packages/framework-arduinoespressif32@src-537c58760dafe7fcc8a1d9bbcf00b6f6/tools/sdk/esp32s3/include/mbedtls/esp_crt_bundle/include -I/home/franstein/.platformio/packages/framework-arduinoespressif32@src-537c58760dafe7fcc8a1d9bbcf00b6f6/tools/sdk/esp32s3/include/app_update/include -I/home/franstein/.platformio/packages/framework-arduinoespressif32@src-537c58760dafe7fcc8a1d9bbcf00b6f6/tools/sdk/esp32s3/include/spi_flash/include -I/home/franstein/.platformio/packages/framework-arduinoespressif32@src-537c58760dafe7fcc8a1d9bbcf00b6f6/tools/sdk/esp32s3/include/bootloader_support/include -I/home/franstein/.platformio/packages/framework-arduinoespressif32@src-537c58760dafe7fcc8a1d9bbcf00b6f6/tools/sdk/esp32s3/include/nvs_flash/include -I/home/franstein/.platformio/packages/framework-arduinoespressif32@src-537c58760dafe7fcc8a1d9bbcf00b6f6/tools/sdk/esp32s3/include/pthread/include -I/home/franstein/.platformio/packages/framework-arduinoespressif32@src-537c58760dafe7fcc8a1d9bbcf00b6f6/tools/sdk/esp32s3/include/esp_gdbstub/include -I/home/franstein/.platformio/packages/framework-arduinoespressif32@src-537c58760dafe7fcc8a1d9bbcf00b6f6/tools/sdk/esp32s3/include/esp_gdbstub/xtensa -I/home/franstein/.platformio/packages/framework-arduinoespressif32@src-537c58760dafe7fcc8a1d9bbcf00b6f6/tools/sdk/esp32s3/include/esp_gdbstub/esp32s3 -I/home/franstein/.platformio/packages/framework-arduinoespressif32@src-537c58760dafe7fcc8a1d9bbcf00b6f6/tools/sdk/esp32s3/include/espcoredump/include -I/home/franstein/.platformio/packages/framework-arduinoespressif32@src-537c58760dafe7fcc8a1d9bbcf00b6f6/tools/sdk/esp32s3/include/espcoredump/include/port/xtensa -I/home/franstein/.platformio/packages/framework-arduinoespressif32@src-537c58760dafe7fcc8a1d9bbcf00b6f6/tools/sdk/esp32s3/include/wpa_supplicant/include -I/home/franstein/.platformio/packages/framework-arduinoespressif32@src-537c58760dafe7fcc8a1d9bbcf00b6f6/tools/sdk/esp32s3/include/wpa_supplicant/port/include -I/home/franstein/.platformio/packages/framework-arduinoespressif32@src-537c58760dafe7fcc8a1d9bbcf00b6f6/tools/sdk/esp32s3/include/wpa_supplicant/esp_supplicant/include -I/home/franstein/.platformio/packages/framework-arduinoespressif32@src-537c58760dafe7fcc8a1d9bbcf00b6f6/tools/sdk/esp32s3/include/ieee802154/include -I/home/franstein/.platformio/packages/framework-arduinoespressif32@src-537c58760dafe7fcc8a1d9bbcf00b6f6/tools/sdk/esp32s3/include/console -I/home/franstein/.platformio/packages/framework-arduinoespressif32@src-537c58760dafe7fcc8a1d9bbcf00b6f6/tools/sdk/esp32s3/include/asio/asio/asio/include -I/home/franstein/.platformio/packages/framework-arduinoespressif32@src-537c58760dafe7fcc8a1d9bbcf00b6f6/tools/sdk/esp32s3/include/asio/port/include -I/home/franstein/.platformio/packages/framework-arduinoespressif32@src-537c58760dafe7fcc8a1d9bbcf00b6f6/tools/sdk/esp32s3/include/bt/common/osi/include -I/home/franstein/.platformio/packages/framework-arduinoespressif32@src-537c58760dafe7fcc8a1d9bbcf00b6f6/tools/sdk/esp32s3/include/bt/include/esp32s3/include -I/home/franstein/.platformio/packages/framework-arduinoespressif32@src-537c58760dafe7fcc8a1d9bbcf00b6f6/tools/sdk/esp32s3/include/bt/common/api/include/api -I/home/franstein/.platformio/packages/framework-arduinoespressif32@src-537c58760dafe7fcc8a1d9bbcf00b6f6/tools/sdk/esp32s3/include/bt/common/btc/profile/esp/blufi/include -I/home/franstein/.platformio/packages/framework-arduinoespressif32@src-537c58760dafe7fcc8a1d9bbcf00b6f6/tools/sdk/esp32s3/include/bt/common/btc/profile/esp/include -I/home/franstein/.platformio/packages/framework-arduinoespressif32@src-537c58760dafe7fcc8a1d9bbcf00b6f6/tools/sdk/esp32s3/include/bt/host/bluedroid/api/include/api -I/home/franstein/.platformio/packages/framework-arduinoespressif32@src-537c58760dafe7fcc8a1d9bbcf00b6f6/tools/sdk/esp32s3/include/bt/esp_ble_mesh/mesh_common/include -I/home/franstein/.platformio/packages/framework-arduinoespressif32@src-537c58760dafe7fcc8a1d9bbcf00b6f6/tools/sdk/esp32s3/include/bt/esp_ble_mesh/mesh_common/tinycrypt/include -I/home/franstein/.platformio/packages/framework-arduinoespressif32@src-537c58760dafe7fcc8a1d9bbcf00b6f6/tools/sdk/esp32s3/include/bt/esp_ble_mesh/mesh_core -I/home/franstein/.platformio/packages/framework-arduinoespressif32@src-537c58760dafe7fcc8a1d9bbcf00b6f6/tools/sdk/esp32s3/include/bt/esp_ble_mesh/mesh_core/include -I/home/franstein/.platformio/packages/framework-arduinoespressif32@src-537c58760dafe7fcc8a1d9bbcf00b6f6/tools/sdk/esp32s3/include/bt/esp_ble_mesh/mesh_core/storage -I/home/franstein/.platformio/packages/framework-arduinoespressif32@src-537c58760dafe7fcc8a1d9bbcf00b6f6/tools/sdk/esp32s3/include/bt/esp_ble_mesh/btc/include -I/home/franstein/.platformio/packages/framework-arduinoespressif32@src-537c58760dafe7fcc8a1d9bbcf00b6f6/tools/sdk/esp32s3/include/bt/esp_ble_mesh/mesh_models/common/include -I/home/franstein/.platformio/packages/framework-arduinoespressif32@src-537c58760dafe7fcc8a1d9bbcf00b6f6/tools/sdk/esp32s3/include/bt/esp_ble_mesh/mesh_models/client/include -I/home/franstein/.platformio/packages/framework-arduinoespressif32@src-537c58760dafe7fcc8a1d9bbcf00b6f6/tools/sdk/esp32s3/include/bt/esp_ble_mesh/mesh_models/server/include -I/home/franstein/.platformio/packages/framework-arduinoespressif32@src-537c58760dafe7fcc8a1d9bbcf00b6f6/tools/sdk/esp32s3/include/bt/esp_ble_mesh/api/core/include -I/home/franstein/.platformio/packages/framework-arduinoespressif32@src-537c58760dafe7fcc8a1d9bbcf00b6f6/tools/sdk/esp32s3/include/bt/esp_ble_mesh/api/models/include -I/home/franstein/.platformio/packages/framework-arduinoespressif32@src-537c58760dafe7fcc8a1d9bbcf00b6f6/tools/sdk/esp32s3/include/bt/esp_ble_mesh/api -I/home/franstein/.platformio/packages/framework-arduinoespressif32@src-537c58760dafe7fcc8a1d9bbcf00b6f6/tools/sdk/esp32s3/include/cbor/port/include -I/home/franstein/.platformio/packages/framework-arduinoespressif32@src-537c58760dafe7fcc8a1d9bbcf00b6f6/tools/sdk/esp32s3/include/unity/include -I/home/franstein/.platformio/packages/framework-arduinoespressif32@src-537c58760dafe7fcc8a1d9bbcf00b6f6/tools/sdk/esp32s3/include/unity/unity/src -I/home/franstein/.platformio/packages/framework-arduinoespressif32@src-537c58760dafe7fcc8a1d9bbcf00b6f6/tools/sdk/esp32s3/include/cmock/CMock/src -I/home/franstein/.platformio/packages/framework-arduinoespressif32@src-537c58760dafe7fcc8a1d9bbcf00b6f6/tools/sdk/esp32s3/include/coap/port/include -I/home/franstein/.platformio/packages/framework-arduinoespressif32@src-537c58760dafe7fcc8a1d9bbcf00b6f6/tools/sdk/esp32s3/include/coap/libcoap/include -I/home/franstein/.platformio/packages/framework-arduinoespressif32@src-537c58760dafe7fcc8a1d9bbcf00b6f6/tools/sdk/esp32s3/include/nghttp/port/include -I/home/franstein/.platformio/packages/framework-arduinoespressif32@src-537c58760dafe7fcc8a1d9bbcf00b6f6/tools/sdk/esp32s3/include/nghttp/nghttp2/lib/includes -I/home/franstein/.platformio/packages/framework-arduinoespressif32@src-537c58760dafe7fcc8a1d9bbcf00b6f6/tools/sdk/esp32s3/include/esp-tls -I/home/franstein/.platformio/packages/framework-arduinoespressif32@src-537c58760dafe7fcc8a1d9bbcf00b6f6/tools/sdk/esp32s3/include/esp-tls/esp-tls-crypto -I/home/franstein/.platformio/packages/framework-arduinoespressif32@src-537c58760dafe7fcc8a1d9bbcf00b6f6/tools/sdk/esp32s3/include/esp_adc_cal/include -I/home/franstein/.platformio/packages/framework-arduinoespressif32@src-537c58760dafe7fcc8a1d9bbcf00b6f6/tools/sdk/esp32s3/include/esp_hid/include -I/home/franstein/.platformio/packages/framework-arduinoespressif32@src-537c58760dafe7fcc8a1d9bbcf00b6f6/tools/sdk/esp32s3/include/tcp_transport/include -I/home/franstein/.platformio/packages/framework-arduinoespressif32@src-537c58760dafe7fcc8a1d9bbcf00b6f6/tools/sdk/esp32s3/include/esp_http_client/include -I/home/franstein/.platformio/packages/framework-arduinoespressif32@src-537c58760dafe7fcc8a1d9bbcf00b6f6/tools/sdk/esp32s3/include/esp_http_server/include -I/home/franstein/.platformio/packages/framework-arduinoespressif32@src-537c58760dafe7fcc8a1d9bbcf00b6f6/tools/sdk/esp32s3/include/esp_https_ota/include -I/home/franstein/.platformio/packages/framework-arduinoespressif32@src-537c58760dafe7fcc8a1d9bbcf00b6f6/tools/sdk/esp32s3/include/esp_https_server/include -I/home/franstein/.platformio/packages/framework-arduinoespressif32@src-537c58760dafe7fcc8a1d9bbcf00b6f6/tools/sdk/esp32s3/include/esp_lcd/include -I/home/franstein/.platformio/packages/framework-arduinoespressif32@src-537c58760dafe7fcc8a1d9bbcf00b6f6/tools/sdk/esp32s3/include/esp_lcd/interface -I/home/franstein/.platformio/packages/framework-arduinoespressif32@src-537c58760dafe7fcc8a1d9bbcf00b6f6/tools/sdk/esp32s3/include/protobuf-c/protobuf-c -I/home/franstein/.platformio/packages/framework-arduinoespressif32@src-537c58760dafe7fcc8a1d9bbcf00b6f6/tools/sdk/esp32s3/include/protocomm/include/common -I/home/franstein/.platformio/packages/framework-arduinoespressif32@src-537c58760dafe7fcc8a1d9bbcf00b6f6/tools/sdk/esp32s3/include/protocomm/include/security -I/home/franstein/.platformio/packages/framework-arduinoespressif32@src-537c58760dafe7fcc8a1d9bbcf00b6f6/tools/sdk/esp32s3/include/protocomm/include/transports -I/home/franstein/.platformio/packages/framework-arduinoespressif32@src-537c58760dafe7fcc8a1d9bbcf00b6f6/tools/sdk/esp32s3/include/mdns/include -I/home/franstein/.platformio/packages/framework-arduinoespressif32@src-537c58760dafe7fcc8a1d9bbcf00b6f6/tools/sdk/esp32s3/include/esp_local_ctrl/include -I/home/franstein/.platformio/packages/framework-arduinoespressif32@src-537c58760dafe7fcc8a1d9bbcf00b6f6/tools/sdk/esp32s3/include/sdmmc/include -I/home/franstein/.platformio/packages/framework-arduinoespressif32@src-537c58760dafe7fcc8a1d9bbcf00b6f6/tools/sdk/esp32s3/include/esp_serial_slave_link/include -I/home/franstein/.platformio/packages/framework-arduinoespressif32@src-537c58760dafe7fcc8a1d9bbcf00b6f6/tools/sdk/esp32s3/include/esp_websocket_client/include -I/home/franstein/.platformio/packages/framework-arduinoespressif32@src-537c58760dafe7fcc8a1d9bbcf00b6f6/tools/sdk/esp32s3/include/expat/expat/expat/lib -I/home/franstein/.platformio/packages/framework-arduinoespressif32@src-537c58760dafe7fcc8a1d9bbcf00b6f6/tools/sdk/esp32s3/include/expat/port/include -I/home/franstein/.platformio/packages/framework-arduinoespressif32@src-537c58760dafe7fcc8a1d9bbcf00b6f6/tools/sdk/esp32s3/include/wear_levelling/include -I/home/franstein/.platformio/packages/framework-arduinoespressif32@src-537c58760dafe7fcc8a1d9bbcf00b6f6/tools/sdk/esp32s3/include/fatfs/diskio -I/home/franstein/.platformio/packages/framework-arduinoespressif32@src-537c58760dafe7fcc8a1d9bbcf00b6f6/tools/sdk/esp32s3/include/fatfs/vfs -I/home/franstein/.platformio/packages/framework-arduinoespressif32@src-537c58760dafe7fcc8a1d9bbcf00b6f6/tools/sdk/esp32s3/include/fatfs/src -I/home/franstein/.platformio/packages/framework-arduinoespressif32@src-537c58760dafe7fcc8a1d9bbcf00b6f6/tools/sdk/esp32s3/include/freemodbus/common/include -I/home/franstein/.platformio/packages/framework-arduinoespressif32@src-537c58760dafe7fcc8a1d9bbcf00b6f6/tools/sdk/esp32s3/include/idf_test/include -I/home/franstein/.platformio/packages/framework-arduinoespressif32@src-537c58760dafe7fcc8a1d9bbcf00b6f6/tools/sdk/esp32s3/include/idf_test/include/esp32s3 -I/home/franstein/.platformio/packages/framework-arduinoespressif32@src-537c58760dafe7fcc8a1d9bbcf00b6f6/tools/sdk/esp32s3/include/jsmn/include -I/home/franstein/.platformio/packages/framework-arduinoespressif32@src-537c58760dafe7fcc8a1d9bbcf00b6f6/tools/sdk/esp32s3/include/json/cJSON -I/home/franstein/.platformio/packages/framework-arduinoespressif32@src-537c58760dafe7fcc8a1d9bbcf00b6f6/tools/sdk/esp32s3/include/libsodium/libsodium/src/libsodium/include -I/home/franstein/.platformio/packages/framework-arduinoespressif32@src-537c58760dafe7fcc8a1d9bbcf00b6f6/tools/sdk/esp32s3/include/libsodium/port_include -I/home/franstein/.platformio/packages/framework-arduinoespressif32@src-537c58760dafe7fcc8a1d9bbcf00b6f6/tools/sdk/esp32s3/include/mqtt/esp-mqtt/include -I/home/franstein/.platformio/packages/framework-arduinoespressif32@src-537c58760dafe7fcc8a1d9bbcf00b6f6/tools/sdk/esp32s3/include/openssl/include -I/home/franstein/.platformio/packages/framework-arduinoespressif32@src-537c58760dafe7fcc8a1d9bbcf00b6f6/tools/sdk/esp32s3/include/perfmon/include -I/home/franstein/.platformio/packages/framework-arduinoespressif32@src-537c58760dafe7fcc8a1d9bbcf00b6f6/tools/sdk/esp32s3/include/spiffs/include -I/home/franstein/.platformio/packages/framework-arduinoespressif32@src-537c58760dafe7fcc8a1d9bbcf00b6f6/tools/sdk/esp32s3/include/usb/include -I/home/franstein/.platformio/packages/framework-arduinoespressif32@src-537c58760dafe7fcc8a1d9bbcf00b6f6/tools/sdk/esp32s3/include/ulp/include -I/home/franstein/.platformio/packages/framework-arduinoespressif32@src-537c58760dafe7fcc8a1d9bbcf00b6f6/tools/sdk/esp32s3/include/wifi_provisioning/include -I/home/franstein/.platformio/packages/framework-arduinoespressif32@src-537c58760dafe7fcc8a1d9bbcf00b6f6/tools/sdk/esp32s3/include/rmaker_common/include -I/home/franstein/.platformio/packages/framework-arduinoespressif32@src-537c58760dafe7fcc8a1d9bbcf00b6f6/tools/sdk/esp32s3/include/json_parser/upstream/include -I/home/franstein/.platformio/packages/framework-arduinoespressif32@src-537c58760dafe7fcc8a1d9bbcf00b6f6/tools/sdk/esp32s3/include/json_parser/upstream -I/home/franstein/.platformio/packages/framework-arduinoespressif32@src-537c58760dafe7fcc8a1d9bbcf00b6f6/tools/sdk/esp32s3/include/json_generator/upstream -I/home/franstein/.platformio/packages/framework-arduinoespressif32@src-537c58760dafe7fcc8a1d9bbcf00b6f6/tools/sdk/esp32s3/include/esp_schedule/include -I/home/franstein/.platformio/packages/framework-arduinoespressif32@src-537c58760dafe7fcc8a1d9bbcf00b6f6/tools/sdk/esp32s3/include/esp_rainmaker/include -I/home/franstein/.platformio/packages/framework-arduinoespressif32@src-537c58760dafe7fcc8a1d9bbcf00b6f6/tools/sdk/esp32s3/include/gpio_button/button/include -I/home/franstein/.platformio/packages/framework-arduinoespressif32@src-537c58760dafe7fcc8a1d9bbcf00b6f6/tools/sdk/esp32s3/include/qrcode/include -I/home/franstein/.platformio/packages/framework-arduinoespressif32@src-537c58760dafe7fcc8a1d9bbcf00b6f6/tools/sdk/esp32s3/include/ws2812_led -I/home/franstein/.platformio/packages/framework-arduinoespressif32@src-537c58760dafe7fcc8a1d9bbcf00b6f6/tools/sdk/esp32s3/include/esp_diagnostics/include -I/home/franstein/.platformio/packages/framework-arduinoespressif32@src-537c58760dafe7fcc8a1d9bbcf00b6f6/tools/sdk/esp32s3/include/rtc_store/include -I/home/franstein/.platformio/packages/framework-arduinoespressif32@src-537c58760dafe7fcc8a1d9bbcf00b6f6/tools/sdk/esp32s3/include/esp_insights/include -I/home/franstein/.platformio/packages/framework-arduinoespressif32@src-537c58760dafe7fcc8a1d9bbcf00b6f6/tools/sdk/esp32s3/include/esp-dsp/modules/dotprod/include -I/home/franstein/.platformio/packages/framework-arduinoespressif32@src-537c58760dafe7fcc8a1d9bbcf00b6f6/tools/sdk/esp32s3/include/esp-dsp/modules/support/include -I/home/franstein/.platformio/packages/framework-arduinoespressif32@src-537c58760dafe7fcc8a1d9bbcf00b6f6/tools/sdk/esp32s3/include/esp-dsp/modules/windows/include -I/home/franstein/.platformio/packages/framework-arduinoespressif32@src-537c58760dafe7fcc8a1d9bbcf00b6f6/tools/sdk/esp32s3/include/esp-dsp/modules/windows/hann/include -I/home/franstein/.platformio/packages/framework-arduinoespressif32@src-537c58760dafe7fcc8a1d9bbcf00b6f6/tools/sdk/esp32s3/include/esp-dsp/modules/windows/blackman/include -I/home/franstein/.platformio/packages/framework-arduinoespressif32@src-537c58760dafe7fcc8a1d9bbcf00b6f6/tools/sdk/esp32s3/include/esp-dsp/modules/windows/blackman_harris/include -I/home/franstein/.platformio/packages/framework-arduinoespressif32@src-537c58760dafe7fcc8a1d9bbcf00b6f6/tools/sdk/esp32s3/include/esp-dsp/modules/windows/blackman_nuttall/include -I/home/franstein/.platformio/packages/framework-arduinoespressif32@src-537c58760dafe7fcc8a1d9bbcf00b6f6/tools/sdk/esp32s3/include/esp-dsp/modules/windows/nuttall/include -I/home/franstein/.platformio/packages/framework-arduinoespressif32@src-537c58760dafe7fcc8a1d9bbcf00b6f6/tools/sdk/esp32s3/include/esp-dsp/modules/windows/flat_top/include -I/home/franstein/.platformio/packages/framework-arduinoespressif32@src-537c58760dafe7fcc8a1d9bbcf00b6f6/tools/sdk/esp32s3/include/esp-dsp/modules/iir/include -I/home/franstein/.platformio/packages/framework-arduinoespressif32@src-537c58760dafe7fcc8a1d9bbcf00b6f6/tools/sdk/esp32s3/include/esp-dsp/modules/fir/include -I/home/franstein/.platformio/packages/framework-arduinoespressif32@src-537c58760dafe7fcc8a1d9bbcf00b6f6/tools/sdk/esp32s3/include/esp-dsp/modules/math/include -I/home/franstein/.platformio/packages/framework-arduinoespressif32@src-537c58760dafe7fcc8a1d9bbcf00b6f6/tools/sdk/esp32s3/include/esp-dsp/modules/math/add/include -I/home/franstein/.platformio/packages/framework-arduinoespressif32@src-537c58760dafe7fcc8a1d9bbcf00b6f6/tools/sdk/esp32s3/include/esp-dsp/modules/math/sub/include -I/home/franstein/.platformio/packages/framework-arduinoespressif32@src-537c58760dafe7fcc8a1d9bbcf00b6f6/tools/sdk/esp32s3/include/esp-dsp/modules/math/mul/include -I/home/franstein/.platformio/packages/framework-arduinoespressif32@src-537c58760dafe7fcc8a1d9bbcf00b6f6/tools/sdk/esp32s3/include/esp-dsp/modules/math/addc/include -I/home/franstein/.platformio/packages/framework-arduinoespressif32@src-537c58760dafe7fcc8a1d9bbcf00b6f6/tools/sdk/esp32s3/include/esp-dsp/modules/math/mulc/include -I/home/franstein/.platformio/packages/framework-arduinoespressif32@src-537c58760dafe7fcc8a1d9bbcf00b6f6/tools/sdk/esp32s3/include/esp-dsp/modules/math/sqrt/include -I/home/franstein/.platformio/packages/framework-arduinoespressif32@src-537c58760dafe7fcc8a1d9bbcf00b6f6/tools/sdk/esp32s3/include/esp-dsp/modules/matrix/include -I/home/franstein/.platformio/packages/framework-arduinoespressif32@src-537c58760dafe7fcc8a1d9bbcf00b6f6/tools/sdk/esp32s3/include/esp-dsp/modules/fft/include -I/home/franstein/.platformio/packages/framework-arduinoespressif32@src-537c58760dafe7fcc8a1d9bbcf00b6f6/tools/sdk/esp32s3/include/esp-dsp/modules/dct/include -I/home/franstein/.platformio/packages/framework-arduinoespressif32@src-537c58760dafe7fcc8a1d9bbcf00b6f6/tools/sdk/esp32s3/include/esp-dsp/modules/conv/include -I/home/franstein/.platformio/packages/framework-arduinoespressif32@src-537c58760dafe7fcc8a1d9bbcf00b6f6/tools/sdk/esp32s3/include/esp-dsp/modules/common/include -I/home/franstein/.platformio/packages/framework-arduinoespressif32@src-537c58760dafe7fcc8a1d9bbcf00b6f6/tools/sdk/esp32s3/include/esp-dsp/modules/kalman/ekf/include -I/home/franstein/.platformio/packages/framework-arduinoespressif32@src-537c58760dafe7fcc8a1d9bbcf00b6f6/tools/sdk/esp32s3/include/esp-dsp/modules/kalman/ekf_imu13states/include -I/home/franstein/.platformio/packages/framework-arduinoespressif32@src-537c58760dafe7fcc8a1d9bbcf00b6f6/tools/sdk/esp32s3/include/freertos/include/freertos -I/home/franstein/.platformio/packages/framework-arduinoespressif32@src-537c58760dafe7fcc8a1d9bbcf00b6f6/tools/sdk/esp32s3/include/arduino_tinyusb/tinyusb/src -I/home/franstein/.platformio/packages/framework-arduinoespressif32@src-537c58760dafe7fcc8a1d9bbcf00b6f6/tools/sdk/esp32s3/include/arduino_tinyusb/include -I/home/franstein/.platformio/packages/framework-arduinoespressif32@src-537c58760dafe7fcc8a1d9bbcf00b6f6/tools/sdk/esp32s3/include/esp_littlefs/include -I/home/franstein/.platformio/packages/framework-arduinoespressif32@src-537c58760dafe7fcc8a1d9bbcf00b6f6/tools/sdk/esp32s3/include/esp-dl/include -I/home/franstein/.platformio/packages/framework-arduinoespressif32@src-537c58760dafe7fcc8a1d9bbcf00b6f6/tools/sdk/esp32s3/include/esp-dl/include/tool -I/home/franstein/.platformio/packages/framework-arduinoespressif32@src-537c58760dafe7fcc8a1d9bbcf00b6f6/tools/sdk/esp32s3/include/esp-dl/include/typedef -I/home/franstein/.platformio/packages/framework-arduinoespressif32@src-537c58760dafe7fcc8a1d9bbcf00b6f6/tools/sdk/esp32s3/include/esp-dl/include/image -I/home/franstein/.platformio/packages/framework-arduinoespressif32@src-537c58760dafe7fcc8a1d9bbcf00b6f6/tools/sdk/esp32s3/include/esp-dl/include/math -I/home/franstein/.platformio/packages/framework-arduinoespressif32@src-537c58760dafe7fcc8a1d9bbcf00b6f6/tools/sdk/esp32s3/include/esp-dl/include/nn -I/home/franstein/.platformio/packages/framework-arduinoespressif32@src-537c58760dafe7fcc8a1d9bbcf00b6f6/tools/sdk/esp32s3/include/esp-dl/include/layer -I/home/franstein/.platformio/packages/framework-arduinoespressif32@src-537c58760dafe7fcc8a1d9bbcf00b6f6/tools/sdk/esp32s3/include/esp-dl/include/detect -I/home/franstein/.platformio/packages/framework-arduinoespressif32@src-537c58760dafe7fcc8a1d9bbcf00b6f6/tools/sdk/esp32s3/include/esp-dl/include/model_zoo -I/home/franstein/.platformio/packages/framework-arduinoespressif32@src-537c58760dafe7fcc8a1d9bbcf00b6f6/tools/sdk/esp32s3/include/esp-sr/src/include -I/home/franstein/.platformio/packages/framework-arduinoespressif32@src-537c58760dafe7fcc8a1d9bbcf00b6f6/tools/sdk/esp32s3/include/esp-sr/esp-tts/esp_tts_chinese/include -I/home/franstein/.platformio/packages/framework-arduinoespressif32@src-537c58760dafe7fcc8a1d9bbcf00b6f6/tools/sdk/esp32s3/include/esp-sr/include/esp32s3 -I/home/franstein/.platformio/packages/framework-arduinoespressif32@src-537c58760dafe7fcc8a1d9bbcf00b6f6/tools/sdk/esp32s3/include/esp32-camera/driver/include -I/home/franstein/.platformio/packages/framework-arduinoespressif32@src-537c58760dafe7fcc8a1d9bbcf00b6f6/tools/sdk/esp32s3/include/esp32-camera/conversions/include -I/home/franstein/.platformio/packages/framework-arduinoespressif32@src-537c58760dafe7fcc8a1d9bbcf00b6f6/tools/sdk/esp32s3/include/fb_gfx/include -I/home/franstein/.platformio/packages/framework-arduinoespressif32@src-537c58760dafe7fcc8a1d9bbcf00b6f6/tools/sdk/esp32s3/qio_opi/include -I/home/franstein/.platformio/packages/framework-arduinoespressif32@src-537c58760dafe7fcc8a1d9bbcf00b6f6/cores/esp32 -I/home/franstein/.platformio/packages/framework-arduinoespressif32@src-537c58760dafe7fcc8a1d9bbcf00b6f6/variants/esp32s3 /home/franstein/.platformio/packages/framework-arduinoespressif32@src-537c58760dafe7fcc8a1d9bbcf00b6f6/cores/esp32/wiring_shift.c
xtensa-esp32s3-elf-ar rc .pio/build/esp32/libFrameworkArduino.a .pio/build/esp32/FrameworkArduino/Esp.cpp.o .pio/build/esp32/FrameworkArduino/FirmwareMSC.cpp.o .pio/build/esp32/FrameworkArduino/FunctionalInterrupt.cpp.o .pio/build/esp32/FrameworkArduino/HWCDC.cpp.o .pio/build/esp32/FrameworkArduino/HardwareSerial.cpp.o .pio/build/esp32/FrameworkArduino/IPAddress.cpp.o .pio/build/esp32/FrameworkArduino/IPv6Address.cpp.o .pio/build/esp32/FrameworkArduino/MD5Builder.cpp.o .pio/build/esp32/FrameworkArduino/Print.cpp.o .pio/build/esp32/FrameworkArduino/Stream.cpp.o .pio/build/esp32/FrameworkArduino/StreamString.cpp.o .pio/build/esp32/FrameworkArduino/Tone.cpp.o .pio/build/esp32/FrameworkArduino/USB.cpp.o .pio/build/esp32/FrameworkArduino/USBCDC.cpp.o .pio/build/esp32/FrameworkArduino/USBMSC.cpp.o .pio/build/esp32/FrameworkArduino/WMath.cpp.o .pio/build/esp32/FrameworkArduino/WString.cpp.o .pio/build/esp32/FrameworkArduino/base64.cpp.o .pio/build/esp32/FrameworkArduino/cbuf.cpp.o .pio/build/esp32/FrameworkArduino/esp32-hal-adc.c.o .pio/build/esp32/FrameworkArduino/esp32-hal-bt.c.o .pio/build/esp32/FrameworkArduino/esp32-hal-cpu.c.o .pio/build/esp32/FrameworkArduino/esp32-hal-dac.c.o .pio/build/esp32/FrameworkArduino/esp32-hal-gpio.c.o .pio/build/esp32/FrameworkArduino/esp32-hal-i2c-slave.c.o .pio/build/esp32/FrameworkArduino/esp32-hal-i2c.c.o .pio/build/esp32/FrameworkArduino/esp32-hal-ledc.c.o .pio/build/esp32/FrameworkArduino/esp32-hal-matrix.c.o .pio/build/esp32/FrameworkArduino/esp32-hal-misc.c.o .pio/build/esp32/FrameworkArduino/esp32-hal-psram.c.o .pio/build/esp32/FrameworkArduino/esp32-hal-rgb-led.c.o .pio/build/esp32/FrameworkArduino/esp32-hal-rmt.c.o .pio/build/esp32/FrameworkArduino/esp32-hal-sigmadelta.c.o .pio/build/esp32/FrameworkArduino/esp32-hal-spi.c.o .pio/build/esp32/FrameworkArduino/esp32-hal-time.c.o .pio/build/esp32/FrameworkArduino/esp32-hal-timer.c.o .pio/build/esp32/FrameworkArduino/esp32-hal-tinyusb.c.o .pio/build/esp32/FrameworkArduino/esp32-hal-touch.c.o .pio/build/esp32/FrameworkArduino/esp32-hal-uart.c.o .pio/build/esp32/FrameworkArduino/firmware_msc_fat.c.o .pio/build/esp32/FrameworkArduino/libb64/cdecode.c.o .pio/build/esp32/FrameworkArduino/libb64/cencode.c.o .pio/build/esp32/FrameworkArduino/main.cpp.o .pio/build/esp32/FrameworkArduino/stdlib_noniso.c.o .pio/build/esp32/FrameworkArduino/wiring_pulse.c.o .pio/build/esp32/FrameworkArduino/wiring_shift.c.o
xtensa-esp32s3-elf-ranlib .pio/build/esp32/libFrameworkArduino.a
xtensa-esp32s3-elf-gcc -o .pio/build/esp32/firmware.elf -mlongcalls -Wl,--cref -Wl,--gc-sections -fno-rtti -fno-lto -Wl,--wrap=esp_log_write -Wl,--wrap=esp_log_writev -Wl,--wrap=log_printf -Wl,--wrap=longjmp -Wl,--undefined=uxTopUsedPriority -T memory.ld -T sections.ld -T esp32s3.rom.ld -T esp32s3.rom.api.ld -T esp32s3.rom.libgcc.ld -T esp32s3.rom.newlib.ld -T esp32s3.rom.version.ld -T esp32s3.rom.newlib-time.ld -T esp32s3.peripherals.ld -u _Z5setupv -u _Z4loopv -u esp_app_desc -u pthread_include_pthread_impl -u pthread_include_pthread_cond_impl -u pthread_include_pthread_local_storage_impl -u pthread_include_pthread_rwlock_impl -u include_esp_phy_override -u ld_include_highint_hdl -u start_app -u start_app_other_cores -u __ubsan_include -u __assert_func -u vfs_include_syscalls_impl -u app_main -u newlib_include_heap_impl -u newlib_include_syscalls_impl -u newlib_include_pthread_impl -u newlib_include_assert_impl -u __cxa_guard_dummy -Wl,-Map="/home/franstein/lilygo/LilyGo-T7/.pio/build/esp32/firmware.map" .pio/build/esp32/src/blink_led.c.o -L.pio/build/esp32 -L/home/franstein/.platformio/packages/framework-arduinoespressif32@src-537c58760dafe7fcc8a1d9bbcf00b6f6/tools/sdk/esp32s3/lib -L/home/franstein/.platformio/packages/framework-arduinoespressif32@src-537c58760dafe7fcc8a1d9bbcf00b6f6/tools/sdk/esp32s3/ld -L/home/franstein/.platformio/packages/framework-arduinoespressif32@src-537c58760dafe7fcc8a1d9bbcf00b6f6/tools/sdk/esp32s3/qio_opi -Wl,--start-group .pio/build/esp32/libFrameworkArduino.a -lesp_ringbuf -lefuse -lesp_ipc -ldriver -lesp_pm -lmbedtls -lapp_update -lbootloader_support -lspi_flash -lnvs_flash -lpthread -lesp_gdbstub -lespcoredump -lesp_phy -lesp_system -lesp_rom -lhal -lvfs -lesp_eth -ltcpip_adapter -lesp_netif -lesp_event -lwpa_supplicant -lesp_wifi -lconsole -llwip -llog -lheap -lsoc -lesp_hw_support -lxtensa -lesp_common -lesp_timer -lfreertos -lnewlib -lcxx -lapp_trace -lasio -lbt -lcbor -lunity -lcmock -lcoap -lnghttp -lesp-tls -lesp_adc_cal -lesp_hid -ltcp_transport -lesp_http_client -lesp_http_server -lesp_https_ota -lesp_https_server -lesp_lcd -lprotobuf-c -lprotocomm -lmdns -lesp_local_ctrl -lsdmmc -lesp_serial_slave_link -lesp_websocket_client -lexpat -lwear_levelling -lfatfs -lfreemodbus -ljsmn -ljson -llibsodium -lmqtt -lopenssl -lperfmon -lspiffs -lusb -lulp -lwifi_provisioning -lrmaker_common -ljson_parser -ljson_generator -lesp_schedule -lesp_rainmaker -lgpio_button -lqrcode -lws2812_led -lesp_diagnostics -lrtc_store -lesp_insights -lesp-dsp -lesp-sr -lesp32-camera -lesp_littlefs -lfb_gfx -lasio -lcmock -lunity -lcoap -lesp_lcd -lesp_websocket_client -lexpat -lfreemodbus -ljsmn -llibsodium -lperfmon -lusb -lcbor -lesp_diagnostics -lrtc_store -lesp_adc_cal -lesp_hid -lfatfs -lwear_levelling -lopenssl -lesp_rainmaker -lesp_local_ctrl -lesp_https_server -lwifi_provisioning -lprotocomm -lbt -lbtdm_app -lprotobuf-c -lmdns -lrmaker_common -lmqtt -ljson_parser -ljson_generator -lesp_schedule -lqrcode -larduino_tinyusb -lcat_face_detect -lhuman_face_detect -lcolor_detect -lmfn -ldl -lhufzip -lesp_audio_front_end -lesp_audio_processor -lmultinet -lwakenet -lesp-sr -lhufzip -lesp_audio_front_end -lesp_audio_processor -lmultinet -lwakenet -ljson -lspiffs -ldl_lib -lc_speech_features -lesp-dsp -lesp_tts_chinese -lvoice_set_xiaole -lesp_ringbuf -lefuse -lesp_ipc -ldriver -lesp_pm -lmbedtls -lapp_update -lbootloader_support -lspi_flash -lnvs_flash -lpthread -lesp_gdbstub -lespcoredump -lesp_phy -lesp_system -lesp_rom -lhal -lvfs -lesp_eth -ltcpip_adapter -lesp_netif -lesp_event -lwpa_supplicant -lesp_wifi -lconsole -llwip -llog -lheap -lsoc -lesp_hw_support -lxtensa -lesp_common -lesp_timer -lfreertos -lnewlib -lcxx -lapp_trace -lnghttp -lesp-tls -ltcp_transport -lesp_http_client -lesp_http_server -lesp_https_ota -lsdmmc -lesp_serial_slave_link -lulp -lmbedtls_2 -lmbedcrypto -lmbedx509 -lcoexist -lcore -lespnow -lmesh -lnet80211 -lpp -lsmartconfig -lwapi -lesp_ringbuf -lefuse -lesp_ipc -ldriver -lesp_pm -lmbedtls -lapp_update -lbootloader_support -lspi_flash -lnvs_flash -lpthread -lesp_gdbstub -lespcoredump -lesp_phy -lesp_system -lesp_rom -lhal -lvfs -lesp_eth -ltcpip_adapter -lesp_netif -lesp_event -lwpa_supplicant -lesp_wifi -lconsole -llwip -llog -lheap -lsoc -lesp_hw_support -lxtensa -lesp_common -lesp_timer -lfreertos -lnewlib -lcxx -lapp_trace -lnghttp -lesp-tls -ltcp_transport -lesp_http_client -lesp_http_server -lesp_https_ota -lsdmmc -lesp_serial_slave_link -lulp -lmbedtls_2 -lmbedcrypto -lmbedx509 -lcoexist -lcore -lespnow -lmesh -lnet80211 -lpp -lsmartconfig -lwapi -lesp_ringbuf -lefuse -lesp_ipc -ldriver -lesp_pm -lmbedtls -lapp_update -lbootloader_support -lspi_flash -lnvs_flash -lpthread -lesp_gdbstub -lespcoredump -lesp_phy -lesp_system -lesp_rom -lhal -lvfs -lesp_eth -ltcpip_adapter -lesp_netif -lesp_event -lwpa_supplicant -lesp_wifi -lconsole -llwip -llog -lheap -lsoc -lesp_hw_support -lxtensa -lesp_common -lesp_timer -lfreertos -lnewlib -lcxx -lapp_trace -lnghttp -lesp-tls -ltcp_transport -lesp_http_client -lesp_http_server -lesp_https_ota -lsdmmc -lesp_serial_slave_link -lulp -lmbedtls_2 -lmbedcrypto -lmbedx509 -lcoexist -lcore -lespnow -lmesh -lnet80211 -lpp -lsmartconfig -lwapi -lesp_ringbuf -lefuse -lesp_ipc -ldriver -lesp_pm -lmbedtls -lapp_update -lbootloader_support -lspi_flash -lnvs_flash -lpthread -lesp_gdbstub -lespcoredump -lesp_phy -lesp_system -lesp_rom -lhal -lvfs -lesp_eth -ltcpip_adapter -lesp_netif -lesp_event -lwpa_supplicant -lesp_wifi -lconsole -llwip -llog -lheap -lsoc -lesp_hw_support -lxtensa -lesp_common -lesp_timer -lfreertos -lnewlib -lcxx -lapp_trace -lnghttp -lesp-tls -ltcp_transport -lesp_http_client -lesp_http_server -lesp_https_ota -lsdmmc -lesp_serial_slave_link -lulp -lmbedtls_2 -lmbedcrypto -lmbedx509 -lcoexist -lcore -lespnow -lmesh -lnet80211 -lpp -lsmartconfig -lwapi -lesp_ringbuf -lefuse -lesp_ipc -ldriver -lesp_pm -lmbedtls -lapp_update -lbootloader_support -lspi_flash -lnvs_flash -lpthread -lesp_gdbstub -lespcoredump -lesp_phy -lesp_system -lesp_rom -lhal -lvfs -lesp_eth -ltcpip_adapter -lesp_netif -lesp_event -lwpa_supplicant -lesp_wifi -lconsole -llwip -llog -lheap -lsoc -lesp_hw_support -lxtensa -lesp_common -lesp_timer -lfreertos -lnewlib -lcxx -lapp_trace -lnghttp -lesp-tls -ltcp_transport -lesp_http_client -lesp_http_server -lesp_https_ota -lsdmmc -lesp_serial_slave_link -lulp -lmbedtls_2 -lmbedcrypto -lmbedx509 -lcoexist -lcore -lespnow -lmesh -lnet80211 -lpp -lsmartconfig -lwapi -lesp_ringbuf -lefuse -lesp_ipc -ldriver -lesp_pm -lmbedtls -lapp_update -lbootloader_support -lspi_flash -lnvs_flash -lpthread -lesp_gdbstub -lespcoredump -lesp_phy -lesp_system -lesp_rom -lhal -lvfs -lesp_eth -ltcpip_adapter -lesp_netif -lesp_event -lwpa_supplicant -lesp_wifi -lconsole -llwip -llog -lheap -lsoc -lesp_hw_support -lxtensa -lesp_common -lesp_timer -lfreertos -lnewlib -lcxx -lapp_trace -lnghttp -lesp-tls -ltcp_transport -lesp_http_client -lesp_http_server -lesp_https_ota -lsdmmc -lesp_serial_slave_link -lulp -lmbedtls_2 -lmbedcrypto -lmbedx509 -lcoexist -lcore -lespnow -lmesh -lnet80211 -lpp -lsmartconfig -lwapi -lphy -lbtbb -lesp_phy -lphy -lbtbb -lesp_phy -lphy -lbtbb -lxt_hal -lm -lnewlib -lstdc++ -lpthread -lgcc -lcxx -lapp_trace -lgcov -lapp_trace -lgcov -lc -Wl,--end-group
/home/franstein/.platformio/packages/toolchain-xtensa-esp32s3/bin/../lib/gcc/xtensa-esp32s3-elf/8.4.0/../../../../xtensa-esp32s3-elf/bin/ld: .pio/build/esp32/libFrameworkArduino.a(main.cpp.o):(.literal._Z8loopTaskPv+0x8): undefined reference to `setup()'
/home/franstein/.platformio/packages/toolchain-xtensa-esp32s3/bin/../lib/gcc/xtensa-esp32s3-elf/8.4.0/../../../../xtensa-esp32s3-elf/bin/ld: .pio/build/esp32/libFrameworkArduino.a(main.cpp.o):(.literal._Z8loopTaskPv+0xc): undefined reference to `loop()'
/home/franstein/.platformio/packages/toolchain-xtensa-esp32s3/bin/../lib/gcc/xtensa-esp32s3-elf/8.4.0/../../../../xtensa-esp32s3-elf/bin/ld: .pio/build/esp32/libFrameworkArduino.a(main.cpp.o): in function `loopTask(void*)':
/home/franstein/.platformio/packages/framework-arduinoespressif32@src-537c58760dafe7fcc8a1d9bbcf00b6f6/cores/esp32/main.cpp:42: undefined reference to `setup()'
/home/franstein/.platformio/packages/toolchain-xtensa-esp32s3/bin/../lib/gcc/xtensa-esp32s3-elf/8.4.0/../../../../xtensa-esp32s3-elf/bin/ld: /home/franstein/.platformio/packages/framework-arduinoespressif32@src-537c58760dafe7fcc8a1d9bbcf00b6f6/cores/esp32/main.cpp:48: undefined reference to `loop()'
collect2: error: ld returned 1 exit status
*** [.pio/build/esp32/firmware.elf] Error 1
========================= [FAILED] Took 11.81 seconds =========================

Environment    Status    Duration
-------------  --------  ------------
test           IGNORED
esp32          FAILED    00:00:11.812
==================== 1 failed, 0 succeeded in 00:00:11.812 ====================
